Using CPython 3.13.12
Creating virtual environment at: /opt/purrdf-479-g2-python
Resolved 107 packages in 4ms
   Building purrdf @ file:///home/paudley/Active/purrdf/.worktrees/479-rules-two-rdf-type-patterns-with/bindings/python
      Built purrdf @ file:///home/paudley/Active/purrdf/.worktrees/479-rules-two-rdf-type-patterns-with/bindings/python
Prepared 1 package in 1m 19s
Installed 105 packages in 1.11s
 + alabaster==1.0.0
 + annotated-types==0.7.0
 + antlr4-python3-runtime==4.9.3
 + arrow==1.4.0
 + ast-serialize==0.6.0
 + attrs==26.1.0
 + babel==2.18.0
 + backports-zstd==1.6.0
 + certifi==2026.6.17
 + cfgraph==0.2.1
 + chardet==7.4.3
 + charset-normalizer==3.4.7
 + click==8.4.2
 + curies==0.13.13
 + deprecated==1.3.1
 + deprecation==2.1.0
 + docutils==0.22.4
 + duckdb==1.5.5
 + et-xmlfile==2.0.0
 + fqdn==1.5.1
 + graphviz==0.21
 + greenlet==3.5.3
 + hbreader==0.9.1
 + html5rdf==1.2.1
 + idna==3.18
 + imagesize==2.0.0
 + iniconfig==2.3.0
 + isodate==0.7.2
 + isoduration==20.11.0
 + jinja2==3.1.6
 + json-flattener==0.1.9
 + jsonasobj==1.3.1
 + jsonasobj2==1.0.4
 + jsonpointer==3.1.1
 + jsonschema==4.26.0
 + jsonschema-specifications==2025.9.1
 + librt==0.12.0
 + linkml==1.11.1
 + linkml-runtime==1.11.1
 + markupsafe==3.0.3
 + maturin==1.14.1
 + mypy==2.1.0
 + mypy-extensions==1.1.0
 + numpy==2.5.0
 + openpyxl==3.1.5
 + owlrl==7.1.4
 + packaging==26.2
 + pandas==3.0.3
 + parse==1.22.1
 + pathspec==1.1.1
 + pluggy==1.6.0
 + prefixcommons==0.1.12
 + prefixmaps==0.2.6
 + prettytable==3.18.0
 + purrdf==3.0.1 (from file:///home/paudley/Active/purrdf/.worktrees/479-rules-two-rdf-type-patterns-with/bindings/python)
 + pyarrow==25.0.1
 + pydantic==2.13.4
 + pydantic-core==2.46.4
 + pygments==2.20.0
 + pyjsg==0.12.4
 + pyparsing==3.3.2
 + pyshacl==0.31.0
 + pyshex==0.9.0
 + pyshexc==0.10.3.post1
 + pystow==0.8.19
 + pytest==9.0.3
 + pytest-logging==2015.11.4
 + python-dateutil==2.9.0.post0
 + pyyaml==6.0.3
 + rdflib==7.6.0
 + rdflib-jsonld==0.6.1
 + rdflib-shim==1.0.3
 + referencing==0.37.0
 + requests==2.34.2
 + rfc3339-validator==0.1.4
 + rfc3987==1.3.8
 + roman-numerals==4.1.0
 + rpds-py==2026.6.3
 + shexjsg==0.9.0
 + six==1.17.0
 + snowballstemmer==3.1.1
 + sparqlslurper==0.5.1
 + sparqlwrapper==2.0.0
 + sphinx==9.1.0
 + sphinx-click==6.2.0
 + sphinxcontrib-applehelp==2.0.0
 + sphinxcontrib-devhelp==2.0.0
 + sphinxcontrib-htmlhelp==2.1.0
 + sphinxcontrib-jsmath==1.0.1
 + sphinxcontrib-qthelp==2.0.0
 + sphinxcontrib-serializinghtml==2.0.0
 + sqlalchemy==2.0.51
 + sssom==0.4.17
 + sssom-schema==1.0.0
 + tqdm==4.68.3
 + typing-extensions==4.15.0
 + typing-inspection==0.4.2
 + tzdata==2026.2
 + uri-template==1.3.0
 + urllib3==2.8.0
 + validators==0.35.0
 + watchdog==6.0.0
 + wcwidth==0.8.2
 + webcolors==25.10.0
 + wrapt==2.2.2
