2026-10-08T17:51:32.8856575Z Current runner version: '2.337.0'
2026-10-08T17:51:32.8883139Z ##[group]Runner Image Provisioner
2026-10-08T17:51:32.8884256Z Hosted Compute Agent
2026-10-08T17:51:32.8884876Z Version: 20261002.596
2026-10-08T17:51:32.8885537Z Commit: c3d12f3313a95f25162a1503be624f3b0617f8c0
2026-10-08T17:51:32.8886240Z Build Date: 2026-10-02T22:28:27Z
2026-10-08T17:51:32.8886895Z Worker ID: {7802c1c4-44ac-4df7-a781-58b13eb95751}
2026-10-08T17:51:32.8887631Z Region: centralus
2026-10-08T17:51:32.8888203Z Cloud: Azure
2026-10-08T17:51:32.8888735Z ##[endgroup]
2026-10-08T17:51:32.8890260Z ##[group]Operating System
2026-10-08T17:51:32.8890844Z Ubuntu
2026-10-08T17:51:32.8891399Z 24.04.5
2026-10-08T17:51:32.8891943Z LTS
2026-10-08T17:51:32.8892525Z ##[endgroup]
2026-10-08T17:51:32.8893249Z ##[group]Runner Image
2026-10-08T17:51:32.8893867Z Image: ubuntu-24.04
2026-10-08T17:51:32.8894862Z Version: 20261004.327.1
2026-10-08T17:51:32.8896150Z Included Software: https://github.com/actions/runner-images/blob/ubuntu24/20261004.327/images/ubuntu/Ubuntu2404-Readme.md
2026-10-08T17:51:32.8897643Z Image Release: https://github.com/actions/runner-images/releases/tag/ubuntu24%2F20261004.327
2026-10-08T17:51:32.8898573Z ##[endgroup]
2026-10-08T17:51:32.8899706Z ##[group]GITHUB_TOKEN Permissions
2026-10-08T17:51:32.8902073Z Contents: read
2026-10-08T17:51:32.8902677Z Metadata: read
2026-10-08T17:51:32.8903648Z ##[endgroup]
2026-10-08T17:51:32.8905824Z Secret source: Actions
2026-10-08T17:51:32.8906743Z Cache mode: write
2026-10-08T17:51:32.8907410Z Prepare workflow directory
2026-10-08T17:51:32.9288607Z Prepare all required actions
2026-10-08T17:51:32.9345356Z Getting action download info
2026-10-08T17:51:33.2186262Z Download action repository 'actions/checkout@9c091bb21b7c1c1d1991bb908d89e4e9dddfe3e0' (SHA:9c091bb21b7c1c1d1991bb908d89e4e9dddfe3e0)
2026-10-08T17:51:33.3120617Z Download action repository 'dtolnay/rust-toolchain@29eef336d9b2848a0b548edc03f92a220660cdb8' (SHA:29eef336d9b2848a0b548edc03f92a220660cdb8)
2026-10-08T17:51:33.4999713Z Download action repository 'actions/cache@0057852bfaa89a56745cba8c7296529d2fc39830' (SHA:0057852bfaa89a56745cba8c7296529d2fc39830)
2026-10-08T17:51:33.6519291Z Download action repository 'actions/upload-artifact@043fb46d1a93c77aae656e7c1c64a875d1fc6a0a' (SHA:043fb46d1a93c77aae656e7c1c64a875d1fc6a0a)
2026-10-08T17:51:33.9437009Z Complete job name: simd-asm-config (aarch64-neoverse-v1)
2026-10-08T17:51:34.0218928Z ##[group]Run actions/checkout@9c091bb21b7c1c1d1991bb908d89e4e9dddfe3e0
2026-10-08T17:51:34.0220139Z with:
2026-10-08T17:51:34.0220797Z   persist-credentials: false
2026-10-08T17:51:34.0221489Z   repository: Blackcat-Informatics/purrdf
2026-10-08T17:51:34.0225714Z   token: ***
2026-10-08T17:51:34.0226378Z   ssh-strict: true
2026-10-08T17:51:34.0226958Z   ssh-user: git
2026-10-08T17:51:34.0227514Z   clean: true
2026-10-08T17:51:34.0228121Z   sparse-checkout-cone-mode: true
2026-10-08T17:51:34.0228770Z   fetch-depth: 1
2026-10-08T17:51:34.0229406Z   fetch-tags: false
2026-10-08T17:51:34.0229982Z   show-progress: true
2026-10-08T17:51:34.0230605Z   lfs: false
2026-10-08T17:51:34.0231163Z   submodules: false
2026-10-08T17:51:34.0231764Z   set-safe-directory: true
2026-10-08T17:51:34.0232464Z   allow-unsafe-pr-checkout: false
2026-10-08T17:51:34.0233448Z ##[endgroup]
2026-10-08T17:51:34.1238622Z Syncing repository: Blackcat-Informatics/purrdf
2026-10-08T17:51:34.1241107Z ##[group]Getting Git version info
2026-10-08T17:51:34.1242121Z Working directory is '/home/runner/work/purrdf/purrdf'
2026-10-08T17:51:34.1243703Z [command]/usr/bin/git version
2026-10-08T17:51:34.1288737Z git version 2.55.0
2026-10-08T17:51:34.1308100Z ##[endgroup]
2026-10-08T17:51:34.1317602Z Temporarily overriding HOME='/home/runner/work/_temp/caf1c73e-08a1-41c0-b7f5-6bc3a8906710' before making global git config changes
2026-10-08T17:51:34.1319402Z Adding repository directory to the temporary git global config as a safe directory
2026-10-08T17:51:34.1322414Z [command]/usr/bin/git config --global --add safe.directory /home/runner/work/purrdf/purrdf
2026-10-08T17:51:34.1367491Z Deleting the contents of '/home/runner/work/purrdf/purrdf'
2026-10-08T17:51:34.1370688Z ##[group]Determining repository object format
2026-10-08T17:51:34.1372232Z ##[endgroup]
2026-10-08T17:51:34.1373426Z ##[group]Initializing the repository
2026-10-08T17:51:34.1376360Z [command]/usr/bin/git init /home/runner/work/purrdf/purrdf
2026-10-08T17:51:34.1478974Z hint: Using 'master' as the name for the initial branch. This default branch name
2026-10-08T17:51:34.1480924Z hint: will change to "main" in Git 3.0. To configure the initial branch name
2026-10-08T17:51:34.1482262Z hint: to use in all of your new repositories, which will suppress this warning,
2026-10-08T17:51:34.1483885Z hint: call:
2026-10-08T17:51:34.1484676Z hint:
2026-10-08T17:51:34.1485489Z hint: 	git config --global init.defaultBranch <name>
2026-10-08T17:51:34.1486350Z hint:
2026-10-08T17:51:34.1487158Z hint: Names commonly chosen instead of 'master' are 'main', 'trunk' and
2026-10-08T17:51:34.1488500Z hint: 'development'. The just-created branch can be renamed via this command:
2026-10-08T17:51:34.1489627Z hint:
2026-10-08T17:51:34.1490292Z hint: 	git branch -m <name>
2026-10-08T17:51:34.1491041Z hint:
2026-10-08T17:51:34.1491929Z hint: Disable this message with "git config set advice.defaultBranchName false"
2026-10-08T17:51:34.1494030Z Initialized empty Git repository in /home/runner/work/purrdf/purrdf/.git/
2026-10-08T17:51:34.1496599Z [command]/usr/bin/git remote add origin https://github.com/Blackcat-Informatics/purrdf
2026-10-08T17:51:34.1540113Z ##[endgroup]
2026-10-08T17:51:34.1541690Z ##[group]Disabling automatic garbage collection
2026-10-08T17:51:34.1544236Z [command]/usr/bin/git config --local gc.auto 0
2026-10-08T17:51:34.1577066Z ##[endgroup]
2026-10-08T17:51:34.1578509Z ##[group]Setting up auth
2026-10-08T17:51:34.1579178Z Removing SSH command configuration
2026-10-08T17:51:34.1582102Z [command]/usr/bin/git config --local --name-only --get-regexp core\.sshCommand
2026-10-08T17:51:34.1610676Z [command]/usr/bin/git submodule foreach --recursive sh -c "git config --local --name-only --get-regexp 'core\.sshCommand' && git config --local --unset-all 'core.sshCommand' || :"
2026-10-08T17:51:34.2089874Z Removing HTTP extra header
2026-10-08T17:51:34.2094954Z [command]/usr/bin/git config --local --name-only --get-regexp http\.https\:\/\/github\.com\/\.extraheader
2026-10-08T17:51:34.2123748Z [command]/usr/bin/git submodule foreach --recursive sh -c "git config --local --name-only --get-regexp 'http\.https\:\/\/github\.com\/\.extraheader' && git config --local --unset-all 'http.https://github.com/.extraheader' || :"
2026-10-08T17:51:34.2301909Z Removing includeIf entries pointing to credentials config files
2026-10-08T17:51:34.2306103Z [command]/usr/bin/git config --local --name-only --get-regexp ^includeIf\.gitdir:
2026-10-08T17:51:34.2364806Z [command]/usr/bin/git submodule foreach --recursive git config --local --show-origin --name-only --get-regexp remote.origin.url
2026-10-08T17:51:34.2556478Z [command]/usr/bin/git config --file /home/runner/work/_temp/git-credentials-7f91c951-64c0-4e08-a864-278a1d0107b3.config http.https://github.com/.extraheader AUTHORIZATION: basic ***
2026-10-08T17:51:34.2590725Z [command]/usr/bin/git config --local includeIf.gitdir:/home/runner/work/purrdf/purrdf/.git.path /home/runner/work/_temp/git-credentials-7f91c951-64c0-4e08-a864-278a1d0107b3.config
2026-10-08T17:51:34.2622613Z [command]/usr/bin/git config --local includeIf.gitdir:/home/runner/work/purrdf/purrdf/.git/worktrees/*.path /home/runner/work/_temp/git-credentials-7f91c951-64c0-4e08-a864-278a1d0107b3.config
2026-10-08T17:51:34.2657335Z [command]/usr/bin/git config --local includeIf.gitdir:/github/workspace/.git.path /github/runner_temp/git-credentials-7f91c951-64c0-4e08-a864-278a1d0107b3.config
2026-10-08T17:51:34.2688137Z [command]/usr/bin/git config --local includeIf.gitdir:/github/workspace/.git/worktrees/*.path /github/runner_temp/git-credentials-7f91c951-64c0-4e08-a864-278a1d0107b3.config
2026-10-08T17:51:34.2717079Z ##[endgroup]
2026-10-08T17:51:34.2718782Z ##[group]Fetching the repository
2026-10-08T17:51:34.2725558Z [command]/usr/bin/git -c protocol.version=2 fetch --no-tags --prune --no-recurse-submodules --depth=1 origin +6ce3cc6567d0874414cf138bcdfd11f4799e6901:refs/remotes/origin/paudley/454-rdflib-shim-algebra-level-reassignment
2026-10-08T17:51:39.0924074Z From https://github.com/Blackcat-Informatics/purrdf
2026-10-08T17:51:39.0925482Z  * [new ref]           6ce3cc6567d0874414cf138bcdfd11f4799e6901 -> origin/paudley/454-rdflib-shim-algebra-level-reassignment
2026-10-08T17:51:39.0933856Z [command]/usr/bin/git branch --list --remote origin/paudley/454-rdflib-shim-algebra-level-reassignment
2026-10-08T17:51:39.0958991Z   origin/paudley/454-rdflib-shim-algebra-level-reassignment
2026-10-08T17:51:39.0966728Z [command]/usr/bin/git rev-parse refs/remotes/origin/paudley/454-rdflib-shim-algebra-level-reassignment
2026-10-08T17:51:39.0987101Z 6ce3cc6567d0874414cf138bcdfd11f4799e6901
2026-10-08T17:51:39.0989542Z ##[endgroup]
2026-10-08T17:51:39.0990636Z ##[group]Determining the checkout info
2026-10-08T17:51:39.0994867Z ##[endgroup]
2026-10-08T17:51:39.0995800Z [command]/usr/bin/git sparse-checkout disable
2026-10-08T17:51:39.1048326Z [command]/usr/bin/git config --local --unset-all extensions.worktreeConfig
2026-10-08T17:51:39.1107347Z ##[group]Checking out the ref
2026-10-08T17:51:39.1111715Z [command]/usr/bin/git checkout --progress --force -B paudley/454-rdflib-shim-algebra-level-reassignment refs/remotes/origin/paudley/454-rdflib-shim-algebra-level-reassignment
2026-10-08T17:51:40.1312182Z Updating files:  81% (14840/18283)
2026-10-08T17:51:40.1342602Z Updating files:  82% (14993/18283)
2026-10-08T17:51:40.1406255Z Updating files:  83% (15175/18283)
2026-10-08T17:51:40.1440069Z Updating files:  84% (15358/18283)
2026-10-08T17:51:40.1476002Z Updating files:  85% (15541/18283)
2026-10-08T17:51:40.1511627Z Updating files:  86% (15724/18283)
2026-10-08T17:51:40.1547453Z Updating files:  87% (15907/18283)
2026-10-08T17:51:40.1582313Z Updating files:  88% (16090/18283)
2026-10-08T17:51:40.1645973Z Updating files:  89% (16272/18283)
2026-10-08T17:51:40.1676162Z Updating files:  90% (16455/18283)
2026-10-08T17:51:40.1706379Z Updating files:  91% (16638/18283)
2026-10-08T17:51:40.1737836Z Updating files:  92% (16821/18283)
2026-10-08T17:51:40.1769332Z Updating files:  93% (17004/18283)
2026-10-08T17:51:40.1800623Z Updating files:  94% (17187/18283)
2026-10-08T17:51:40.1832459Z Updating files:  95% (17369/18283)
2026-10-08T17:51:40.1865382Z Updating files:  96% (17552/18283)
2026-10-08T17:51:40.1899526Z Updating files:  97% (17735/18283)
2026-10-08T17:51:40.1934818Z Updating files:  98% (17918/18283)
2026-10-08T17:51:40.1967618Z Updating files:  99% (18101/18283)
2026-10-08T17:51:40.1968223Z Updating files: 100% (18283/18283)
2026-10-08T17:51:40.1968902Z Updating files: 100% (18283/18283), done.
2026-10-08T17:51:40.2337407Z Switched to a new branch 'paudley/454-rdflib-shim-algebra-level-reassignment'
2026-10-08T17:51:40.2343251Z branch 'paudley/454-rdflib-shim-algebra-level-reassignment' set up to track 'origin/paudley/454-rdflib-shim-algebra-level-reassignment'.
2026-10-08T17:51:40.2360981Z ##[endgroup]
2026-10-08T17:51:40.2402740Z [command]/usr/bin/git log -1 --format=%H
2026-10-08T17:51:40.2428481Z 6ce3cc6567d0874414cf138bcdfd11f4799e6901
2026-10-08T17:51:40.2436616Z ##[group]Removing auth
2026-10-08T17:51:40.2437299Z Removing SSH command configuration
2026-10-08T17:51:40.2440813Z [command]/usr/bin/git config --local --name-only --get-regexp core\.sshCommand
2026-10-08T17:51:40.2468858Z [command]/usr/bin/git submodule foreach --recursive sh -c "git config --local --name-only --get-regexp 'core\.sshCommand' && git config --local --unset-all 'core.sshCommand' || :"
2026-10-08T17:51:40.2674413Z Removing HTTP extra header
2026-10-08T17:51:40.2677864Z [command]/usr/bin/git config --local --name-only --get-regexp http\.https\:\/\/github\.com\/\.extraheader
2026-10-08T17:51:40.2705262Z [command]/usr/bin/git submodule foreach --recursive sh -c "git config --local --name-only --get-regexp 'http\.https\:\/\/github\.com\/\.extraheader' && git config --local --unset-all 'http.https://github.com/.extraheader' || :"
2026-10-08T17:51:40.2918738Z Removing includeIf entries pointing to credentials config files
2026-10-08T17:51:40.2922270Z [command]/usr/bin/git config --local --name-only --get-regexp ^includeIf\.gitdir:
2026-10-08T17:51:40.2950358Z includeif.gitdir:/home/runner/work/purrdf/purrdf/.git.path
2026-10-08T17:51:40.2951488Z includeif.gitdir:/home/runner/work/purrdf/purrdf/.git/worktrees/*.path
2026-10-08T17:51:40.2952221Z includeif.gitdir:/github/workspace/.git.path
2026-10-08T17:51:40.2953092Z includeif.gitdir:/github/workspace/.git/worktrees/*.path
2026-10-08T17:51:40.2960261Z [command]/usr/bin/git config --local --get-all includeif.gitdir:/home/runner/work/purrdf/purrdf/.git.path
2026-10-08T17:51:40.2981602Z /home/runner/work/_temp/git-credentials-7f91c951-64c0-4e08-a864-278a1d0107b3.config
2026-10-08T17:51:40.2991526Z [command]/usr/bin/git config --local --unset includeif.gitdir:/home/runner/work/purrdf/purrdf/.git.path /home/runner/work/_temp/git-credentials-7f91c951-64c0-4e08-a864-278a1d0107b3.config
2026-10-08T17:51:40.3030718Z [command]/usr/bin/git config --local --get-all includeif.gitdir:/home/runner/work/purrdf/purrdf/.git/worktrees/*.path
2026-10-08T17:51:40.3051901Z /home/runner/work/_temp/git-credentials-7f91c951-64c0-4e08-a864-278a1d0107b3.config
2026-10-08T17:51:40.3061469Z [command]/usr/bin/git config --local --unset includeif.gitdir:/home/runner/work/purrdf/purrdf/.git/worktrees/*.path /home/runner/work/_temp/git-credentials-7f91c951-64c0-4e08-a864-278a1d0107b3.config
2026-10-08T17:51:40.3102985Z [command]/usr/bin/git config --local --get-all includeif.gitdir:/github/workspace/.git.path
2026-10-08T17:51:40.3122124Z /github/runner_temp/git-credentials-7f91c951-64c0-4e08-a864-278a1d0107b3.config
2026-10-08T17:51:40.3129576Z [command]/usr/bin/git config --local --unset includeif.gitdir:/github/workspace/.git.path /github/runner_temp/git-credentials-7f91c951-64c0-4e08-a864-278a1d0107b3.config
2026-10-08T17:51:40.3160233Z [command]/usr/bin/git config --local --get-all includeif.gitdir:/github/workspace/.git/worktrees/*.path
2026-10-08T17:51:40.3178836Z /github/runner_temp/git-credentials-7f91c951-64c0-4e08-a864-278a1d0107b3.config
2026-10-08T17:51:40.3186613Z [command]/usr/bin/git config --local --unset includeif.gitdir:/github/workspace/.git/worktrees/*.path /github/runner_temp/git-credentials-7f91c951-64c0-4e08-a864-278a1d0107b3.config
2026-10-08T17:51:40.3217992Z [command]/usr/bin/git submodule foreach --recursive git config --local --show-origin --name-only --get-regexp remote.origin.url
2026-10-08T17:51:40.3420820Z Removing credentials config '/home/runner/work/_temp/git-credentials-7f91c951-64c0-4e08-a864-278a1d0107b3.config'
2026-10-08T17:51:40.3431690Z ##[endgroup]
2026-10-08T17:51:40.3747367Z ##[group]Run dtolnay/rust-toolchain@29eef336d9b2848a0b548edc03f92a220660cdb8
2026-10-08T17:51:40.3747890Z with:
2026-10-08T17:51:40.3748289Z   toolchain: nightly
2026-10-08T17:51:40.3748745Z   targets: wasm32-unknown-unknown, aarch64-unknown-linux-gnu
2026-10-08T17:51:40.3749201Z ##[endgroup]
2026-10-08T17:51:40.3850817Z ##[start-action display=Run : parse toolchain version;id=__dtolnay_rust-toolchain.parse]
2026-10-08T17:51:40.3905620Z ##[group]Run : parse toolchain version
2026-10-08T17:51:40.3906168Z [36;1m: parse toolchain version[0m
2026-10-08T17:51:40.3906535Z [36;1mif [[ -z $toolchain ]]; then[0m
2026-10-08T17:51:40.3907194Z [36;1m  # GitHub does not enforce `required: true` inputs itself. https://github.com/actions/runner/issues/1070[0m
2026-10-08T17:51:40.3907802Z [36;1m  echo "'toolchain' is a required input" >&2[0m
2026-10-08T17:51:40.3908216Z [36;1m  exit 1[0m
2026-10-08T17:51:40.3908788Z [36;1melif [[ $toolchain =~ ^stable' '[0-9]+' '(year|month|week|day)s?' 'ago$ ]]; then[0m
2026-10-08T17:51:40.3909289Z [36;1m  if [[ Linux == macOS ]]; then[0m
2026-10-08T17:51:40.3909901Z [36;1m    echo "toolchain=1.$((($(date -v-$(sed 's/stable \([0-9]*\) \(.\).*/\1\2/' <<< $toolchain) +%s)/60/60/24-16569)/7/6))" >> $GITHUB_OUTPUT[0m
2026-10-08T17:51:40.3910729Z [36;1m  else[0m
2026-10-08T17:51:40.3911254Z [36;1m    echo "toolchain=1.$((($(date --date "${toolchain#stable }" +%s)/60/60/24-16569)/7/6))" >> $GITHUB_OUTPUT[0m
2026-10-08T17:51:40.3911780Z [36;1m  fi[0m
2026-10-08T17:51:40.3912176Z [36;1melif [[ $toolchain =~ ^stable' 'minus' '[0-9]+' 'releases?$ ]]; then[0m
2026-10-08T17:51:40.3912777Z [36;1m  echo "toolchain=1.$((($(date +%s)/60/60/24-16569)/7/6-${toolchain//[^0-9]/}))" >> $GITHUB_OUTPUT[0m
2026-10-08T17:51:40.3913674Z [36;1melif [[ $toolchain =~ ^1\.[0-9]+$ ]]; then[0m
2026-10-08T17:51:40.3914319Z [36;1m  echo "toolchain=1.$((i=${toolchain#1.}, c=($(date +%s)/60/60/24-16569)/7/6, i+9*i*(10*i<=c)+90*i*(100*i<=c)))" >> $GITHUB_OUTPUT[0m
2026-10-08T17:51:40.3914888Z [36;1melse[0m
2026-10-08T17:51:40.3915238Z [36;1m  echo "toolchain=$toolchain" >> $GITHUB_OUTPUT[0m
2026-10-08T17:51:40.3915651Z [36;1mfi[0m
2026-10-08T17:51:40.4110223Z shell: /usr/bin/bash --noprofile --norc -e -o pipefail {0}
2026-10-08T17:51:40.4110683Z env:
2026-10-08T17:51:40.4111046Z   toolchain: nightly
2026-10-08T17:51:40.4111382Z ##[endgroup]
2026-10-08T17:51:40.4244704Z ##[end-action id=__dtolnay_rust-toolchain.parse;outcome=success;conclusion=success;duration_ms=39]
2026-10-08T17:51:40.4269366Z ##[start-action display=Run : construct rustup command line;id=__dtolnay_rust-toolchain.flags]
2026-10-08T17:51:40.4297210Z ##[group]Run : construct rustup command line
2026-10-08T17:51:40.4297703Z [36;1m: construct rustup command line[0m
2026-10-08T17:51:40.4298239Z [36;1mecho "targets=$(for t in ${targets//,/ }; do echo -n ' --target' $t; done)" >> $GITHUB_OUTPUT[0m
2026-10-08T17:51:40.4298992Z [36;1mecho "components=$(for c in ${components//,/ }; do echo -n ' --component' $c; done)" >> $GITHUB_OUTPUT[0m
2026-10-08T17:51:40.4299546Z [36;1mecho "downgrade=" >> $GITHUB_OUTPUT[0m
2026-10-08T17:51:40.4345212Z shell: /usr/bin/bash --noprofile --norc -e -o pipefail {0}
2026-10-08T17:51:40.4345670Z env:
2026-10-08T17:51:40.4346127Z   targets: wasm32-unknown-unknown, aarch64-unknown-linux-gnu
2026-10-08T17:51:40.4346550Z   components: 
2026-10-08T17:51:40.4346841Z ##[endgroup]
2026-10-08T17:51:40.4432109Z ##[end-action id=__dtolnay_rust-toolchain.flags;outcome=success;conclusion=success;duration_ms=16]
2026-10-08T17:51:40.4437149Z ##[start-action display=Run : set $CARGO_HOME;id=__dtolnay_rust-toolchain.__run]
2026-10-08T17:51:40.4464177Z ##[group]Run : set $CARGO_HOME
2026-10-08T17:51:40.4464618Z [36;1m: set $CARGO_HOME[0m
2026-10-08T17:51:40.4465139Z [36;1mecho CARGO_HOME=${CARGO_HOME:-"$HOME/.cargo"} >> $GITHUB_ENV[0m
2026-10-08T17:51:40.4511473Z shell: /usr/bin/bash --noprofile --norc -e -o pipefail {0}
2026-10-08T17:51:40.4511909Z ##[endgroup]
2026-10-08T17:51:40.4592020Z ##[end-action id=__dtolnay_rust-toolchain.__run;outcome=success;conclusion=success;duration_ms=15]
2026-10-08T17:51:40.4595293Z ##[start-action display=Run : install rustup if needed;id=__dtolnay_rust-toolchain.__run_2]
2026-10-08T17:51:40.4628655Z ##[group]Run : install rustup if needed
2026-10-08T17:51:40.4629073Z [36;1m: install rustup if needed[0m
2026-10-08T17:51:40.4629519Z [36;1mif ! command -v rustup &>/dev/null; then[0m
2026-10-08T17:51:40.4630394Z [36;1m  curl --proto '=https' --tlsv1.2 --retry 10 --retry-connrefused --location --silent --show-error --fail https://sh.rustup.rs | sh -s -- --default-toolchain none -y[0m
2026-10-08T17:51:40.4631239Z [36;1m  echo "$CARGO_HOME/bin" >> $GITHUB_PATH[0m
2026-10-08T17:51:40.4631635Z [36;1mfi[0m
2026-10-08T17:51:40.4675597Z shell: /usr/bin/bash --noprofile --norc -e -o pipefail {0}
2026-10-08T17:51:40.4676045Z env:
2026-10-08T17:51:40.4676407Z   CARGO_HOME: /home/runner/.cargo
2026-10-08T17:51:40.4676763Z ##[endgroup]
2026-10-08T17:51:40.4748799Z ##[end-action id=__dtolnay_rust-toolchain.__run_2;outcome=success;conclusion=success;duration_ms=15]
2026-10-08T17:51:40.4754442Z ##[start-action display=Run : install rustup if needed on windows;id=__dtolnay_rust-toolchain.__run_3]
2026-10-08T17:51:40.4762796Z ##[end-action id=__dtolnay_rust-toolchain.__run_3;outcome=skipped;conclusion=skipped;duration_ms=0]
2026-10-08T17:51:40.4767430Z ##[start-action display=rustup toolchain install nightly;id=__dtolnay_rust-toolchain.__run_4]
2026-10-08T17:51:40.4793544Z ##[group]Run rustup toolchain install nightly --target wasm32-unknown-unknown --target aarch64-unknown-linux-gnu --profile minimal --no-self-update
2026-10-08T17:51:40.4794606Z [36;1mrustup toolchain install nightly --target wasm32-unknown-unknown --target aarch64-unknown-linux-gnu --profile minimal --no-self-update[0m
2026-10-08T17:51:40.4839246Z shell: /usr/bin/bash --noprofile --norc -e -o pipefail {0}
2026-10-08T17:51:40.4839694Z env:
2026-10-08T17:51:40.4840168Z   CARGO_HOME: /home/runner/.cargo
2026-10-08T17:51:40.4840556Z   RUSTUP_PERMIT_COPY_RENAME: 1
2026-10-08T17:51:40.4841335Z ##[endgroup]
2026-10-08T17:51:40.5893760Z info: syncing channel updates for nightly-x86_64-unknown-linux-gnu
2026-10-08T17:51:41.1622115Z info: latest update on 2026-10-08 for version 1.101.0-nightly (1d81eb4ad 2026-10-07)
2026-10-08T17:51:41.1623277Z info: downloading 5 components
2026-10-08T17:51:54.5841367Z 
2026-10-08T17:51:54.5912579Z   nightly-x86_64-unknown-linux-gnu installed - rustc 1.101.0-nightly (1d81eb4ad 2026-10-07)
2026-10-08T17:51:54.5913327Z 
2026-10-08T17:51:54.5957962Z ##[end-action id=__dtolnay_rust-toolchain.__run_4;outcome=success;conclusion=success;duration_ms=14118]
2026-10-08T17:51:54.5964887Z ##[start-action display=Run rustup default nightly;id=__dtolnay_rust-toolchain.__run_5]
2026-10-08T17:51:54.5992052Z ##[group]Run rustup default nightly
2026-10-08T17:51:54.5992608Z [36;1mrustup default nightly[0m
2026-10-08T17:51:54.6036204Z shell: /usr/bin/bash --noprofile --norc -e -o pipefail {0}
2026-10-08T17:51:54.6037337Z env:
2026-10-08T17:51:54.6037803Z   CARGO_HOME: /home/runner/.cargo
2026-10-08T17:51:54.6038172Z ##[endgroup]
2026-10-08T17:51:54.6146570Z info: using existing install for nightly-x86_64-unknown-linux-gnu
2026-10-08T17:51:54.6210961Z info: default toolchain set to nightly-x86_64-unknown-linux-gnu
2026-10-08T17:51:54.6211374Z 
2026-10-08T17:51:54.6280402Z   nightly-x86_64-unknown-linux-gnu unchanged - rustc 1.101.0-nightly (1d81eb4ad 2026-10-07)
2026-10-08T17:51:54.6282047Z info: note that the toolchain 'nightly-x86_64-unknown-linux-gnu' is currently in use (overridden by '/home/runner/work/purrdf/purrdf/rust-toolchain.toml')
2026-10-08T17:51:54.6283097Z 
2026-10-08T17:51:54.6298032Z ##[end-action id=__dtolnay_rust-toolchain.__run_5;outcome=success;conclusion=success;duration_ms=33]
2026-10-08T17:51:54.6303810Z ##[start-action display=Run : create cachekey;id=__dtolnay_rust-toolchain.rustc-version]
2026-10-08T17:51:54.6331205Z ##[group]Run : create cachekey
2026-10-08T17:51:54.6332120Z [36;1m: create cachekey[0m
2026-10-08T17:51:54.6333217Z [36;1mDATE=$(rustc +nightly --version --verbose | sed -ne 's/^commit-date: \(20[0-9][0-9]\)-\([01][0-9]\)-\([0-3][0-9]\)$/\1\2\3/p')[0m
2026-10-08T17:51:54.6334375Z [36;1mHASH=$(rustc +nightly --version --verbose | sed -ne 's/^commit-hash: //p')[0m
2026-10-08T17:51:54.6335308Z [36;1mecho "cachekey=$(echo $DATE$HASH | head -c12)" >> $GITHUB_OUTPUT[0m
2026-10-08T17:51:54.6379901Z shell: /usr/bin/bash --noprofile --norc -e -o pipefail {0}
2026-10-08T17:51:54.6380451Z env:
2026-10-08T17:51:54.6380869Z   CARGO_HOME: /home/runner/.cargo
2026-10-08T17:51:54.6381419Z ##[endgroup]
2026-10-08T17:51:54.6705807Z ##[end-action id=__dtolnay_rust-toolchain.rustc-version;outcome=success;conclusion=success;duration_ms=40]
2026-10-08T17:51:54.6708987Z ##[start-action display=Run : disable incremental compilation;id=__dtolnay_rust-toolchain.__run_6]
2026-10-08T17:51:54.6737578Z ##[group]Run : disable incremental compilation
2026-10-08T17:51:54.6738067Z [36;1m: disable incremental compilation[0m
2026-10-08T17:51:54.6738483Z [36;1mif [ -z "${CARGO_INCREMENTAL+set}" ]; then[0m
2026-10-08T17:51:54.6738956Z [36;1m  echo CARGO_INCREMENTAL=0 >> $GITHUB_ENV[0m
2026-10-08T17:51:54.6739922Z [36;1mfi[0m
2026-10-08T17:51:54.6779507Z shell: /usr/bin/bash --noprofile --norc -e -o pipefail {0}
2026-10-08T17:51:54.6779983Z env:
2026-10-08T17:51:54.6780379Z   CARGO_HOME: /home/runner/.cargo
2026-10-08T17:51:54.6780723Z ##[endgroup]
2026-10-08T17:51:54.6909342Z ##[end-action id=__dtolnay_rust-toolchain.__run_6;outcome=success;conclusion=success;duration_ms=19]
2026-10-08T17:51:54.6913162Z ##[start-action display=Run : enable colors in Cargo output;id=__dtolnay_rust-toolchain.__run_7]
2026-10-08T17:51:54.6938751Z ##[group]Run : enable colors in Cargo output
2026-10-08T17:51:54.6939221Z [36;1m: enable colors in Cargo output[0m
2026-10-08T17:51:54.6939660Z [36;1mif [ -z "${CARGO_TERM_COLOR+set}" ]; then[0m
2026-10-08T17:51:54.6940682Z [36;1m  echo CARGO_TERM_COLOR=always >> $GITHUB_ENV[0m
2026-10-08T17:51:54.6941313Z [36;1mfi[0m
2026-10-08T17:51:54.6980697Z shell: /usr/bin/bash --noprofile --norc -e -o pipefail {0}
2026-10-08T17:51:54.6981206Z env:
2026-10-08T17:51:54.6981570Z   CARGO_HOME: /home/runner/.cargo
2026-10-08T17:51:54.6982021Z   CARGO_INCREMENTAL: 0
2026-10-08T17:51:54.6982346Z ##[endgroup]
2026-10-08T17:51:54.7047923Z ##[end-action id=__dtolnay_rust-toolchain.__run_7;outcome=success;conclusion=success;duration_ms=13]
2026-10-08T17:51:54.7057852Z ##[start-action display=Run : enable Cargo sparse registry;id=__dtolnay_rust-toolchain.__run_8]
2026-10-08T17:51:54.7100607Z ##[group]Run : enable Cargo sparse registry
2026-10-08T17:51:54.7101045Z [36;1m: enable Cargo sparse registry[0m
2026-10-08T17:51:54.7101679Z [36;1m# implemented in 1.66, stabilized in 1.68, made default in 1.70[0m
2026-10-08T17:51:54.7102454Z [36;1mif [ -z "${CARGO_REGISTRIES_CRATES_IO_PROTOCOL+set}" -o -f "/home/runner/work/_temp"/.implicit_cargo_registries_crates_io_protocol ]; then[0m
2026-10-08T17:51:54.7103620Z [36;1m  if rustc +nightly --version --verbose | grep -q '^release: 1\.6[89]\.'; then[0m
2026-10-08T17:51:54.7104336Z [36;1m    touch "/home/runner/work/_temp"/.implicit_cargo_registries_crates_io_protocol || true[0m
2026-10-08T17:51:54.7104937Z [36;1m    echo CARGO_REGISTRIES_CRATES_IO_PROTOCOL=sparse >> $GITHUB_ENV[0m
2026-10-08T17:51:54.7105532Z [36;1m  elif rustc +nightly --version --verbose | grep -q '^release: 1\.6[67]\.'; then[0m
2026-10-08T17:51:54.7106154Z [36;1m    touch "/home/runner/work/_temp"/.implicit_cargo_registries_crates_io_protocol || true[0m
2026-10-08T17:51:54.7106755Z [36;1m    echo CARGO_REGISTRIES_CRATES_IO_PROTOCOL=git >> $GITHUB_ENV[0m
2026-10-08T17:51:54.7107199Z [36;1m  fi[0m
2026-10-08T17:51:54.7107493Z [36;1mfi[0m
2026-10-08T17:51:54.7144008Z shell: /usr/bin/bash --noprofile --norc -e -o pipefail {0}
2026-10-08T17:51:54.7144559Z env:
2026-10-08T17:51:54.7144884Z   CARGO_HOME: /home/runner/.cargo
2026-10-08T17:51:54.7145408Z   CARGO_INCREMENTAL: 0
2026-10-08T17:51:54.7145767Z   CARGO_TERM_COLOR: always
2026-10-08T17:51:54.7146094Z ##[endgroup]
2026-10-08T17:51:54.7449008Z ##[end-action id=__dtolnay_rust-toolchain.__run_8;outcome=success;conclusion=success;duration_ms=38]
2026-10-08T17:51:54.7454659Z ##[start-action display=Run : work around spurious network errors in curl 8.0;id=__dtolnay_rust-toolchain.__run_9]
2026-10-08T17:51:54.7600080Z ##[group]Run : work around spurious network errors in curl 8.0
2026-10-08T17:51:54.7600648Z [36;1m: work around spurious network errors in curl 8.0[0m
2026-10-08T17:51:54.7601303Z [36;1m# https://rust-lang.zulipchat.com/#narrow/stream/246057-t-cargo/topic/timeout.20investigation[0m
2026-10-08T17:51:54.7602040Z [36;1mif rustc +nightly --version --verbose | grep -q '^release: 1\.7[01]\.'; then[0m
2026-10-08T17:51:54.7602587Z [36;1m  echo CARGO_HTTP_MULTIPLEXING=false >> $GITHUB_ENV[0m
2026-10-08T17:51:54.7603214Z [36;1mfi[0m
2026-10-08T17:51:54.7644083Z shell: /usr/bin/bash --noprofile --norc -e -o pipefail {0}
2026-10-08T17:51:54.7644626Z env:
2026-10-08T17:51:54.7644976Z   CARGO_HOME: /home/runner/.cargo
2026-10-08T17:51:54.7645330Z   CARGO_INCREMENTAL: 0
2026-10-08T17:51:54.7645826Z   CARGO_TERM_COLOR: always
2026-10-08T17:51:54.7646144Z ##[endgroup]
2026-10-08T17:51:54.8067312Z ##[end-action id=__dtolnay_rust-toolchain.__run_9;outcome=success;conclusion=success;duration_ms=61]
2026-10-08T17:51:54.8072305Z ##[start-action display=Run rustc +nightly --version --verbose;id=__dtolnay_rust-toolchain.__run_10]
2026-10-08T17:51:54.9835373Z ##[group]Run rustc +nightly --version --verbose
2026-10-08T17:51:54.9835855Z [36;1mrustc +nightly --version --verbose[0m
2026-10-08T17:51:54.9877182Z shell: /usr/bin/bash --noprofile --norc -e -o pipefail {0}
2026-10-08T17:51:54.9877633Z env:
2026-10-08T17:51:54.9878031Z   CARGO_HOME: /home/runner/.cargo
2026-10-08T17:51:54.9878388Z   CARGO_INCREMENTAL: 0
2026-10-08T17:51:54.9878759Z   CARGO_TERM_COLOR: always
2026-10-08T17:51:54.9879119Z ##[endgroup]
2026-10-08T17:51:55.0311344Z rustc 1.101.0-nightly (1d81eb4ad 2026-10-07)
2026-10-08T17:51:55.0312713Z binary: rustc
2026-10-08T17:51:55.0314127Z commit-hash: 1d81eb4ad9cd207e3e638bd32b17ec4fce8412a6
2026-10-08T17:51:55.0314660Z commit-date: 2026-10-07
2026-10-08T17:51:55.0315009Z host: x86_64-unknown-linux-gnu
2026-10-08T17:51:55.0315572Z release: 1.101.0-nightly
2026-10-08T17:51:55.0315982Z LLVM version: 23.1.3
2026-10-08T17:51:55.0329039Z ##[end-action id=__dtolnay_rust-toolchain.__run_10;outcome=success;conclusion=success;duration_ms=225]
2026-10-08T17:51:55.1377130Z ##[group]Run echo "identity=$(rustc -vV | sha256sum | cut -d ' ' -f 1)" >> "$GITHUB_OUTPUT"
2026-10-08T17:51:55.1377862Z [36;1mecho "identity=$(rustc -vV | sha256sum | cut -d ' ' -f 1)" >> "$GITHUB_OUTPUT"[0m
2026-10-08T17:51:55.1419122Z shell: /usr/bin/bash -e {0}
2026-10-08T17:51:55.1419591Z env:
2026-10-08T17:51:55.1419964Z   CARGO_HOME: /home/runner/.cargo
2026-10-08T17:51:55.1420338Z   CARGO_INCREMENTAL: 0
2026-10-08T17:51:55.1420684Z   CARGO_TERM_COLOR: always
2026-10-08T17:51:55.1421017Z ##[endgroup]
2026-10-08T17:51:55.3027218Z info: syncing channel updates for nightly-x86_64-unknown-linux-gnu
2026-10-08T17:51:55.5877163Z info: latest update on 2026-10-08 for version 1.101.0-nightly (1d81eb4ad 2026-10-07)
2026-10-08T17:51:55.5995628Z info: component rust-std for target aarch64-unknown-linux-gnu is up to date
2026-10-08T17:51:55.5996556Z info: component rust-std for target wasm32-unknown-unknown is up to date
2026-10-08T17:51:55.6000119Z info: downloading 2 components
2026-10-08T17:51:57.0577002Z ##[group]Run actions/cache@0057852bfaa89a56745cba8c7296529d2fc39830
2026-10-08T17:51:57.0577504Z with:
2026-10-08T17:51:57.0577860Z   path: target/simd-asm
2026-10-08T17:51:57.0579028Z   key: simd-asm-v1-Linux-aarch64-neoverse-v1-4c4dc36bf30832137b625afd035311ec0eced81e15d77fb96e8327103c95c965-6636a7c4063fa2c941f42659ef4838446886f373c503df19a1fa1d71573ddacd-6ce3cc6567d0874414cf138bcdfd11f4799e6901
2026-10-08T17:51:57.0580806Z   restore-keys: simd-asm-v1-Linux-aarch64-neoverse-v1-4c4dc36bf30832137b625afd035311ec0eced81e15d77fb96e8327103c95c965-6636a7c4063fa2c941f42659ef4838446886f373c503df19a1fa1d71573ddacd-

2026-10-08T17:51:57.0581789Z   enableCrossOsArchive: false
2026-10-08T17:51:57.0582173Z   fail-on-cache-miss: false
2026-10-08T17:51:57.0582527Z   lookup-only: false
2026-10-08T17:51:57.0583035Z   save-always: false
2026-10-08T17:51:57.0583389Z env:
2026-10-08T17:51:57.0583678Z   CARGO_HOME: /home/runner/.cargo
2026-10-08T17:51:57.0584095Z   CARGO_INCREMENTAL: 0
2026-10-08T17:51:57.0584500Z   CARGO_TERM_COLOR: always
2026-10-08T17:51:57.0584880Z ##[endgroup]
2026-10-08T17:51:57.1661022Z (node:2546) [DEP0040] DeprecationWarning: The `punycode` module is deprecated. Please use a userland alternative instead.
2026-10-08T17:51:57.1662314Z (Use `node --trace-deprecation ...` to show where the warning was created)
2026-10-08T17:51:57.3070802Z Cache hit for restore-key: simd-asm-v1-Linux-aarch64-neoverse-v1-4c4dc36bf30832137b625afd035311ec0eced81e15d77fb96e8327103c95c965-6636a7c4063fa2c941f42659ef4838446886f373c503df19a1fa1d71573ddacd-df2cec88b0f8e05e05ef3d01d14714474be6bbb1
2026-10-08T17:51:57.3171457Z (node:2546) [DEP0169] DeprecationWarning: `url.parse()` behavior is not standardized and prone to errors that have security implications. Use the WHATWG URL API instead. CVEs are not issued for `url.parse()` vulnerabilities.
2026-10-08T17:51:58.3530977Z Received 104826816 of 104826816 (100.0%), 112.5 MBs/sec
2026-10-08T17:51:58.3533340Z Cache Size: ~100 MB (104826816 B)
2026-10-08T17:51:58.3568287Z [command]/usr/bin/tar -xf /home/runner/work/_temp/5d88513b-06d9-458d-ab5e-e591d1c4b5ad/cache.tzst -P -C /home/runner/work/purrdf/purrdf --use-compress-program unzstd
2026-10-08T17:51:58.9684102Z Cache restored successfully
2026-10-08T17:51:58.9804170Z Cache restored from key: simd-asm-v1-Linux-aarch64-neoverse-v1-4c4dc36bf30832137b625afd035311ec0eced81e15d77fb96e8327103c95c965-6636a7c4063fa2c941f42659ef4838446886f373c503df19a1fa1d71573ddacd-df2cec88b0f8e05e05ef3d01d14714474be6bbb1
2026-10-08T17:51:58.9909539Z ##[group]Run sudo apt-get update
2026-10-08T17:51:58.9910372Z [36;1msudo apt-get update[0m
2026-10-08T17:51:58.9910845Z [36;1msudo apt-get install -y --no-install-recommends \[0m
2026-10-08T17:51:58.9911378Z [36;1m  clang llvm gcc-aarch64-linux-gnu libc6-dev-arm64-cross[0m
2026-10-08T17:51:58.9953765Z shell: /usr/bin/bash -e {0}
2026-10-08T17:51:58.9954358Z env:
2026-10-08T17:51:58.9954718Z   CARGO_HOME: /home/runner/.cargo
2026-10-08T17:51:58.9955076Z   CARGO_INCREMENTAL: 0
2026-10-08T17:51:58.9955443Z   CARGO_TERM_COLOR: always
2026-10-08T17:51:58.9955817Z ##[endgroup]
2026-10-08T17:51:59.0794763Z Get:1 file:/etc/apt/apt-mirrors.txt Mirrorlist [144 B]
2026-10-08T17:51:59.1299357Z Hit:2 http://azure.archive.ubuntu.com/ubuntu noble InRelease
2026-10-08T17:51:59.1355856Z Get:3 http://azure.archive.ubuntu.com/ubuntu noble-updates InRelease [126 kB]
2026-10-08T17:51:59.1396148Z Get:4 http://azure.archive.ubuntu.com/ubuntu noble-backports InRelease [126 kB]
2026-10-08T17:51:59.1420213Z Get:5 http://azure.archive.ubuntu.com/ubuntu noble-security InRelease [126 kB]
2026-10-08T17:51:59.1469720Z Get:6 https://packages.microsoft.com/ubuntu/24.04/prod noble InRelease [3600 B]
2026-10-08T17:51:59.2434252Z Get:7 http://azure.archive.ubuntu.com/ubuntu noble-updates/main amd64 Packages [1375 kB]
2026-10-08T17:51:59.2623754Z Get:8 http://azure.archive.ubuntu.com/ubuntu noble-updates/main Translation-en [306 kB]
2026-10-08T17:51:59.2645236Z Get:9 http://azure.archive.ubuntu.com/ubuntu noble-updates/universe amd64 Packages [1702 kB]
2026-10-08T17:51:59.2729169Z Get:10 http://azure.archive.ubuntu.com/ubuntu noble-updates/universe Translation-en [342 kB]
2026-10-08T17:51:59.2753762Z Get:11 http://azure.archive.ubuntu.com/ubuntu noble-updates/restricted amd64 Packages [1761 kB]
2026-10-08T17:51:59.2855003Z Get:12 http://azure.archive.ubuntu.com/ubuntu noble-updates/restricted Translation-en [401 kB]
2026-10-08T17:51:59.2877821Z Get:13 http://azure.archive.ubuntu.com/ubuntu noble-updates/multiverse amd64 Packages [55.0 kB]
2026-10-08T17:51:59.2892351Z Get:14 http://azure.archive.ubuntu.com/ubuntu noble-updates/multiverse Translation-en [14.3 kB]
2026-10-08T17:51:59.3387647Z Get:15 http://azure.archive.ubuntu.com/ubuntu noble-security/main amd64 Packages [1115 kB]
2026-10-08T17:51:59.3452514Z Get:16 http://azure.archive.ubuntu.com/ubuntu noble-security/main Translation-en [227 kB]
2026-10-08T17:51:59.3903507Z Get:22 https://packages.microsoft.com/ubuntu/24.04/prod noble/main arm64 Packages [474 kB]
2026-10-08T17:51:59.3947481Z Get:17 http://azure.archive.ubuntu.com/ubuntu noble-security/universe amd64 Packages [1218 kB]
2026-10-08T17:51:59.3980902Z Get:23 https://packages.microsoft.com/ubuntu/24.04/prod noble/main armhf Packages [12.3 kB]
2026-10-08T17:51:59.4005047Z Get:18 http://azure.archive.ubuntu.com/ubuntu noble-security/universe Translation-en [245 kB]
2026-10-08T17:51:59.4022368Z Get:19 http://azure.archive.ubuntu.com/ubuntu noble-security/restricted amd64 Packages [1632 kB]
2026-10-08T17:51:59.4024222Z Get:24 https://packages.microsoft.com/ubuntu/24.04/prod noble/main all Packages [640 B]
2026-10-08T17:51:59.4091297Z Get:25 https://packages.microsoft.com/ubuntu/24.04/prod noble/main amd64 Packages [531 kB]
2026-10-08T17:51:59.4105014Z Get:20 http://azure.archive.ubuntu.com/ubuntu noble-security/restricted Translation-en [376 kB]
2026-10-08T17:51:59.4123918Z Get:21 http://azure.archive.ubuntu.com/ubuntu noble-security/multiverse Translation-en [11.6 kB]
2026-10-08T17:52:02.9983711Z Fetched 12.2 MB in 1s (8973 kB/s)
2026-10-08T17:52:03.9526748Z Reading package lists...
2026-10-08T17:52:03.9868239Z Reading package lists...
2026-10-08T17:52:04.1967725Z Building dependency tree...
2026-10-08T17:52:04.1973547Z Reading state information...
2026-10-08T17:52:04.3780778Z The following additional packages will be installed:
2026-10-08T17:52:04.3782136Z   binutils-aarch64-linux-gnu cpp-13-aarch64-linux-gnu cpp-aarch64-linux-gnu
2026-10-08T17:52:04.3784098Z   gcc-13-aarch64-linux-gnu gcc-13-aarch64-linux-gnu-base gcc-13-cross-base
2026-10-08T17:52:04.3785287Z   gcc-14-cross-base libasan8-arm64-cross libatomic1-arm64-cross
2026-10-08T17:52:04.3794557Z   libc6-arm64-cross libgcc-13-dev-arm64-cross libgcc-s1-arm64-cross
2026-10-08T17:52:04.3803592Z   libgomp1-arm64-cross libhwasan0-arm64-cross libitm1-arm64-cross
2026-10-08T17:52:04.3804267Z   liblsan0-arm64-cross libstdc++6-arm64-cross libtsan2-arm64-cross
2026-10-08T17:52:04.3804944Z   libubsan1-arm64-cross linux-libc-dev-arm64-cross llvm-runtime
2026-10-08T17:52:04.3805551Z Suggested packages:
2026-10-08T17:52:04.3806020Z   binutils-doc gcc-13-locales cpp-13-doc cpp-doc gcc-13-doc manpages-dev
2026-10-08T17:52:04.3806546Z   gdb-aarch64-linux-gnu gcc-doc
2026-10-08T17:52:04.4045612Z The following NEW packages will be installed:
2026-10-08T17:52:04.4046340Z   binutils-aarch64-linux-gnu clang cpp-13-aarch64-linux-gnu
2026-10-08T17:52:04.4047311Z   cpp-aarch64-linux-gnu gcc-13-aarch64-linux-gnu gcc-13-aarch64-linux-gnu-base
2026-10-08T17:52:04.4048176Z   gcc-13-cross-base gcc-14-cross-base gcc-aarch64-linux-gnu
2026-10-08T17:52:04.4048846Z   libasan8-arm64-cross libatomic1-arm64-cross libc6-arm64-cross
2026-10-08T17:52:04.4050848Z   libc6-dev-arm64-cross libgcc-13-dev-arm64-cross libgcc-s1-arm64-cross
2026-10-08T17:52:04.4051627Z   libgomp1-arm64-cross libhwasan0-arm64-cross libitm1-arm64-cross
2026-10-08T17:52:04.4057529Z   liblsan0-arm64-cross libstdc++6-arm64-cross libtsan2-arm64-cross
2026-10-08T17:52:04.4061755Z   libubsan1-arm64-cross linux-libc-dev-arm64-cross llvm llvm-runtime
2026-10-08T17:52:04.4240380Z 0 upgraded, 25 newly installed, 0 to remove and 21 not upgraded.
2026-10-08T17:52:04.4241078Z Need to get 45.2 MB of archives.
2026-10-08T17:52:04.4242002Z After this operation, 168 MB of additional disk space will be used.
2026-10-08T17:52:04.4242628Z Get:1 file:/etc/apt/apt-mirrors.txt Mirrorlist [144 B]
2026-10-08T17:52:04.4820090Z Get:2 http://azure.archive.ubuntu.com/ubuntu noble/universe amd64 clang amd64 1:18.0-59~exp2 [5846 B]
2026-10-08T17:52:04.5181018Z Get:3 http://azure.archive.ubuntu.com/ubuntu noble-updates/main amd64 gcc-13-aarch64-linux-gnu-base amd64 13.3.0-6ubuntu2~24.04.1cross1 [51.9 kB]
2026-10-08T17:52:04.5504132Z Get:4 http://azure.archive.ubuntu.com/ubuntu noble-updates/main amd64 cpp-13-aarch64-linux-gnu amd64 13.3.0-6ubuntu2~24.04.1cross1 [10.8 MB]
2026-10-08T17:52:04.6920602Z Get:5 http://azure.archive.ubuntu.com/ubuntu noble/main amd64 cpp-aarch64-linux-gnu amd64 4:13.2.0-7ubuntu1 [5332 B]
2026-10-08T17:52:04.7242205Z Get:6 http://azure.archive.ubuntu.com/ubuntu noble-updates/main amd64 binutils-aarch64-linux-gnu amd64 2.42-4ubuntu2.10 [3711 kB]
2026-10-08T17:52:04.7992677Z Get:7 http://azure.archive.ubuntu.com/ubuntu noble-updates/main amd64 gcc-13-cross-base all 13.3.0-6ubuntu2~24.04.1cross1 [46.5 kB]
2026-10-08T17:52:04.8313264Z Get:8 http://azure.archive.ubuntu.com/ubuntu noble-updates/main amd64 gcc-14-cross-base all 14.2.0-4ubuntu2~24.04.1cross1 [46.1 kB]
2026-10-08T17:52:04.8636150Z Get:9 http://azure.archive.ubuntu.com/ubuntu noble/main amd64 libc6-arm64-cross all 2.39-0ubuntu8cross1 [1197 kB]
2026-10-08T17:52:04.9074000Z Get:10 http://azure.archive.ubuntu.com/ubuntu noble-updates/main amd64 libgcc-s1-arm64-cross all 14.2.0-4ubuntu2~24.04.1cross1 [61.9 kB]
2026-10-08T17:52:04.9434580Z Get:11 http://azure.archive.ubuntu.com/ubuntu noble-updates/main amd64 libgomp1-arm64-cross all 14.2.0-4ubuntu2~24.04.1cross1 [110 kB]
2026-10-08T17:52:04.9764359Z Get:12 http://azure.archive.ubuntu.com/ubuntu noble-updates/main amd64 libitm1-arm64-cross all 14.2.0-4ubuntu2~24.04.1cross1 [31.1 kB]
2026-10-08T17:52:05.0087151Z Get:13 http://azure.archive.ubuntu.com/ubuntu noble-updates/main amd64 libatomic1-arm64-cross all 14.2.0-4ubuntu2~24.04.1cross1 [11.5 kB]
2026-10-08T17:52:05.0716529Z Get:14 http://azure.archive.ubuntu.com/ubuntu noble-updates/main amd64 libasan8-arm64-cross all 14.2.0-4ubuntu2~24.04.1cross1 [524 kB]
2026-10-08T17:52:05.2737446Z Get:15 http://azure.archive.ubuntu.com/ubuntu noble-updates/main amd64 liblsan0-arm64-cross all 14.2.0-4ubuntu2~24.04.1cross1 [238 kB]
2026-10-08T17:52:05.3145476Z Get:16 http://azure.archive.ubuntu.com/ubuntu noble-updates/main amd64 libtsan2-arm64-cross all 14.2.0-4ubuntu2~24.04.1cross1 [500 kB]
2026-10-08T17:52:05.3669461Z Get:17 http://azure.archive.ubuntu.com/ubuntu noble-updates/main amd64 libstdc++6-arm64-cross all 14.2.0-4ubuntu2~24.04.1cross1 [659 kB]
2026-10-08T17:52:05.4205515Z Get:18 http://azure.archive.ubuntu.com/ubuntu noble-updates/main amd64 libubsan1-arm64-cross all 14.2.0-4ubuntu2~24.04.1cross1 [219 kB]
2026-10-08T17:52:05.5082526Z Get:19 http://azure.archive.ubuntu.com/ubuntu noble-updates/main amd64 libhwasan0-arm64-cross all 14.2.0-4ubuntu2~24.04.1cross1 [304 kB]
2026-10-08T17:52:05.5427630Z Get:20 http://azure.archive.ubuntu.com/ubuntu noble-updates/main amd64 libgcc-13-dev-arm64-cross all 13.3.0-6ubuntu2~24.04.1cross1 [2616 kB]
2026-10-08T17:52:05.6044766Z Get:21 http://azure.archive.ubuntu.com/ubuntu noble-updates/main amd64 gcc-13-aarch64-linux-gnu amd64 13.3.0-6ubuntu2~24.04.1cross1 [21.1 MB]
2026-10-08T17:52:05.8711146Z Get:22 http://azure.archive.ubuntu.com/ubuntu noble/main amd64 gcc-aarch64-linux-gnu amd64 4:13.2.0-7ubuntu1 [1210 B]
2026-10-08T17:52:05.9030048Z Get:23 http://azure.archive.ubuntu.com/ubuntu noble/universe amd64 llvm-runtime amd64 1:18.0-59~exp2 [5496 B]
2026-10-08T17:52:05.9348268Z Get:24 http://azure.archive.ubuntu.com/ubuntu noble/universe amd64 llvm amd64 1:18.0-59~exp2 [4146 B]
2026-10-08T17:52:05.9660704Z Get:25 http://azure.archive.ubuntu.com/ubuntu noble/main amd64 linux-libc-dev-arm64-cross all 6.8.0-25.25cross1 [1375 kB]
2026-10-08T17:52:06.0096469Z Get:26 http://azure.archive.ubuntu.com/ubuntu noble/main amd64 libc6-dev-arm64-cross all 2.39-0ubuntu8cross1 [1629 kB]
2026-10-08T17:52:06.2847776Z Fetched 45.2 MB in 2s (28.2 MB/s)
2026-10-08T17:52:06.3093968Z Selecting previously unselected package clang.
2026-10-08T17:52:06.3274404Z (Reading database ... 
2026-10-08T17:52:06.3275118Z (Reading database ... 5%
2026-10-08T17:52:06.3275629Z (Reading database ... 10%
2026-10-08T17:52:06.3276223Z (Reading database ... 15%
2026-10-08T17:52:06.3276660Z (Reading database ... 20%
2026-10-08T17:52:06.3277007Z (Reading database ... 25%
2026-10-08T17:52:06.3277959Z (Reading database ... 30%
2026-10-08T17:52:06.3278374Z (Reading database ... 35%
2026-10-08T17:52:06.3278773Z (Reading database ... 40%
2026-10-08T17:52:06.3279092Z (Reading database ... 45%
2026-10-08T17:52:06.3279446Z (Reading database ... 50%
2026-10-08T17:52:06.3313687Z (Reading database ... 55%
2026-10-08T17:52:06.4490525Z (Reading database ... 60%
2026-10-08T17:52:06.6401602Z (Reading database ... 65%
2026-10-08T17:52:06.8452565Z (Reading database ... 70%
2026-10-08T17:52:06.9933949Z (Reading database ... 75%
2026-10-08T17:52:07.1923751Z (Reading database ... 80%
2026-10-08T17:52:07.3989123Z (Reading database ... 85%
2026-10-08T17:52:07.5900001Z (Reading database ... 90%
2026-10-08T17:52:07.7599976Z (Reading database ... 95%
2026-10-08T17:52:07.7601583Z (Reading database ... 100%
2026-10-08T17:52:07.7602531Z (Reading database ... 203191 files and directories currently installed.)
2026-10-08T17:52:07.7647376Z Preparing to unpack .../00-clang_1%3a18.0-59~exp2_amd64.deb ...
2026-10-08T17:52:07.7736466Z Unpacking clang (1:18.0-59~exp2) ...
2026-10-08T17:52:07.7937009Z Selecting previously unselected package gcc-13-aarch64-linux-gnu-base:amd64.
2026-10-08T17:52:07.8066354Z Preparing to unpack .../01-gcc-13-aarch64-linux-gnu-base_13.3.0-6ubuntu2~24.04.1cross1_amd64.deb ...
2026-10-08T17:52:07.8077911Z Unpacking gcc-13-aarch64-linux-gnu-base:amd64 (13.3.0-6ubuntu2~24.04.1cross1) ...
2026-10-08T17:52:07.8273854Z Selecting previously unselected package cpp-13-aarch64-linux-gnu.
2026-10-08T17:52:07.8401702Z Preparing to unpack .../02-cpp-13-aarch64-linux-gnu_13.3.0-6ubuntu2~24.04.1cross1_amd64.deb ...
2026-10-08T17:52:07.8435331Z Unpacking cpp-13-aarch64-linux-gnu (13.3.0-6ubuntu2~24.04.1cross1) ...
2026-10-08T17:52:08.1787688Z Selecting previously unselected package cpp-aarch64-linux-gnu.
2026-10-08T17:52:08.1917671Z Preparing to unpack .../03-cpp-aarch64-linux-gnu_4%3a13.2.0-7ubuntu1_amd64.deb ...
2026-10-08T17:52:08.1928118Z Unpacking cpp-aarch64-linux-gnu (4:13.2.0-7ubuntu1) ...
2026-10-08T17:52:08.2115037Z Selecting previously unselected package binutils-aarch64-linux-gnu.
2026-10-08T17:52:08.2245049Z Preparing to unpack .../04-binutils-aarch64-linux-gnu_2.42-4ubuntu2.10_amd64.deb ...
2026-10-08T17:52:08.2266137Z Unpacking binutils-aarch64-linux-gnu (2.42-4ubuntu2.10) ...
2026-10-08T17:52:10.3057003Z Selecting previously unselected package gcc-13-cross-base.
2026-10-08T17:52:10.3190795Z Preparing to unpack .../05-gcc-13-cross-base_13.3.0-6ubuntu2~24.04.1cross1_all.deb ...
2026-10-08T17:52:10.5375521Z Unpacking gcc-13-cross-base (13.3.0-6ubuntu2~24.04.1cross1) ...
2026-10-08T17:52:11.0677398Z Selecting previously unselected package gcc-14-cross-base.
2026-10-08T17:52:11.0810298Z Preparing to unpack .../06-gcc-14-cross-base_14.2.0-4ubuntu2~24.04.1cross1_all.deb ...
2026-10-08T17:52:11.2605164Z Unpacking gcc-14-cross-base (14.2.0-4ubuntu2~24.04.1cross1) ...
2026-10-08T17:52:11.8301505Z Selecting previously unselected package libc6-arm64-cross.
2026-10-08T17:52:11.8434782Z Preparing to unpack .../07-libc6-arm64-cross_2.39-0ubuntu8cross1_all.deb ...
2026-10-08T17:52:11.8774051Z Unpacking libc6-arm64-cross (2.39-0ubuntu8cross1) ...
2026-10-08T17:52:13.0178342Z Selecting previously unselected package libgcc-s1-arm64-cross.
2026-10-08T17:52:13.0310838Z Preparing to unpack .../08-libgcc-s1-arm64-cross_14.2.0-4ubuntu2~24.04.1cross1_all.deb ...
2026-10-08T17:52:13.0794653Z Unpacking libgcc-s1-arm64-cross (14.2.0-4ubuntu2~24.04.1cross1) ...
2026-10-08T17:52:13.1919009Z Selecting previously unselected package libgomp1-arm64-cross.
2026-10-08T17:52:13.2047587Z Preparing to unpack .../09-libgomp1-arm64-cross_14.2.0-4ubuntu2~24.04.1cross1_all.deb ...
2026-10-08T17:52:13.2060455Z Unpacking libgomp1-arm64-cross (14.2.0-4ubuntu2~24.04.1cross1) ...
2026-10-08T17:52:13.2498859Z Selecting previously unselected package libitm1-arm64-cross.
2026-10-08T17:52:13.2628113Z Preparing to unpack .../10-libitm1-arm64-cross_14.2.0-4ubuntu2~24.04.1cross1_all.deb ...
2026-10-08T17:52:13.2639858Z Unpacking libitm1-arm64-cross (14.2.0-4ubuntu2~24.04.1cross1) ...
2026-10-08T17:52:13.2822655Z Selecting previously unselected package libatomic1-arm64-cross.
2026-10-08T17:52:13.2951359Z Preparing to unpack .../11-libatomic1-arm64-cross_14.2.0-4ubuntu2~24.04.1cross1_all.deb ...
2026-10-08T17:52:13.2962672Z Unpacking libatomic1-arm64-cross (14.2.0-4ubuntu2~24.04.1cross1) ...
2026-10-08T17:52:13.3141626Z Selecting previously unselected package libasan8-arm64-cross.
2026-10-08T17:52:13.3271231Z Preparing to unpack .../12-libasan8-arm64-cross_14.2.0-4ubuntu2~24.04.1cross1_all.deb ...
2026-10-08T17:52:13.3283078Z Unpacking libasan8-arm64-cross (14.2.0-4ubuntu2~24.04.1cross1) ...
2026-10-08T17:52:13.3705467Z Selecting previously unselected package liblsan0-arm64-cross.
2026-10-08T17:52:13.3832935Z Preparing to unpack .../13-liblsan0-arm64-cross_14.2.0-4ubuntu2~24.04.1cross1_all.deb ...
2026-10-08T17:52:13.3845595Z Unpacking liblsan0-arm64-cross (14.2.0-4ubuntu2~24.04.1cross1) ...
2026-10-08T17:52:13.4101158Z Selecting previously unselected package libtsan2-arm64-cross.
2026-10-08T17:52:13.4229160Z Preparing to unpack .../14-libtsan2-arm64-cross_14.2.0-4ubuntu2~24.04.1cross1_all.deb ...
2026-10-08T17:52:13.4240878Z Unpacking libtsan2-arm64-cross (14.2.0-4ubuntu2~24.04.1cross1) ...
2026-10-08T17:52:13.4661349Z Selecting previously unselected package libstdc++6-arm64-cross.
2026-10-08T17:52:13.4790718Z Preparing to unpack .../15-libstdc++6-arm64-cross_14.2.0-4ubuntu2~24.04.1cross1_all.deb ...
2026-10-08T17:52:13.4909291Z Unpacking libstdc++6-arm64-cross (14.2.0-4ubuntu2~24.04.1cross1) ...
2026-10-08T17:52:13.5374783Z Selecting previously unselected package libubsan1-arm64-cross.
2026-10-08T17:52:13.5502105Z Preparing to unpack .../16-libubsan1-arm64-cross_14.2.0-4ubuntu2~24.04.1cross1_all.deb ...
2026-10-08T17:52:13.5515382Z Unpacking libubsan1-arm64-cross (14.2.0-4ubuntu2~24.04.1cross1) ...
2026-10-08T17:52:13.5753865Z Selecting previously unselected package libhwasan0-arm64-cross.
2026-10-08T17:52:13.5879826Z Preparing to unpack .../17-libhwasan0-arm64-cross_14.2.0-4ubuntu2~24.04.1cross1_all.deb ...
2026-10-08T17:52:13.5890134Z Unpacking libhwasan0-arm64-cross (14.2.0-4ubuntu2~24.04.1cross1) ...
2026-10-08T17:52:13.6178820Z Selecting previously unselected package libgcc-13-dev-arm64-cross.
2026-10-08T17:52:13.6308082Z Preparing to unpack .../18-libgcc-13-dev-arm64-cross_13.3.0-6ubuntu2~24.04.1cross1_all.deb ...
2026-10-08T17:52:13.6317248Z Unpacking libgcc-13-dev-arm64-cross (13.3.0-6ubuntu2~24.04.1cross1) ...
2026-10-08T17:52:13.8111947Z Selecting previously unselected package gcc-13-aarch64-linux-gnu.
2026-10-08T17:52:13.8242580Z Preparing to unpack .../19-gcc-13-aarch64-linux-gnu_13.3.0-6ubuntu2~24.04.1cross1_amd64.deb ...
2026-10-08T17:52:13.8276924Z Unpacking gcc-13-aarch64-linux-gnu (13.3.0-6ubuntu2~24.04.1cross1) ...
2026-10-08T17:52:14.3396291Z Selecting previously unselected package gcc-aarch64-linux-gnu.
2026-10-08T17:52:14.3522703Z Preparing to unpack .../20-gcc-aarch64-linux-gnu_4%3a13.2.0-7ubuntu1_amd64.deb ...
2026-10-08T17:52:14.3534621Z Unpacking gcc-aarch64-linux-gnu (4:13.2.0-7ubuntu1) ...
2026-10-08T17:52:14.3712755Z Selecting previously unselected package llvm-runtime:amd64.
2026-10-08T17:52:14.3840451Z Preparing to unpack .../21-llvm-runtime_1%3a18.0-59~exp2_amd64.deb ...
2026-10-08T17:52:14.3927756Z Unpacking llvm-runtime:amd64 (1:18.0-59~exp2) ...
2026-10-08T17:52:14.4104376Z Selecting previously unselected package llvm.
2026-10-08T17:52:14.4232101Z Preparing to unpack .../22-llvm_1%3a18.0-59~exp2_amd64.deb ...
2026-10-08T17:52:14.4262534Z Unpacking llvm (1:18.0-59~exp2) ...
2026-10-08T17:52:14.4488482Z Selecting previously unselected package linux-libc-dev-arm64-cross.
2026-10-08T17:52:14.4617196Z Preparing to unpack .../23-linux-libc-dev-arm64-cross_6.8.0-25.25cross1_all.deb ...
2026-10-08T17:52:14.4627154Z Unpacking linux-libc-dev-arm64-cross (6.8.0-25.25cross1) ...
2026-10-08T17:52:14.5981722Z Selecting previously unselected package libc6-dev-arm64-cross.
2026-10-08T17:52:14.6114651Z Preparing to unpack .../24-libc6-dev-arm64-cross_2.39-0ubuntu8cross1_all.deb ...
2026-10-08T17:52:14.6124779Z Unpacking libc6-dev-arm64-cross (2.39-0ubuntu8cross1) ...
2026-10-08T17:52:14.7895032Z Setting up binutils-aarch64-linux-gnu (2.42-4ubuntu2.10) ...
2026-10-08T17:52:14.7924007Z Setting up gcc-14-cross-base (14.2.0-4ubuntu2~24.04.1cross1) ...
2026-10-08T17:52:14.7944611Z Setting up clang (1:18.0-59~exp2) ...
2026-10-08T17:52:14.8135774Z Setting up gcc-13-cross-base (13.3.0-6ubuntu2~24.04.1cross1) ...
2026-10-08T17:52:14.8156574Z Setting up llvm-runtime:amd64 (1:18.0-59~exp2) ...
2026-10-08T17:52:14.8176731Z Setting up libc6-arm64-cross (2.39-0ubuntu8cross1) ...
2026-10-08T17:52:14.8196267Z Setting up llvm (1:18.0-59~exp2) ...
2026-10-08T17:52:14.8216403Z Setting up libitm1-arm64-cross (14.2.0-4ubuntu2~24.04.1cross1) ...
2026-10-08T17:52:14.8237789Z Setting up linux-libc-dev-arm64-cross (6.8.0-25.25cross1) ...
2026-10-08T17:52:14.8257147Z Setting up gcc-13-aarch64-linux-gnu-base:amd64 (13.3.0-6ubuntu2~24.04.1cross1) ...
2026-10-08T17:52:14.8277151Z Setting up libgcc-s1-arm64-cross (14.2.0-4ubuntu2~24.04.1cross1) ...
2026-10-08T17:52:14.8298484Z Setting up libatomic1-arm64-cross (14.2.0-4ubuntu2~24.04.1cross1) ...
2026-10-08T17:52:14.8318318Z Setting up liblsan0-arm64-cross (14.2.0-4ubuntu2~24.04.1cross1) ...
2026-10-08T17:52:14.8339517Z Setting up libgomp1-arm64-cross (14.2.0-4ubuntu2~24.04.1cross1) ...
2026-10-08T17:52:14.8360538Z Setting up cpp-13-aarch64-linux-gnu (13.3.0-6ubuntu2~24.04.1cross1) ...
2026-10-08T17:52:14.8380162Z Setting up libhwasan0-arm64-cross (14.2.0-4ubuntu2~24.04.1cross1) ...
2026-10-08T17:52:14.8401128Z Setting up libc6-dev-arm64-cross (2.39-0ubuntu8cross1) ...
2026-10-08T17:52:14.8421543Z Setting up libstdc++6-arm64-cross (14.2.0-4ubuntu2~24.04.1cross1) ...
2026-10-08T17:52:14.8441102Z Setting up cpp-aarch64-linux-gnu (4:13.2.0-7ubuntu1) ...
2026-10-08T17:52:14.8462798Z Setting up libasan8-arm64-cross (14.2.0-4ubuntu2~24.04.1cross1) ...
2026-10-08T17:52:14.8483841Z Setting up libtsan2-arm64-cross (14.2.0-4ubuntu2~24.04.1cross1) ...
2026-10-08T17:52:14.8507932Z Setting up libubsan1-arm64-cross (14.2.0-4ubuntu2~24.04.1cross1) ...
2026-10-08T17:52:14.8527560Z Setting up libgcc-13-dev-arm64-cross (13.3.0-6ubuntu2~24.04.1cross1) ...
2026-10-08T17:52:14.8549215Z Setting up gcc-13-aarch64-linux-gnu (13.3.0-6ubuntu2~24.04.1cross1) ...
2026-10-08T17:52:14.8572745Z Setting up gcc-aarch64-linux-gnu (4:13.2.0-7ubuntu1) ...
2026-10-08T17:52:14.8598763Z Processing triggers for man-db (2.12.0-4build2) ...
2026-10-08T17:52:14.8623532Z Not building database; man-db/auto-update is not 'true'.
2026-10-08T17:52:14.8638110Z Processing triggers for libc-bin (2.39-0ubuntu8.9) ...
2026-10-08T17:52:15.5495294Z 
2026-10-08T17:52:15.5496483Z Running kernel seems to be up-to-date.
2026-10-08T17:52:15.5497164Z 
2026-10-08T17:52:15.5497340Z No services need to be restarted.
2026-10-08T17:52:15.5497728Z 
2026-10-08T17:52:15.5497957Z No containers need to be restarted.
2026-10-08T17:52:15.5498224Z 
2026-10-08T17:52:15.5498548Z No user sessions are running outdated binaries.
2026-10-08T17:52:15.5498941Z 
2026-10-08T17:52:15.5499301Z No VM guests are running outdated hypervisor (qemu) binaries on this host.
2026-10-08T17:52:16.5715061Z ##[group]Run mkdir -p target/asm-diagnostics
2026-10-08T17:52:16.5715775Z [36;1mmkdir -p target/asm-diagnostics[0m
2026-10-08T17:52:16.5716546Z [36;1mrustc -vV > target/asm-diagnostics/compiler.txt[0m
2026-10-08T17:52:16.5717332Z [36;1mgit rev-parse HEAD 'HEAD^{tree}' > target/asm-diagnostics/checkout.txt[0m
2026-10-08T17:52:16.5718275Z [36;1mgit status --porcelain=v1 > target/asm-diagnostics/source-status.txt[0m
2026-10-08T17:52:16.5719176Z [36;1mtest ! -s target/asm-diagnostics/source-status.txt[0m
2026-10-08T17:52:16.5719952Z [36;1msha256sum Makefile Cargo.toml Cargo.lock rust-toolchain.toml \[0m
2026-10-08T17:52:16.5720872Z [36;1m  scripts/check-simd-asm.py scripts/simd_asm_runtime.py \[0m
2026-10-08T17:52:16.5721677Z [36;1m  scripts/simd-asm-manifest.toml docs/design/purrdf-simd.md \[0m
2026-10-08T17:52:16.5722475Z [36;1m  > target/asm-diagnostics/inputs.sha256[0m
2026-10-08T17:52:16.5784404Z shell: /usr/bin/bash -e {0}
2026-10-08T17:52:16.5784795Z env:
2026-10-08T17:52:16.5785253Z   CARGO_HOME: /home/runner/.cargo
2026-10-08T17:52:16.5785653Z   CARGO_INCREMENTAL: 0
2026-10-08T17:52:16.5786037Z   CARGO_TERM_COLOR: always
2026-10-08T17:52:16.5786385Z ##[endgroup]
2026-10-08T17:52:16.7818917Z ##[group]Run # Bound scalar WASM compilation through the existing Cargo job budget.
2026-10-08T17:52:16.7820014Z [36;1m# Bound scalar WASM compilation through the existing Cargo job budget.[0m
2026-10-08T17:52:16.7820815Z [36;1m# Other configurations keep their current scheduling.[0m
2026-10-08T17:52:16.7821436Z [36;1mif [ "aarch64-neoverse-v1" = wasm32 ]; then[0m
2026-10-08T17:52:16.7822065Z [36;1m  export CARGO_BUILD_JOBS=2[0m
2026-10-08T17:52:16.7822642Z [36;1mfi[0m
2026-10-08T17:52:16.7824562Z [36;1mmake simd-asm SIMD_ASM_ARGS="--config aarch64-neoverse-v1 --jobs 1 --report target/asm-reports/aarch64-neoverse-v1.json"[0m
2026-10-08T17:52:16.7885053Z shell: /usr/bin/bash -e {0}
2026-10-08T17:52:16.7885478Z env:
2026-10-08T17:52:16.7885895Z   CARGO_HOME: /home/runner/.cargo
2026-10-08T17:52:16.7886313Z   CARGO_INCREMENTAL: 0
2026-10-08T17:52:16.7886657Z   CARGO_TERM_COLOR: always
2026-10-08T17:52:16.7886997Z ##[endgroup]
2026-10-08T17:52:16.8531954Z python3 scripts/check-simd-asm.py --doc --config aarch64-neoverse-v1 --jobs 1 --report target/asm-reports/aarch64-neoverse-v1.json
2026-10-08T17:52:19.1346417Z == aarch64-neoverse-v1: 4 Cargo jobs
2026-10-08T17:52:19.1349657Z == aarch64-neoverse-v1 graph 0: /home/runner/work/purrdf/purrdf/target/simd-asm/contexts/8b8447569c3fa30fa74d0435ae6d7e648e9d02e5235fcc25b380b670b3946c35/cargo.graph-0.stderr.log
2026-10-08T17:58:54.2843140Z == aarch64-neoverse-v1 graph 1: /home/runner/work/purrdf/purrdf/target/simd-asm/contexts/8b8447569c3fa30fa74d0435ae6d7e648e9d02e5235fcc25b380b670b3946c35/cargo.graph-1.stderr.log
2026-10-08T17:59:37.9450814Z == aarch64-neoverse-v1: {"analysis_seconds": 9.052919032000034, "build_seconds": 429.55654812, "fresh_artifacts": 105, "lock_seconds": 0.00013094400000568385, "parsed_units": 10, "reused_units": 126, "rustc_invocations": 31, "seconds": 438.81077195399996}
2026-10-08T17:59:38.0636578Z 
2026-10-08T17:59:38.0637046Z site                            aarch64-neoverse-v1
2026-10-08T17:59:38.0638316Z lex.find-byte2-sparql-string    neon v29·f0·r0·req✓ / call site (in run) v0·f0·r0
2026-10-08T17:59:38.0639392Z lex.find-byte2-line-split       neon v29·f0·r0·req✓ / call site (parallel) v0·f0·r0 / call site (lines) v0·f0·r0
2026-10-08T17:59:38.0640337Z core.xsd-regex-scan             pair neon v167·f0·r0·req✓ / range neon v349·f0·r0·req✓
2026-10-08T17:59:38.0640846Z sha2.sha256-compress            portable v78·f0·r0
2026-10-08T17:59:38.0641287Z blake3.hash-many-dispatch       neon chunks v2009·f0·r0·req✓
2026-10-08T17:59:38.0641728Z blake3.single-block             neon v286·f0·r0·req✓
2026-10-08T17:59:38.0642233Z sparql.lexer-trivia             scan neon v8·f0·r0·req✓ / call site (in run) v0·f0·r0
2026-10-08T17:59:38.0643031Z sparql.lexer-iri                scan sve v11·f0·r0·req✓ / call site (in run) v0·f0·r0
2026-10-08T17:59:38.0643644Z sparql.lexer-cursor             peek v5·f0·r0 / cur (in run) v0·f0·r0
2026-10-08T17:59:38.0644073Z sparql.scope-admission          v0·f0·r0
2026-10-08T17:59:38.0649802Z rdf.escape-scan                 iri scan sve v13·f0·r0·req✓ / iri (in iri_escape::escape) v0·f0·r0 / literal scan sve v8·f0·r0·req✓ / literal v0·f0·r0
2026-10-08T17:59:38.0650468Z rdf.sort-canonical              v0·f0·r0
2026-10-08T17:59:38.0650959Z iri.delimiter-scan              scheme neon v8·f0·r0·req✓ / authority neon v5·f0·r0·req✓
2026-10-08T17:59:38.0651446Z lex.scan-trivia                 neon v8·f0·r0·req✓
2026-10-08T17:59:38.0651827Z lex.scan-iri-body               sve v11·f0·r0·req✓
2026-10-08T17:59:38.0652201Z lex.scan-json-string            neon v6·f0·r0·req✓
2026-10-08T17:59:38.0652587Z lex.json-escape-controls        neon v10·f0·r0·req✓
2026-10-08T17:59:38.0653256Z lex.json-escape-ascii           neon v8·f0·r0·req✓
2026-10-08T17:59:38.0653674Z lex.scan-xml                    sve v8·f0·r0·req✓
2026-10-08T17:59:38.0654055Z iri.validate-component          sve v37·f0·r0·req✓
2026-10-08T17:59:38.0654433Z lex.terminals-in-ranges         table v0·f0·r0
2026-10-08T17:59:38.0655370Z xsd.whitespace                  replace neon v12·f0·r0·req✓ / collapse neon v9·f0·r0·req✓
2026-10-08T17:59:38.0655831Z xsd.canonical-double            v0·f0·r0
2026-10-08T17:59:38.0656241Z xsd.exact-arith                 mul_fast v0·f0·r0 / div_rem v0·f0·r0
2026-10-08T17:59:38.0656744Z json.parser-string              scan neon v6·f0·r0·req✓ / call site v0·f0·r0
2026-10-08T17:59:38.0657259Z json.parser-whitespace          occurrences v0·f0·r0 / tree v2·f0·r0
2026-10-08T17:59:38.0657662Z core.intern                     v18·f0·r0
2026-10-08T17:59:38.0658221Z hash.hex-decode                 canonical neon v48·f0·r0·req✓ / either-case neon v52·f0·r0·req✓
2026-10-08T17:59:38.0658722Z hash.hex-lower                  sve v46·f0·r0·req✓
2026-10-08T17:59:38.0659256Z core.pack-select-in-word        broadword v1·f0·r0·req✓
2026-10-08T17:59:38.0659669Z core.pack-rank1                 sve cnt v1·f0·r0·req✓
2026-10-08T17:59:38.0660031Z core.pack-intvector-get         v0·f0·r0
2026-10-08T17:59:38.0660483Z core.dataset-scan-filter        neon v58·f0·r0·req✓ / cursor v76·f0·r0
2026-10-08T17:59:38.0660993Z core.pack-triples-intersect     intersect v0·f0·r0 / delta v0·f0·r0
2026-10-08T17:59:38.0661693Z core.canon-escape               iri scan sve v13·f0·r0·req✓ / iri v0·f0·r0 / literal scan neon v8·f0·r0·req✓ / literal v0·f0·r0
2026-10-08T17:59:38.0662372Z core.purremb-f32-decode         fold neon v12·f0·r0·req✓ / iterator v0·f0·r0
2026-10-08T17:59:38.0662811Z core.purremb-norm               v0·f0·r0
2026-10-08T17:59:38.0663316Z core.paged-map-quad             v0·f0·r0
2026-10-08T17:59:38.0663760Z core.loss-json-escape           scan neon v6·f0·r0·req✓ / call site v0·f0·r0
2026-10-08T17:59:38.0664189Z eval.regex-row-alloc            v0·f0·r0
2026-10-08T17:59:38.0664649Z eval.solution-compatible        compatible v0·f0·r0 / bind_row v0·f0·r0
2026-10-08T17:59:38.0665080Z eval.bgp-cost-planner           v5·f0·r0
2026-10-08T17:59:38.0665463Z eval.bgp-join-probe             v73·f0·r0
2026-10-08T17:59:38.0666106Z eval.aggregate-fold             step v0·f0·r0 / combine v0·f0·r0 / numeric_add v0·f0·r0 / add_i128 v0·f0·r0 / add_assign v0·f0·r0
2026-10-08T17:59:38.0666719Z datalog.relation-contains       sve v15·f0·r0·req✓
2026-10-08T17:59:38.0667170Z datalog.gallop-leapfrog         gallop v0·f0·r0 / leapfrog v0·f0·r0
2026-10-08T17:59:38.0667573Z datalog.chase                   v0·f0·r0
2026-10-08T17:59:38.0668268Z entail.escape                   iri scan sve v13·f0·r0·req✓ / iri v0·f0·r0 / literal scan neon v8·f0·r0·req✓ / literal (in write_leaf_surface) v0·f0·r0
2026-10-08T17:59:38.0668969Z entail.classify                 decide v0·f0·r0 / saturate v0·f0·r0
2026-10-08T17:59:38.0669443Z shapes.frontier-dedup           sve v88·f0·r0·req✓
2026-10-08T17:59:38.0669815Z shapes.path-eval                v0·f0·r0
2026-10-08T17:59:38.0670147Z shapes.finish-report            v0·f0·r0
2026-10-08T17:59:38.0670522Z shex.char-count                 std count v76·f0·r0·req✓
2026-10-08T17:59:38.0670885Z shex.matcher                    v0·f0·r0
2026-10-08T17:59:38.0671381Z results.xml-escape              scan sve v8·f0·r0·req✓ / push_into v0·f0·r0 / writer v0·f0·r0
2026-10-08T17:59:38.0671915Z core.csv-field                  scan neon on sve v19·f0·r0·req✓
2026-10-08T17:59:38.0672401Z results.json-escape             scan neon v6·f0·r0·req✓ / call site v0·f0·r0
2026-10-08T17:59:38.0673166Z markdown.lines                  scan neon v2·f0·r0·req✓ / call site (in analyze) v0·f0·r0
2026-10-08T17:59:38.0674011Z distance.exact.dot              batch f64×f64 v167·f0·r0·req✓ / indexed f64×f32 v215·f0·r0·req✓ / indexed f32×f32 v270·f0·r0·req✓
2026-10-08T17:59:38.0675030Z distance.exact.sqeuclid         bounded f64×f64 v167·f0·r0·req✓ / bounded f32×f32 v206·f0·r0·req✓ / pair f64×f64 v167·f0·r0·req✓ / pair f32×f32 v206·f0·r0·req✓
2026-10-08T17:59:38.0676426Z distance.reassociated.dot       neon f64×f64 (neoverse-v1) v9·f11·r0·req✓ / neon f64×f32 (neoverse-v1) v10·f11·r0·req✓ / neon f32×f64 (neoverse-v1) v10·f11·r0·req✓ / neon f32×f32 (neoverse-v1) v11·f11·r0·req✓
2026-10-08T17:59:38.0678221Z distance.reassociated.sqeuclid  neon f64×f64 (neoverse-v1) v18·f11·r0·req✓ / neon f64×f32 (neoverse-v1) v19·f11·r0·req✓ / neon f32×f64 (neoverse-v1) v19·f11·r0·req✓ / neon f32×f32 (neoverse-v1) v20·f11·r0·req✓
2026-10-08T17:59:38.0679171Z knn.norm                        v0·f0·r0
2026-10-08T17:59:38.0679816Z hnsw.search-build               search v0·f0·r0 / build v49·f0·r0 / search reassociated v0·f0·r0 / build reassociated v49·f0·r0
2026-10-08T17:59:38.0680414Z hnsw.distance-cache             v0·f0·r0
2026-10-08T17:59:38.0680751Z text.bm25f                      v0·f0·r0
2026-10-08T17:59:38.0681067Z retrieval.rrf                   v0·f0·r0
2026-10-08T17:59:38.0681475Z retrieval.fusion-frontier       take v0·f0·r0 / insert v0·f0·r0
2026-10-08T17:59:38.0682027Z facade.multimodal-read          text lookup v0·f0·r0
2026-10-08T17:59:38.0682515Z columnar.plain-codec            encode v0·f0·r0·req✓ / decode v0·f0·r0·req✓
2026-10-08T17:59:38.0683119Z columnar.rle                    v0·f0·r0
2026-10-08T17:59:38.0683605Z geo.exact-limbs                 gcd v0·f0·r0
2026-10-08T17:59:38.0684012Z geo.relate                      relate v0·f0·r0 / intersect v0·f0·r0
2026-10-08T17:59:38.0684681Z geo.json-write-string           scan neon v6·f0·r0·req✓ / call site (values) v0·f0·r0 / call site (names) v0·f0·r0
2026-10-08T17:59:38.0685244Z gts.cbor-writer                 v0·f0·r0
2026-10-08T17:59:38.0685686Z gts.mmr-json-escape             scan neon v10·f0·r0·req✓ / call site v0·f0·r0
2026-10-08T17:59:38.0686242Z gts.replication-json-string     scan neon v10·f0·r0·req✓ / call site v0·f0·r0
2026-10-08T17:59:38.0686697Z wasm.term-marshal               v0·f0·r0
2026-10-08T17:59:38.0687096Z slice.ownership                 analyze v59·f0·r0 / iri refs v0·f0·r0
2026-10-08T17:59:38.0687628Z slice.prefix-json-string        scan neon v6·f0·r0·req✓ / call site v0·f0·r0
2026-10-08T17:59:38.0688179Z slice.dsl-stats-json-string     scan neon v8·f0·r0·req✓ / call site v0·f0·r0
2026-10-08T17:59:38.0688630Z cli.pack-input                  v0·f0·r0
2026-10-08T17:59:38.0688970Z rdf.viz-layout                  v24·f0·r0
2026-10-08T17:59:38.0689301Z rdf.projections                 v3·f0·r0
2026-10-08T17:59:38.0689775Z lex.percent-encode              reserved sve v12·f0·r0·req✓ / simple sve v15·f0·r0·req✓
2026-10-08T17:59:38.0690270Z rdf.csvw-uri-template           call site v2·f0·r0
2026-10-08T17:59:38.0690627Z core.sssom-tsv                  v2·f0·r0
2026-10-08T17:59:38.0690952Z shapes.pydantic-emit            v5·f0·r0
2026-10-08T17:59:38.0691287Z shapes.schema-compile           v0·f0·r0
2026-10-08T17:59:38.0691651Z deflate.match-copy              copy neon v0·f0·r0
2026-10-08T17:59:38.0692129Z deflate.match-length            compare neon v2·f0·r0·req✓ / steps v0·f0·r0·req✓
2026-10-08T17:59:38.0692628Z deflate.hash-windows            hash neon v3·f0·r0·req✓
2026-10-08T17:59:38.0693145Z hash.sha1-block                 armv8-sha1 v97·f0·r0·req✓
2026-10-08T17:59:38.0693666Z hash.crc32-update               crc scalar v0·f0·r0 / pmull fold v33·f0·r0·req✓
2026-10-08T17:59:38.0694163Z hash.hex-encode                 neon (inlined) v21·f0·r0·req✓
2026-10-08T17:59:38.0694615Z hash.digest-portable            md5 v0·f0·r0 / sha3 v0·f0·r0
2026-10-08T17:59:38.0695030Z hash.fixed-compress             aes v51·f0·r0·req✓
2026-10-08T17:59:38.0695469Z hash.fixed-terminal             aes frozen lookup v13·f0·r0·req✓
2026-10-08T17:59:38.0695983Z jsonschema.compile-validate     from_document v0·f0·r0 / is_valid v0·f0·r0
2026-10-08T17:59:38.0696472Z text.unicode-ascii-lower        aarch64 v20·f0·r0·req✓
2026-10-08T17:59:38.0696943Z xsd.rfc3339-lexical             parse v9·f0·r0 / format sve v14·f0·r0·req✓
2026-10-08T17:59:38.0697542Z shapes.instance-projection      graph v10·f0·r0 / subject v0·f0·r0 / list index v80·f0·r0
2026-10-08T17:59:38.0698043Z ed25519.sign                    v4·f0·r0
2026-10-08T17:59:38.0698365Z ed25519.verify                  v25·f0·r0
2026-10-08T17:59:38.0698827Z text.dictionary-storage         build v4·f0·r0 / load v0·f0·r0 / lookup v0·f0·r0
2026-10-08T17:59:38.0699477Z text.dictionary-lattice         lattice entry v0·f0·r0 / prepare v0·f0·r0
2026-10-08T17:59:38.0700019Z text.emoji-recognition          recognize v5·f0·r0 / finite lookup v0·f0·r0
2026-10-08T17:59:38.0700580Z text.phonetic-spelling          canonicalize v0·f0·r0 / encode canonical v0·f0·r0
2026-10-08T17:59:38.6513881Z 
2026-10-08T17:59:38.6514253Z FAIL: 1 problem(s):
2026-10-08T17:59:38.6515319Z   - row `eval.bgp-join-probe` `aarch64-neoverse-v1` reads 'v106·f0·r0', measured 'v73·f0·r0' (run `python3 scripts/check-simd-asm.py --write-doc`)
2026-10-08T17:59:38.6744198Z text.phonetic-distance          prepare band v0·f0·r0 / band v2·f0·r0 / prepare Myers v0·f0·r0 / Myers v0·f0·r0
2026-10-08T17:59:38.6746172Z text.surface-build              assemble v0·f0·r0
2026-10-08T17:59:38.6747020Z text.surface-substring          retrieve v0·f0·r0
2026-10-08T17:59:38.6909550Z make: *** [Makefile:683: simd-asm] Error 1
2026-10-08T17:59:38.6924660Z ##[error]Process completed with exit code 2.
2026-10-08T17:59:38.7000966Z ##[group]Run actions/upload-artifact@043fb46d1a93c77aae656e7c1c64a875d1fc6a0a
2026-10-08T17:59:38.7001386Z with:
2026-10-08T17:59:38.7001651Z   name: asm-diagnostics-aarch64-neoverse-v1
2026-10-08T17:59:38.7002699Z   path: target/asm-diagnostics/
target/asm-reports/aarch64-neoverse-v1.json
target/simd-asm/contexts/**/purrdf_core*.s
target/simd-asm/contexts/**/cargo.graph-*.stdout.jsonl
target/simd-asm/contexts/**/cargo.graph-*.stderr.log
target/simd-asm/contexts/**/evidence/*.json

2026-10-08T17:59:38.7003946Z   if-no-files-found: error
2026-10-08T17:59:38.7004211Z   compression-level: 6
2026-10-08T17:59:38.7004451Z   overwrite: false
2026-10-08T17:59:38.7004688Z   include-hidden-files: false
2026-10-08T17:59:38.7004963Z   archive: true
2026-10-08T17:59:38.7005170Z env:
2026-10-08T17:59:38.7005392Z   CARGO_HOME: /home/runner/.cargo
2026-10-08T17:59:38.7005664Z   CARGO_INCREMENTAL: 0
2026-10-08T17:59:38.7005895Z   CARGO_TERM_COLOR: always
2026-10-08T17:59:38.7006130Z ##[endgroup]
2026-10-08T17:59:39.0469826Z Multiple search paths detected. Calculating the least common ancestor of all paths
2026-10-08T17:59:39.0472385Z The least common ancestor is /home/runner/work/purrdf/purrdf/target. This will be the root directory of the artifact
2026-10-08T17:59:39.0473436Z With the provided path, there will be 82 files uploaded
2026-10-08T17:59:39.0478510Z Artifact name is valid!
2026-10-08T17:59:39.0479077Z Root directory input is valid!
2026-10-08T17:59:39.3196689Z Uploading artifact: asm-diagnostics-aarch64-neoverse-v1.zip
2026-10-08T17:59:39.3238837Z Beginning upload of artifact content to blob storage
2026-10-08T17:59:40.3415026Z Uploaded bytes 3208019
2026-10-08T17:59:40.3835902Z Finished uploading artifact content to blob storage!
2026-10-08T17:59:40.3837079Z SHA256 digest of uploaded artifact is 4ae4f1634898fce84166bdd310a68a61483cfadb614f98facf494ab79f3674c2
2026-10-08T17:59:40.3837892Z Finalizing artifact upload
2026-10-08T17:59:40.6914271Z Artifact asm-diagnostics-aarch64-neoverse-v1 successfully finalized. Artifact ID 11569336727
2026-10-08T17:59:40.6915430Z Artifact asm-diagnostics-aarch64-neoverse-v1 has been successfully uploaded! Final size is 3208019 bytes. Artifact ID is 11569336727
2026-10-08T17:59:40.6918887Z Artifact download URL: https://github.com/Blackcat-Informatics/purrdf/actions/runs/37819711271/artifacts/11569336727
2026-10-08T17:59:40.7098862Z Post job cleanup.
2026-10-08T17:59:40.7914951Z [command]/usr/bin/git version
2026-10-08T17:59:40.7953971Z git version 2.55.0
2026-10-08T17:59:40.7994352Z Temporarily overriding HOME='/home/runner/work/_temp/713ea722-dad9-441a-acdc-155ed28bde6f' before making global git config changes
2026-10-08T17:59:40.7995183Z Adding repository directory to the temporary git global config as a safe directory
2026-10-08T17:59:40.7999516Z [command]/usr/bin/git config --global --add safe.directory /home/runner/work/purrdf/purrdf
2026-10-08T17:59:40.8030473Z Removing SSH command configuration
2026-10-08T17:59:40.8036972Z [command]/usr/bin/git config --local --name-only --get-regexp core\.sshCommand
2026-10-08T17:59:40.8074339Z [command]/usr/bin/git submodule foreach --recursive sh -c "git config --local --name-only --get-regexp 'core\.sshCommand' && git config --local --unset-all 'core.sshCommand' || :"
2026-10-08T17:59:40.8287085Z Removing HTTP extra header
2026-10-08T17:59:40.8291951Z [command]/usr/bin/git config --local --name-only --get-regexp http\.https\:\/\/github\.com\/\.extraheader
2026-10-08T17:59:40.8322190Z [command]/usr/bin/git submodule foreach --recursive sh -c "git config --local --name-only --get-regexp 'http\.https\:\/\/github\.com\/\.extraheader' && git config --local --unset-all 'http.https://github.com/.extraheader' || :"
2026-10-08T17:59:40.8530391Z Removing includeIf entries pointing to credentials config files
2026-10-08T17:59:40.8537440Z [command]/usr/bin/git config --local --name-only --get-regexp ^includeIf\.gitdir:
2026-10-08T17:59:40.8567849Z [command]/usr/bin/git submodule foreach --recursive git config --local --show-origin --name-only --get-regexp remote.origin.url
2026-10-08T17:59:40.8904807Z Cleaning up orphan processes
2026-10-08T17:59:40.9150253Z ##[warning]Node.js 20 is deprecated. The following actions target Node.js 20 but are being forced to run on Node.js 24: actions/cache@0057852bfaa89a56745cba8c7296529d2fc39830. For more information see: https://github.blog/changelog/2025-09-19-deprecation-of-node-20-on-github-actions-runners/
