2026-10-03T10:59:32.0802770Z Current runner version: '2.337.0'
2026-10-03T10:59:32.0817227Z ##[group]Runner Image Provisioner
2026-10-03T10:59:32.0817761Z Hosted Compute Agent
2026-10-03T10:59:32.0818095Z Version: 20260901.588
2026-10-03T10:59:32.0818509Z Commit: f88ec8081b781fac6c440065ac7ff9e710ce3d0b
2026-10-03T10:59:32.0818952Z Build Date: 2026-09-01T19:56:44Z
2026-10-03T10:59:32.0819368Z Worker ID: {db2ba51b-5fa3-4da7-a825-b2ed9da36837}
2026-10-03T10:59:32.0819785Z Azure Region: centralus
2026-10-03T10:59:32.0820121Z ##[endgroup]
2026-10-03T10:59:32.0820831Z ##[group]Operating System
2026-10-03T10:59:32.0821209Z Ubuntu
2026-10-03T10:59:32.0821566Z 24.04.5
2026-10-03T10:59:32.0821877Z LTS
2026-10-03T10:59:32.0822179Z ##[endgroup]
2026-10-03T10:59:32.0822540Z ##[group]Runner Image
2026-10-03T10:59:32.0822906Z Image: ubuntu-24.04
2026-10-03T10:59:32.0823223Z Version: 20260927.320.1
2026-10-03T10:59:32.0823960Z Included Software: https://github.com/actions/runner-images/blob/ubuntu24/20260927.320/images/ubuntu/Ubuntu2404-Readme.md
2026-10-03T10:59:32.0824842Z Image Release: https://github.com/actions/runner-images/releases/tag/ubuntu24%2F20260927.320
2026-10-03T10:59:32.0825371Z ##[endgroup]
2026-10-03T10:59:32.0826375Z ##[group]GITHUB_TOKEN Permissions
2026-10-03T10:59:32.0827580Z Contents: read
2026-10-03T10:59:32.0827899Z Metadata: read
2026-10-03T10:59:32.0828313Z ##[endgroup]
2026-10-03T10:59:32.0829498Z Secret source: Actions
2026-10-03T10:59:32.0830083Z Cache mode: write
2026-10-03T10:59:32.0830469Z Prepare workflow directory
2026-10-03T10:59:32.1043607Z Prepare all required actions
2026-10-03T10:59:32.1073376Z Getting action download info
2026-10-03T10:59:32.3280501Z Download action repository 'actions/checkout@9c091bb21b7c1c1d1991bb908d89e4e9dddfe3e0' (SHA:9c091bb21b7c1c1d1991bb908d89e4e9dddfe3e0)
2026-10-03T10:59:32.4066601Z Download action repository 'dtolnay/rust-toolchain@29eef336d9b2848a0b548edc03f92a220660cdb8' (SHA:29eef336d9b2848a0b548edc03f92a220660cdb8)
2026-10-03T10:59:32.5876710Z Download action repository 'actions/cache@0057852bfaa89a56745cba8c7296529d2fc39830' (SHA:0057852bfaa89a56745cba8c7296529d2fc39830)
2026-10-03T10:59:32.7229485Z Download action repository 'actions/upload-artifact@043fb46d1a93c77aae656e7c1c64a875d1fc6a0a' (SHA:043fb46d1a93c77aae656e7c1c64a875d1fc6a0a)
2026-10-03T10:59:32.8800560Z Complete job name: simd-asm-config (wasm32-simd128)
2026-10-03T10:59:32.9261991Z ##[group]Run actions/checkout@9c091bb21b7c1c1d1991bb908d89e4e9dddfe3e0
2026-10-03T10:59:32.9262507Z with:
2026-10-03T10:59:32.9262773Z   persist-credentials: false
2026-10-03T10:59:32.9263087Z   repository: Blackcat-Informatics/purrdf
2026-10-03T10:59:32.9265104Z   token: ***
2026-10-03T10:59:32.9265356Z   ssh-strict: true
2026-10-03T10:59:32.9265615Z   ssh-user: git
2026-10-03T10:59:32.9266044Z   clean: true
2026-10-03T10:59:32.9266313Z   sparse-checkout-cone-mode: true
2026-10-03T10:59:32.9266616Z   fetch-depth: 1
2026-10-03T10:59:32.9266875Z   fetch-tags: false
2026-10-03T10:59:32.9267140Z   show-progress: true
2026-10-03T10:59:32.9267409Z   lfs: false
2026-10-03T10:59:32.9267677Z   submodules: false
2026-10-03T10:59:32.9267943Z   set-safe-directory: true
2026-10-03T10:59:32.9268239Z   allow-unsafe-pr-checkout: false
2026-10-03T10:59:32.9268615Z ##[endgroup]
2026-10-03T10:59:32.9854640Z Syncing repository: Blackcat-Informatics/purrdf
2026-10-03T10:59:32.9855824Z ##[group]Getting Git version info
2026-10-03T10:59:32.9856233Z Working directory is '/home/runner/work/purrdf/purrdf'
2026-10-03T10:59:32.9856748Z [command]/usr/bin/git version
2026-10-03T10:59:32.9914654Z git version 2.55.0
2026-10-03T10:59:32.9925288Z ##[endgroup]
2026-10-03T10:59:32.9931444Z Temporarily overriding HOME='/home/runner/work/_temp/2fb2e9de-9616-4b0f-a593-672426bae27f' before making global git config changes
2026-10-03T10:59:32.9932198Z Adding repository directory to the temporary git global config as a safe directory
2026-10-03T10:59:32.9934382Z [command]/usr/bin/git config --global --add safe.directory /home/runner/work/purrdf/purrdf
2026-10-03T10:59:32.9969524Z Deleting the contents of '/home/runner/work/purrdf/purrdf'
2026-10-03T10:59:32.9971497Z ##[group]Determining repository object format
2026-10-03T10:59:32.9972303Z ##[endgroup]
2026-10-03T10:59:32.9972811Z ##[group]Initializing the repository
2026-10-03T10:59:32.9974510Z [command]/usr/bin/git init /home/runner/work/purrdf/purrdf
2026-10-03T10:59:33.0053005Z hint: Using 'master' as the name for the initial branch. This default branch name
2026-10-03T10:59:33.0053845Z hint: will change to "main" in Git 3.0. To configure the initial branch name
2026-10-03T10:59:33.0054359Z hint: to use in all of your new repositories, which will suppress this warning,
2026-10-03T10:59:33.0054964Z hint: call:
2026-10-03T10:59:33.0055211Z hint:
2026-10-03T10:59:33.0055486Z hint: 	git config --global init.defaultBranch <name>
2026-10-03T10:59:33.0055908Z hint:
2026-10-03T10:59:33.0056341Z hint: Names commonly chosen instead of 'master' are 'main', 'trunk' and
2026-10-03T10:59:33.0114128Z hint: 'development'. The just-created branch can be renamed via this command:
2026-10-03T10:59:33.0114897Z hint:
2026-10-03T10:59:33.0115299Z hint: 	git branch -m <name>
2026-10-03T10:59:33.0115831Z hint:
2026-10-03T10:59:33.0116348Z hint: Disable this message with "git config set advice.defaultBranchName false"
2026-10-03T10:59:33.0117259Z Initialized empty Git repository in /home/runner/work/purrdf/purrdf/.git/
2026-10-03T10:59:33.0118232Z [command]/usr/bin/git remote add origin https://github.com/Blackcat-Informatics/purrdf
2026-10-03T10:59:33.0119056Z ##[endgroup]
2026-10-03T10:59:33.0119443Z ##[group]Disabling automatic garbage collection
2026-10-03T10:59:33.0119778Z [command]/usr/bin/git config --local gc.auto 0
2026-10-03T10:59:33.0127761Z ##[endgroup]
2026-10-03T10:59:33.0128331Z ##[group]Setting up auth
2026-10-03T10:59:33.0128768Z Removing SSH command configuration
2026-10-03T10:59:33.0131720Z [command]/usr/bin/git config --local --name-only --get-regexp core\.sshCommand
2026-10-03T10:59:33.0153102Z [command]/usr/bin/git submodule foreach --recursive sh -c "git config --local --name-only --get-regexp 'core\.sshCommand' && git config --local --unset-all 'core.sshCommand' || :"
2026-10-03T10:59:33.0423224Z Removing HTTP extra header
2026-10-03T10:59:33.0426179Z [command]/usr/bin/git config --local --name-only --get-regexp http\.https\:\/\/github\.com\/\.extraheader
2026-10-03T10:59:33.0451479Z [command]/usr/bin/git submodule foreach --recursive sh -c "git config --local --name-only --get-regexp 'http\.https\:\/\/github\.com\/\.extraheader' && git config --local --unset-all 'http.https://github.com/.extraheader' || :"
2026-10-03T10:59:33.0603296Z Removing includeIf entries pointing to credentials config files
2026-10-03T10:59:33.0606362Z [command]/usr/bin/git config --local --name-only --get-regexp ^includeIf\.gitdir:
2026-10-03T10:59:33.0629212Z [command]/usr/bin/git submodule foreach --recursive git config --local --show-origin --name-only --get-regexp remote.origin.url
2026-10-03T10:59:33.0793537Z [command]/usr/bin/git config --file /home/runner/work/_temp/git-credentials-b46ec6ad-5921-460a-bfd4-b5c34eddd15d.config http.https://github.com/.extraheader AUTHORIZATION: basic ***
2026-10-03T10:59:33.0817877Z [command]/usr/bin/git config --local includeIf.gitdir:/home/runner/work/purrdf/purrdf/.git.path /home/runner/work/_temp/git-credentials-b46ec6ad-5921-460a-bfd4-b5c34eddd15d.config
2026-10-03T10:59:33.0840057Z [command]/usr/bin/git config --local includeIf.gitdir:/home/runner/work/purrdf/purrdf/.git/worktrees/*.path /home/runner/work/_temp/git-credentials-b46ec6ad-5921-460a-bfd4-b5c34eddd15d.config
2026-10-03T10:59:33.0864183Z [command]/usr/bin/git config --local includeIf.gitdir:/github/workspace/.git.path /github/runner_temp/git-credentials-b46ec6ad-5921-460a-bfd4-b5c34eddd15d.config
2026-10-03T10:59:33.0921410Z [command]/usr/bin/git config --local includeIf.gitdir:/github/workspace/.git/worktrees/*.path /github/runner_temp/git-credentials-b46ec6ad-5921-460a-bfd4-b5c34eddd15d.config
2026-10-03T10:59:33.0941547Z ##[endgroup]
2026-10-03T10:59:33.0945278Z ##[group]Fetching the repository
2026-10-03T10:59:33.0946335Z [command]/usr/bin/git -c protocol.version=2 fetch --no-tags --prune --no-recurse-submodules --depth=1 origin +08e3413c209f5014fe1313507993d35b89d8bd50:refs/remotes/pull/391/merge
2026-10-03T10:59:37.9358301Z From https://github.com/Blackcat-Informatics/purrdf
2026-10-03T10:59:37.9359340Z  * [new ref]         08e3413c209f5014fe1313507993d35b89d8bd50 -> pull/391/merge
2026-10-03T10:59:37.9386828Z ##[endgroup]
2026-10-03T10:59:37.9387537Z ##[group]Determining the checkout info
2026-10-03T10:59:37.9388259Z ##[endgroup]
2026-10-03T10:59:37.9388700Z [command]/usr/bin/git sparse-checkout disable
2026-10-03T10:59:37.9409113Z [command]/usr/bin/git config --local --unset-all extensions.worktreeConfig
2026-10-03T10:59:37.9432323Z ##[group]Checking out the ref
2026-10-03T10:59:37.9434425Z [command]/usr/bin/git checkout --progress --force refs/remotes/pull/391/merge
2026-10-03T10:59:38.7158831Z Note: switching to 'refs/remotes/pull/391/merge'.
2026-10-03T10:59:38.7159280Z 
2026-10-03T10:59:38.7159452Z You are in 'detached HEAD' state. You can look around, make experimental
2026-10-03T10:59:38.7159785Z changes and commit them, and you can discard any commits you make in this
2026-10-03T10:59:38.7160146Z state without impacting any branches by switching back to a branch.
2026-10-03T10:59:38.7160362Z 
2026-10-03T10:59:38.7160547Z If you want to create a new branch to retain commits you create, you may
2026-10-03T10:59:38.7160876Z do so (now or later) by using -c with the switch command. Example:
2026-10-03T10:59:38.7161045Z 
2026-10-03T10:59:38.7161146Z   git switch -c <new-branch-name>
2026-10-03T10:59:38.7161289Z 
2026-10-03T10:59:38.7161386Z Or undo this operation with:
2026-10-03T10:59:38.7161503Z 
2026-10-03T10:59:38.7161591Z   git switch -
2026-10-03T10:59:38.7161702Z 
2026-10-03T10:59:38.7161902Z Turn off this advice by setting config variable advice.detachedHead to false
2026-10-03T10:59:38.7162131Z 
2026-10-03T10:59:38.7162360Z HEAD is now at 08e3413 Merge 7f137d3e9c3b02961ab2ee368a7ea171c7a282a0 into 97769c0d95026d95211768f0c30ce0c70c7309b3
2026-10-03T10:59:38.7186172Z ##[endgroup]
2026-10-03T10:59:38.7219325Z [command]/usr/bin/git log -1 --format=%H
2026-10-03T10:59:38.7240408Z 08e3413c209f5014fe1313507993d35b89d8bd50
2026-10-03T10:59:38.7247312Z ##[group]Removing auth
2026-10-03T10:59:38.7247856Z Removing SSH command configuration
2026-10-03T10:59:38.7250373Z [command]/usr/bin/git config --local --name-only --get-regexp core\.sshCommand
2026-10-03T10:59:38.7276488Z [command]/usr/bin/git submodule foreach --recursive sh -c "git config --local --name-only --get-regexp 'core\.sshCommand' && git config --local --unset-all 'core.sshCommand' || :"
2026-10-03T10:59:38.7442173Z Removing HTTP extra header
2026-10-03T10:59:38.7444556Z [command]/usr/bin/git config --local --name-only --get-regexp http\.https\:\/\/github\.com\/\.extraheader
2026-10-03T10:59:38.7467972Z [command]/usr/bin/git submodule foreach --recursive sh -c "git config --local --name-only --get-regexp 'http\.https\:\/\/github\.com\/\.extraheader' && git config --local --unset-all 'http.https://github.com/.extraheader' || :"
2026-10-03T10:59:38.7632421Z Removing includeIf entries pointing to credentials config files
2026-10-03T10:59:38.7634099Z [command]/usr/bin/git config --local --name-only --get-regexp ^includeIf\.gitdir:
2026-10-03T10:59:38.7653773Z includeif.gitdir:/home/runner/work/purrdf/purrdf/.git.path
2026-10-03T10:59:38.7654244Z includeif.gitdir:/home/runner/work/purrdf/purrdf/.git/worktrees/*.path
2026-10-03T10:59:38.7654603Z includeif.gitdir:/github/workspace/.git.path
2026-10-03T10:59:38.7654832Z includeif.gitdir:/github/workspace/.git/worktrees/*.path
2026-10-03T10:59:38.7659360Z [command]/usr/bin/git config --local --get-all includeif.gitdir:/home/runner/work/purrdf/purrdf/.git.path
2026-10-03T10:59:38.7674928Z /home/runner/work/_temp/git-credentials-b46ec6ad-5921-460a-bfd4-b5c34eddd15d.config
2026-10-03T10:59:38.7681693Z [command]/usr/bin/git config --local --unset includeif.gitdir:/home/runner/work/purrdf/purrdf/.git.path /home/runner/work/_temp/git-credentials-b46ec6ad-5921-460a-bfd4-b5c34eddd15d.config
2026-10-03T10:59:38.7738520Z [command]/usr/bin/git config --local --get-all includeif.gitdir:/home/runner/work/purrdf/purrdf/.git/worktrees/*.path
2026-10-03T10:59:38.7754294Z /home/runner/work/_temp/git-credentials-b46ec6ad-5921-460a-bfd4-b5c34eddd15d.config
2026-10-03T10:59:38.7759599Z [command]/usr/bin/git config --local --unset includeif.gitdir:/home/runner/work/purrdf/purrdf/.git/worktrees/*.path /home/runner/work/_temp/git-credentials-b46ec6ad-5921-460a-bfd4-b5c34eddd15d.config
2026-10-03T10:59:38.7813232Z [command]/usr/bin/git config --local --get-all includeif.gitdir:/github/workspace/.git.path
2026-10-03T10:59:38.7828424Z /github/runner_temp/git-credentials-b46ec6ad-5921-460a-bfd4-b5c34eddd15d.config
2026-10-03T10:59:38.7833532Z [command]/usr/bin/git config --local --unset includeif.gitdir:/github/workspace/.git.path /github/runner_temp/git-credentials-b46ec6ad-5921-460a-bfd4-b5c34eddd15d.config
2026-10-03T10:59:38.7858582Z [command]/usr/bin/git config --local --get-all includeif.gitdir:/github/workspace/.git/worktrees/*.path
2026-10-03T10:59:38.7874788Z /github/runner_temp/git-credentials-b46ec6ad-5921-460a-bfd4-b5c34eddd15d.config
2026-10-03T10:59:38.7883262Z [command]/usr/bin/git config --local --unset includeif.gitdir:/github/workspace/.git/worktrees/*.path /github/runner_temp/git-credentials-b46ec6ad-5921-460a-bfd4-b5c34eddd15d.config
2026-10-03T10:59:38.7906530Z [command]/usr/bin/git submodule foreach --recursive git config --local --show-origin --name-only --get-regexp remote.origin.url
2026-10-03T10:59:38.8065420Z Removing credentials config '/home/runner/work/_temp/git-credentials-b46ec6ad-5921-460a-bfd4-b5c34eddd15d.config'
2026-10-03T10:59:38.8071587Z ##[endgroup]
2026-10-03T10:59:38.8276155Z ##[group]Run dtolnay/rust-toolchain@29eef336d9b2848a0b548edc03f92a220660cdb8
2026-10-03T10:59:38.8276420Z with:
2026-10-03T10:59:38.8276560Z   toolchain: nightly
2026-10-03T10:59:38.8276750Z   targets: wasm32-unknown-unknown, aarch64-unknown-linux-gnu
2026-10-03T10:59:38.8276972Z ##[endgroup]
2026-10-03T10:59:38.8332529Z ##[start-action display=Run : parse toolchain version;id=__dtolnay_rust-toolchain.parse]
2026-10-03T10:59:38.8360946Z ##[group]Run : parse toolchain version
2026-10-03T10:59:38.8361219Z [36;1m: parse toolchain version[0m
2026-10-03T10:59:38.8361406Z [36;1mif [[ -z $toolchain ]]; then[0m
2026-10-03T10:59:38.8361717Z [36;1m  # GitHub does not enforce `required: true` inputs itself. https://github.com/actions/runner/issues/1070[0m
2026-10-03T10:59:38.8362042Z [36;1m  echo "'toolchain' is a required input" >&2[0m
2026-10-03T10:59:38.8362229Z [36;1m  exit 1[0m
2026-10-03T10:59:38.8362479Z [36;1melif [[ $toolchain =~ ^stable' '[0-9]+' '(year|month|week|day)s?' 'ago$ ]]; then[0m
2026-10-03T10:59:38.8362728Z [36;1m  if [[ Linux == macOS ]]; then[0m
2026-10-03T10:59:38.8363038Z [36;1m    echo "toolchain=1.$((($(date -v-$(sed 's/stable \([0-9]*\) \(.\).*/\1\2/' <<< $toolchain) +%s)/60/60/24-16569)/7/6))" >> $GITHUB_OUTPUT[0m
2026-10-03T10:59:38.8363337Z [36;1m  else[0m
2026-10-03T10:59:38.8363575Z [36;1m    echo "toolchain=1.$((($(date --date "${toolchain#stable }" +%s)/60/60/24-16569)/7/6))" >> $GITHUB_OUTPUT[0m
2026-10-03T10:59:38.8363837Z [36;1m  fi[0m
2026-10-03T10:59:38.8364028Z [36;1melif [[ $toolchain =~ ^stable' 'minus' '[0-9]+' 'releases?$ ]]; then[0m
2026-10-03T10:59:38.8364333Z [36;1m  echo "toolchain=1.$((($(date +%s)/60/60/24-16569)/7/6-${toolchain//[^0-9]/}))" >> $GITHUB_OUTPUT[0m
2026-10-03T10:59:38.8364598Z [36;1melif [[ $toolchain =~ ^1\.[0-9]+$ ]]; then[0m
2026-10-03T10:59:38.8364896Z [36;1m  echo "toolchain=1.$((i=${toolchain#1.}, c=($(date +%s)/60/60/24-16569)/7/6, i+9*i*(10*i<=c)+90*i*(100*i<=c)))" >> $GITHUB_OUTPUT[0m
2026-10-03T10:59:38.8365178Z [36;1melse[0m
2026-10-03T10:59:38.8365339Z [36;1m  echo "toolchain=$toolchain" >> $GITHUB_OUTPUT[0m
2026-10-03T10:59:38.8365520Z [36;1mfi[0m
2026-10-03T10:59:38.8578880Z shell: /usr/bin/bash --noprofile --norc -e -o pipefail {0}
2026-10-03T10:59:38.8579244Z env:
2026-10-03T10:59:38.8579386Z   toolchain: nightly
2026-10-03T10:59:38.8579533Z ##[endgroup]
2026-10-03T10:59:38.8674418Z ##[end-action id=__dtolnay_rust-toolchain.parse;outcome=success;conclusion=success;duration_ms=34]
2026-10-03T10:59:38.8688385Z ##[start-action display=Run : construct rustup command line;id=__dtolnay_rust-toolchain.flags]
2026-10-03T10:59:38.8705307Z ##[group]Run : construct rustup command line
2026-10-03T10:59:38.8705522Z [36;1m: construct rustup command line[0m
2026-10-03T10:59:38.8705973Z [36;1mecho "targets=$(for t in ${targets//,/ }; do echo -n ' --target' $t; done)" >> $GITHUB_OUTPUT[0m
2026-10-03T10:59:38.8706339Z [36;1mecho "components=$(for c in ${components//,/ }; do echo -n ' --component' $c; done)" >> $GITHUB_OUTPUT[0m
2026-10-03T10:59:38.8706618Z [36;1mecho "downgrade=" >> $GITHUB_OUTPUT[0m
2026-10-03T10:59:38.8749201Z shell: /usr/bin/bash --noprofile --norc -e -o pipefail {0}
2026-10-03T10:59:38.8749412Z env:
2026-10-03T10:59:38.8749589Z   targets: wasm32-unknown-unknown, aarch64-unknown-linux-gnu
2026-10-03T10:59:38.8749795Z   components: 
2026-10-03T10:59:38.8749931Z ##[endgroup]
2026-10-03T10:59:38.8815259Z ##[end-action id=__dtolnay_rust-toolchain.flags;outcome=success;conclusion=success;duration_ms=12]
2026-10-03T10:59:38.8817754Z ##[start-action display=Run : set $CARGO_HOME;id=__dtolnay_rust-toolchain.__run]
2026-10-03T10:59:38.8833838Z ##[group]Run : set $CARGO_HOME
2026-10-03T10:59:38.8834026Z [36;1m: set $CARGO_HOME[0m
2026-10-03T10:59:38.8834235Z [36;1mecho CARGO_HOME=${CARGO_HOME:-"$HOME/.cargo"} >> $GITHUB_ENV[0m
2026-10-03T10:59:38.8876452Z shell: /usr/bin/bash --noprofile --norc -e -o pipefail {0}
2026-10-03T10:59:38.8876665Z ##[endgroup]
2026-10-03T10:59:38.8937018Z ##[end-action id=__dtolnay_rust-toolchain.__run;outcome=success;conclusion=success;duration_ms=11]
2026-10-03T10:59:38.8938477Z ##[start-action display=Run : install rustup if needed;id=__dtolnay_rust-toolchain.__run_2]
2026-10-03T10:59:38.8958246Z ##[group]Run : install rustup if needed
2026-10-03T10:59:38.8958452Z [36;1m: install rustup if needed[0m
2026-10-03T10:59:38.8958645Z [36;1mif ! command -v rustup &>/dev/null; then[0m
2026-10-03T10:59:38.8959081Z [36;1m  curl --proto '=https' --tlsv1.2 --retry 10 --retry-connrefused --location --silent --show-error --fail https://sh.rustup.rs | sh -s -- --default-toolchain none -y[0m
2026-10-03T10:59:38.8959492Z [36;1m  echo "$CARGO_HOME/bin" >> $GITHUB_PATH[0m
2026-10-03T10:59:38.8959670Z [36;1mfi[0m
2026-10-03T10:59:38.9001742Z shell: /usr/bin/bash --noprofile --norc -e -o pipefail {0}
2026-10-03T10:59:38.9001946Z env:
2026-10-03T10:59:38.9002094Z   CARGO_HOME: /home/runner/.cargo
2026-10-03T10:59:38.9002260Z ##[endgroup]
2026-10-03T10:59:38.9060870Z ##[end-action id=__dtolnay_rust-toolchain.__run_2;outcome=success;conclusion=success;duration_ms=12]
2026-10-03T10:59:38.9063421Z ##[start-action display=Run : install rustup if needed on windows;id=__dtolnay_rust-toolchain.__run_3]
2026-10-03T10:59:38.9067358Z ##[end-action id=__dtolnay_rust-toolchain.__run_3;outcome=skipped;conclusion=skipped;duration_ms=0]
2026-10-03T10:59:38.9086408Z ##[start-action display=rustup toolchain install nightly;id=__dtolnay_rust-toolchain.__run_4]
2026-10-03T10:59:38.9103908Z ##[group]Run rustup toolchain install nightly --target wasm32-unknown-unknown --target aarch64-unknown-linux-gnu --profile minimal --no-self-update
2026-10-03T10:59:38.9104485Z [36;1mrustup toolchain install nightly --target wasm32-unknown-unknown --target aarch64-unknown-linux-gnu --profile minimal --no-self-update[0m
2026-10-03T10:59:38.9146924Z shell: /usr/bin/bash --noprofile --norc -e -o pipefail {0}
2026-10-03T10:59:38.9147128Z env:
2026-10-03T10:59:38.9147275Z   CARGO_HOME: /home/runner/.cargo
2026-10-03T10:59:38.9147460Z   RUSTUP_PERMIT_COPY_RENAME: 1
2026-10-03T10:59:38.9147622Z ##[endgroup]
2026-10-03T10:59:39.0006876Z info: syncing channel updates for nightly-x86_64-unknown-linux-gnu
2026-10-03T10:59:39.6170987Z info: latest update on 2026-10-03 for version 1.101.0-nightly (0abfedbc7 2026-10-02)
2026-10-03T10:59:39.6171650Z info: downloading 5 components
2026-10-03T10:59:48.6333522Z 
2026-10-03T10:59:48.6391281Z   nightly-x86_64-unknown-linux-gnu installed - rustc 1.101.0-nightly (0abfedbc7 2026-10-02)
2026-10-03T10:59:48.6391592Z 
2026-10-03T10:59:48.6450608Z ##[end-action id=__dtolnay_rust-toolchain.__run_4;outcome=success;conclusion=success;duration_ms=9736]
2026-10-03T10:59:48.6457471Z ##[start-action display=Run rustup default nightly;id=__dtolnay_rust-toolchain.__run_5]
2026-10-03T10:59:48.6480315Z ##[group]Run rustup default nightly
2026-10-03T10:59:48.6480504Z [36;1mrustup default nightly[0m
2026-10-03T10:59:48.6532809Z shell: /usr/bin/bash --noprofile --norc -e -o pipefail {0}
2026-10-03T10:59:48.6533012Z env:
2026-10-03T10:59:48.6533136Z   CARGO_HOME: /home/runner/.cargo
2026-10-03T10:59:48.6533302Z ##[endgroup]
2026-10-03T10:59:48.7499933Z info: using existing install for nightly-x86_64-unknown-linux-gnu
2026-10-03T10:59:48.9636275Z info: default toolchain set to nightly-x86_64-unknown-linux-gnu
2026-10-03T10:59:48.9646186Z 
2026-10-03T10:59:48.9688726Z   nightly-x86_64-unknown-linux-gnu unchanged - rustc 1.101.0-nightly (0abfedbc7 2026-10-02)
2026-10-03T10:59:48.9689116Z 
2026-10-03T10:59:48.9689759Z info: note that the toolchain 'nightly-x86_64-unknown-linux-gnu' is currently in use (overridden by '/home/runner/work/purrdf/purrdf/rust-toolchain.toml')
2026-10-03T10:59:48.9723731Z ##[end-action id=__dtolnay_rust-toolchain.__run_5;outcome=success;conclusion=success;duration_ms=326]
2026-10-03T10:59:48.9730038Z ##[start-action display=Run : create cachekey;id=__dtolnay_rust-toolchain.rustc-version]
2026-10-03T10:59:49.0255564Z ##[group]Run : create cachekey
2026-10-03T10:59:49.0256075Z [36;1m: create cachekey[0m
2026-10-03T10:59:49.0256353Z [36;1mDATE=$(rustc +nightly --version --verbose | sed -ne 's/^commit-date: \(20[0-9][0-9]\)-\([01][0-9]\)-\([0-3][0-9]\)$/\1\2\3/p')[0m
2026-10-03T10:59:49.0256804Z [36;1mHASH=$(rustc +nightly --version --verbose | sed -ne 's/^commit-hash: //p')[0m
2026-10-03T10:59:49.0257172Z [36;1mecho "cachekey=$(echo $DATE$HASH | head -c12)" >> $GITHUB_OUTPUT[0m
2026-10-03T10:59:49.0307672Z shell: /usr/bin/bash --noprofile --norc -e -o pipefail {0}
2026-10-03T10:59:49.0307854Z env:
2026-10-03T10:59:49.0307969Z   CARGO_HOME: /home/runner/.cargo
2026-10-03T10:59:49.0308130Z ##[endgroup]
2026-10-03T10:59:49.0979504Z ##[end-action id=__dtolnay_rust-toolchain.rustc-version;outcome=success;conclusion=success;duration_ms=124]
2026-10-03T10:59:49.0981656Z ##[start-action display=Run : disable incremental compilation;id=__dtolnay_rust-toolchain.__run_6]
2026-10-03T10:59:49.0996550Z ##[group]Run : disable incremental compilation
2026-10-03T10:59:49.0996793Z [36;1m: disable incremental compilation[0m
2026-10-03T10:59:49.0997024Z [36;1mif [ -z "${CARGO_INCREMENTAL+set}" ]; then[0m
2026-10-03T10:59:49.0997214Z [36;1m  echo CARGO_INCREMENTAL=0 >> $GITHUB_ENV[0m
2026-10-03T10:59:49.0997376Z [36;1mfi[0m
2026-10-03T10:59:49.1052306Z shell: /usr/bin/bash --noprofile --norc -e -o pipefail {0}
2026-10-03T10:59:49.1052496Z env:
2026-10-03T10:59:49.1052644Z   CARGO_HOME: /home/runner/.cargo
2026-10-03T10:59:49.1052793Z ##[endgroup]
2026-10-03T10:59:49.1864876Z ##[end-action id=__dtolnay_rust-toolchain.__run_6;outcome=success;conclusion=success;duration_ms=88]
2026-10-03T10:59:49.1866570Z ##[start-action display=Run : enable colors in Cargo output;id=__dtolnay_rust-toolchain.__run_7]
2026-10-03T10:59:49.2556769Z ##[group]Run : enable colors in Cargo output
2026-10-03T10:59:49.2556955Z [36;1m: enable colors in Cargo output[0m
2026-10-03T10:59:49.2557124Z [36;1mif [ -z "${CARGO_TERM_COLOR+set}" ]; then[0m
2026-10-03T10:59:49.2557309Z [36;1m  echo CARGO_TERM_COLOR=always >> $GITHUB_ENV[0m
2026-10-03T10:59:49.2557465Z [36;1mfi[0m
2026-10-03T10:59:49.2601051Z shell: /usr/bin/bash --noprofile --norc -e -o pipefail {0}
2026-10-03T10:59:49.2601227Z env:
2026-10-03T10:59:49.2601340Z   CARGO_HOME: /home/runner/.cargo
2026-10-03T10:59:49.2601605Z   CARGO_INCREMENTAL: 0
2026-10-03T10:59:49.2601725Z ##[endgroup]
2026-10-03T10:59:49.2973215Z ##[end-action id=__dtolnay_rust-toolchain.__run_7;outcome=success;conclusion=success;duration_ms=110]
2026-10-03T10:59:49.2976242Z ##[start-action display=Run : enable Cargo sparse registry;id=__dtolnay_rust-toolchain.__run_8]
2026-10-03T10:59:49.3744507Z ##[group]Run : enable Cargo sparse registry
2026-10-03T10:59:49.3744695Z [36;1m: enable Cargo sparse registry[0m
2026-10-03T10:59:49.3744911Z [36;1m# implemented in 1.66, stabilized in 1.68, made default in 1.70[0m
2026-10-03T10:59:49.3745308Z [36;1mif [ -z "${CARGO_REGISTRIES_CRATES_IO_PROTOCOL+set}" -o -f "/home/runner/work/_temp"/.implicit_cargo_registries_crates_io_protocol ]; then[0m
2026-10-03T10:59:49.3745877Z [36;1m  if rustc +nightly --version --verbose | grep -q '^release: 1\.6[89]\.'; then[0m
2026-10-03T10:59:49.3746196Z [36;1m    touch "/home/runner/work/_temp"/.implicit_cargo_registries_crates_io_protocol || true[0m
2026-10-03T10:59:49.3746484Z [36;1m    echo CARGO_REGISTRIES_CRATES_IO_PROTOCOL=sparse >> $GITHUB_ENV[0m
2026-10-03T10:59:49.3746748Z [36;1m  elif rustc +nightly --version --verbose | grep -q '^release: 1\.6[67]\.'; then[0m
2026-10-03T10:59:49.3747046Z [36;1m    touch "/home/runner/work/_temp"/.implicit_cargo_registries_crates_io_protocol || true[0m
2026-10-03T10:59:49.3747311Z [36;1m    echo CARGO_REGISTRIES_CRATES_IO_PROTOCOL=git >> $GITHUB_ENV[0m
2026-10-03T10:59:49.3747490Z [36;1m  fi[0m
2026-10-03T10:59:49.3747593Z [36;1mfi[0m
2026-10-03T10:59:49.3789677Z shell: /usr/bin/bash --noprofile --norc -e -o pipefail {0}
2026-10-03T10:59:49.3789851Z env:
2026-10-03T10:59:49.3789963Z   CARGO_HOME: /home/runner/.cargo
2026-10-03T10:59:49.3790207Z   CARGO_INCREMENTAL: 0
2026-10-03T10:59:49.3790331Z   CARGO_TERM_COLOR: always
2026-10-03T10:59:49.3790454Z ##[endgroup]
2026-10-03T10:59:49.4345078Z ##[end-action id=__dtolnay_rust-toolchain.__run_8;outcome=success;conclusion=success;duration_ms=136]
2026-10-03T10:59:49.4348913Z ##[start-action display=Run : work around spurious network errors in curl 8.0;id=__dtolnay_rust-toolchain.__run_9]
2026-10-03T10:59:49.4362224Z ##[group]Run : work around spurious network errors in curl 8.0
2026-10-03T10:59:49.4362471Z [36;1m: work around spurious network errors in curl 8.0[0m
2026-10-03T10:59:49.4362768Z [36;1m# https://rust-lang.zulipchat.com/#narrow/stream/246057-t-cargo/topic/timeout.20investigation[0m
2026-10-03T10:59:49.4363114Z [36;1mif rustc +nightly --version --verbose | grep -q '^release: 1\.7[01]\.'; then[0m
2026-10-03T10:59:49.4363360Z [36;1m  echo CARGO_HTTP_MULTIPLEXING=false >> $GITHUB_ENV[0m
2026-10-03T10:59:49.4363523Z [36;1mfi[0m
2026-10-03T10:59:49.4412282Z shell: /usr/bin/bash --noprofile --norc -e -o pipefail {0}
2026-10-03T10:59:49.4412459Z env:
2026-10-03T10:59:49.4412584Z   CARGO_HOME: /home/runner/.cargo
2026-10-03T10:59:49.4412721Z   CARGO_INCREMENTAL: 0
2026-10-03T10:59:49.4412843Z   CARGO_TERM_COLOR: always
2026-10-03T10:59:49.4412972Z ##[endgroup]
2026-10-03T10:59:49.5341299Z ##[end-action id=__dtolnay_rust-toolchain.__run_9;outcome=success;conclusion=success;duration_ms=99]
2026-10-03T10:59:49.5344107Z ##[start-action display=Run rustc +nightly --version --verbose;id=__dtolnay_rust-toolchain.__run_10]
2026-10-03T10:59:49.5356779Z ##[group]Run rustc +nightly --version --verbose
2026-10-03T10:59:49.5356988Z [36;1mrustc +nightly --version --verbose[0m
2026-10-03T10:59:49.5404668Z shell: /usr/bin/bash --noprofile --norc -e -o pipefail {0}
2026-10-03T10:59:49.5404842Z env:
2026-10-03T10:59:49.5404955Z   CARGO_HOME: /home/runner/.cargo
2026-10-03T10:59:49.5405093Z   CARGO_INCREMENTAL: 0
2026-10-03T10:59:49.5405214Z   CARGO_TERM_COLOR: always
2026-10-03T10:59:49.5405340Z ##[endgroup]
2026-10-03T10:59:49.6437713Z rustc 1.101.0-nightly (0abfedbc7 2026-10-02)
2026-10-03T10:59:49.6438245Z binary: rustc
2026-10-03T10:59:49.6438802Z commit-hash: 0abfedbc7cd4e725f126913880c95800394f7c37
2026-10-03T10:59:49.6439293Z commit-date: 2026-10-02
2026-10-03T10:59:49.6439998Z host: x86_64-unknown-linux-gnu
2026-10-03T10:59:49.6440397Z release: 1.101.0-nightly
2026-10-03T10:59:49.6440769Z LLVM version: 23.1.1
2026-10-03T10:59:49.6450783Z ##[end-action id=__dtolnay_rust-toolchain.__run_10;outcome=success;conclusion=success;duration_ms=110]
2026-10-03T10:59:49.6750567Z ##[group]Run echo "identity=$(rustc -vV | sha256sum | cut -d ' ' -f 1)" >> "$GITHUB_OUTPUT"
2026-10-03T10:59:49.6750901Z [36;1mecho "identity=$(rustc -vV | sha256sum | cut -d ' ' -f 1)" >> "$GITHUB_OUTPUT"[0m
2026-10-03T10:59:49.6799240Z shell: /usr/bin/bash -e {0}
2026-10-03T10:59:49.6799374Z env:
2026-10-03T10:59:49.6799487Z   CARGO_HOME: /home/runner/.cargo
2026-10-03T10:59:49.6799626Z   CARGO_INCREMENTAL: 0
2026-10-03T10:59:49.6799747Z   CARGO_TERM_COLOR: always
2026-10-03T10:59:49.6799871Z ##[endgroup]
2026-10-03T10:59:49.7265205Z info: syncing channel updates for nightly-x86_64-unknown-linux-gnu
2026-10-03T10:59:50.0045603Z info: latest update on 2026-10-03 for version 1.101.0-nightly (0abfedbc7 2026-10-02)
2026-10-03T10:59:50.0116232Z info: component rust-std for target aarch64-unknown-linux-gnu is up to date
2026-10-03T10:59:50.0116636Z info: component rust-std for target wasm32-unknown-unknown is up to date
2026-10-03T10:59:50.0119070Z info: downloading 2 components
2026-10-03T10:59:51.0537675Z ##[group]Run actions/cache@0057852bfaa89a56745cba8c7296529d2fc39830
2026-10-03T10:59:51.0537887Z with:
2026-10-03T10:59:51.0538002Z   path: target/simd-asm
2026-10-03T10:59:51.0538521Z   key: simd-asm-v1-Linux-wasm32-simd128-0f9065be5746602644a4805e3f5fddcbb6feea69d04eba1b95f981d8e48ae120-3b2ffb3b8554181c5750a04d814d0c8ea665515c4fc73046cc4e095da08d8972-08e3413c209f5014fe1313507993d35b89d8bd50
2026-10-03T10:59:51.0539345Z   restore-keys: simd-asm-v1-Linux-wasm32-simd128-0f9065be5746602644a4805e3f5fddcbb6feea69d04eba1b95f981d8e48ae120-3b2ffb3b8554181c5750a04d814d0c8ea665515c4fc73046cc4e095da08d8972-

2026-10-03T10:59:51.0539805Z   enableCrossOsArchive: false
2026-10-03T10:59:51.0539945Z   fail-on-cache-miss: false
2026-10-03T10:59:51.0540087Z   lookup-only: false
2026-10-03T10:59:51.0540200Z   save-always: false
2026-10-03T10:59:51.0540309Z env:
2026-10-03T10:59:51.0540419Z   CARGO_HOME: /home/runner/.cargo
2026-10-03T10:59:51.0540554Z   CARGO_INCREMENTAL: 0
2026-10-03T10:59:51.0540703Z   CARGO_TERM_COLOR: always
2026-10-03T10:59:51.0540828Z ##[endgroup]
2026-10-03T10:59:51.1162348Z (node:2344) [DEP0040] DeprecationWarning: The `punycode` module is deprecated. Please use a userland alternative instead.
2026-10-03T10:59:51.1162857Z (Use `node --trace-deprecation ...` to show where the warning was created)
2026-10-03T10:59:51.2474527Z Cache not found for input keys: simd-asm-v1-Linux-wasm32-simd128-0f9065be5746602644a4805e3f5fddcbb6feea69d04eba1b95f981d8e48ae120-3b2ffb3b8554181c5750a04d814d0c8ea665515c4fc73046cc4e095da08d8972-08e3413c209f5014fe1313507993d35b89d8bd50, simd-asm-v1-Linux-wasm32-simd128-0f9065be5746602644a4805e3f5fddcbb6feea69d04eba1b95f981d8e48ae120-3b2ffb3b8554181c5750a04d814d0c8ea665515c4fc73046cc4e095da08d8972-
2026-10-03T10:59:51.2542506Z ##[group]Run sudo apt-get update
2026-10-03T10:59:51.2542682Z [36;1msudo apt-get update[0m
2026-10-03T10:59:51.2542850Z [36;1msudo apt-get install -y --no-install-recommends \[0m
2026-10-03T10:59:51.2543073Z [36;1m  clang llvm gcc-aarch64-linux-gnu libc6-dev-arm64-cross[0m
2026-10-03T10:59:51.2590996Z shell: /usr/bin/bash -e {0}
2026-10-03T10:59:51.2591129Z env:
2026-10-03T10:59:51.2591238Z   CARGO_HOME: /home/runner/.cargo
2026-10-03T10:59:51.2591374Z   CARGO_INCREMENTAL: 0
2026-10-03T10:59:51.2591493Z   CARGO_TERM_COLOR: always
2026-10-03T10:59:51.2591616Z ##[endgroup]
2026-10-03T10:59:51.3202451Z Get:1 file:/etc/apt/apt-mirrors.txt Mirrorlist [144 B]
2026-10-03T10:59:51.3598468Z Hit:2 http://azure.archive.ubuntu.com/ubuntu noble InRelease
2026-10-03T10:59:51.3604074Z Get:6 https://packages.microsoft.com/ubuntu/24.04/prod noble InRelease [3600 B]
2026-10-03T10:59:51.3621530Z Get:3 http://azure.archive.ubuntu.com/ubuntu noble-updates InRelease [126 kB]
2026-10-03T10:59:51.3653682Z Get:4 http://azure.archive.ubuntu.com/ubuntu noble-backports InRelease [126 kB]
2026-10-03T10:59:51.3675625Z Get:5 http://azure.archive.ubuntu.com/ubuntu noble-security InRelease [126 kB]
2026-10-03T10:59:51.4398487Z Get:7 https://packages.microsoft.com/ubuntu/24.04/prod noble/main armhf Packages [12.6 kB]
2026-10-03T10:59:51.4476520Z Get:8 https://packages.microsoft.com/ubuntu/24.04/prod noble/main amd64 Packages [511 kB]
2026-10-03T10:59:51.4540442Z Get:9 https://packages.microsoft.com/ubuntu/24.04/prod noble/main arm64 Packages [458 kB]
2026-10-03T10:59:51.4735236Z Get:10 http://azure.archive.ubuntu.com/ubuntu noble-updates/main amd64 Packages [1364 kB]
2026-10-03T10:59:51.4788808Z Get:11 http://azure.archive.ubuntu.com/ubuntu noble-updates/main Translation-en [304 kB]
2026-10-03T10:59:51.4807395Z Get:12 http://azure.archive.ubuntu.com/ubuntu noble-updates/main amd64 Components [181 kB]
2026-10-03T10:59:51.4822859Z Get:13 http://azure.archive.ubuntu.com/ubuntu noble-updates/universe amd64 Packages [1699 kB]
2026-10-03T10:59:51.4901773Z Get:14 http://azure.archive.ubuntu.com/ubuntu noble-updates/universe Translation-en [341 kB]
2026-10-03T10:59:51.4908421Z Get:15 http://azure.archive.ubuntu.com/ubuntu noble-updates/universe amd64 Components [388 kB]
2026-10-03T10:59:51.4928332Z Get:16 http://azure.archive.ubuntu.com/ubuntu noble-updates/restricted amd64 Packages [1720 kB]
2026-10-03T10:59:51.4988886Z Get:17 http://azure.archive.ubuntu.com/ubuntu noble-updates/restricted Translation-en [394 kB]
2026-10-03T10:59:51.5008080Z Get:18 http://azure.archive.ubuntu.com/ubuntu noble-updates/multiverse amd64 Components [940 B]
2026-10-03T10:59:51.5160358Z Get:19 http://azure.archive.ubuntu.com/ubuntu noble-backports/main amd64 Components [5736 B]
2026-10-03T10:59:51.5585481Z Get:20 http://azure.archive.ubuntu.com/ubuntu noble-backports/universe amd64 Components [12.6 kB]
2026-10-03T10:59:51.5597000Z Get:21 http://azure.archive.ubuntu.com/ubuntu noble-security/main amd64 Packages [1069 kB]
2026-10-03T10:59:51.5634276Z Get:22 http://azure.archive.ubuntu.com/ubuntu noble-security/main Translation-en [221 kB]
2026-10-03T10:59:51.5648291Z Get:23 http://azure.archive.ubuntu.com/ubuntu noble-security/main amd64 Components [46.5 kB]
2026-10-03T10:59:51.5686283Z Get:24 http://azure.archive.ubuntu.com/ubuntu noble-security/universe amd64 Packages [1216 kB]
2026-10-03T10:59:51.5709245Z Get:25 http://azure.archive.ubuntu.com/ubuntu noble-security/universe Translation-en [244 kB]
2026-10-03T10:59:51.5720272Z Get:26 http://azure.archive.ubuntu.com/ubuntu noble-security/universe amd64 Components [76.3 kB]
2026-10-03T10:59:51.5726970Z Get:27 http://azure.archive.ubuntu.com/ubuntu noble-security/restricted amd64 Packages [1566 kB]
2026-10-03T10:59:51.5779850Z Get:28 http://azure.archive.ubuntu.com/ubuntu noble-security/restricted Translation-en [361 kB]
2026-10-03T10:59:57.5022878Z Fetched 12.6 MB in 1s (12.8 MB/s)
2026-10-03T10:59:57.9793734Z Reading package lists...
2026-10-03T10:59:58.0034466Z Reading package lists...
2026-10-03T10:59:58.1288880Z Building dependency tree...
2026-10-03T10:59:58.1293556Z Reading state information...
2026-10-03T10:59:58.2294803Z The following additional packages will be installed:
2026-10-03T10:59:58.2295232Z   binutils-aarch64-linux-gnu cpp-13-aarch64-linux-gnu cpp-aarch64-linux-gnu
2026-10-03T10:59:58.2295864Z   gcc-13-aarch64-linux-gnu gcc-13-aarch64-linux-gnu-base gcc-13-cross-base
2026-10-03T10:59:58.2296150Z   gcc-14-cross-base libasan8-arm64-cross libatomic1-arm64-cross
2026-10-03T10:59:58.2296386Z   libc6-arm64-cross libgcc-13-dev-arm64-cross libgcc-s1-arm64-cross
2026-10-03T10:59:58.2296621Z   libgomp1-arm64-cross libhwasan0-arm64-cross libitm1-arm64-cross
2026-10-03T10:59:58.2297016Z   liblsan0-arm64-cross libstdc++6-arm64-cross libtsan2-arm64-cross
2026-10-03T10:59:58.2298962Z   libubsan1-arm64-cross linux-libc-dev-arm64-cross llvm-runtime
2026-10-03T10:59:58.2301651Z Suggested packages:
2026-10-03T10:59:58.2301919Z   binutils-doc gcc-13-locales cpp-13-doc cpp-doc gcc-13-doc manpages-dev
2026-10-03T10:59:58.2302577Z   gdb-aarch64-linux-gnu gcc-doc
2026-10-03T10:59:58.2495625Z The following NEW packages will be installed:
2026-10-03T10:59:58.2496071Z   binutils-aarch64-linux-gnu clang cpp-13-aarch64-linux-gnu
2026-10-03T10:59:58.2496369Z   cpp-aarch64-linux-gnu gcc-13-aarch64-linux-gnu gcc-13-aarch64-linux-gnu-base
2026-10-03T10:59:58.2496707Z   gcc-13-cross-base gcc-14-cross-base gcc-aarch64-linux-gnu
2026-10-03T10:59:58.2496931Z   libasan8-arm64-cross libatomic1-arm64-cross libc6-arm64-cross
2026-10-03T10:59:58.2497175Z   libc6-dev-arm64-cross libgcc-13-dev-arm64-cross libgcc-s1-arm64-cross
2026-10-03T10:59:58.2497419Z   libgomp1-arm64-cross libhwasan0-arm64-cross libitm1-arm64-cross
2026-10-03T10:59:58.2498158Z   liblsan0-arm64-cross libstdc++6-arm64-cross libtsan2-arm64-cross
2026-10-03T10:59:58.2499924Z   libubsan1-arm64-cross linux-libc-dev-arm64-cross llvm llvm-runtime
2026-10-03T10:59:58.2632218Z 0 upgraded, 25 newly installed, 0 to remove and 25 not upgraded.
2026-10-03T10:59:58.2632619Z Need to get 45.2 MB of archives.
2026-10-03T10:59:58.2632905Z After this operation, 168 MB of additional disk space will be used.
2026-10-03T10:59:58.2633279Z Get:1 file:/etc/apt/apt-mirrors.txt Mirrorlist [144 B]
2026-10-03T10:59:58.3436424Z Get:2 http://azure.archive.ubuntu.com/ubuntu noble/universe amd64 clang amd64 1:18.0-59~exp2 [5846 B]
2026-10-03T10:59:58.3761678Z Get:3 http://azure.archive.ubuntu.com/ubuntu noble-updates/main amd64 gcc-13-aarch64-linux-gnu-base amd64 13.3.0-6ubuntu2~24.04.1cross1 [51.9 kB]
2026-10-03T10:59:58.4595342Z Get:4 http://azure.archive.ubuntu.com/ubuntu noble-updates/main amd64 cpp-13-aarch64-linux-gnu amd64 13.3.0-6ubuntu2~24.04.1cross1 [10.8 MB]
2026-10-03T10:59:58.7652418Z Get:5 http://azure.archive.ubuntu.com/ubuntu noble/main amd64 cpp-aarch64-linux-gnu amd64 4:13.2.0-7ubuntu1 [5332 B]
2026-10-03T10:59:58.7968527Z Get:6 http://azure.archive.ubuntu.com/ubuntu noble-updates/main amd64 binutils-aarch64-linux-gnu amd64 2.42-4ubuntu2.10 [3711 kB]
2026-10-03T10:59:58.8648720Z Get:7 http://azure.archive.ubuntu.com/ubuntu noble-updates/main amd64 gcc-13-cross-base all 13.3.0-6ubuntu2~24.04.1cross1 [46.5 kB]
2026-10-03T10:59:58.8968235Z Get:8 http://azure.archive.ubuntu.com/ubuntu noble-updates/main amd64 gcc-14-cross-base all 14.2.0-4ubuntu2~24.04.1cross1 [46.1 kB]
2026-10-03T10:59:58.9288532Z Get:9 http://azure.archive.ubuntu.com/ubuntu noble/main amd64 libc6-arm64-cross all 2.39-0ubuntu8cross1 [1197 kB]
2026-10-03T10:59:58.9659207Z Get:10 http://azure.archive.ubuntu.com/ubuntu noble-updates/main amd64 libgcc-s1-arm64-cross all 14.2.0-4ubuntu2~24.04.1cross1 [61.9 kB]
2026-10-03T10:59:58.9988529Z Get:11 http://azure.archive.ubuntu.com/ubuntu noble-updates/main amd64 libgomp1-arm64-cross all 14.2.0-4ubuntu2~24.04.1cross1 [110 kB]
2026-10-03T10:59:59.0310020Z Get:12 http://azure.archive.ubuntu.com/ubuntu noble-updates/main amd64 libitm1-arm64-cross all 14.2.0-4ubuntu2~24.04.1cross1 [31.1 kB]
2026-10-03T10:59:59.0628397Z Get:13 http://azure.archive.ubuntu.com/ubuntu noble-updates/main amd64 libatomic1-arm64-cross all 14.2.0-4ubuntu2~24.04.1cross1 [11.5 kB]
2026-10-03T10:59:59.0946780Z Get:14 http://azure.archive.ubuntu.com/ubuntu noble-updates/main amd64 libasan8-arm64-cross all 14.2.0-4ubuntu2~24.04.1cross1 [524 kB]
2026-10-03T10:59:59.1283092Z Get:15 http://azure.archive.ubuntu.com/ubuntu noble-updates/main amd64 liblsan0-arm64-cross all 14.2.0-4ubuntu2~24.04.1cross1 [238 kB]
2026-10-03T10:59:59.1610508Z Get:16 http://azure.archive.ubuntu.com/ubuntu noble-updates/main amd64 libtsan2-arm64-cross all 14.2.0-4ubuntu2~24.04.1cross1 [500 kB]
2026-10-03T10:59:59.1946719Z Get:17 http://azure.archive.ubuntu.com/ubuntu noble-updates/main amd64 libstdc++6-arm64-cross all 14.2.0-4ubuntu2~24.04.1cross1 [659 kB]
2026-10-03T10:59:59.2286973Z Get:18 http://azure.archive.ubuntu.com/ubuntu noble-updates/main amd64 libubsan1-arm64-cross all 14.2.0-4ubuntu2~24.04.1cross1 [219 kB]
2026-10-03T10:59:59.3528537Z Get:19 http://azure.archive.ubuntu.com/ubuntu noble-updates/main amd64 libhwasan0-arm64-cross all 14.2.0-4ubuntu2~24.04.1cross1 [304 kB]
2026-10-03T10:59:59.5673375Z Get:20 http://azure.archive.ubuntu.com/ubuntu noble-updates/main amd64 libgcc-13-dev-arm64-cross all 13.3.0-6ubuntu2~24.04.1cross1 [2616 kB]
2026-10-03T10:59:59.7398761Z Get:21 http://azure.archive.ubuntu.com/ubuntu noble-updates/main amd64 gcc-13-aarch64-linux-gnu amd64 13.3.0-6ubuntu2~24.04.1cross1 [21.1 MB]
2026-10-03T11:00:00.3446838Z Get:22 http://azure.archive.ubuntu.com/ubuntu noble/main amd64 gcc-aarch64-linux-gnu amd64 4:13.2.0-7ubuntu1 [1210 B]
2026-10-03T11:00:00.3718290Z Get:23 http://azure.archive.ubuntu.com/ubuntu noble/universe amd64 llvm-runtime amd64 1:18.0-59~exp2 [5496 B]
2026-10-03T11:00:00.3990247Z Get:24 http://azure.archive.ubuntu.com/ubuntu noble/universe amd64 llvm amd64 1:18.0-59~exp2 [4146 B]
2026-10-03T11:00:00.4263907Z Get:25 http://azure.archive.ubuntu.com/ubuntu noble/main amd64 linux-libc-dev-arm64-cross all 6.8.0-25.25cross1 [1375 kB]
2026-10-03T11:00:00.4651072Z Get:26 http://azure.archive.ubuntu.com/ubuntu noble/main amd64 libc6-dev-arm64-cross all 2.39-0ubuntu8cross1 [1629 kB]
2026-10-03T11:00:00.6481462Z Fetched 45.2 MB in 2s (20.3 MB/s)
2026-10-03T11:00:00.6639436Z Selecting previously unselected package clang.
2026-10-03T11:00:00.6885809Z (Reading database ... 
2026-10-03T11:00:00.6886265Z (Reading database ... 5%
2026-10-03T11:00:00.6886486Z (Reading database ... 10%
2026-10-03T11:00:00.6886681Z (Reading database ... 15%
2026-10-03T11:00:00.6886868Z (Reading database ... 20%
2026-10-03T11:00:00.6887067Z (Reading database ... 25%
2026-10-03T11:00:00.6887190Z (Reading database ... 30%
2026-10-03T11:00:00.6887308Z (Reading database ... 35%
2026-10-03T11:00:00.6887462Z (Reading database ... 40%
2026-10-03T11:00:00.6887647Z (Reading database ... 45%
2026-10-03T11:00:00.6887831Z (Reading database ... 50%
2026-10-03T11:00:00.6925136Z (Reading database ... 55%
2026-10-03T11:00:00.8507825Z (Reading database ... 60%
2026-10-03T11:00:01.0420204Z (Reading database ... 65%
2026-10-03T11:00:01.2477588Z (Reading database ... 70%
2026-10-03T11:00:01.3983484Z (Reading database ... 75%
2026-10-03T11:00:01.5943966Z (Reading database ... 80%
2026-10-03T11:00:01.7869859Z (Reading database ... 85%
2026-10-03T11:00:01.9948032Z (Reading database ... 90%
2026-10-03T11:00:02.1028029Z (Reading database ... 95%
2026-10-03T11:00:02.1028248Z (Reading database ... 100%
2026-10-03T11:00:02.1028526Z (Reading database ... 202296 files and directories currently installed.)
2026-10-03T11:00:02.1062405Z Preparing to unpack .../00-clang_1%3a18.0-59~exp2_amd64.deb ...
2026-10-03T11:00:02.1078492Z Unpacking clang (1:18.0-59~exp2) ...
2026-10-03T11:00:02.1245933Z Selecting previously unselected package gcc-13-aarch64-linux-gnu-base:amd64.
2026-10-03T11:00:02.1333684Z Preparing to unpack .../01-gcc-13-aarch64-linux-gnu-base_13.3.0-6ubuntu2~24.04.1cross1_amd64.deb ...
2026-10-03T11:00:02.1338349Z Unpacking gcc-13-aarch64-linux-gnu-base:amd64 (13.3.0-6ubuntu2~24.04.1cross1) ...
2026-10-03T11:00:02.1497059Z Selecting previously unselected package cpp-13-aarch64-linux-gnu.
2026-10-03T11:00:02.1584313Z Preparing to unpack .../02-cpp-13-aarch64-linux-gnu_13.3.0-6ubuntu2~24.04.1cross1_amd64.deb ...
2026-10-03T11:00:02.1607156Z Unpacking cpp-13-aarch64-linux-gnu (13.3.0-6ubuntu2~24.04.1cross1) ...
2026-10-03T11:00:02.4083693Z Selecting previously unselected package cpp-aarch64-linux-gnu.
2026-10-03T11:00:02.4176231Z Preparing to unpack .../03-cpp-aarch64-linux-gnu_4%3a13.2.0-7ubuntu1_amd64.deb ...
2026-10-03T11:00:02.4180840Z Unpacking cpp-aarch64-linux-gnu (4:13.2.0-7ubuntu1) ...
2026-10-03T11:00:02.4331715Z Selecting previously unselected package binutils-aarch64-linux-gnu.
2026-10-03T11:00:02.4421535Z Preparing to unpack .../04-binutils-aarch64-linux-gnu_2.42-4ubuntu2.10_amd64.deb ...
2026-10-03T11:00:02.4433005Z Unpacking binutils-aarch64-linux-gnu (2.42-4ubuntu2.10) ...
2026-10-03T11:00:02.5896911Z Selecting previously unselected package gcc-13-cross-base.
2026-10-03T11:00:02.5991580Z Preparing to unpack .../05-gcc-13-cross-base_13.3.0-6ubuntu2~24.04.1cross1_all.deb ...
2026-10-03T11:00:02.6143289Z Unpacking gcc-13-cross-base (13.3.0-6ubuntu2~24.04.1cross1) ...
2026-10-03T11:00:02.6286943Z Selecting previously unselected package gcc-14-cross-base.
2026-10-03T11:00:02.6377008Z Preparing to unpack .../06-gcc-14-cross-base_14.2.0-4ubuntu2~24.04.1cross1_all.deb ...
2026-10-03T11:00:02.6381595Z Unpacking gcc-14-cross-base (14.2.0-4ubuntu2~24.04.1cross1) ...
2026-10-03T11:00:02.6524216Z Selecting previously unselected package libc6-arm64-cross.
2026-10-03T11:00:02.6612535Z Preparing to unpack .../07-libc6-arm64-cross_2.39-0ubuntu8cross1_all.deb ...
2026-10-03T11:00:02.6617170Z Unpacking libc6-arm64-cross (2.39-0ubuntu8cross1) ...
2026-10-03T11:00:02.6956050Z Selecting previously unselected package libgcc-s1-arm64-cross.
2026-10-03T11:00:02.7044064Z Preparing to unpack .../08-libgcc-s1-arm64-cross_14.2.0-4ubuntu2~24.04.1cross1_all.deb ...
2026-10-03T11:00:02.7049510Z Unpacking libgcc-s1-arm64-cross (14.2.0-4ubuntu2~24.04.1cross1) ...
2026-10-03T11:00:02.7195872Z Selecting previously unselected package libgomp1-arm64-cross.
2026-10-03T11:00:02.7285235Z Preparing to unpack .../09-libgomp1-arm64-cross_14.2.0-4ubuntu2~24.04.1cross1_all.deb ...
2026-10-03T11:00:02.7289883Z Unpacking libgomp1-arm64-cross (14.2.0-4ubuntu2~24.04.1cross1) ...
2026-10-03T11:00:02.7446291Z Selecting previously unselected package libitm1-arm64-cross.
2026-10-03T11:00:02.7534536Z Preparing to unpack .../10-libitm1-arm64-cross_14.2.0-4ubuntu2~24.04.1cross1_all.deb ...
2026-10-03T11:00:02.7540077Z Unpacking libitm1-arm64-cross (14.2.0-4ubuntu2~24.04.1cross1) ...
2026-10-03T11:00:02.7685993Z Selecting previously unselected package libatomic1-arm64-cross.
2026-10-03T11:00:02.7773784Z Preparing to unpack .../11-libatomic1-arm64-cross_14.2.0-4ubuntu2~24.04.1cross1_all.deb ...
2026-10-03T11:00:02.7778759Z Unpacking libatomic1-arm64-cross (14.2.0-4ubuntu2~24.04.1cross1) ...
2026-10-03T11:00:02.7921309Z Selecting previously unselected package libasan8-arm64-cross.
2026-10-03T11:00:02.8008605Z Preparing to unpack .../12-libasan8-arm64-cross_14.2.0-4ubuntu2~24.04.1cross1_all.deb ...
2026-10-03T11:00:02.8013026Z Unpacking libasan8-arm64-cross (14.2.0-4ubuntu2~24.04.1cross1) ...
2026-10-03T11:00:02.8478115Z Selecting previously unselected package liblsan0-arm64-cross.
2026-10-03T11:00:02.8567369Z Preparing to unpack .../13-liblsan0-arm64-cross_14.2.0-4ubuntu2~24.04.1cross1_all.deb ...
2026-10-03T11:00:02.8571893Z Unpacking liblsan0-arm64-cross (14.2.0-4ubuntu2~24.04.1cross1) ...
2026-10-03T11:00:02.8737156Z Selecting previously unselected package libtsan2-arm64-cross.
2026-10-03T11:00:02.8826305Z Preparing to unpack .../14-libtsan2-arm64-cross_14.2.0-4ubuntu2~24.04.1cross1_all.deb ...
2026-10-03T11:00:02.8830972Z Unpacking libtsan2-arm64-cross (14.2.0-4ubuntu2~24.04.1cross1) ...
2026-10-03T11:00:02.9074971Z Selecting previously unselected package libstdc++6-arm64-cross.
2026-10-03T11:00:02.9164422Z Preparing to unpack .../15-libstdc++6-arm64-cross_14.2.0-4ubuntu2~24.04.1cross1_all.deb ...
2026-10-03T11:00:02.9169392Z Unpacking libstdc++6-arm64-cross (14.2.0-4ubuntu2~24.04.1cross1) ...
2026-10-03T11:00:02.9470715Z Selecting previously unselected package libubsan1-arm64-cross.
2026-10-03T11:00:02.9559057Z Preparing to unpack .../16-libubsan1-arm64-cross_14.2.0-4ubuntu2~24.04.1cross1_all.deb ...
2026-10-03T11:00:02.9563891Z Unpacking libubsan1-arm64-cross (14.2.0-4ubuntu2~24.04.1cross1) ...
2026-10-03T11:00:02.9726275Z Selecting previously unselected package libhwasan0-arm64-cross.
2026-10-03T11:00:02.9814165Z Preparing to unpack .../17-libhwasan0-arm64-cross_14.2.0-4ubuntu2~24.04.1cross1_all.deb ...
2026-10-03T11:00:02.9818834Z Unpacking libhwasan0-arm64-cross (14.2.0-4ubuntu2~24.04.1cross1) ...
2026-10-03T11:00:02.9987704Z Selecting previously unselected package libgcc-13-dev-arm64-cross.
2026-10-03T11:00:03.0075609Z Preparing to unpack .../18-libgcc-13-dev-arm64-cross_13.3.0-6ubuntu2~24.04.1cross1_all.deb ...
2026-10-03T11:00:03.0080279Z Unpacking libgcc-13-dev-arm64-cross (13.3.0-6ubuntu2~24.04.1cross1) ...
2026-10-03T11:00:03.1679437Z Selecting previously unselected package gcc-13-aarch64-linux-gnu.
2026-10-03T11:00:03.1771165Z Preparing to unpack .../19-gcc-13-aarch64-linux-gnu_13.3.0-6ubuntu2~24.04.1cross1_amd64.deb ...
2026-10-03T11:00:03.1794497Z Unpacking gcc-13-aarch64-linux-gnu (13.3.0-6ubuntu2~24.04.1cross1) ...
2026-10-03T11:00:03.5996754Z Selecting previously unselected package gcc-aarch64-linux-gnu.
2026-10-03T11:00:03.6088902Z Preparing to unpack .../20-gcc-aarch64-linux-gnu_4%3a13.2.0-7ubuntu1_amd64.deb ...
2026-10-03T11:00:03.6093932Z Unpacking gcc-aarch64-linux-gnu (4:13.2.0-7ubuntu1) ...
2026-10-03T11:00:03.6279051Z Selecting previously unselected package llvm-runtime:amd64.
2026-10-03T11:00:03.6369338Z Preparing to unpack .../21-llvm-runtime_1%3a18.0-59~exp2_amd64.deb ...
2026-10-03T11:00:03.6374802Z Unpacking llvm-runtime:amd64 (1:18.0-59~exp2) ...
2026-10-03T11:00:03.6517417Z Selecting previously unselected package llvm.
2026-10-03T11:00:03.6605153Z Preparing to unpack .../22-llvm_1%3a18.0-59~exp2_amd64.deb ...
2026-10-03T11:00:03.6627771Z Unpacking llvm (1:18.0-59~exp2) ...
2026-10-03T11:00:03.6835413Z Selecting previously unselected package linux-libc-dev-arm64-cross.
2026-10-03T11:00:03.6922448Z Preparing to unpack .../23-linux-libc-dev-arm64-cross_6.8.0-25.25cross1_all.deb ...
2026-10-03T11:00:03.6927969Z Unpacking linux-libc-dev-arm64-cross (6.8.0-25.25cross1) ...
2026-10-03T11:00:03.8936437Z Selecting previously unselected package libc6-dev-arm64-cross.
2026-10-03T11:00:03.9032285Z Preparing to unpack .../24-libc6-dev-arm64-cross_2.39-0ubuntu8cross1_all.deb ...
2026-10-03T11:00:03.9037197Z Unpacking libc6-dev-arm64-cross (2.39-0ubuntu8cross1) ...
2026-10-03T11:00:04.0108532Z Setting up binutils-aarch64-linux-gnu (2.42-4ubuntu2.10) ...
2026-10-03T11:00:04.0122418Z Setting up gcc-14-cross-base (14.2.0-4ubuntu2~24.04.1cross1) ...
2026-10-03T11:00:04.0135340Z Setting up clang (1:18.0-59~exp2) ...
2026-10-03T11:00:04.0273746Z Setting up gcc-13-cross-base (13.3.0-6ubuntu2~24.04.1cross1) ...
2026-10-03T11:00:04.0287828Z Setting up llvm-runtime:amd64 (1:18.0-59~exp2) ...
2026-10-03T11:00:04.0300792Z Setting up libc6-arm64-cross (2.39-0ubuntu8cross1) ...
2026-10-03T11:00:04.0312886Z Setting up llvm (1:18.0-59~exp2) ...
2026-10-03T11:00:04.0326099Z Setting up libitm1-arm64-cross (14.2.0-4ubuntu2~24.04.1cross1) ...
2026-10-03T11:00:04.0339896Z Setting up linux-libc-dev-arm64-cross (6.8.0-25.25cross1) ...
2026-10-03T11:00:04.0353503Z Setting up gcc-13-aarch64-linux-gnu-base:amd64 (13.3.0-6ubuntu2~24.04.1cross1) ...
2026-10-03T11:00:04.0366225Z Setting up libgcc-s1-arm64-cross (14.2.0-4ubuntu2~24.04.1cross1) ...
2026-10-03T11:00:04.0378660Z Setting up libatomic1-arm64-cross (14.2.0-4ubuntu2~24.04.1cross1) ...
2026-10-03T11:00:04.0391159Z Setting up liblsan0-arm64-cross (14.2.0-4ubuntu2~24.04.1cross1) ...
2026-10-03T11:00:04.0403405Z Setting up libgomp1-arm64-cross (14.2.0-4ubuntu2~24.04.1cross1) ...
2026-10-03T11:00:04.0416362Z Setting up cpp-13-aarch64-linux-gnu (13.3.0-6ubuntu2~24.04.1cross1) ...
2026-10-03T11:00:04.0429366Z Setting up libhwasan0-arm64-cross (14.2.0-4ubuntu2~24.04.1cross1) ...
2026-10-03T11:00:04.0441630Z Setting up libc6-dev-arm64-cross (2.39-0ubuntu8cross1) ...
2026-10-03T11:00:04.0454059Z Setting up libstdc++6-arm64-cross (14.2.0-4ubuntu2~24.04.1cross1) ...
2026-10-03T11:00:04.0466713Z Setting up cpp-aarch64-linux-gnu (4:13.2.0-7ubuntu1) ...
2026-10-03T11:00:04.0479388Z Setting up libasan8-arm64-cross (14.2.0-4ubuntu2~24.04.1cross1) ...
2026-10-03T11:00:04.0493076Z Setting up libtsan2-arm64-cross (14.2.0-4ubuntu2~24.04.1cross1) ...
2026-10-03T11:00:04.0505742Z Setting up libubsan1-arm64-cross (14.2.0-4ubuntu2~24.04.1cross1) ...
2026-10-03T11:00:04.0518216Z Setting up libgcc-13-dev-arm64-cross (13.3.0-6ubuntu2~24.04.1cross1) ...
2026-10-03T11:00:04.0530930Z Setting up gcc-13-aarch64-linux-gnu (13.3.0-6ubuntu2~24.04.1cross1) ...
2026-10-03T11:00:04.0543602Z Setting up gcc-aarch64-linux-gnu (4:13.2.0-7ubuntu1) ...
2026-10-03T11:00:04.0558279Z Processing triggers for man-db (2.12.0-4build2) ...
2026-10-03T11:00:04.0574514Z Not building database; man-db/auto-update is not 'true'.
2026-10-03T11:00:04.0582525Z Processing triggers for libc-bin (2.39-0ubuntu8.9) ...
2026-10-03T11:00:04.6721145Z 
2026-10-03T11:00:04.6721678Z Running kernel seems to be up-to-date.
2026-10-03T11:00:04.6721914Z 
2026-10-03T11:00:04.6722003Z No services need to be restarted.
2026-10-03T11:00:04.6722147Z 
2026-10-03T11:00:04.6722230Z No containers need to be restarted.
2026-10-03T11:00:04.6722381Z 
2026-10-03T11:00:04.6722482Z No user sessions are running outdated binaries.
2026-10-03T11:00:04.6722661Z 
2026-10-03T11:00:04.6722816Z No VM guests are running outdated hypervisor (qemu) binaries on this host.
2026-10-03T11:00:05.2629338Z ##[group]Run make simd-asm SIMD_ASM_ARGS="--config wasm32-simd128 --jobs 1 --report target/asm-reports/wasm32-simd128.json"
2026-10-03T11:00:05.2629809Z [36;1mmake simd-asm SIMD_ASM_ARGS="--config wasm32-simd128 --jobs 1 --report target/asm-reports/wasm32-simd128.json"[0m
2026-10-03T11:00:05.2682728Z shell: /usr/bin/bash -e {0}
2026-10-03T11:00:05.2682860Z env:
2026-10-03T11:00:05.2682973Z   CARGO_HOME: /home/runner/.cargo
2026-10-03T11:00:05.2683108Z   CARGO_INCREMENTAL: 0
2026-10-03T11:00:05.2683227Z   CARGO_TERM_COLOR: always
2026-10-03T11:00:05.2683349Z ##[endgroup]
2026-10-03T11:00:05.3118270Z python3 scripts/check-simd-asm.py --doc --config wasm32-simd128 --jobs 1 --report target/asm-reports/wasm32-simd128.json
2026-10-03T11:00:06.1657322Z FAIL: bench `crates/sparql-algebra/benches/scope_checks.rs` has no row in the bench table
2026-10-03T11:00:06.1794700Z make: *** [Makefile:678: simd-asm] Error 1
2026-10-03T11:00:06.1807389Z ##[error]Process completed with exit code 2.
2026-10-03T11:00:06.1882478Z Post job cleanup.
2026-10-03T11:00:06.2391231Z [command]/usr/bin/git version
2026-10-03T11:00:06.2417387Z git version 2.55.0
2026-10-03T11:00:06.2437088Z Temporarily overriding HOME='/home/runner/work/_temp/6aa7b654-b08e-4a5f-8b28-0d8cbf3f8416' before making global git config changes
2026-10-03T11:00:06.2437796Z Adding repository directory to the temporary git global config as a safe directory
2026-10-03T11:00:06.2440176Z [command]/usr/bin/git config --global --add safe.directory /home/runner/work/purrdf/purrdf
2026-10-03T11:00:06.3122375Z Removing SSH command configuration
2026-10-03T11:00:06.3126935Z [command]/usr/bin/git config --local --name-only --get-regexp core\.sshCommand
2026-10-03T11:00:06.3152521Z [command]/usr/bin/git submodule foreach --recursive sh -c "git config --local --name-only --get-regexp 'core\.sshCommand' && git config --local --unset-all 'core.sshCommand' || :"
2026-10-03T11:00:06.3317975Z Removing HTTP extra header
2026-10-03T11:00:06.3320914Z [command]/usr/bin/git config --local --name-only --get-regexp http\.https\:\/\/github\.com\/\.extraheader
2026-10-03T11:00:06.3344394Z [command]/usr/bin/git submodule foreach --recursive sh -c "git config --local --name-only --get-regexp 'http\.https\:\/\/github\.com\/\.extraheader' && git config --local --unset-all 'http.https://github.com/.extraheader' || :"
2026-10-03T11:00:06.3524291Z Removing includeIf entries pointing to credentials config files
2026-10-03T11:00:06.3527983Z [command]/usr/bin/git config --local --name-only --get-regexp ^includeIf\.gitdir:
2026-10-03T11:00:06.3551826Z [command]/usr/bin/git submodule foreach --recursive git config --local --show-origin --name-only --get-regexp remote.origin.url
2026-10-03T11:00:06.3833981Z Cleaning up orphan processes
2026-10-03T11:00:06.4018695Z ##[warning]Node.js 20 is deprecated. The following actions target Node.js 20 but are being forced to run on Node.js 24: actions/cache@0057852bfaa89a56745cba8c7296529d2fc39830. For more information see: https://github.blog/changelog/2025-09-19-deprecation-of-node-20-on-github-actions-runners/
