2026-10-03T10:59:33.4844331Z Current runner version: '2.337.0'
2026-10-03T10:59:33.4868271Z ##[group]Runner Image Provisioner
2026-10-03T10:59:33.4869235Z Hosted Compute Agent
2026-10-03T10:59:33.4869865Z Version: 20260901.588
2026-10-03T10:59:33.4870536Z Commit: f88ec8081b781fac6c440065ac7ff9e710ce3d0b
2026-10-03T10:59:33.4871265Z Build Date: 2026-09-01T19:56:44Z
2026-10-03T10:59:33.4871942Z Worker ID: {943a8b8a-da5e-4058-a182-522fd7b18aa4}
2026-10-03T10:59:33.4872695Z Azure Region: westus
2026-10-03T10:59:33.4873259Z ##[endgroup]
2026-10-03T10:59:33.4875263Z ##[group]Operating System
2026-10-03T10:59:33.4875953Z Ubuntu
2026-10-03T10:59:33.4876480Z 24.04.5
2026-10-03T10:59:33.4877072Z LTS
2026-10-03T10:59:33.4877627Z ##[endgroup]
2026-10-03T10:59:33.4878187Z ##[group]Runner Image
2026-10-03T10:59:33.4878861Z Image: ubuntu-24.04
2026-10-03T10:59:33.4879439Z Version: 20260927.320.1
2026-10-03T10:59:33.4880732Z Included Software: https://github.com/actions/runner-images/blob/ubuntu24/20260927.320/images/ubuntu/Ubuntu2404-Readme.md
2026-10-03T10:59:33.4882319Z Image Release: https://github.com/actions/runner-images/releases/tag/ubuntu24%2F20260927.320
2026-10-03T10:59:33.4883352Z ##[endgroup]
2026-10-03T10:59:33.4884797Z ##[group]GITHUB_TOKEN Permissions
2026-10-03T10:59:33.4886753Z Contents: read
2026-10-03T10:59:33.4887402Z Metadata: read
2026-10-03T10:59:33.4888068Z ##[endgroup]
2026-10-03T10:59:33.4890148Z Secret source: Actions
2026-10-03T10:59:33.4891131Z Cache mode: write
2026-10-03T10:59:33.4891873Z Prepare workflow directory
2026-10-03T10:59:33.5225968Z Prepare all required actions
2026-10-03T10:59:33.5279267Z Getting action download info
2026-10-03T10:59:33.8993481Z Download action repository 'actions/checkout@9c091bb21b7c1c1d1991bb908d89e4e9dddfe3e0' (SHA:9c091bb21b7c1c1d1991bb908d89e4e9dddfe3e0)
2026-10-03T10:59:34.0086489Z Download action repository 'dtolnay/rust-toolchain@29eef336d9b2848a0b548edc03f92a220660cdb8' (SHA:29eef336d9b2848a0b548edc03f92a220660cdb8)
2026-10-03T10:59:34.2235432Z Download action repository 'actions/cache@0057852bfaa89a56745cba8c7296529d2fc39830' (SHA:0057852bfaa89a56745cba8c7296529d2fc39830)
2026-10-03T10:59:34.3128947Z Download action repository 'actions/upload-artifact@043fb46d1a93c77aae656e7c1c64a875d1fc6a0a' (SHA:043fb46d1a93c77aae656e7c1c64a875d1fc6a0a)
2026-10-03T10:59:34.5170040Z Complete job name: simd-asm-config (aarch64)
2026-10-03T10:59:34.6024770Z ##[group]Run actions/checkout@9c091bb21b7c1c1d1991bb908d89e4e9dddfe3e0
2026-10-03T10:59:34.6025969Z with:
2026-10-03T10:59:34.6026415Z   persist-credentials: false
2026-10-03T10:59:34.6026964Z   repository: Blackcat-Informatics/purrdf
2026-10-03T10:59:34.6030654Z   token: ***
2026-10-03T10:59:34.6031079Z   ssh-strict: true
2026-10-03T10:59:34.6031512Z   ssh-user: git
2026-10-03T10:59:34.6031932Z   clean: true
2026-10-03T10:59:34.6032373Z   sparse-checkout-cone-mode: true
2026-10-03T10:59:34.6032903Z   fetch-depth: 1
2026-10-03T10:59:34.6033332Z   fetch-tags: false
2026-10-03T10:59:34.6033772Z   show-progress: true
2026-10-03T10:59:34.6034481Z   lfs: false
2026-10-03T10:59:34.6034915Z   submodules: false
2026-10-03T10:59:34.6035359Z   set-safe-directory: true
2026-10-03T10:59:34.6035858Z   allow-unsafe-pr-checkout: false
2026-10-03T10:59:34.6036698Z ##[endgroup]
2026-10-03T10:59:34.7029205Z Syncing repository: Blackcat-Informatics/purrdf
2026-10-03T10:59:34.7032022Z ##[group]Getting Git version info
2026-10-03T10:59:34.7033243Z Working directory is '/home/runner/work/purrdf/purrdf'
2026-10-03T10:59:34.7035339Z [command]/usr/bin/git version
2026-10-03T10:59:34.7092786Z git version 2.55.0
2026-10-03T10:59:34.7113726Z ##[endgroup]
2026-10-03T10:59:34.7124481Z Temporarily overriding HOME='/home/runner/work/_temp/d60fd8d6-1ea5-41d3-9e89-bc029e8e1d04' before making global git config changes
2026-10-03T10:59:34.7125899Z Adding repository directory to the temporary git global config as a safe directory
2026-10-03T10:59:34.7129704Z [command]/usr/bin/git config --global --add safe.directory /home/runner/work/purrdf/purrdf
2026-10-03T10:59:34.7174857Z Deleting the contents of '/home/runner/work/purrdf/purrdf'
2026-10-03T10:59:34.7178875Z ##[group]Determining repository object format
2026-10-03T10:59:34.7180235Z ##[endgroup]
2026-10-03T10:59:34.7181175Z ##[group]Initializing the repository
2026-10-03T10:59:34.7257720Z [command]/usr/bin/git init /home/runner/work/purrdf/purrdf
2026-10-03T10:59:34.7288760Z hint: Using 'master' as the name for the initial branch. This default branch name
2026-10-03T10:59:34.7289910Z hint: will change to "main" in Git 3.0. To configure the initial branch name
2026-10-03T10:59:34.7291035Z hint: to use in all of your new repositories, which will suppress this warning,
2026-10-03T10:59:34.7292111Z hint: call:
2026-10-03T10:59:34.7292780Z hint:
2026-10-03T10:59:34.7293325Z hint: 	git config --global init.defaultBranch <name>
2026-10-03T10:59:34.7294418Z hint:
2026-10-03T10:59:34.7295237Z hint: Names commonly chosen instead of 'master' are 'main', 'trunk' and
2026-10-03T10:59:34.7296190Z hint: 'development'. The just-created branch can be renamed via this command:
2026-10-03T10:59:34.7296974Z hint:
2026-10-03T10:59:34.7297618Z hint: 	git branch -m <name>
2026-10-03T10:59:34.7298131Z hint:
2026-10-03T10:59:34.7298787Z hint: Disable this message with "git config set advice.defaultBranchName false"
2026-10-03T10:59:34.7299795Z Initialized empty Git repository in /home/runner/work/purrdf/purrdf/.git/
2026-10-03T10:59:34.7303228Z [command]/usr/bin/git remote add origin https://github.com/Blackcat-Informatics/purrdf
2026-10-03T10:59:34.7348106Z ##[endgroup]
2026-10-03T10:59:34.7348886Z ##[group]Disabling automatic garbage collection
2026-10-03T10:59:34.7351166Z [command]/usr/bin/git config --local gc.auto 0
2026-10-03T10:59:34.7380887Z ##[endgroup]
2026-10-03T10:59:34.7382024Z ##[group]Setting up auth
2026-10-03T10:59:34.7382904Z Removing SSH command configuration
2026-10-03T10:59:34.7386548Z [command]/usr/bin/git config --local --name-only --get-regexp core\.sshCommand
2026-10-03T10:59:34.7415987Z [command]/usr/bin/git submodule foreach --recursive sh -c "git config --local --name-only --get-regexp 'core\.sshCommand' && git config --local --unset-all 'core.sshCommand' || :"
2026-10-03T10:59:34.7751796Z Removing HTTP extra header
2026-10-03T10:59:34.7757743Z [command]/usr/bin/git config --local --name-only --get-regexp http\.https\:\/\/github\.com\/\.extraheader
2026-10-03T10:59:34.7791089Z [command]/usr/bin/git submodule foreach --recursive sh -c "git config --local --name-only --get-regexp 'http\.https\:\/\/github\.com\/\.extraheader' && git config --local --unset-all 'http.https://github.com/.extraheader' || :"
2026-10-03T10:59:34.8003486Z Removing includeIf entries pointing to credentials config files
2026-10-03T10:59:34.8009433Z [command]/usr/bin/git config --local --name-only --get-regexp ^includeIf\.gitdir:
2026-10-03T10:59:34.8039272Z [command]/usr/bin/git submodule foreach --recursive git config --local --show-origin --name-only --get-regexp remote.origin.url
2026-10-03T10:59:34.8260001Z [command]/usr/bin/git config --file /home/runner/work/_temp/git-credentials-ded62c6b-646b-4fae-9cd5-f9b8701afd51.config http.https://github.com/.extraheader AUTHORIZATION: basic ***
2026-10-03T10:59:34.8295924Z [command]/usr/bin/git config --local includeIf.gitdir:/home/runner/work/purrdf/purrdf/.git.path /home/runner/work/_temp/git-credentials-ded62c6b-646b-4fae-9cd5-f9b8701afd51.config
2026-10-03T10:59:34.8324652Z [command]/usr/bin/git config --local includeIf.gitdir:/home/runner/work/purrdf/purrdf/.git/worktrees/*.path /home/runner/work/_temp/git-credentials-ded62c6b-646b-4fae-9cd5-f9b8701afd51.config
2026-10-03T10:59:34.8356910Z [command]/usr/bin/git config --local includeIf.gitdir:/github/workspace/.git.path /github/runner_temp/git-credentials-ded62c6b-646b-4fae-9cd5-f9b8701afd51.config
2026-10-03T10:59:34.8387645Z [command]/usr/bin/git config --local includeIf.gitdir:/github/workspace/.git/worktrees/*.path /github/runner_temp/git-credentials-ded62c6b-646b-4fae-9cd5-f9b8701afd51.config
2026-10-03T10:59:34.8414471Z ##[endgroup]
2026-10-03T10:59:34.8415246Z ##[group]Fetching the repository
2026-10-03T10:59:34.8420763Z [command]/usr/bin/git -c protocol.version=2 fetch --no-tags --prune --no-recurse-submodules --depth=1 origin +08e3413c209f5014fe1313507993d35b89d8bd50:refs/remotes/pull/391/merge
2026-10-03T10:59:39.9687695Z From https://github.com/Blackcat-Informatics/purrdf
2026-10-03T10:59:39.9688667Z  * [new ref]         08e3413c209f5014fe1313507993d35b89d8bd50 -> pull/391/merge
2026-10-03T10:59:39.9695817Z ##[endgroup]
2026-10-03T10:59:39.9696547Z ##[group]Determining the checkout info
2026-10-03T10:59:39.9697163Z ##[endgroup]
2026-10-03T10:59:39.9700463Z [command]/usr/bin/git sparse-checkout disable
2026-10-03T10:59:39.9751954Z [command]/usr/bin/git config --local --unset-all extensions.worktreeConfig
2026-10-03T10:59:39.9780577Z ##[group]Checking out the ref
2026-10-03T10:59:39.9784799Z [command]/usr/bin/git checkout --progress --force refs/remotes/pull/391/merge
2026-10-03T10:59:40.9964585Z Updating files:  83% (13242/15849)
2026-10-03T10:59:41.0023010Z Updating files:  84% (13314/15849)
2026-10-03T10:59:41.0080735Z Updating files:  85% (13472/15849)
2026-10-03T10:59:41.0135923Z Updating files:  86% (13631/15849)
2026-10-03T10:59:41.0193906Z Updating files:  87% (13789/15849)
2026-10-03T10:59:41.0255351Z Updating files:  88% (13948/15849)
2026-10-03T10:59:41.0314368Z Updating files:  89% (14106/15849)
2026-10-03T10:59:41.0373550Z Updating files:  90% (14265/15849)
2026-10-03T10:59:41.0433912Z Updating files:  91% (14423/15849)
2026-10-03T10:59:41.0494946Z Updating files:  92% (14582/15849)
2026-10-03T10:59:41.0555027Z Updating files:  93% (14740/15849)
2026-10-03T10:59:41.0617528Z Updating files:  94% (14899/15849)
2026-10-03T10:59:41.0681374Z Updating files:  95% (15057/15849)
2026-10-03T10:59:41.0745717Z Updating files:  96% (15216/15849)
2026-10-03T10:59:41.0815088Z Updating files:  97% (15374/15849)
2026-10-03T10:59:41.0882184Z Updating files:  98% (15533/15849)
2026-10-03T10:59:41.0944890Z Updating files:  99% (15691/15849)
2026-10-03T10:59:41.0945605Z Updating files: 100% (15849/15849)
2026-10-03T10:59:41.0946321Z Updating files: 100% (15849/15849), done.
2026-10-03T10:59:41.1101116Z Note: switching to 'refs/remotes/pull/391/merge'.
2026-10-03T10:59:41.1103117Z 
2026-10-03T10:59:41.1103614Z You are in 'detached HEAD' state. You can look around, make experimental
2026-10-03T10:59:41.1105221Z changes and commit them, and you can discard any commits you make in this
2026-10-03T10:59:41.1106252Z state without impacting any branches by switching back to a branch.
2026-10-03T10:59:41.1106841Z 
2026-10-03T10:59:41.1107229Z If you want to create a new branch to retain commits you create, you may
2026-10-03T10:59:41.1108111Z do so (now or later) by using -c with the switch command. Example:
2026-10-03T10:59:41.1108667Z 
2026-10-03T10:59:41.1108930Z   git switch -c <new-branch-name>
2026-10-03T10:59:41.1109279Z 
2026-10-03T10:59:41.1109499Z Or undo this operation with:
2026-10-03T10:59:41.1109814Z 
2026-10-03T10:59:41.1110010Z   git switch -
2026-10-03T10:59:41.1110260Z 
2026-10-03T10:59:41.1110726Z Turn off this advice by setting config variable advice.detachedHead to false
2026-10-03T10:59:41.1111324Z 
2026-10-03T10:59:41.1112005Z HEAD is now at 08e3413 Merge 7f137d3e9c3b02961ab2ee368a7ea171c7a282a0 into 97769c0d95026d95211768f0c30ce0c70c7309b3
2026-10-03T10:59:41.1136071Z ##[endgroup]
2026-10-03T10:59:41.1186047Z [command]/usr/bin/git log -1 --format=%H
2026-10-03T10:59:41.1213591Z 08e3413c209f5014fe1313507993d35b89d8bd50
2026-10-03T10:59:41.1226654Z ##[group]Removing auth
2026-10-03T10:59:41.1227198Z Removing SSH command configuration
2026-10-03T10:59:41.1232605Z [command]/usr/bin/git config --local --name-only --get-regexp core\.sshCommand
2026-10-03T10:59:41.1275871Z [command]/usr/bin/git submodule foreach --recursive sh -c "git config --local --name-only --get-regexp 'core\.sshCommand' && git config --local --unset-all 'core.sshCommand' || :"
2026-10-03T10:59:41.1528389Z Removing HTTP extra header
2026-10-03T10:59:41.1531412Z [command]/usr/bin/git config --local --name-only --get-regexp http\.https\:\/\/github\.com\/\.extraheader
2026-10-03T10:59:41.1564346Z [command]/usr/bin/git submodule foreach --recursive sh -c "git config --local --name-only --get-regexp 'http\.https\:\/\/github\.com\/\.extraheader' && git config --local --unset-all 'http.https://github.com/.extraheader' || :"
2026-10-03T10:59:41.1811362Z Removing includeIf entries pointing to credentials config files
2026-10-03T10:59:41.1814934Z [command]/usr/bin/git config --local --name-only --get-regexp ^includeIf\.gitdir:
2026-10-03T10:59:41.1840752Z includeif.gitdir:/home/runner/work/purrdf/purrdf/.git.path
2026-10-03T10:59:41.1841735Z includeif.gitdir:/home/runner/work/purrdf/purrdf/.git/worktrees/*.path
2026-10-03T10:59:41.1848774Z includeif.gitdir:/github/workspace/.git.path
2026-10-03T10:59:41.1864988Z includeif.gitdir:/github/workspace/.git/worktrees/*.path
2026-10-03T10:59:41.1867208Z [command]/usr/bin/git config --local --get-all includeif.gitdir:/home/runner/work/purrdf/purrdf/.git.path
2026-10-03T10:59:41.1874919Z /home/runner/work/_temp/git-credentials-ded62c6b-646b-4fae-9cd5-f9b8701afd51.config
2026-10-03T10:59:41.1886395Z [command]/usr/bin/git config --local --unset includeif.gitdir:/home/runner/work/purrdf/purrdf/.git.path /home/runner/work/_temp/git-credentials-ded62c6b-646b-4fae-9cd5-f9b8701afd51.config
2026-10-03T10:59:41.1927552Z [command]/usr/bin/git config --local --get-all includeif.gitdir:/home/runner/work/purrdf/purrdf/.git/worktrees/*.path
2026-10-03T10:59:41.1948855Z /home/runner/work/_temp/git-credentials-ded62c6b-646b-4fae-9cd5-f9b8701afd51.config
2026-10-03T10:59:41.1958551Z [command]/usr/bin/git config --local --unset includeif.gitdir:/home/runner/work/purrdf/purrdf/.git/worktrees/*.path /home/runner/work/_temp/git-credentials-ded62c6b-646b-4fae-9cd5-f9b8701afd51.config
2026-10-03T10:59:41.1995473Z [command]/usr/bin/git config --local --get-all includeif.gitdir:/github/workspace/.git.path
2026-10-03T10:59:41.2016935Z /github/runner_temp/git-credentials-ded62c6b-646b-4fae-9cd5-f9b8701afd51.config
2026-10-03T10:59:41.2026330Z [command]/usr/bin/git config --local --unset includeif.gitdir:/github/workspace/.git.path /github/runner_temp/git-credentials-ded62c6b-646b-4fae-9cd5-f9b8701afd51.config
2026-10-03T10:59:41.2061353Z [command]/usr/bin/git config --local --get-all includeif.gitdir:/github/workspace/.git/worktrees/*.path
2026-10-03T10:59:41.2084704Z /github/runner_temp/git-credentials-ded62c6b-646b-4fae-9cd5-f9b8701afd51.config
2026-10-03T10:59:41.2091579Z [command]/usr/bin/git config --local --unset includeif.gitdir:/github/workspace/.git/worktrees/*.path /github/runner_temp/git-credentials-ded62c6b-646b-4fae-9cd5-f9b8701afd51.config
2026-10-03T10:59:41.2121766Z [command]/usr/bin/git submodule foreach --recursive git config --local --show-origin --name-only --get-regexp remote.origin.url
2026-10-03T10:59:41.2347008Z Removing credentials config '/home/runner/work/_temp/git-credentials-ded62c6b-646b-4fae-9cd5-f9b8701afd51.config'
2026-10-03T10:59:41.2355483Z ##[endgroup]
2026-10-03T10:59:41.2680746Z ##[group]Run dtolnay/rust-toolchain@29eef336d9b2848a0b548edc03f92a220660cdb8
2026-10-03T10:59:41.2681212Z with:
2026-10-03T10:59:41.2681431Z   toolchain: nightly
2026-10-03T10:59:41.2681733Z   targets: wasm32-unknown-unknown, aarch64-unknown-linux-gnu
2026-10-03T10:59:41.2682070Z ##[endgroup]
2026-10-03T10:59:41.2775036Z ##[start-action display=Run : parse toolchain version;id=__dtolnay_rust-toolchain.parse]
2026-10-03T10:59:41.2861476Z ##[group]Run : parse toolchain version
2026-10-03T10:59:41.2861924Z [36;1m: parse toolchain version[0m
2026-10-03T10:59:41.2862227Z [36;1mif [[ -z $toolchain ]]; then[0m
2026-10-03T10:59:41.2862777Z [36;1m  # GitHub does not enforce `required: true` inputs itself. https://github.com/actions/runner/issues/1070[0m
2026-10-03T10:59:41.2863369Z [36;1m  echo "'toolchain' is a required input" >&2[0m
2026-10-03T10:59:41.2863680Z [36;1m  exit 1[0m
2026-10-03T10:59:41.2864284Z [36;1melif [[ $toolchain =~ ^stable' '[0-9]+' '(year|month|week|day)s?' 'ago$ ]]; then[0m
2026-10-03T10:59:41.2864942Z [36;1m  if [[ Linux == macOS ]]; then[0m
2026-10-03T10:59:41.2865493Z [36;1m    echo "toolchain=1.$((($(date -v-$(sed 's/stable \([0-9]*\) \(.\).*/\1\2/' <<< $toolchain) +%s)/60/60/24-16569)/7/6))" >> $GITHUB_OUTPUT[0m
2026-10-03T10:59:41.2866014Z [36;1m  else[0m
2026-10-03T10:59:41.2866424Z [36;1m    echo "toolchain=1.$((($(date --date "${toolchain#stable }" +%s)/60/60/24-16569)/7/6))" >> $GITHUB_OUTPUT[0m
2026-10-03T10:59:41.2866897Z [36;1m  fi[0m
2026-10-03T10:59:41.2867222Z [36;1melif [[ $toolchain =~ ^stable' 'minus' '[0-9]+' 'releases?$ ]]; then[0m
2026-10-03T10:59:41.2867799Z [36;1m  echo "toolchain=1.$((($(date +%s)/60/60/24-16569)/7/6-${toolchain//[^0-9]/}))" >> $GITHUB_OUTPUT[0m
2026-10-03T10:59:41.2868267Z [36;1melif [[ $toolchain =~ ^1\.[0-9]+$ ]]; then[0m
2026-10-03T10:59:41.2868794Z [36;1m  echo "toolchain=1.$((i=${toolchain#1.}, c=($(date +%s)/60/60/24-16569)/7/6, i+9*i*(10*i<=c)+90*i*(100*i<=c)))" >> $GITHUB_OUTPUT[0m
2026-10-03T10:59:41.2869313Z [36;1melse[0m
2026-10-03T10:59:41.2869574Z [36;1m  echo "toolchain=$toolchain" >> $GITHUB_OUTPUT[0m
2026-10-03T10:59:41.2869886Z [36;1mfi[0m
2026-10-03T10:59:41.3164458Z shell: /usr/bin/bash --noprofile --norc -e -o pipefail {0}
2026-10-03T10:59:41.3164967Z env:
2026-10-03T10:59:41.3165240Z   toolchain: nightly
2026-10-03T10:59:41.3165549Z ##[endgroup]
2026-10-03T10:59:41.3303009Z ##[end-action id=__dtolnay_rust-toolchain.parse;outcome=success;conclusion=success;duration_ms=52]
2026-10-03T10:59:41.3327546Z ##[start-action display=Run : construct rustup command line;id=__dtolnay_rust-toolchain.flags]
2026-10-03T10:59:41.3361734Z ##[group]Run : construct rustup command line
2026-10-03T10:59:41.3362086Z [36;1m: construct rustup command line[0m
2026-10-03T10:59:41.3362551Z [36;1mecho "targets=$(for t in ${targets//,/ }; do echo -n ' --target' $t; done)" >> $GITHUB_OUTPUT[0m
2026-10-03T10:59:41.3363208Z [36;1mecho "components=$(for c in ${components//,/ }; do echo -n ' --component' $c; done)" >> $GITHUB_OUTPUT[0m
2026-10-03T10:59:41.3363714Z [36;1mecho "downgrade=" >> $GITHUB_OUTPUT[0m
2026-10-03T10:59:41.3424088Z shell: /usr/bin/bash --noprofile --norc -e -o pipefail {0}
2026-10-03T10:59:41.3424489Z env:
2026-10-03T10:59:41.3424798Z   targets: wasm32-unknown-unknown, aarch64-unknown-linux-gnu
2026-10-03T10:59:41.3425189Z   components: 
2026-10-03T10:59:41.3425410Z ##[endgroup]
2026-10-03T10:59:41.3521525Z ##[end-action id=__dtolnay_rust-toolchain.flags;outcome=success;conclusion=success;duration_ms=19]
2026-10-03T10:59:41.3525692Z ##[start-action display=Run : set $CARGO_HOME;id=__dtolnay_rust-toolchain.__run]
2026-10-03T10:59:41.3552383Z ##[group]Run : set $CARGO_HOME
2026-10-03T10:59:41.3552661Z [36;1m: set $CARGO_HOME[0m
2026-10-03T10:59:41.3552999Z [36;1mecho CARGO_HOME=${CARGO_HOME:-"$HOME/.cargo"} >> $GITHUB_ENV[0m
2026-10-03T10:59:41.3611854Z shell: /usr/bin/bash --noprofile --norc -e -o pipefail {0}
2026-10-03T10:59:41.3612230Z ##[endgroup]
2026-10-03T10:59:41.3701182Z ##[end-action id=__dtolnay_rust-toolchain.__run;outcome=success;conclusion=success;duration_ms=17]
2026-10-03T10:59:41.3703725Z ##[start-action display=Run : install rustup if needed;id=__dtolnay_rust-toolchain.__run_2]
2026-10-03T10:59:41.3736492Z ##[group]Run : install rustup if needed
2026-10-03T10:59:41.3736815Z [36;1m: install rustup if needed[0m
2026-10-03T10:59:41.3737123Z [36;1mif ! command -v rustup &>/dev/null; then[0m
2026-10-03T10:59:41.3737910Z [36;1m  curl --proto '=https' --tlsv1.2 --retry 10 --retry-connrefused --location --silent --show-error --fail https://sh.rustup.rs | sh -s -- --default-toolchain none -y[0m
2026-10-03T10:59:41.3738661Z [36;1m  echo "$CARGO_HOME/bin" >> $GITHUB_PATH[0m
2026-10-03T10:59:41.3738949Z [36;1mfi[0m
2026-10-03T10:59:41.3799833Z shell: /usr/bin/bash --noprofile --norc -e -o pipefail {0}
2026-10-03T10:59:41.3800202Z env:
2026-10-03T10:59:41.3800415Z   CARGO_HOME: /home/runner/.cargo
2026-10-03T10:59:41.3800686Z ##[endgroup]
2026-10-03T10:59:41.3914879Z ##[end-action id=__dtolnay_rust-toolchain.__run_2;outcome=success;conclusion=success;duration_ms=20]
2026-10-03T10:59:41.3922264Z ##[start-action display=Run : install rustup if needed on windows;id=__dtolnay_rust-toolchain.__run_3]
2026-10-03T10:59:41.3930498Z ##[end-action id=__dtolnay_rust-toolchain.__run_3;outcome=skipped;conclusion=skipped;duration_ms=0]
2026-10-03T10:59:41.3934661Z ##[start-action display=rustup toolchain install nightly;id=__dtolnay_rust-toolchain.__run_4]
2026-10-03T10:59:41.3962697Z ##[group]Run rustup toolchain install nightly --target wasm32-unknown-unknown --target aarch64-unknown-linux-gnu --profile minimal --no-self-update
2026-10-03T10:59:41.3963767Z [36;1mrustup toolchain install nightly --target wasm32-unknown-unknown --target aarch64-unknown-linux-gnu --profile minimal --no-self-update[0m
2026-10-03T10:59:41.4022199Z shell: /usr/bin/bash --noprofile --norc -e -o pipefail {0}
2026-10-03T10:59:41.4022569Z env:
2026-10-03T10:59:41.4022974Z   CARGO_HOME: /home/runner/.cargo
2026-10-03T10:59:41.4023280Z   RUSTUP_PERMIT_COPY_RENAME: 1
2026-10-03T10:59:41.4023545Z ##[endgroup]
2026-10-03T10:59:41.4492064Z info: syncing channel updates for nightly-x86_64-unknown-linux-gnu
2026-10-03T10:59:41.5606119Z info: latest update on 2026-10-03 for version 1.101.0-nightly (0abfedbc7 2026-10-02)
2026-10-03T10:59:41.5607017Z info: downloading 5 components
2026-10-03T10:59:52.5344056Z 
2026-10-03T10:59:52.5414356Z   nightly-x86_64-unknown-linux-gnu installed - rustc 1.101.0-nightly (0abfedbc7 2026-10-02)
2026-10-03T10:59:52.5415297Z 
2026-10-03T10:59:52.5497846Z ##[end-action id=__dtolnay_rust-toolchain.__run_4;outcome=success;conclusion=success;duration_ms=11156]
2026-10-03T10:59:52.5506405Z ##[start-action display=Run rustup default nightly;id=__dtolnay_rust-toolchain.__run_5]
2026-10-03T10:59:52.5535212Z ##[group]Run rustup default nightly
2026-10-03T10:59:52.5535522Z [36;1mrustup default nightly[0m
2026-10-03T10:59:52.5600818Z shell: /usr/bin/bash --noprofile --norc -e -o pipefail {0}
2026-10-03T10:59:52.5601274Z env:
2026-10-03T10:59:52.5601545Z   CARGO_HOME: /home/runner/.cargo
2026-10-03T10:59:52.5601873Z ##[endgroup]
2026-10-03T10:59:52.5726787Z info: using existing install for nightly-x86_64-unknown-linux-gnu
2026-10-03T10:59:52.5732734Z info: default toolchain set to nightly-x86_64-unknown-linux-gnu
2026-10-03T10:59:52.5733154Z 
2026-10-03T10:59:52.5798209Z   nightly-x86_64-unknown-linux-gnu unchanged - rustc 1.101.0-nightly (0abfedbc7 2026-10-02)
2026-10-03T10:59:52.5799102Z 
2026-10-03T10:59:52.5800960Z info: note that the toolchain 'nightly-x86_64-unknown-linux-gnu' is currently in use (overridden by '/home/runner/work/purrdf/purrdf/rust-toolchain.toml')
2026-10-03T10:59:52.5815682Z ##[end-action id=__dtolnay_rust-toolchain.__run_5;outcome=success;conclusion=success;duration_ms=30]
2026-10-03T10:59:52.5820936Z ##[start-action display=Run : create cachekey;id=__dtolnay_rust-toolchain.rustc-version]
2026-10-03T10:59:52.5847482Z ##[group]Run : create cachekey
2026-10-03T10:59:52.5847963Z [36;1m: create cachekey[0m
2026-10-03T10:59:52.5848508Z [36;1mDATE=$(rustc +nightly --version --verbose | sed -ne 's/^commit-date: \(20[0-9][0-9]\)-\([01][0-9]\)-\([0-3][0-9]\)$/\1\2\3/p')[0m
2026-10-03T10:59:52.5849194Z [36;1mHASH=$(rustc +nightly --version --verbose | sed -ne 's/^commit-hash: //p')[0m
2026-10-03T10:59:52.5849711Z [36;1mecho "cachekey=$(echo $DATE$HASH | head -c12)" >> $GITHUB_OUTPUT[0m
2026-10-03T10:59:52.5913015Z shell: /usr/bin/bash --noprofile --norc -e -o pipefail {0}
2026-10-03T10:59:52.5913410Z env:
2026-10-03T10:59:52.5913639Z   CARGO_HOME: /home/runner/.cargo
2026-10-03T10:59:52.5914166Z ##[endgroup]
2026-10-03T10:59:52.6250724Z ##[end-action id=__dtolnay_rust-toolchain.rustc-version;outcome=success;conclusion=success;duration_ms=42]
2026-10-03T10:59:52.6253856Z ##[start-action display=Run : disable incremental compilation;id=__dtolnay_rust-toolchain.__run_6]
2026-10-03T10:59:52.6279766Z ##[group]Run : disable incremental compilation
2026-10-03T10:59:52.6280154Z [36;1m: disable incremental compilation[0m
2026-10-03T10:59:52.6280634Z [36;1mif [ -z "${CARGO_INCREMENTAL+set}" ]; then[0m
2026-10-03T10:59:52.6280968Z [36;1m  echo CARGO_INCREMENTAL=0 >> $GITHUB_ENV[0m
2026-10-03T10:59:52.6281251Z [36;1mfi[0m
2026-10-03T10:59:52.6349079Z shell: /usr/bin/bash --noprofile --norc -e -o pipefail {0}
2026-10-03T10:59:52.6349486Z env:
2026-10-03T10:59:52.6349722Z   CARGO_HOME: /home/runner/.cargo
2026-10-03T10:59:52.6350025Z ##[endgroup]
2026-10-03T10:59:52.6439550Z ##[end-action id=__dtolnay_rust-toolchain.__run_6;outcome=success;conclusion=success;duration_ms=18]
2026-10-03T10:59:52.6442035Z ##[start-action display=Run : enable colors in Cargo output;id=__dtolnay_rust-toolchain.__run_7]
2026-10-03T10:59:52.6466513Z ##[group]Run : enable colors in Cargo output
2026-10-03T10:59:52.6466840Z [36;1m: enable colors in Cargo output[0m
2026-10-03T10:59:52.6467153Z [36;1mif [ -z "${CARGO_TERM_COLOR+set}" ]; then[0m
2026-10-03T10:59:52.6467498Z [36;1m  echo CARGO_TERM_COLOR=always >> $GITHUB_ENV[0m
2026-10-03T10:59:52.6467797Z [36;1mfi[0m
2026-10-03T10:59:52.6526829Z shell: /usr/bin/bash --noprofile --norc -e -o pipefail {0}
2026-10-03T10:59:52.6527212Z env:
2026-10-03T10:59:52.6527436Z   CARGO_HOME: /home/runner/.cargo
2026-10-03T10:59:52.6527742Z   CARGO_INCREMENTAL: 0
2026-10-03T10:59:52.6527985Z ##[endgroup]
2026-10-03T10:59:52.6611528Z ##[end-action id=__dtolnay_rust-toolchain.__run_7;outcome=success;conclusion=success;duration_ms=16]
2026-10-03T10:59:52.6616655Z ##[start-action display=Run : enable Cargo sparse registry;id=__dtolnay_rust-toolchain.__run_8]
2026-10-03T10:59:52.6641754Z ##[group]Run : enable Cargo sparse registry
2026-10-03T10:59:52.6642084Z [36;1m: enable Cargo sparse registry[0m
2026-10-03T10:59:52.6642460Z [36;1m# implemented in 1.66, stabilized in 1.68, made default in 1.70[0m
2026-10-03T10:59:52.6643173Z [36;1mif [ -z "${CARGO_REGISTRIES_CRATES_IO_PROTOCOL+set}" -o -f "/home/runner/work/_temp"/.implicit_cargo_registries_crates_io_protocol ]; then[0m
2026-10-03T10:59:52.6644196Z [36;1m  if rustc +nightly --version --verbose | grep -q '^release: 1\.6[89]\.'; then[0m
2026-10-03T10:59:52.6644814Z [36;1m    touch "/home/runner/work/_temp"/.implicit_cargo_registries_crates_io_protocol || true[0m
2026-10-03T10:59:52.6645375Z [36;1m    echo CARGO_REGISTRIES_CRATES_IO_PROTOCOL=sparse >> $GITHUB_ENV[0m
2026-10-03T10:59:52.6645945Z [36;1m  elif rustc +nightly --version --verbose | grep -q '^release: 1\.6[67]\.'; then[0m
2026-10-03T10:59:52.6646552Z [36;1m    touch "/home/runner/work/_temp"/.implicit_cargo_registries_crates_io_protocol || true[0m
2026-10-03T10:59:52.6647092Z [36;1m    echo CARGO_REGISTRIES_CRATES_IO_PROTOCOL=git >> $GITHUB_ENV[0m
2026-10-03T10:59:52.6647446Z [36;1m  fi[0m
2026-10-03T10:59:52.6647636Z [36;1mfi[0m
2026-10-03T10:59:52.6706493Z shell: /usr/bin/bash --noprofile --norc -e -o pipefail {0}
2026-10-03T10:59:52.6706851Z env:
2026-10-03T10:59:52.6707063Z   CARGO_HOME: /home/runner/.cargo
2026-10-03T10:59:52.6707508Z   CARGO_INCREMENTAL: 0
2026-10-03T10:59:52.6707757Z   CARGO_TERM_COLOR: always
2026-10-03T10:59:52.6708011Z ##[endgroup]
2026-10-03T10:59:52.7016461Z ##[end-action id=__dtolnay_rust-toolchain.__run_8;outcome=success;conclusion=success;duration_ms=39]
2026-10-03T10:59:52.7022232Z ##[start-action display=Run : work around spurious network errors in curl 8.0;id=__dtolnay_rust-toolchain.__run_9]
2026-10-03T10:59:52.7049875Z ##[group]Run : work around spurious network errors in curl 8.0
2026-10-03T10:59:52.7050335Z [36;1m: work around spurious network errors in curl 8.0[0m
2026-10-03T10:59:52.7050930Z [36;1m# https://rust-lang.zulipchat.com/#narrow/stream/246057-t-cargo/topic/timeout.20investigation[0m
2026-10-03T10:59:52.7051632Z [36;1mif rustc +nightly --version --verbose | grep -q '^release: 1\.7[01]\.'; then[0m
2026-10-03T10:59:52.7052147Z [36;1m  echo CARGO_HTTP_MULTIPLEXING=false >> $GITHUB_ENV[0m
2026-10-03T10:59:52.7052796Z [36;1mfi[0m
2026-10-03T10:59:52.7121880Z shell: /usr/bin/bash --noprofile --norc -e -o pipefail {0}
2026-10-03T10:59:52.7122297Z env:
2026-10-03T10:59:52.7122741Z   CARGO_HOME: /home/runner/.cargo
2026-10-03T10:59:52.7123054Z   CARGO_INCREMENTAL: 0
2026-10-03T10:59:52.7123325Z   CARGO_TERM_COLOR: always
2026-10-03T10:59:52.7123598Z ##[endgroup]
2026-10-03T10:59:52.7327839Z ##[end-action id=__dtolnay_rust-toolchain.__run_9;outcome=success;conclusion=success;duration_ms=30]
2026-10-03T10:59:52.7331514Z ##[start-action display=Run rustc +nightly --version --verbose;id=__dtolnay_rust-toolchain.__run_10]
2026-10-03T10:59:52.7358241Z ##[group]Run rustc +nightly --version --verbose
2026-10-03T10:59:52.7358716Z [36;1mrustc +nightly --version --verbose[0m
2026-10-03T10:59:52.7422487Z shell: /usr/bin/bash --noprofile --norc -e -o pipefail {0}
2026-10-03T10:59:52.7423086Z env:
2026-10-03T10:59:52.7423419Z   CARGO_HOME: /home/runner/.cargo
2026-10-03T10:59:52.7438632Z   CARGO_INCREMENTAL: 0
2026-10-03T10:59:52.7439047Z   CARGO_TERM_COLOR: always
2026-10-03T10:59:52.7439457Z ##[endgroup]
2026-10-03T10:59:52.7647955Z rustc 1.101.0-nightly (0abfedbc7 2026-10-02)
2026-10-03T10:59:52.7648774Z binary: rustc
2026-10-03T10:59:52.7649668Z commit-hash: 0abfedbc7cd4e725f126913880c95800394f7c37
2026-10-03T10:59:52.7650570Z commit-date: 2026-10-02
2026-10-03T10:59:52.7651212Z host: x86_64-unknown-linux-gnu
2026-10-03T10:59:52.7651864Z release: 1.101.0-nightly
2026-10-03T10:59:52.7652503Z LLVM version: 23.1.1
2026-10-03T10:59:52.7663533Z ##[end-action id=__dtolnay_rust-toolchain.__run_10;outcome=success;conclusion=success;duration_ms=33]
2026-10-03T10:59:52.7724998Z ##[group]Run echo "identity=$(rustc -vV | sha256sum | cut -d ' ' -f 1)" >> "$GITHUB_OUTPUT"
2026-10-03T10:59:52.7725651Z [36;1mecho "identity=$(rustc -vV | sha256sum | cut -d ' ' -f 1)" >> "$GITHUB_OUTPUT"[0m
2026-10-03T10:59:52.7789873Z shell: /usr/bin/bash -e {0}
2026-10-03T10:59:52.7790169Z env:
2026-10-03T10:59:52.7790408Z   CARGO_HOME: /home/runner/.cargo
2026-10-03T10:59:52.7790722Z   CARGO_INCREMENTAL: 0
2026-10-03T10:59:52.7790986Z   CARGO_TERM_COLOR: always
2026-10-03T10:59:52.7791256Z ##[endgroup]
2026-10-03T10:59:52.8436649Z info: syncing channel updates for nightly-x86_64-unknown-linux-gnu
2026-10-03T10:59:52.9236446Z info: latest update on 2026-10-03 for version 1.101.0-nightly (0abfedbc7 2026-10-02)
2026-10-03T10:59:52.9360003Z info: component rust-std for target aarch64-unknown-linux-gnu is up to date
2026-10-03T10:59:52.9361124Z info: component rust-std for target wasm32-unknown-unknown is up to date
2026-10-03T10:59:52.9364603Z info: downloading 2 components
2026-10-03T10:59:53.7010729Z ##[group]Run actions/cache@0057852bfaa89a56745cba8c7296529d2fc39830
2026-10-03T10:59:53.7011131Z with:
2026-10-03T10:59:53.7011342Z   path: target/simd-asm
2026-10-03T10:59:53.7012361Z   key: simd-asm-v1-Linux-aarch64-0f9065be5746602644a4805e3f5fddcbb6feea69d04eba1b95f981d8e48ae120-3b2ffb3b8554181c5750a04d814d0c8ea665515c4fc73046cc4e095da08d8972-08e3413c209f5014fe1313507993d35b89d8bd50
2026-10-03T10:59:53.7014365Z   restore-keys: simd-asm-v1-Linux-aarch64-0f9065be5746602644a4805e3f5fddcbb6feea69d04eba1b95f981d8e48ae120-3b2ffb3b8554181c5750a04d814d0c8ea665515c4fc73046cc4e095da08d8972-

2026-10-03T10:59:53.7015304Z   enableCrossOsArchive: false
2026-10-03T10:59:53.7015566Z   fail-on-cache-miss: false
2026-10-03T10:59:53.7015806Z   lookup-only: false
2026-10-03T10:59:53.7016021Z   save-always: false
2026-10-03T10:59:53.7016221Z env:
2026-10-03T10:59:53.7016419Z   CARGO_HOME: /home/runner/.cargo
2026-10-03T10:59:53.7016676Z   CARGO_INCREMENTAL: 0
2026-10-03T10:59:53.7016946Z   CARGO_TERM_COLOR: always
2026-10-03T10:59:53.7017180Z ##[endgroup]
2026-10-03T10:59:53.8051795Z (node:2559) [DEP0040] DeprecationWarning: The `punycode` module is deprecated. Please use a userland alternative instead.
2026-10-03T10:59:53.8052908Z (Use `node --trace-deprecation ...` to show where the warning was created)
2026-10-03T10:59:54.0503564Z Cache not found for input keys: simd-asm-v1-Linux-aarch64-0f9065be5746602644a4805e3f5fddcbb6feea69d04eba1b95f981d8e48ae120-3b2ffb3b8554181c5750a04d814d0c8ea665515c4fc73046cc4e095da08d8972-08e3413c209f5014fe1313507993d35b89d8bd50, simd-asm-v1-Linux-aarch64-0f9065be5746602644a4805e3f5fddcbb6feea69d04eba1b95f981d8e48ae120-3b2ffb3b8554181c5750a04d814d0c8ea665515c4fc73046cc4e095da08d8972-
2026-10-03T10:59:54.0615985Z ##[group]Run sudo apt-get update
2026-10-03T10:59:54.0616320Z [36;1msudo apt-get update[0m
2026-10-03T10:59:54.0616642Z [36;1msudo apt-get install -y --no-install-recommends \[0m
2026-10-03T10:59:54.0617060Z [36;1m  clang llvm gcc-aarch64-linux-gnu libc6-dev-arm64-cross[0m
2026-10-03T10:59:54.0679061Z shell: /usr/bin/bash -e {0}
2026-10-03T10:59:54.0679333Z env:
2026-10-03T10:59:54.0679594Z   CARGO_HOME: /home/runner/.cargo
2026-10-03T10:59:54.0679884Z   CARGO_INCREMENTAL: 0
2026-10-03T10:59:54.0680131Z   CARGO_TERM_COLOR: always
2026-10-03T10:59:54.0680381Z ##[endgroup]
2026-10-03T10:59:54.1444712Z Get:1 file:/etc/apt/apt-mirrors.txt Mirrorlist [144 B]
2026-10-03T10:59:54.1866177Z Hit:2 http://azure.archive.ubuntu.com/ubuntu noble InRelease
2026-10-03T10:59:54.1870970Z Get:6 https://packages.microsoft.com/ubuntu/24.04/prod noble InRelease [3600 B]
2026-10-03T10:59:54.1904893Z Get:3 http://azure.archive.ubuntu.com/ubuntu noble-updates InRelease [126 kB]
2026-10-03T10:59:54.1968715Z Get:4 http://azure.archive.ubuntu.com/ubuntu noble-backports InRelease [126 kB]
2026-10-03T10:59:54.1985370Z Get:5 http://azure.archive.ubuntu.com/ubuntu noble-security InRelease [126 kB]
2026-10-03T10:59:54.3809808Z Get:7 https://packages.microsoft.com/ubuntu/24.04/prod noble/main amd64 Packages [511 kB]
2026-10-03T10:59:54.4054585Z Get:8 https://packages.microsoft.com/ubuntu/24.04/prod noble/main arm64 Packages [458 kB]
2026-10-03T10:59:54.4098418Z Get:9 https://packages.microsoft.com/ubuntu/24.04/prod noble/main armhf Packages [12.6 kB]
2026-10-03T10:59:54.4301405Z Get:10 http://azure.archive.ubuntu.com/ubuntu noble-updates/main amd64 Packages [1364 kB]
2026-10-03T10:59:54.4381948Z Get:11 http://azure.archive.ubuntu.com/ubuntu noble-updates/main Translation-en [304 kB]
2026-10-03T10:59:54.4401839Z Get:12 http://azure.archive.ubuntu.com/ubuntu noble-updates/main amd64 Components [181 kB]
2026-10-03T10:59:54.4429192Z Get:13 http://azure.archive.ubuntu.com/ubuntu noble-updates/universe amd64 Packages [1699 kB]
2026-10-03T10:59:54.4491794Z Get:14 http://azure.archive.ubuntu.com/ubuntu noble-updates/universe Translation-en [341 kB]
2026-10-03T10:59:54.4514632Z Get:15 http://azure.archive.ubuntu.com/ubuntu noble-updates/universe amd64 Components [388 kB]
2026-10-03T10:59:54.4538444Z Get:16 http://azure.archive.ubuntu.com/ubuntu noble-updates/restricted amd64 Packages [1720 kB]
2026-10-03T10:59:54.4619163Z Get:17 http://azure.archive.ubuntu.com/ubuntu noble-updates/restricted Translation-en [394 kB]
2026-10-03T10:59:54.4642077Z Get:18 http://azure.archive.ubuntu.com/ubuntu noble-updates/multiverse amd64 Components [940 B]
2026-10-03T10:59:54.4821548Z Get:19 http://azure.archive.ubuntu.com/ubuntu noble-backports/main amd64 Components [5736 B]
2026-10-03T10:59:54.5261045Z Get:20 http://azure.archive.ubuntu.com/ubuntu noble-backports/universe amd64 Components [12.6 kB]
2026-10-03T10:59:54.5357605Z Get:21 http://azure.archive.ubuntu.com/ubuntu noble-security/main amd64 Packages [1069 kB]
2026-10-03T10:59:54.5411461Z Get:22 http://azure.archive.ubuntu.com/ubuntu noble-security/main Translation-en [221 kB]
2026-10-03T10:59:54.5425878Z Get:23 http://azure.archive.ubuntu.com/ubuntu noble-security/main amd64 Components [46.5 kB]
2026-10-03T10:59:54.5440683Z Get:24 http://azure.archive.ubuntu.com/ubuntu noble-security/universe amd64 Packages [1216 kB]
2026-10-03T10:59:54.5497558Z Get:25 http://azure.archive.ubuntu.com/ubuntu noble-security/universe Translation-en [244 kB]
2026-10-03T10:59:54.5513243Z Get:26 http://azure.archive.ubuntu.com/ubuntu noble-security/universe amd64 Components [76.3 kB]
2026-10-03T10:59:54.5522039Z Get:27 http://azure.archive.ubuntu.com/ubuntu noble-security/restricted amd64 Packages [1566 kB]
2026-10-03T10:59:54.5606952Z Get:28 http://azure.archive.ubuntu.com/ubuntu noble-security/restricted Translation-en [361 kB]
2026-10-03T10:59:59.9572335Z Fetched 12.6 MB in 1s (8788 kB/s)
2026-10-03T11:00:00.7829672Z Reading package lists...
2026-10-03T11:00:00.8138997Z Reading package lists...
2026-10-03T11:00:01.0222921Z Building dependency tree...
2026-10-03T11:00:01.0230803Z Reading state information...
2026-10-03T11:00:01.1684483Z The following additional packages will be installed:
2026-10-03T11:00:01.1685376Z   binutils-aarch64-linux-gnu cpp-13-aarch64-linux-gnu cpp-aarch64-linux-gnu
2026-10-03T11:00:01.1686322Z   gcc-13-aarch64-linux-gnu gcc-13-aarch64-linux-gnu-base gcc-13-cross-base
2026-10-03T11:00:01.1697691Z   gcc-14-cross-base libasan8-arm64-cross libatomic1-arm64-cross
2026-10-03T11:00:01.1698417Z   libc6-arm64-cross libgcc-13-dev-arm64-cross libgcc-s1-arm64-cross
2026-10-03T11:00:01.1698877Z   libgomp1-arm64-cross libhwasan0-arm64-cross libitm1-arm64-cross
2026-10-03T11:00:01.1699465Z   liblsan0-arm64-cross libstdc++6-arm64-cross libtsan2-arm64-cross
2026-10-03T11:00:01.1699948Z   libubsan1-arm64-cross linux-libc-dev-arm64-cross llvm-runtime
2026-10-03T11:00:01.1700327Z Suggested packages:
2026-10-03T11:00:01.1700662Z   binutils-doc gcc-13-locales cpp-13-doc cpp-doc gcc-13-doc manpages-dev
2026-10-03T11:00:01.1701059Z   gdb-aarch64-linux-gnu gcc-doc
2026-10-03T11:00:01.1967525Z The following NEW packages will be installed:
2026-10-03T11:00:01.1968434Z   binutils-aarch64-linux-gnu clang cpp-13-aarch64-linux-gnu
2026-10-03T11:00:01.1969558Z   cpp-aarch64-linux-gnu gcc-13-aarch64-linux-gnu gcc-13-aarch64-linux-gnu-base
2026-10-03T11:00:01.1970687Z   gcc-13-cross-base gcc-14-cross-base gcc-aarch64-linux-gnu
2026-10-03T11:00:01.1971653Z   libasan8-arm64-cross libatomic1-arm64-cross libc6-arm64-cross
2026-10-03T11:00:01.1972737Z   libc6-dev-arm64-cross libgcc-13-dev-arm64-cross libgcc-s1-arm64-cross
2026-10-03T11:00:01.1974067Z   libgomp1-arm64-cross libhwasan0-arm64-cross libitm1-arm64-cross
2026-10-03T11:00:01.1975147Z   liblsan0-arm64-cross libstdc++6-arm64-cross libtsan2-arm64-cross
2026-10-03T11:00:01.1976247Z   libubsan1-arm64-cross linux-libc-dev-arm64-cross llvm llvm-runtime
2026-10-03T11:00:01.2148964Z 0 upgraded, 25 newly installed, 0 to remove and 25 not upgraded.
2026-10-03T11:00:01.2149680Z Need to get 45.2 MB of archives.
2026-10-03T11:00:01.2150273Z After this operation, 168 MB of additional disk space will be used.
2026-10-03T11:00:01.2150991Z Get:1 file:/etc/apt/apt-mirrors.txt Mirrorlist [144 B]
2026-10-03T11:00:01.3032252Z Get:2 http://azure.archive.ubuntu.com/ubuntu noble/universe amd64 clang amd64 1:18.0-59~exp2 [5846 B]
2026-10-03T11:00:01.3751738Z Get:3 http://azure.archive.ubuntu.com/ubuntu noble-updates/main amd64 gcc-13-aarch64-linux-gnu-base amd64 13.3.0-6ubuntu2~24.04.1cross1 [51.9 kB]
2026-10-03T11:00:01.5635791Z Get:4 http://azure.archive.ubuntu.com/ubuntu noble-updates/main amd64 cpp-13-aarch64-linux-gnu amd64 13.3.0-6ubuntu2~24.04.1cross1 [10.8 MB]
2026-10-03T11:00:02.2508908Z Get:5 http://azure.archive.ubuntu.com/ubuntu noble/main amd64 cpp-aarch64-linux-gnu amd64 4:13.2.0-7ubuntu1 [5332 B]
2026-10-03T11:00:02.3228812Z Get:6 http://azure.archive.ubuntu.com/ubuntu noble-updates/main amd64 binutils-aarch64-linux-gnu amd64 2.42-4ubuntu2.10 [3711 kB]
2026-10-03T11:00:02.4698668Z Get:7 http://azure.archive.ubuntu.com/ubuntu noble-updates/main amd64 gcc-13-cross-base all 13.3.0-6ubuntu2~24.04.1cross1 [46.5 kB]
2026-10-03T11:00:02.5448963Z Get:8 http://azure.archive.ubuntu.com/ubuntu noble-updates/main amd64 gcc-14-cross-base all 14.2.0-4ubuntu2~24.04.1cross1 [46.1 kB]
2026-10-03T11:00:02.6167219Z Get:9 http://azure.archive.ubuntu.com/ubuntu noble/main amd64 libc6-arm64-cross all 2.39-0ubuntu8cross1 [1197 kB]
2026-10-03T11:00:02.6974309Z Get:10 http://azure.archive.ubuntu.com/ubuntu noble-updates/main amd64 libgcc-s1-arm64-cross all 14.2.0-4ubuntu2~24.04.1cross1 [61.9 kB]
2026-10-03T11:00:02.7692556Z Get:11 http://azure.archive.ubuntu.com/ubuntu noble-updates/main amd64 libgomp1-arm64-cross all 14.2.0-4ubuntu2~24.04.1cross1 [110 kB]
2026-10-03T11:00:02.8413651Z Get:12 http://azure.archive.ubuntu.com/ubuntu noble-updates/main amd64 libitm1-arm64-cross all 14.2.0-4ubuntu2~24.04.1cross1 [31.1 kB]
2026-10-03T11:00:02.9130105Z Get:13 http://azure.archive.ubuntu.com/ubuntu noble-updates/main amd64 libatomic1-arm64-cross all 14.2.0-4ubuntu2~24.04.1cross1 [11.5 kB]
2026-10-03T11:00:02.9845674Z Get:14 http://azure.archive.ubuntu.com/ubuntu noble-updates/main amd64 libasan8-arm64-cross all 14.2.0-4ubuntu2~24.04.1cross1 [524 kB]
2026-10-03T11:00:03.0595583Z Get:15 http://azure.archive.ubuntu.com/ubuntu noble-updates/main amd64 liblsan0-arm64-cross all 14.2.0-4ubuntu2~24.04.1cross1 [238 kB]
2026-10-03T11:00:03.1325609Z Get:16 http://azure.archive.ubuntu.com/ubuntu noble-updates/main amd64 libtsan2-arm64-cross all 14.2.0-4ubuntu2~24.04.1cross1 [500 kB]
2026-10-03T11:00:03.2073001Z Get:17 http://azure.archive.ubuntu.com/ubuntu noble-updates/main amd64 libstdc++6-arm64-cross all 14.2.0-4ubuntu2~24.04.1cross1 [659 kB]
2026-10-03T11:00:03.2833171Z Get:18 http://azure.archive.ubuntu.com/ubuntu noble-updates/main amd64 libubsan1-arm64-cross all 14.2.0-4ubuntu2~24.04.1cross1 [219 kB]
2026-10-03T11:00:03.3562293Z Get:19 http://azure.archive.ubuntu.com/ubuntu noble-updates/main amd64 libhwasan0-arm64-cross all 14.2.0-4ubuntu2~24.04.1cross1 [304 kB]
2026-10-03T11:00:03.4295266Z Get:20 http://azure.archive.ubuntu.com/ubuntu noble-updates/main amd64 libgcc-13-dev-arm64-cross all 13.3.0-6ubuntu2~24.04.1cross1 [2616 kB]
2026-10-03T11:00:03.5213058Z Get:21 http://azure.archive.ubuntu.com/ubuntu noble-updates/main amd64 gcc-13-aarch64-linux-gnu amd64 13.3.0-6ubuntu2~24.04.1cross1 [21.1 MB]
2026-10-03T11:00:04.0746356Z Get:22 http://azure.archive.ubuntu.com/ubuntu noble/main amd64 gcc-aarch64-linux-gnu amd64 4:13.2.0-7ubuntu1 [1210 B]
2026-10-03T11:00:04.1469393Z Get:23 http://azure.archive.ubuntu.com/ubuntu noble/universe amd64 llvm-runtime amd64 1:18.0-59~exp2 [5496 B]
2026-10-03T11:00:04.2193360Z Get:24 http://azure.archive.ubuntu.com/ubuntu noble/universe amd64 llvm amd64 1:18.0-59~exp2 [4146 B]
2026-10-03T11:00:04.2918139Z Get:25 http://azure.archive.ubuntu.com/ubuntu noble/main amd64 linux-libc-dev-arm64-cross all 6.8.0-25.25cross1 [1375 kB]
2026-10-03T11:00:04.3757713Z Get:26 http://azure.archive.ubuntu.com/ubuntu noble/main amd64 libc6-dev-arm64-cross all 2.39-0ubuntu8cross1 [1629 kB]
2026-10-03T11:00:04.6474560Z Fetched 45.2 MB in 3s (14.2 MB/s)
2026-10-03T11:00:04.6712085Z Selecting previously unselected package clang.
2026-10-03T11:00:04.6975213Z (Reading database ... 
2026-10-03T11:00:04.6975894Z (Reading database ... 5%
2026-10-03T11:00:04.6976567Z (Reading database ... 10%
2026-10-03T11:00:04.6977068Z (Reading database ... 15%
2026-10-03T11:00:04.6977469Z (Reading database ... 20%
2026-10-03T11:00:04.6977867Z (Reading database ... 25%
2026-10-03T11:00:04.6978272Z (Reading database ... 30%
2026-10-03T11:00:04.6978684Z (Reading database ... 35%
2026-10-03T11:00:04.6979082Z (Reading database ... 40%
2026-10-03T11:00:04.6979479Z (Reading database ... 45%
2026-10-03T11:00:04.6980428Z (Reading database ... 50%
2026-10-03T11:00:04.7017555Z (Reading database ... 55%
2026-10-03T11:00:04.8417507Z (Reading database ... 60%
2026-10-03T11:00:05.0455308Z (Reading database ... 65%
2026-10-03T11:00:05.2518554Z (Reading database ... 70%
2026-10-03T11:00:05.4557525Z (Reading database ... 75%
2026-10-03T11:00:05.5950159Z (Reading database ... 80%
2026-10-03T11:00:05.8441905Z (Reading database ... 85%
2026-10-03T11:00:06.0379837Z (Reading database ... 90%
2026-10-03T11:00:06.2042546Z (Reading database ... 95%
2026-10-03T11:00:06.2043275Z (Reading database ... 100%
2026-10-03T11:00:06.2044648Z (Reading database ... 202296 files and directories currently installed.)
2026-10-03T11:00:06.2086905Z Preparing to unpack .../00-clang_1%3a18.0-59~exp2_amd64.deb ...
2026-10-03T11:00:06.2111065Z Unpacking clang (1:18.0-59~exp2) ...
2026-10-03T11:00:06.2355461Z Selecting previously unselected package gcc-13-aarch64-linux-gnu-base:amd64.
2026-10-03T11:00:06.2477886Z Preparing to unpack .../01-gcc-13-aarch64-linux-gnu-base_13.3.0-6ubuntu2~24.04.1cross1_amd64.deb ...
2026-10-03T11:00:06.2484488Z Unpacking gcc-13-aarch64-linux-gnu-base:amd64 (13.3.0-6ubuntu2~24.04.1cross1) ...
2026-10-03T11:00:06.2696176Z Selecting previously unselected package cpp-13-aarch64-linux-gnu.
2026-10-03T11:00:06.2820086Z Preparing to unpack .../02-cpp-13-aarch64-linux-gnu_13.3.0-6ubuntu2~24.04.1cross1_amd64.deb ...
2026-10-03T11:00:06.2850082Z Unpacking cpp-13-aarch64-linux-gnu (13.3.0-6ubuntu2~24.04.1cross1) ...
2026-10-03T11:00:06.4194189Z Selecting previously unselected package cpp-aarch64-linux-gnu.
2026-10-03T11:00:06.4321691Z Preparing to unpack .../03-cpp-aarch64-linux-gnu_4%3a13.2.0-7ubuntu1_amd64.deb ...
2026-10-03T11:00:06.4327968Z Unpacking cpp-aarch64-linux-gnu (4:13.2.0-7ubuntu1) ...
2026-10-03T11:00:06.4556493Z Selecting previously unselected package binutils-aarch64-linux-gnu.
2026-10-03T11:00:06.4683575Z Preparing to unpack .../04-binutils-aarch64-linux-gnu_2.42-4ubuntu2.10_amd64.deb ...
2026-10-03T11:00:06.4700117Z Unpacking binutils-aarch64-linux-gnu (2.42-4ubuntu2.10) ...
2026-10-03T11:00:06.6025901Z Selecting previously unselected package gcc-13-cross-base.
2026-10-03T11:00:06.6155584Z Preparing to unpack .../05-gcc-13-cross-base_13.3.0-6ubuntu2~24.04.1cross1_all.deb ...
2026-10-03T11:00:06.6163129Z Unpacking gcc-13-cross-base (13.3.0-6ubuntu2~24.04.1cross1) ...
2026-10-03T11:00:06.6348630Z Selecting previously unselected package gcc-14-cross-base.
2026-10-03T11:00:06.6476947Z Preparing to unpack .../06-gcc-14-cross-base_14.2.0-4ubuntu2~24.04.1cross1_all.deb ...
2026-10-03T11:00:06.6485207Z Unpacking gcc-14-cross-base (14.2.0-4ubuntu2~24.04.1cross1) ...
2026-10-03T11:00:06.6675719Z Selecting previously unselected package libc6-arm64-cross.
2026-10-03T11:00:06.6805097Z Preparing to unpack .../07-libc6-arm64-cross_2.39-0ubuntu8cross1_all.deb ...
2026-10-03T11:00:06.6812493Z Unpacking libc6-arm64-cross (2.39-0ubuntu8cross1) ...
2026-10-03T11:00:06.7160913Z Selecting previously unselected package libgcc-s1-arm64-cross.
2026-10-03T11:00:06.7291226Z Preparing to unpack .../08-libgcc-s1-arm64-cross_14.2.0-4ubuntu2~24.04.1cross1_all.deb ...
2026-10-03T11:00:06.7297938Z Unpacking libgcc-s1-arm64-cross (14.2.0-4ubuntu2~24.04.1cross1) ...
2026-10-03T11:00:06.7480834Z Selecting previously unselected package libgomp1-arm64-cross.
2026-10-03T11:00:06.7611160Z Preparing to unpack .../09-libgomp1-arm64-cross_14.2.0-4ubuntu2~24.04.1cross1_all.deb ...
2026-10-03T11:00:06.7617961Z Unpacking libgomp1-arm64-cross (14.2.0-4ubuntu2~24.04.1cross1) ...
2026-10-03T11:00:06.7856121Z Selecting previously unselected package libitm1-arm64-cross.
2026-10-03T11:00:06.7991635Z Preparing to unpack .../10-libitm1-arm64-cross_14.2.0-4ubuntu2~24.04.1cross1_all.deb ...
2026-10-03T11:00:06.8011814Z Unpacking libitm1-arm64-cross (14.2.0-4ubuntu2~24.04.1cross1) ...
2026-10-03T11:00:06.8232140Z Selecting previously unselected package libatomic1-arm64-cross.
2026-10-03T11:00:06.8376687Z Preparing to unpack .../11-libatomic1-arm64-cross_14.2.0-4ubuntu2~24.04.1cross1_all.deb ...
2026-10-03T11:00:06.8388648Z Unpacking libatomic1-arm64-cross (14.2.0-4ubuntu2~24.04.1cross1) ...
2026-10-03T11:00:06.8779366Z Selecting previously unselected package libasan8-arm64-cross.
2026-10-03T11:00:06.8920379Z Preparing to unpack .../12-libasan8-arm64-cross_14.2.0-4ubuntu2~24.04.1cross1_all.deb ...
2026-10-03T11:00:06.8935525Z Unpacking libasan8-arm64-cross (14.2.0-4ubuntu2~24.04.1cross1) ...
2026-10-03T11:00:06.9285028Z Selecting previously unselected package liblsan0-arm64-cross.
2026-10-03T11:00:06.9418834Z Preparing to unpack .../13-liblsan0-arm64-cross_14.2.0-4ubuntu2~24.04.1cross1_all.deb ...
2026-10-03T11:00:06.9435520Z Unpacking liblsan0-arm64-cross (14.2.0-4ubuntu2~24.04.1cross1) ...
2026-10-03T11:00:06.9724638Z Selecting previously unselected package libtsan2-arm64-cross.
2026-10-03T11:00:06.9896193Z Preparing to unpack .../14-libtsan2-arm64-cross_14.2.0-4ubuntu2~24.04.1cross1_all.deb ...
2026-10-03T11:00:07.3936521Z Unpacking libtsan2-arm64-cross (14.2.0-4ubuntu2~24.04.1cross1) ...
2026-10-03T11:00:08.3395102Z Selecting previously unselected package libstdc++6-arm64-cross.
2026-10-03T11:00:08.3526857Z Preparing to unpack .../15-libstdc++6-arm64-cross_14.2.0-4ubuntu2~24.04.1cross1_all.deb ...
2026-10-03T11:00:08.4491398Z Unpacking libstdc++6-arm64-cross (14.2.0-4ubuntu2~24.04.1cross1) ...
2026-10-03T11:00:08.5609297Z Selecting previously unselected package libubsan1-arm64-cross.
2026-10-03T11:00:08.5738954Z Preparing to unpack .../16-libubsan1-arm64-cross_14.2.0-4ubuntu2~24.04.1cross1_all.deb ...
2026-10-03T11:00:08.5746566Z Unpacking libubsan1-arm64-cross (14.2.0-4ubuntu2~24.04.1cross1) ...
2026-10-03T11:00:08.5972962Z Selecting previously unselected package libhwasan0-arm64-cross.
2026-10-03T11:00:08.6102122Z Preparing to unpack .../17-libhwasan0-arm64-cross_14.2.0-4ubuntu2~24.04.1cross1_all.deb ...
2026-10-03T11:00:08.6109975Z Unpacking libhwasan0-arm64-cross (14.2.0-4ubuntu2~24.04.1cross1) ...
2026-10-03T11:00:08.6360569Z Selecting previously unselected package libgcc-13-dev-arm64-cross.
2026-10-03T11:00:08.6490056Z Preparing to unpack .../18-libgcc-13-dev-arm64-cross_13.3.0-6ubuntu2~24.04.1cross1_all.deb ...
2026-10-03T11:00:08.6497970Z Unpacking libgcc-13-dev-arm64-cross (13.3.0-6ubuntu2~24.04.1cross1) ...
2026-10-03T11:00:08.7398011Z Selecting previously unselected package gcc-13-aarch64-linux-gnu.
2026-10-03T11:00:08.7526460Z Preparing to unpack .../19-gcc-13-aarch64-linux-gnu_13.3.0-6ubuntu2~24.04.1cross1_amd64.deb ...
2026-10-03T11:00:08.7554749Z Unpacking gcc-13-aarch64-linux-gnu (13.3.0-6ubuntu2~24.04.1cross1) ...
2026-10-03T11:00:09.0070562Z Selecting previously unselected package gcc-aarch64-linux-gnu.
2026-10-03T11:00:09.0200486Z Preparing to unpack .../20-gcc-aarch64-linux-gnu_4%3a13.2.0-7ubuntu1_amd64.deb ...
2026-10-03T11:00:09.0207693Z Unpacking gcc-aarch64-linux-gnu (4:13.2.0-7ubuntu1) ...
2026-10-03T11:00:09.0400951Z Selecting previously unselected package llvm-runtime:amd64.
2026-10-03T11:00:09.0530153Z Preparing to unpack .../21-llvm-runtime_1%3a18.0-59~exp2_amd64.deb ...
2026-10-03T11:00:09.0540161Z Unpacking llvm-runtime:amd64 (1:18.0-59~exp2) ...
2026-10-03T11:00:09.0732766Z Selecting previously unselected package llvm.
2026-10-03T11:00:09.0859001Z Preparing to unpack .../22-llvm_1%3a18.0-59~exp2_amd64.deb ...
2026-10-03T11:00:09.0889718Z Unpacking llvm (1:18.0-59~exp2) ...
2026-10-03T11:00:09.1164451Z Selecting previously unselected package linux-libc-dev-arm64-cross.
2026-10-03T11:00:09.1291826Z Preparing to unpack .../23-linux-libc-dev-arm64-cross_6.8.0-25.25cross1_all.deb ...
2026-10-03T11:00:09.1298810Z Unpacking linux-libc-dev-arm64-cross (6.8.0-25.25cross1) ...
2026-10-03T11:00:09.2978719Z Selecting previously unselected package libc6-dev-arm64-cross.
2026-10-03T11:00:09.3110516Z Preparing to unpack .../24-libc6-dev-arm64-cross_2.39-0ubuntu8cross1_all.deb ...
2026-10-03T11:00:09.3129012Z Unpacking libc6-dev-arm64-cross (2.39-0ubuntu8cross1) ...
2026-10-03T11:00:09.4468012Z Setting up binutils-aarch64-linux-gnu (2.42-4ubuntu2.10) ...
2026-10-03T11:00:09.4496371Z Setting up gcc-14-cross-base (14.2.0-4ubuntu2~24.04.1cross1) ...
2026-10-03T11:00:09.4513578Z Setting up clang (1:18.0-59~exp2) ...
2026-10-03T11:00:09.4706266Z Setting up gcc-13-cross-base (13.3.0-6ubuntu2~24.04.1cross1) ...
2026-10-03T11:00:09.4724100Z Setting up llvm-runtime:amd64 (1:18.0-59~exp2) ...
2026-10-03T11:00:09.4741098Z Setting up libc6-arm64-cross (2.39-0ubuntu8cross1) ...
2026-10-03T11:00:09.4759149Z Setting up llvm (1:18.0-59~exp2) ...
2026-10-03T11:00:09.4775354Z Setting up libitm1-arm64-cross (14.2.0-4ubuntu2~24.04.1cross1) ...
2026-10-03T11:00:09.4792497Z Setting up linux-libc-dev-arm64-cross (6.8.0-25.25cross1) ...
2026-10-03T11:00:09.4812828Z Setting up gcc-13-aarch64-linux-gnu-base:amd64 (13.3.0-6ubuntu2~24.04.1cross1) ...
2026-10-03T11:00:09.4829239Z Setting up libgcc-s1-arm64-cross (14.2.0-4ubuntu2~24.04.1cross1) ...
2026-10-03T11:00:09.4844964Z Setting up libatomic1-arm64-cross (14.2.0-4ubuntu2~24.04.1cross1) ...
2026-10-03T11:00:09.4860205Z Setting up liblsan0-arm64-cross (14.2.0-4ubuntu2~24.04.1cross1) ...
2026-10-03T11:00:09.4876642Z Setting up libgomp1-arm64-cross (14.2.0-4ubuntu2~24.04.1cross1) ...
2026-10-03T11:00:09.4893124Z Setting up cpp-13-aarch64-linux-gnu (13.3.0-6ubuntu2~24.04.1cross1) ...
2026-10-03T11:00:09.4909955Z Setting up libhwasan0-arm64-cross (14.2.0-4ubuntu2~24.04.1cross1) ...
2026-10-03T11:00:09.4926059Z Setting up libc6-dev-arm64-cross (2.39-0ubuntu8cross1) ...
2026-10-03T11:00:09.4941765Z Setting up libstdc++6-arm64-cross (14.2.0-4ubuntu2~24.04.1cross1) ...
2026-10-03T11:00:09.4959823Z Setting up cpp-aarch64-linux-gnu (4:13.2.0-7ubuntu1) ...
2026-10-03T11:00:09.4978182Z Setting up libasan8-arm64-cross (14.2.0-4ubuntu2~24.04.1cross1) ...
2026-10-03T11:00:09.4994702Z Setting up libtsan2-arm64-cross (14.2.0-4ubuntu2~24.04.1cross1) ...
2026-10-03T11:00:09.5011700Z Setting up libubsan1-arm64-cross (14.2.0-4ubuntu2~24.04.1cross1) ...
2026-10-03T11:00:09.5027735Z Setting up libgcc-13-dev-arm64-cross (13.3.0-6ubuntu2~24.04.1cross1) ...
2026-10-03T11:00:09.5043490Z Setting up gcc-13-aarch64-linux-gnu (13.3.0-6ubuntu2~24.04.1cross1) ...
2026-10-03T11:00:09.5061287Z Setting up gcc-aarch64-linux-gnu (4:13.2.0-7ubuntu1) ...
2026-10-03T11:00:09.5082728Z Processing triggers for man-db (2.12.0-4build2) ...
2026-10-03T11:00:09.5104972Z Not building database; man-db/auto-update is not 'true'.
2026-10-03T11:00:09.5116114Z Processing triggers for libc-bin (2.39-0ubuntu8.9) ...
2026-10-03T11:00:11.2825677Z 
2026-10-03T11:00:11.2826378Z Running kernel seems to be up-to-date.
2026-10-03T11:00:11.2826803Z 
2026-10-03T11:00:11.2827009Z No services need to be restarted.
2026-10-03T11:00:11.2827385Z 
2026-10-03T11:00:11.2827592Z No containers need to be restarted.
2026-10-03T11:00:11.2827948Z 
2026-10-03T11:00:11.2828200Z No user sessions are running outdated binaries.
2026-10-03T11:00:11.2828643Z 
2026-10-03T11:00:11.2829033Z No VM guests are running outdated hypervisor (qemu) binaries on this host.
2026-10-03T11:00:12.1361243Z ##[group]Run make simd-asm SIMD_ASM_ARGS="--config aarch64 --jobs 1 --report target/asm-reports/aarch64.json"
2026-10-03T11:00:12.1362082Z [36;1mmake simd-asm SIMD_ASM_ARGS="--config aarch64 --jobs 1 --report target/asm-reports/aarch64.json"[0m
2026-10-03T11:00:12.1427878Z shell: /usr/bin/bash -e {0}
2026-10-03T11:00:12.1428139Z env:
2026-10-03T11:00:12.1428355Z   CARGO_HOME: /home/runner/.cargo
2026-10-03T11:00:12.1428632Z   CARGO_INCREMENTAL: 0
2026-10-03T11:00:12.1428865Z   CARGO_TERM_COLOR: always
2026-10-03T11:00:12.1429096Z ##[endgroup]
2026-10-03T11:00:12.2322758Z python3 scripts/check-simd-asm.py --doc --config aarch64 --jobs 1 --report target/asm-reports/aarch64.json
2026-10-03T11:00:13.7878927Z FAIL: bench `crates/sparql-algebra/benches/scope_checks.rs` has no row in the bench table
2026-10-03T11:00:13.8054713Z make: *** [Makefile:678: simd-asm] Error 1
2026-10-03T11:00:13.8071520Z ##[error]Process completed with exit code 2.
2026-10-03T11:00:13.8193386Z Post job cleanup.
2026-10-03T11:00:13.9064935Z [command]/usr/bin/git version
2026-10-03T11:00:13.9102648Z git version 2.55.0
2026-10-03T11:00:13.9139832Z Temporarily overriding HOME='/home/runner/work/_temp/5c2bb1f3-dd23-4f9f-9741-31ca8b38543c' before making global git config changes
2026-10-03T11:00:13.9141449Z Adding repository directory to the temporary git global config as a safe directory
2026-10-03T11:00:13.9146034Z [command]/usr/bin/git config --global --add safe.directory /home/runner/work/purrdf/purrdf
2026-10-03T11:00:13.9176382Z Removing SSH command configuration
2026-10-03T11:00:13.9182309Z [command]/usr/bin/git config --local --name-only --get-regexp core\.sshCommand
2026-10-03T11:00:13.9214843Z [command]/usr/bin/git submodule foreach --recursive sh -c "git config --local --name-only --get-regexp 'core\.sshCommand' && git config --local --unset-all 'core.sshCommand' || :"
2026-10-03T11:00:13.9445175Z Removing HTTP extra header
2026-10-03T11:00:13.9450070Z [command]/usr/bin/git config --local --name-only --get-regexp http\.https\:\/\/github\.com\/\.extraheader
2026-10-03T11:00:13.9482362Z [command]/usr/bin/git submodule foreach --recursive sh -c "git config --local --name-only --get-regexp 'http\.https\:\/\/github\.com\/\.extraheader' && git config --local --unset-all 'http.https://github.com/.extraheader' || :"
2026-10-03T11:00:13.9711627Z Removing includeIf entries pointing to credentials config files
2026-10-03T11:00:13.9717979Z [command]/usr/bin/git config --local --name-only --get-regexp ^includeIf\.gitdir:
2026-10-03T11:00:13.9749347Z [command]/usr/bin/git submodule foreach --recursive git config --local --show-origin --name-only --get-regexp remote.origin.url
2026-10-03T11:00:14.0111793Z Cleaning up orphan processes
2026-10-03T11:00:14.0416433Z ##[warning]Node.js 20 is deprecated. The following actions target Node.js 20 but are being forced to run on Node.js 24: actions/cache@0057852bfaa89a56745cba8c7296529d2fc39830. For more information see: https://github.blog/changelog/2025-09-19-deprecation-of-node-20-on-github-actions-runners/
