   Compiling purrdf-lex v3.0.1 (/home/paudley/Active/purrdf/.worktrees/475-benchmarks-replace-the-java-lubm/crates/lex)
   Compiling proc-macro2 v1.0.106
   Compiling unicode-ident v1.0.24
   Compiling quote v1.0.46
   Compiling utf8parse v0.2.2
   Compiling anstyle-query v1.1.5
   Compiling is_terminal_polyfill v1.70.2
   Compiling colorchoice v1.0.5
   Compiling anstyle-parse v1.0.0
   Compiling anstyle v1.0.14
   Compiling heck v0.5.0
   Compiling clap_lex v1.1.0
   Compiling strsim v0.11.1
   Compiling anstream v1.0.0
   Compiling purrdf-xsd v3.0.1 (/home/paudley/Active/purrdf/.worktrees/475-benchmarks-replace-the-java-lubm/crates/xsd)
   Compiling purrdf-iri v3.0.1 (/home/paudley/Active/purrdf/.worktrees/475-benchmarks-replace-the-java-lubm/crates/iri)
   Compiling clap_builder v4.6.0
   Compiling syn v2.0.118
   Compiling purrdf-cdt v3.0.1 (/home/paudley/Active/purrdf/.worktrees/475-benchmarks-replace-the-java-lubm/crates/cdt)
   Compiling purrdf-gts v3.0.1 (/home/paudley/Active/purrdf/.worktrees/475-benchmarks-replace-the-java-lubm/crates/gts)
   Compiling purrdf-core v3.0.1 (/home/paudley/Active/purrdf/.worktrees/475-benchmarks-replace-the-java-lubm/crates/rdf-core)
   Compiling purrdf-sparql-algebra v3.0.1 (/home/paudley/Active/purrdf/.worktrees/475-benchmarks-replace-the-java-lubm/crates/sparql-algebra)
   Compiling clap_derive v4.6.1
   Compiling clap v4.6.1
   Compiling purrdf-sparql-results v3.0.1 (/home/paudley/Active/purrdf/.worktrees/475-benchmarks-replace-the-java-lubm/crates/sparql-results)
   Compiling purrdf-datalog v3.0.1 (/home/paudley/Active/purrdf/.worktrees/475-benchmarks-replace-the-java-lubm/crates/datalog)
   Compiling purrdf-shex v3.0.1 (/home/paudley/Active/purrdf/.worktrees/475-benchmarks-replace-the-java-lubm/crates/shex)
   Compiling purrdf-markdown v3.0.1 (/home/paudley/Active/purrdf/.worktrees/475-benchmarks-replace-the-java-lubm/crates/markdown)
   Compiling purrdf-columnar v3.0.1 (/home/paudley/Active/purrdf/.worktrees/475-benchmarks-replace-the-java-lubm/crates/columnar)
   Compiling purrdf-json v3.0.1 (/home/paudley/Active/purrdf/.worktrees/475-benchmarks-replace-the-java-lubm/crates/json)
   Compiling purrdf-sparql-eval v3.0.1 (/home/paudley/Active/purrdf/.worktrees/475-benchmarks-replace-the-java-lubm/crates/sparql-eval)
   Compiling purrdf-entail v3.0.1 (/home/paudley/Active/purrdf/.worktrees/475-benchmarks-replace-the-java-lubm/crates/entail)
   Compiling purrdf-rdf v3.0.1 (/home/paudley/Active/purrdf/.worktrees/475-benchmarks-replace-the-java-lubm/crates/rdf)
   Compiling purrdf-text v3.0.1 (/home/paudley/Active/purrdf/.worktrees/475-benchmarks-replace-the-java-lubm/crates/text)
   Compiling purrdf-geo v3.0.1 (/home/paudley/Active/purrdf/.worktrees/475-benchmarks-replace-the-java-lubm/crates/geo)
   Compiling purrdf-hnsw v3.0.1 (/home/paudley/Active/purrdf/.worktrees/475-benchmarks-replace-the-java-lubm/crates/hnsw)
   Compiling purrdf-retrieval v3.0.1 (/home/paudley/Active/purrdf/.worktrees/475-benchmarks-replace-the-java-lubm/crates/retrieval)
   Compiling purrdf-slice v3.0.1 (/home/paudley/Active/purrdf/.worktrees/475-benchmarks-replace-the-java-lubm/crates/slice)
   Compiling purrdf-shapes v3.0.1 (/home/paudley/Active/purrdf/.worktrees/475-benchmarks-replace-the-java-lubm/crates/shapes)
   Compiling purrdf-validate v3.0.1 (/home/paudley/Active/purrdf/.worktrees/475-benchmarks-replace-the-java-lubm/crates/validate)
   Compiling purrdf v3.0.1 (/home/paudley/Active/purrdf/.worktrees/475-benchmarks-replace-the-java-lubm/crates/purrdf)
   Compiling purrdf-cli v3.0.1 (/home/paudley/Active/purrdf/.worktrees/475-benchmarks-replace-the-java-lubm/crates/cli)
    Finished `release` profile [optimized] target(s) in 2m 22s
