    Checking purrdf-bench v3.0.1 (/home/paudley/Active/purrdf/.worktrees/475-benchmarks-replace-the-java-lubm/crates/bench)
error: this `if` statement can be collapsed
  --> crates/bench/src/lubm_check_main.rs:15:9
   |
15 | /         if string("reason") == Some("compiler-artifact")
16 | |             && record
17 | |                 .get("target")
18 | |                 .and_then(|target| target.get("name"))
...  |
26 | |         }
   | |_________^
   |
   = help: for further information visit https://rust-lang.github.io/rust-clippy/main/index.html#collapsible_if
   = note: `-D clippy::collapsible-if` implied by `-D warnings`
   = help: to override `-D warnings` add `#[allow(clippy::collapsible_if)]`
help: collapse nested if block
   |
21 ~             && let Some(path) = string("executable")
22 ~             && executable.replace(path.to_string()).is_some() {
23 |                 return Err(format!("duplicate Cargo executable artifact for {name}"));
24 ~             }
   |

error: could not compile `purrdf-bench` (bin "lubm-check") due to 1 previous error
warning: build failed, waiting for other jobs to finish...
error: could not compile `purrdf-bench` (bin "lubm-check" test) due to 1 previous error
