    Checking purrdf-bench v3.0.1 (/home/paudley/Active/purrdf/.worktrees/475-benchmarks-replace-the-java-lubm/crates/bench)
error: items after a test module
   --> crates/bench/src/lubm/mod.rs:126:1
    |
126 | mod tests {
    | ^^^^^^^^^
...
171 | fn identity(name: &str, text: &str) -> Result<(), String> {
    | ^^^^^^^^^^^^^^^^^^^^^^^^^^^^^^^^^^^^^^^^^^^^^^^^^^^^^^^^^
    |
    = help: for further information visit https://rust-lang.github.io/rust-clippy/main/index.html#items_after_test_module
    = note: `-D clippy::items-after-test-module` implied by `-D warnings`
    = help: to override `-D warnings` add `#[allow(clippy::items_after_test_module)]`
    = help: move the items to before the test module was defined

error: could not compile `purrdf-bench` (lib test) due to 1 previous error
warning: build failed, waiting for other jobs to finish...
error: used `assert!` to check that a value is not empty
   --> crates/bench/tests/lubm_check_cli.rs:152:9
    |
152 |         assert!(!acceptance.q14.is_empty());
    |         ^^^^^^^^^^^^^^^^^^^^^^^^^^^^^^^^^^^
    |
    = help: for further information visit https://rust-lang.github.io/rust-clippy/main/index.html#assert_is_empty
    = note: `-D clippy::assert-is-empty` implied by `-D warnings`
    = help: to override `-D warnings` add `#[allow(clippy::assert_is_empty)]`
help: use `assert_ne!` to show the value on failure
    |
152 -         assert!(!acceptance.q14.is_empty());
152 +         assert_ne!(acceptance.q14, [] as [std::string::String; 0]);
    |

error: could not compile `purrdf-bench` (test "lubm_check_cli") due to 1 previous error
