AGENTS.md: OK
Cargo.lock: OK
Makefile: OK
README.md: OK
README_zh.md: OK
crates/bench/Cargo.toml: OK
crates/bench/README.md: OK
crates/bench/src/lubm/mod.rs: OK
crates/bench/src/lubm_main.rs: OK
crates/bench/tests/lane_common_laws.rs: OK
crates/bench/tests/make_bench_lanes.rs: OK
docs/BENCHMARKS.md: OK
docs/design/purrdf-bench-lane-laws.md: OK
layers.toml: OK
scripts/benchmark-acquire.py: OK
scripts/lane-common.sh: OK
scripts/lubm-lane.sh: OK
scripts/lubm-queries.py: OK
crates/bench/src/lubm/check.rs: OK
crates/bench/src/lubm_check_main.rs: OK
crates/bench/tests/lubm_check_cli.rs: OK
