   Compiling purrdf-sparql-eval v3.0.1 (/home/paudley/Active/purrdf/.worktrees/401-update-transfers-preserve-rdf-1-2/crates/sparql-eval)
    Finished `test` profile [optimized] target(s) in 1.67s
     Running tests/cdt_query_blank_scope.rs (/opt/purrdf-401-qualification/build/debug/build/purrdf-sparql-eval/fdd1d59c776397ae/out/cdt_query_blank_scope-fdd1d59c776397ae)

running 12 tests
test a_blank_free_query_literal_keeps_its_lexical_form ... ok
test nesting_inside_a_query_literal_opens_no_new_scope ... ok
test a_composite_minted_from_bnode_reads_back_as_that_bnode ... ok
test a_composite_minted_from_a_dataset_blank_reads_back_as_that_blank ... ok
test distinct_labels_in_one_query_stay_distinct ... ok
test a_query_authored_map_blank_differs_from_the_datas_map_blank ... ok
test a_query_authored_list_blank_differs_from_the_datas_list_blank ... ok
test a_query_authored_blank_differs_from_a_bare_blank_in_the_data ... ok
test one_label_twice_in_one_query_literal_is_one_node ... ok
test the_datas_own_bare_and_embedded_labels_still_agree ... ok
test the_separation_holds_under_sameterm ... ok
test one_label_across_two_query_literals_is_one_node ... ok

test result: ok. 12 passed; 0 failed; 0 ignored; 0 measured; 0 filtered out; finished in 0.00s

     Running tests/governed_update.rs (/opt/purrdf-401-qualification/build/debug/build/purrdf-sparql-eval/2558aa37ca0e9991/out/governed_update-2558aa37ca0e9991)

running 26 tests
test a_parse_failure_is_an_error_not_an_exhausted_budget ... ok
test a_missing_host_seam_is_an_error_not_an_exhausted_budget ... ok
test a_remote_request_ceiling_bounds_load_before_the_fetch ... ok
test a_trip_inside_a_bulk_operation_still_leaves_the_store_byte_identical ... ok
test a_latched_stop_signal_stops_every_operation_kind_before_it_runs ... ok
test an_intermediate_cell_ceiling_bounds_update_staging_before_limit_plus_one ... ok
test a_where_clause_stops_on_the_fuel_ceiling_and_applies_nothing ... ok
test a_where_stopped_part_way_applies_none_of_the_mutation_it_had_computed ... ok
test an_intermediate_cell_ceiling_refuses_an_update_whose_where_would_breach_it ... ok
test a_where_clause_charges_exactly_as_the_same_pattern_in_a_select ... ok
test a_governed_update_over_triple_terms_charges_and_rolls_back ... ok
test a_governor_trip_inside_the_where_crosses_as_a_typed_governor_not_a_diagnostic ... ok
test graph_publication_observes_the_post_freeze_stop_before_assigning_the_arc ... ok
test load_is_not_issued_when_the_stop_signal_is_already_latched ... ok
test load_charges_for_the_document_it_ingests ... ok
test graph_publication_bulk_withdrawal_stops_between_empty_declarations ... ok
test an_ungoverned_update_is_the_execution_it_was_before_governors_existed ... ok
test load_is_not_issued_when_the_stop_signal_latches_at_the_host_seam ... ok
test load_silent_does_not_launder_a_governor_trip_into_a_noop_success ... ok
test every_mutating_operation_kind_charges_and_stops ... ok
test load_returning_after_cancellation_is_discarded_before_publication ... ok
test graph_silent_semantic_noops_do_not_suppress_cancellation_or_deadline ... ok
test the_answer_cap_does_not_bound_a_mutation ... ok
test update_governed_trip_leaves_the_store_byte_identical ... ok
test graph_metadata_does_not_reprice_transfer_fuel_or_publish_an_earlier_create_on_refusal ... ok
test insert_template_blank_reservations_trip_atomically_after_where_completes ... ok

test result: ok. 26 passed; 0 failed; 0 ignored; 0 measured; 0 filtered out; finished in 0.00s

     Running tests/update_graph_existence.rs (/opt/purrdf-401-qualification/build/debug/build/purrdf-sparql-eval/37665a2efce760ba/out/update_graph_existence-37665a2efce760ba)

running 16 tests
test create_graph_registers_nothing ... ok
test deleting_part_of_a_graph_keeps_it ... ok
test adding_an_empty_graph_creates_nothing ... ok
test clear_graph_is_drop_graph ... ok
test an_unrelated_insert_keeps_the_declared_empty_graphs ... ok
test copy_of_an_empty_source_removes_its_destination ... ok
test a_graph_repopulated_after_drop_in_the_same_request_exists ... ok
test a_no_op_update_keeps_every_graph_including_the_declared_empty_ones ... ok
test drop_graph_removes_a_populated_graph ... ok
test drop_graph_removes_a_declared_empty_graph ... ok
test drop_all_and_clear_all_remove_everything ... ok
test deleting_the_last_quad_of_a_graph_removes_it ... ok
test drop_named_and_clear_named_remove_every_named_graph_and_keep_the_default ... ok
test dropping_the_default_graph_keeps_every_named_graph ... ok
test dropping_a_missing_graph_succeeds_and_changes_nothing ... ok
test move_removes_its_source_graph ... ok

test result: ok. 16 passed; 0 failed; 0 ignored; 0 measured; 0 filtered out; finished in 0.00s

     Running tests/update_graph_modes.rs (/opt/purrdf-401-qualification/build/debug/build/purrdf-sparql-eval/67eb233951b1565c/out/update_graph_modes-67eb233951b1565c)

running 488 tests
test transfer/distinct/ADD/Absent/Absent/RememberEmpty/silent=false ... ok
test transfer/distinct/COPY/Absent/Absent/RememberEmpty/silent=false ... ok
test transfer/distinct/ADD/Absent/Absent/Implicit/silent=true ... ok
test transfer/distinct/MOVE/Absent/Absent/Implicit/silent=true ... ok
test transfer/distinct/COPY/Absent/Absent/Implicit/silent=false ... ok
test transfer/distinct/ADD/Absent/Absent/Implicit/silent=false ... ok
test transfer/distinct/MOVE/Absent/Absent/RememberEmpty/silent=false ... ok
test transfer/distinct/MOVE/Absent/Absent/Implicit/silent=false ... ok
test transfer/distinct/ADD/Absent/Empty/RememberEmpty/silent=false ... ok
test transfer/distinct/ADD/Absent/Absent/RememberEmpty/silent=true ... ok
test transfer/distinct/COPY/Absent/Absent/RememberEmpty/silent=true ... ok
test transfer/distinct/ADD/Absent/Empty/Implicit/silent=false ... ok
test transfer/distinct/COPY/Absent/Empty/RememberEmpty/silent=false ... ok
test transfer/distinct/ADD/Absent/Empty/Implicit/silent=true ... ok
test transfer/distinct/COPY/Absent/Absent/Implicit/silent=true ... ok
test transfer/distinct/ADD/Absent/Empty/RememberEmpty/silent=true ... ok
test transfer/distinct/MOVE/Absent/Absent/RememberEmpty/silent=true ... ok
test transfer/distinct/MOVE/Absent/Empty/RememberEmpty/silent=false ... ok
test transfer/distinct/COPY/Absent/Empty/Implicit/silent=true ... ok
test transfer/distinct/ADD/Absent/Populated/RememberEmpty/silent=false ... ok
test transfer/distinct/MOVE/Absent/Empty/Implicit/silent=false ... ok
test transfer/distinct/COPY/Absent/Empty/RememberEmpty/silent=true ... ok
test transfer/distinct/MOVE/Absent/Empty/Implicit/silent=true ... ok
test transfer/distinct/COPY/Absent/Empty/Implicit/silent=false ... ok
test transfer/distinct/COPY/Absent/Populated/RememberEmpty/silent=false ... ok
test transfer/distinct/MOVE/Absent/Empty/RememberEmpty/silent=true ... ok
test transfer/distinct/ADD/Absent/Populated/Implicit/silent=false ... ok
test transfer/distinct/ADD/Absent/Populated/Implicit/silent=true ... ok
test transfer/distinct/ADD/Absent/Populated/RememberEmpty/silent=true ... ok
test transfer/distinct/MOVE/Absent/Populated/RememberEmpty/silent=false ... ok
test transfer/distinct/COPY/Absent/Populated/Implicit/silent=true ... ok
test transfer/distinct/MOVE/Absent/Populated/Implicit/silent=false ... ok
test transfer/distinct/ADD/Absent/DefaultEmpty/RememberEmpty/silent=false ... ok
test transfer/distinct/MOVE/Absent/Populated/Implicit/silent=true ... ok
test transfer/distinct/MOVE/Absent/Populated/RememberEmpty/silent=true ... ok
test transfer/distinct/ADD/Absent/DefaultEmpty/Implicit/silent=false ... ok
test transfer/distinct/ADD/Absent/DefaultEmpty/Implicit/silent=true ... ok
test transfer/distinct/COPY/Absent/DefaultEmpty/RememberEmpty/silent=false ... ok
test transfer/distinct/COPY/Absent/Populated/RememberEmpty/silent=true ... ok
test transfer/distinct/MOVE/Absent/DefaultEmpty/RememberEmpty/silent=false ... ok
test transfer/distinct/COPY/Absent/Populated/Implicit/silent=false ... ok
test transfer/distinct/ADD/Absent/DefaultEmpty/RememberEmpty/silent=true ... ok
test transfer/distinct/COPY/Absent/DefaultEmpty/Implicit/silent=true ... ok
test transfer/distinct/COPY/Absent/DefaultEmpty/Implicit/silent=false ... ok
test transfer/distinct/ADD/Absent/DefaultPopulated/RememberEmpty/silent=false ... ok
test transfer/distinct/COPY/Absent/DefaultEmpty/RememberEmpty/silent=true ... ok
test transfer/distinct/MOVE/Absent/DefaultEmpty/Implicit/silent=false ... ok
test transfer/distinct/MOVE/Absent/DefaultEmpty/Implicit/silent=true ... ok
test transfer/distinct/COPY/Absent/DefaultPopulated/RememberEmpty/silent=false ... ok
test transfer/distinct/ADD/Absent/DefaultPopulated/Implicit/silent=false ... ok
test transfer/distinct/MOVE/Absent/DefaultEmpty/RememberEmpty/silent=true ... ok
test transfer/distinct/ADD/Absent/DefaultPopulated/Implicit/silent=true ... ok
test transfer/distinct/ADD/Absent/DefaultPopulated/RememberEmpty/silent=true ... ok
test transfer/distinct/MOVE/Absent/DefaultPopulated/RememberEmpty/silent=false ... ok
test transfer/distinct/COPY/Absent/DefaultPopulated/Implicit/silent=false ... ok
test transfer/distinct/COPY/Absent/DefaultPopulated/Implicit/silent=true ... ok
test transfer/distinct/COPY/Absent/DefaultPopulated/RememberEmpty/silent=true ... ok
test transfer/distinct/MOVE/Absent/DefaultPopulated/Implicit/silent=false ... ok
test transfer/distinct/MOVE/Absent/DefaultPopulated/RememberEmpty/silent=true ... ok
test transfer/distinct/MOVE/Absent/DefaultPopulated/Implicit/silent=true ... ok
test transfer/distinct/ADD/Empty/Absent/Implicit/silent=false ... ok
test transfer/distinct/ADD/Empty/Absent/RememberEmpty/silent=false ... ok
test transfer/distinct/COPY/Empty/Absent/Implicit/silent=false ... ok
test transfer/distinct/ADD/Empty/Absent/RememberEmpty/silent=true ... ok
test transfer/distinct/COPY/Empty/Absent/Implicit/silent=true ... ok
test transfer/distinct/ADD/Empty/Absent/Implicit/silent=true ... ok
test transfer/distinct/COPY/Empty/Absent/RememberEmpty/silent=false ... ok
test transfer/distinct/MOVE/Empty/Absent/Implicit/silent=false ... ok
test transfer/distinct/COPY/Empty/Absent/RememberEmpty/silent=true ... ok
test transfer/distinct/MOVE/Empty/Absent/Implicit/silent=true ... ok
test transfer/distinct/MOVE/Empty/Absent/RememberEmpty/silent=true ... ok
test transfer/distinct/MOVE/Empty/Absent/RememberEmpty/silent=false ... ok
test transfer/distinct/ADD/Empty/Empty/Implicit/silent=false ... ok
test transfer/distinct/ADD/Empty/Empty/Implicit/silent=true ... ok
test transfer/distinct/ADD/Empty/Empty/RememberEmpty/silent=false ... ok
test transfer/distinct/ADD/Empty/Empty/RememberEmpty/silent=true ... ok
test transfer/distinct/COPY/Empty/Empty/Implicit/silent=true ... ok
test transfer/distinct/COPY/Empty/Empty/Implicit/silent=false ... ok
test transfer/distinct/MOVE/Empty/Empty/Implicit/silent=false ... ok
test transfer/distinct/COPY/Empty/Empty/RememberEmpty/silent=false ... ok
test transfer/distinct/COPY/Empty/Empty/RememberEmpty/silent=true ... ok
test transfer/distinct/MOVE/Empty/Empty/Implicit/silent=true ... ok
test transfer/distinct/MOVE/Empty/Empty/RememberEmpty/silent=false ... ok
test transfer/distinct/MOVE/Empty/Empty/RememberEmpty/silent=true ... ok
test transfer/distinct/ADD/Empty/Populated/Implicit/silent=false ... ok
test transfer/distinct/ADD/Empty/Populated/RememberEmpty/silent=false ... ok
test transfer/distinct/ADD/Empty/Populated/RememberEmpty/silent=true ... ok
test transfer/distinct/COPY/Empty/Populated/Implicit/silent=false ... ok
test transfer/distinct/ADD/Empty/Populated/Implicit/silent=true ... ok
test transfer/distinct/COPY/Empty/Populated/Implicit/silent=true ... ok
test transfer/distinct/COPY/Empty/Populated/RememberEmpty/silent=false ... ok
test transfer/distinct/MOVE/Empty/Populated/Implicit/silent=false ... ok
test transfer/distinct/COPY/Empty/Populated/RememberEmpty/silent=true ... ok
test transfer/distinct/MOVE/Empty/Populated/Implicit/silent=true ... ok
test transfer/distinct/MOVE/Empty/Populated/RememberEmpty/silent=true ... ok
test transfer/distinct/ADD/Empty/DefaultEmpty/Implicit/silent=false ... ok
test transfer/distinct/MOVE/Empty/Populated/RememberEmpty/silent=false ... ok
test transfer/distinct/ADD/Empty/DefaultEmpty/Implicit/silent=true ... ok
test transfer/distinct/ADD/Empty/DefaultEmpty/RememberEmpty/silent=false ... ok
test transfer/distinct/ADD/Empty/DefaultEmpty/RememberEmpty/silent=true ... ok
test transfer/distinct/COPY/Empty/DefaultEmpty/Implicit/silent=false ... ok
test transfer/distinct/COPY/Empty/DefaultEmpty/Implicit/silent=true ... ok
test transfer/distinct/COPY/Empty/DefaultEmpty/RememberEmpty/silent=false ... ok
test transfer/distinct/COPY/Empty/DefaultEmpty/RememberEmpty/silent=true ... ok
test transfer/distinct/MOVE/Empty/DefaultEmpty/Implicit/silent=true ... ok
test transfer/distinct/MOVE/Empty/DefaultEmpty/Implicit/silent=false ... ok
test transfer/distinct/MOVE/Empty/DefaultEmpty/RememberEmpty/silent=false ... ok
test transfer/distinct/MOVE/Empty/DefaultEmpty/RememberEmpty/silent=true ... ok
test transfer/distinct/ADD/Empty/DefaultPopulated/Implicit/silent=false ... ok
test transfer/distinct/ADD/Empty/DefaultPopulated/Implicit/silent=true ... ok
test transfer/distinct/ADD/Empty/DefaultPopulated/RememberEmpty/silent=false ... ok
test transfer/distinct/ADD/Empty/DefaultPopulated/RememberEmpty/silent=true ... ok
test transfer/distinct/COPY/Empty/DefaultPopulated/Implicit/silent=false ... ok
test transfer/distinct/COPY/Empty/DefaultPopulated/Implicit/silent=true ... ok
test transfer/distinct/COPY/Empty/DefaultPopulated/RememberEmpty/silent=true ... ok
test transfer/distinct/COPY/Empty/DefaultPopulated/RememberEmpty/silent=false ... ok
test transfer/distinct/MOVE/Empty/DefaultPopulated/Implicit/silent=false ... ok
test transfer/distinct/MOVE/Empty/DefaultPopulated/Implicit/silent=true ... ok
test transfer/distinct/MOVE/Empty/DefaultPopulated/RememberEmpty/silent=false ... ok
test transfer/distinct/MOVE/Empty/DefaultPopulated/RememberEmpty/silent=true ... ok
test transfer/distinct/ADD/Populated/Absent/Implicit/silent=false ... ok
test transfer/distinct/ADD/Populated/Absent/Implicit/silent=true ... ok
test transfer/distinct/ADD/Populated/Absent/RememberEmpty/silent=false ... ok
test transfer/distinct/ADD/Populated/Absent/RememberEmpty/silent=true ... ok
test transfer/distinct/COPY/Populated/Absent/Implicit/silent=true ... ok
test transfer/distinct/COPY/Populated/Absent/Implicit/silent=false ... ok
test transfer/distinct/COPY/Populated/Absent/RememberEmpty/silent=false ... ok
test transfer/distinct/COPY/Populated/Absent/RememberEmpty/silent=true ... ok
test transfer/distinct/MOVE/Populated/Absent/Implicit/silent=false ... ok
test transfer/distinct/MOVE/Populated/Absent/Implicit/silent=true ... ok
test transfer/distinct/MOVE/Populated/Absent/RememberEmpty/silent=false ... ok
test transfer/distinct/MOVE/Populated/Absent/RememberEmpty/silent=true ... ok
test transfer/distinct/ADD/Populated/Empty/Implicit/silent=false ... ok
test transfer/distinct/ADD/Populated/Empty/Implicit/silent=true ... ok
test transfer/distinct/ADD/Populated/Empty/RememberEmpty/silent=false ... ok
test transfer/distinct/ADD/Populated/Empty/RememberEmpty/silent=true ... ok
test transfer/distinct/COPY/Populated/Empty/Implicit/silent=false ... ok
test transfer/distinct/COPY/Populated/Empty/RememberEmpty/silent=false ... ok
test transfer/distinct/COPY/Populated/Empty/Implicit/silent=true ... ok
test transfer/distinct/COPY/Populated/Empty/RememberEmpty/silent=true ... ok
test transfer/distinct/MOVE/Populated/Empty/Implicit/silent=false ... ok
test transfer/distinct/MOVE/Populated/Empty/Implicit/silent=true ... ok
test transfer/distinct/MOVE/Populated/Empty/RememberEmpty/silent=false ... ok
test transfer/distinct/MOVE/Populated/Empty/RememberEmpty/silent=true ... ok
test transfer/distinct/ADD/Populated/Populated/Implicit/silent=true ... ok
test transfer/distinct/ADD/Populated/Populated/Implicit/silent=false ... ok
test transfer/distinct/ADD/Populated/Populated/RememberEmpty/silent=false ... ok
test transfer/distinct/ADD/Populated/Populated/RememberEmpty/silent=true ... ok
test transfer/distinct/COPY/Populated/Populated/Implicit/silent=false ... ok
test transfer/distinct/COPY/Populated/Populated/Implicit/silent=true ... ok
test transfer/distinct/COPY/Populated/Populated/RememberEmpty/silent=false ... ok
test transfer/distinct/COPY/Populated/Populated/RememberEmpty/silent=true ... ok
test transfer/distinct/MOVE/Populated/Populated/Implicit/silent=false ... ok
test transfer/distinct/MOVE/Populated/Populated/Implicit/silent=true ... ok
test transfer/distinct/MOVE/Populated/Populated/RememberEmpty/silent=true ... ok
test transfer/distinct/ADD/Populated/DefaultEmpty/Implicit/silent=false ... ok
test transfer/distinct/ADD/Populated/DefaultEmpty/Implicit/silent=true ... ok
test transfer/distinct/ADD/Populated/DefaultEmpty/RememberEmpty/silent=false ... ok
test transfer/distinct/ADD/Populated/DefaultEmpty/RememberEmpty/silent=true ... ok
test transfer/distinct/COPY/Populated/DefaultEmpty/Implicit/silent=true ... ok
test transfer/distinct/MOVE/Populated/Populated/RememberEmpty/silent=false ... ok
test transfer/distinct/COPY/Populated/DefaultEmpty/RememberEmpty/silent=true ... ok
test transfer/distinct/MOVE/Populated/DefaultEmpty/Implicit/silent=false ... ok
test transfer/distinct/COPY/Populated/DefaultEmpty/Implicit/silent=false ... ok
test transfer/distinct/MOVE/Populated/DefaultEmpty/Implicit/silent=true ... ok
test transfer/distinct/COPY/Populated/DefaultEmpty/RememberEmpty/silent=false ... ok
test transfer/distinct/MOVE/Populated/DefaultEmpty/RememberEmpty/silent=false ... ok
test transfer/distinct/MOVE/Populated/DefaultEmpty/RememberEmpty/silent=true ... ok
test transfer/distinct/ADD/Populated/DefaultPopulated/Implicit/silent=true ... ok
test transfer/distinct/ADD/Populated/DefaultPopulated/RememberEmpty/silent=false ... ok
test transfer/distinct/COPY/Populated/DefaultPopulated/Implicit/silent=false ... ok
test transfer/distinct/COPY/Populated/DefaultPopulated/Implicit/silent=true ... ok
test transfer/distinct/ADD/Populated/DefaultPopulated/RememberEmpty/silent=true ... ok
test transfer/distinct/COPY/Populated/DefaultPopulated/RememberEmpty/silent=false ... ok
test transfer/distinct/COPY/Populated/DefaultPopulated/RememberEmpty/silent=true ... ok
test transfer/distinct/MOVE/Populated/DefaultPopulated/Implicit/silent=true ... ok
test transfer/distinct/ADD/Populated/DefaultPopulated/Implicit/silent=false ... ok
test transfer/distinct/MOVE/Populated/DefaultPopulated/Implicit/silent=false ... ok
test transfer/distinct/MOVE/Populated/DefaultPopulated/RememberEmpty/silent=false ... ok
test transfer/distinct/MOVE/Populated/DefaultPopulated/RememberEmpty/silent=true ... ok
test transfer/distinct/ADD/DefaultEmpty/Absent/Implicit/silent=true ... ok
test transfer/distinct/ADD/DefaultEmpty/Absent/Implicit/silent=false ... ok
test transfer/distinct/ADD/DefaultEmpty/Absent/RememberEmpty/silent=true ... ok
test transfer/distinct/ADD/DefaultEmpty/Absent/RememberEmpty/silent=false ... ok
test transfer/distinct/COPY/DefaultEmpty/Absent/Implicit/silent=true ... ok
test transfer/distinct/COPY/DefaultEmpty/Absent/Implicit/silent=false ... ok
test transfer/distinct/COPY/DefaultEmpty/Absent/RememberEmpty/silent=false ... ok
test transfer/distinct/MOVE/DefaultEmpty/Absent/Implicit/silent=false ... ok
test transfer/distinct/COPY/DefaultEmpty/Absent/RememberEmpty/silent=true ... ok
test transfer/distinct/MOVE/DefaultEmpty/Absent/Implicit/silent=true ... ok
test transfer/distinct/MOVE/DefaultEmpty/Absent/RememberEmpty/silent=false ... ok
test transfer/distinct/MOVE/DefaultEmpty/Absent/RememberEmpty/silent=true ... ok
test transfer/distinct/ADD/DefaultEmpty/Empty/Implicit/silent=false ... ok
test transfer/distinct/ADD/DefaultEmpty/Empty/RememberEmpty/silent=false ... ok
test transfer/distinct/ADD/DefaultEmpty/Empty/RememberEmpty/silent=true ... ok
test transfer/distinct/COPY/DefaultEmpty/Empty/Implicit/silent=false ... ok
test transfer/distinct/COPY/DefaultEmpty/Empty/Implicit/silent=true ... ok
test transfer/distinct/ADD/DefaultEmpty/Empty/Implicit/silent=true ... ok
test transfer/distinct/COPY/DefaultEmpty/Empty/RememberEmpty/silent=false ... ok
test transfer/distinct/MOVE/DefaultEmpty/Empty/Implicit/silent=false ... ok
test transfer/distinct/MOVE/DefaultEmpty/Empty/Implicit/silent=true ... ok
test transfer/distinct/COPY/DefaultEmpty/Empty/RememberEmpty/silent=true ... ok
test transfer/distinct/MOVE/DefaultEmpty/Empty/RememberEmpty/silent=false ... ok
test transfer/distinct/MOVE/DefaultEmpty/Empty/RememberEmpty/silent=true ... ok
test transfer/distinct/ADD/DefaultEmpty/Populated/Implicit/silent=false ... ok
test transfer/distinct/ADD/DefaultEmpty/Populated/Implicit/silent=true ... ok
test transfer/distinct/ADD/DefaultEmpty/Populated/RememberEmpty/silent=false ... ok
test transfer/distinct/ADD/DefaultEmpty/Populated/RememberEmpty/silent=true ... ok
test transfer/distinct/COPY/DefaultEmpty/Populated/Implicit/silent=false ... ok
test transfer/distinct/COPY/DefaultEmpty/Populated/Implicit/silent=true ... ok
test transfer/distinct/COPY/DefaultEmpty/Populated/RememberEmpty/silent=false ... ok
test transfer/distinct/COPY/DefaultEmpty/Populated/RememberEmpty/silent=true ... ok
test transfer/distinct/MOVE/DefaultEmpty/Populated/Implicit/silent=false ... ok
test transfer/distinct/MOVE/DefaultEmpty/Populated/Implicit/silent=true ... ok
test transfer/distinct/MOVE/DefaultEmpty/Populated/RememberEmpty/silent=false ... ok
test transfer/distinct/MOVE/DefaultEmpty/Populated/RememberEmpty/silent=true ... ok
test transfer/distinct/ADD/DefaultPopulated/Absent/Implicit/silent=false ... ok
test transfer/distinct/ADD/DefaultPopulated/Absent/Implicit/silent=true ... ok
test transfer/distinct/ADD/DefaultPopulated/Absent/RememberEmpty/silent=false ... ok
test transfer/distinct/ADD/DefaultPopulated/Absent/RememberEmpty/silent=true ... ok
test transfer/distinct/COPY/DefaultPopulated/Absent/Implicit/silent=false ... ok
test transfer/distinct/COPY/DefaultPopulated/Absent/Implicit/silent=true ... ok
test transfer/distinct/COPY/DefaultPopulated/Absent/RememberEmpty/silent=false ... ok
test transfer/distinct/COPY/DefaultPopulated/Absent/RememberEmpty/silent=true ... ok
test transfer/distinct/MOVE/DefaultPopulated/Absent/Implicit/silent=false ... ok
test transfer/distinct/MOVE/DefaultPopulated/Absent/RememberEmpty/silent=false ... ok
test transfer/distinct/MOVE/DefaultPopulated/Absent/Implicit/silent=true ... ok
test transfer/distinct/MOVE/DefaultPopulated/Absent/RememberEmpty/silent=true ... ok
test transfer/distinct/ADD/DefaultPopulated/Empty/Implicit/silent=false ... ok
test transfer/distinct/ADD/DefaultPopulated/Empty/Implicit/silent=true ... ok
test transfer/distinct/ADD/DefaultPopulated/Empty/RememberEmpty/silent=false ... ok
test transfer/distinct/ADD/DefaultPopulated/Empty/RememberEmpty/silent=true ... ok
test transfer/distinct/COPY/DefaultPopulated/Empty/Implicit/silent=false ... ok
test transfer/distinct/COPY/DefaultPopulated/Empty/Implicit/silent=true ... ok
test transfer/distinct/COPY/DefaultPopulated/Empty/RememberEmpty/silent=false ... ok
test transfer/distinct/COPY/DefaultPopulated/Empty/RememberEmpty/silent=true ... ok
test transfer/distinct/MOVE/DefaultPopulated/Empty/Implicit/silent=false ... ok
test transfer/distinct/MOVE/DefaultPopulated/Empty/RememberEmpty/silent=false ... ok
test transfer/distinct/MOVE/DefaultPopulated/Empty/RememberEmpty/silent=true ... ok
test transfer/distinct/MOVE/DefaultPopulated/Empty/Implicit/silent=true ... ok
test transfer/distinct/ADD/DefaultPopulated/Populated/Implicit/silent=false ... ok
test transfer/distinct/ADD/DefaultPopulated/Populated/Implicit/silent=true ... ok
test transfer/distinct/ADD/DefaultPopulated/Populated/RememberEmpty/silent=false ... ok
test transfer/distinct/ADD/DefaultPopulated/Populated/RememberEmpty/silent=true ... ok
test transfer/distinct/COPY/DefaultPopulated/Populated/Implicit/silent=false ... ok
test transfer/distinct/COPY/DefaultPopulated/Populated/Implicit/silent=true ... ok
test transfer/distinct/COPY/DefaultPopulated/Populated/RememberEmpty/silent=false ... ok
test transfer/self/ADD/Absent/RememberEmpty/silent=false ... ok
test transfer/distinct/MOVE/DefaultPopulated/Populated/Implicit/silent=false ... ok
test transfer/distinct/COPY/DefaultPopulated/Populated/RememberEmpty/silent=true ... ok
test transfer/distinct/MOVE/DefaultPopulated/Populated/Implicit/silent=true ... ok
test transfer/self/ADD/Absent/Implicit/silent=false ... ok
test transfer/distinct/MOVE/DefaultPopulated/Populated/RememberEmpty/silent=true ... ok
test transfer/distinct/MOVE/DefaultPopulated/Populated/RememberEmpty/silent=false ... ok
test transfer/self/ADD/Absent/Implicit/silent=true ... ok
test transfer/self/ADD/Absent/RememberEmpty/silent=true ... ok
test transfer/self/COPY/Absent/Implicit/silent=false ... ok
test transfer/self/COPY/Absent/Implicit/silent=true ... ok
test transfer/self/COPY/Absent/RememberEmpty/silent=true ... ok
test transfer/self/COPY/Absent/RememberEmpty/silent=false ... ok
test transfer/self/MOVE/Absent/Implicit/silent=false ... ok
test transfer/self/MOVE/Absent/RememberEmpty/silent=false ... ok
test transfer/self/MOVE/Absent/Implicit/silent=true ... ok
test transfer/self/MOVE/Absent/RememberEmpty/silent=true ... ok
test transfer/self/ADD/Empty/Implicit/silent=false ... ok
test transfer/self/ADD/Empty/Implicit/silent=true ... ok
test transfer/self/ADD/Empty/RememberEmpty/silent=true ... ok
test transfer/self/ADD/Empty/RememberEmpty/silent=false ... ok
test transfer/self/COPY/Empty/Implicit/silent=false ... ok
test transfer/self/COPY/Empty/Implicit/silent=true ... ok
test transfer/self/COPY/Empty/RememberEmpty/silent=false ... ok
test transfer/self/MOVE/Empty/Implicit/silent=false ... ok
test transfer/self/MOVE/Empty/Implicit/silent=true ... ok
test transfer/self/COPY/Empty/RememberEmpty/silent=true ... ok
test transfer/self/MOVE/Empty/RememberEmpty/silent=false ... ok
test transfer/self/MOVE/Empty/RememberEmpty/silent=true ... ok
test transfer/self/ADD/Populated/Implicit/silent=false ... ok
test transfer/self/ADD/Populated/Implicit/silent=true ... ok
test transfer/self/ADD/Populated/RememberEmpty/silent=true ... ok
test transfer/self/ADD/Populated/RememberEmpty/silent=false ... ok
test transfer/self/COPY/Populated/Implicit/silent=false ... ok
test transfer/self/COPY/Populated/Implicit/silent=true ... ok
test transfer/self/COPY/Populated/RememberEmpty/silent=false ... ok
test transfer/self/COPY/Populated/RememberEmpty/silent=true ... ok
test transfer/self/MOVE/Populated/Implicit/silent=false ... ok
test transfer/self/MOVE/Populated/Implicit/silent=true ... ok
test transfer/self/ADD/DefaultEmpty/Implicit/silent=false ... ok
test transfer/self/ADD/DefaultEmpty/Implicit/silent=true ... ok
test transfer/self/MOVE/Populated/RememberEmpty/silent=false ... ok
test transfer/self/MOVE/Populated/RememberEmpty/silent=true ... ok
test transfer/self/ADD/DefaultEmpty/RememberEmpty/silent=false ... ok
test transfer/self/ADD/DefaultEmpty/RememberEmpty/silent=true ... ok
test transfer/self/COPY/DefaultEmpty/Implicit/silent=false ... ok
test transfer/self/COPY/DefaultEmpty/Implicit/silent=true ... ok
test transfer/self/COPY/DefaultEmpty/RememberEmpty/silent=false ... ok
test transfer/self/COPY/DefaultEmpty/RememberEmpty/silent=true ... ok
test transfer/self/MOVE/DefaultEmpty/Implicit/silent=false ... ok
test transfer/self/MOVE/DefaultEmpty/Implicit/silent=true ... ok
test transfer/self/MOVE/DefaultEmpty/RememberEmpty/silent=false ... ok
test transfer/self/MOVE/DefaultEmpty/RememberEmpty/silent=true ... ok
test transfer/self/ADD/DefaultPopulated/Implicit/silent=false ... ok
test transfer/self/ADD/DefaultPopulated/Implicit/silent=true ... ok
test transfer/self/ADD/DefaultPopulated/RememberEmpty/silent=false ... ok
test transfer/self/ADD/DefaultPopulated/RememberEmpty/silent=true ... ok
test transfer/self/COPY/DefaultPopulated/Implicit/silent=false ... ok
test transfer/self/COPY/DefaultPopulated/Implicit/silent=true ... ok
test transfer/self/COPY/DefaultPopulated/RememberEmpty/silent=false ... ok
test transfer/self/COPY/DefaultPopulated/RememberEmpty/silent=true ... ok
test transfer/self/MOVE/DefaultPopulated/Implicit/silent=false ... ok
test transfer/self/MOVE/DefaultPopulated/Implicit/silent=true ... ok
test load/Absent/failed/Implicit/silent=false ... ok
test transfer/self/MOVE/DefaultPopulated/RememberEmpty/silent=false ... ok
test transfer/self/MOVE/DefaultPopulated/RememberEmpty/silent=true ... ok
test create/Absent/Implicit/silent=false ... ok
test clear/one/DROP/Absent/Implicit/silent=false ... ok
test clear/one/CLEAR/Absent/Implicit/silent=false ... ok
test load/Absent/empty/Implicit/silent=false ... ok
test load/Empty/failed/Implicit/silent=false ... ok
test create/Empty/Implicit/silent=false ... ok
test clear/one/CLEAR/Empty/Implicit/silent=false ... ok
test clear/one/DROP/Empty/Implicit/silent=false ... ok
test load/Absent/populated/Implicit/silent=false ... ok
test load/Populated/failed/Implicit/silent=false ... ok
test load/Empty/empty/Implicit/silent=false ... ok
test create/Populated/Implicit/silent=false ... ok
test clear/one/CLEAR/Populated/Implicit/silent=false ... ok
test load/Empty/populated/Implicit/silent=false ... ok
test load/DefaultEmpty/failed/Implicit/silent=false ... ok
test clear/one/DROP/Populated/Implicit/silent=false ... ok
test load/Populated/empty/Implicit/silent=false ... ok
test clear/one/CLEAR/DefaultEmpty/Implicit/silent=false ... ok
test clear/one/DROP/DefaultEmpty/Implicit/silent=false ... ok
test load/DefaultPopulated/failed/Implicit/silent=false ... ok
test load/Populated/populated/Implicit/silent=false ... ok
test load/DefaultEmpty/empty/Implicit/silent=false ... ok
test clear/one/CLEAR/DefaultPopulated/Implicit/silent=false ... ok
test clear/one/DROP/DefaultPopulated/Implicit/silent=false ... ok
test load/DefaultEmpty/populated/Implicit/silent=false ... ok
test clear/bulk/CLEAR/none/all=false/Implicit/silent=false ... ok
test clear/bulk/CLEAR/none/all=true/Implicit/silent=false ... ok
test load/DefaultPopulated/empty/Implicit/silent=false ... ok
test clear/bulk/CLEAR/empty/all=false/Implicit/silent=false ... ok
test load/DefaultPopulated/populated/Implicit/silent=false ... ok
test clear/bulk/CLEAR/empty/all=true/Implicit/silent=false ... ok
test clear/bulk/CLEAR/mixed/all=false/Implicit/silent=false ... ok
test clear/bulk/CLEAR/mixed/all=true/Implicit/silent=false ... ok
test clear/bulk/DROP/none/all=false/Implicit/silent=false ... ok
test clear/bulk/DROP/none/all=true/Implicit/silent=false ... ok
test clear/bulk/DROP/empty/all=false/Implicit/silent=false ... ok
test clear/bulk/DROP/empty/all=true/Implicit/silent=false ... ok
test clear/bulk/DROP/mixed/all=false/Implicit/silent=false ... ok
test clear/bulk/DROP/mixed/all=true/Implicit/silent=false ... ok
test create/Absent/Implicit/silent=true ... ok
test clear/one/DROP/Absent/Implicit/silent=true ... ok
test load/Absent/empty/Implicit/silent=true ... ok
test clear/one/CLEAR/Absent/Implicit/silent=true ... ok
test load/Absent/failed/Implicit/silent=true ... ok
test create/Empty/Implicit/silent=true ... ok
test clear/one/CLEAR/Empty/Implicit/silent=true ... ok
test load/Absent/populated/Implicit/silent=true ... ok
test clear/one/DROP/Empty/Implicit/silent=true ... ok
test load/Empty/empty/Implicit/silent=true ... ok
test load/Empty/failed/Implicit/silent=true ... ok
test load/Empty/populated/Implicit/silent=true ... ok
test create/Populated/Implicit/silent=true ... ok
test clear/one/CLEAR/Populated/Implicit/silent=true ... ok
test clear/one/DROP/Populated/Implicit/silent=true ... ok
test load/Populated/empty/Implicit/silent=true ... ok
test clear/one/CLEAR/DefaultEmpty/Implicit/silent=true ... ok
test load/Populated/failed/Implicit/silent=true ... ok
test load/Populated/populated/Implicit/silent=true ... ok
test clear/one/DROP/DefaultEmpty/Implicit/silent=true ... ok
test load/DefaultEmpty/empty/Implicit/silent=true ... ok
test load/DefaultEmpty/failed/Implicit/silent=true ... ok
test load/DefaultEmpty/populated/Implicit/silent=true ... ok
test clear/one/CLEAR/DefaultPopulated/Implicit/silent=true ... ok
test clear/bulk/CLEAR/none/all=false/Implicit/silent=true ... ok
test clear/one/DROP/DefaultPopulated/Implicit/silent=true ... ok
test load/DefaultPopulated/empty/Implicit/silent=true ... ok
test load/DefaultPopulated/failed/Implicit/silent=true ... ok
test clear/bulk/CLEAR/none/all=true/Implicit/silent=true ... ok
test clear/bulk/CLEAR/empty/all=false/Implicit/silent=true ... ok
test clear/bulk/CLEAR/empty/all=true/Implicit/silent=true ... ok
test load/DefaultPopulated/populated/Implicit/silent=true ... ok
test clear/bulk/CLEAR/mixed/all=false/Implicit/silent=true ... ok
test clear/bulk/DROP/none/all=true/Implicit/silent=true ... ok
test clear/bulk/DROP/none/all=false/Implicit/silent=true ... ok
test clear/bulk/CLEAR/mixed/all=true/Implicit/silent=true ... ok
test clear/bulk/DROP/empty/all=true/Implicit/silent=true ... ok
test clear/bulk/DROP/empty/all=false/Implicit/silent=true ... ok
test clear/bulk/DROP/mixed/all=false/Implicit/silent=true ... ok
test clear/bulk/DROP/mixed/all=true/Implicit/silent=true ... ok
test row/0/Implicit ... ok
test row/1/Implicit ... ok
test row/3/Implicit ... ok
test clear/one/CLEAR/Absent/RememberEmpty/silent=false ... ok
test clear/one/DROP/Absent/RememberEmpty/silent=false ... ok
test row/2/Implicit ... ok
test row/4/Implicit ... ok
test load/Absent/failed/RememberEmpty/silent=false ... ok
test create/Empty/RememberEmpty/silent=false ... ok
test create/Absent/RememberEmpty/silent=false ... ok
test roles/0/Implicit ... ok
test roles/1/Implicit ... ok
test load/Empty/failed/RememberEmpty/silent=false ... ok
test create/Populated/RememberEmpty/silent=false ... ok
test roles/2/Implicit ... ok
test load/Absent/empty/RememberEmpty/silent=false ... ok
test load/Absent/populated/RememberEmpty/silent=false ... ok
test clear/one/DROP/Empty/RememberEmpty/silent=false ... ok
test clear/one/CLEAR/Empty/RememberEmpty/silent=false ... ok
test load/Populated/failed/RememberEmpty/silent=false ... ok
test load/Empty/empty/RememberEmpty/silent=false ... ok
test load/Empty/populated/RememberEmpty/silent=false ... ok
test clear/one/CLEAR/Populated/RememberEmpty/silent=false ... ok
test clear/one/DROP/Populated/RememberEmpty/silent=false ... ok
test load/DefaultEmpty/failed/RememberEmpty/silent=false ... ok
test load/Populated/empty/RememberEmpty/silent=false ... ok
test clear/one/CLEAR/DefaultEmpty/RememberEmpty/silent=false ... ok
test clear/one/DROP/DefaultEmpty/RememberEmpty/silent=false ... ok
test load/DefaultPopulated/failed/RememberEmpty/silent=false ... ok
test load/DefaultEmpty/empty/RememberEmpty/silent=false ... ok
test load/Populated/populated/RememberEmpty/silent=false ... ok
test clear/one/CLEAR/DefaultPopulated/RememberEmpty/silent=false ... ok
test load/DefaultEmpty/populated/RememberEmpty/silent=false ... ok
test clear/one/DROP/DefaultPopulated/RememberEmpty/silent=false ... ok
test load/DefaultPopulated/empty/RememberEmpty/silent=false ... ok
test clear/bulk/CLEAR/none/all=true/RememberEmpty/silent=false ... ok
test clear/bulk/CLEAR/none/all=false/RememberEmpty/silent=false ... ok
test load/DefaultPopulated/populated/RememberEmpty/silent=false ... ok
test clear/bulk/CLEAR/empty/all=false/RememberEmpty/silent=false ... ok
test clear/bulk/DROP/none/all=true/RememberEmpty/silent=false ... ok
test clear/bulk/DROP/none/all=false/RememberEmpty/silent=false ... ok
test clear/bulk/DROP/empty/all=false/RememberEmpty/silent=false ... ok
test clear/bulk/CLEAR/empty/all=true/RememberEmpty/silent=false ... ok
test clear/bulk/DROP/empty/all=true/RememberEmpty/silent=false ... ok
test clear/bulk/CLEAR/mixed/all=true/RememberEmpty/silent=false ... ok
test clear/bulk/CLEAR/mixed/all=false/RememberEmpty/silent=false ... ok
test clear/bulk/DROP/mixed/all=false/RememberEmpty/silent=false ... ok
test clear/bulk/DROP/mixed/all=true/RememberEmpty/silent=false ... ok
test clear/one/CLEAR/Absent/RememberEmpty/silent=true ... ok
test create/Absent/RememberEmpty/silent=true ... ok
test clear/one/DROP/Absent/RememberEmpty/silent=true ... ok
test load/Absent/empty/RememberEmpty/silent=true ... ok
test load/Absent/failed/RememberEmpty/silent=true ... ok
test load/Absent/populated/RememberEmpty/silent=true ... ok
test clear/one/CLEAR/Empty/RememberEmpty/silent=true ... ok
test create/Empty/RememberEmpty/silent=true ... ok
test clear/one/DROP/Empty/RememberEmpty/silent=true ... ok
test load/Empty/empty/RememberEmpty/silent=true ... ok
test load/Empty/failed/RememberEmpty/silent=true ... ok
test load/Empty/populated/RememberEmpty/silent=true ... ok
test create/Populated/RememberEmpty/silent=true ... ok
test clear/one/CLEAR/Populated/RememberEmpty/silent=true ... ok
test clear/one/DROP/Populated/RememberEmpty/silent=true ... ok
test load/Populated/empty/RememberEmpty/silent=true ... ok
test load/Populated/populated/RememberEmpty/silent=true ... ok
test load/Populated/failed/RememberEmpty/silent=true ... ok
test clear/one/CLEAR/DefaultEmpty/RememberEmpty/silent=true ... ok
test clear/one/DROP/DefaultEmpty/RememberEmpty/silent=true ... ok
test load/DefaultEmpty/empty/RememberEmpty/silent=true ... ok
test load/DefaultEmpty/failed/RememberEmpty/silent=true ... ok
test load/DefaultEmpty/populated/RememberEmpty/silent=true ... ok
test clear/one/DROP/DefaultPopulated/RememberEmpty/silent=true ... ok
test clear/bulk/CLEAR/none/all=false/RememberEmpty/silent=true ... ok
test load/DefaultPopulated/empty/RememberEmpty/silent=true ... ok
test clear/bulk/CLEAR/none/all=true/RememberEmpty/silent=true ... ok
test load/DefaultPopulated/failed/RememberEmpty/silent=true ... ok
test load/DefaultPopulated/populated/RememberEmpty/silent=true ... ok
test clear/bulk/CLEAR/empty/all=false/RememberEmpty/silent=true ... ok
test clear/one/CLEAR/DefaultPopulated/RememberEmpty/silent=true ... ok
test clear/bulk/DROP/none/all=false/RememberEmpty/silent=true ... ok
test clear/bulk/CLEAR/empty/all=true/RememberEmpty/silent=true ... ok
test clear/bulk/DROP/none/all=true/RememberEmpty/silent=true ... ok
test clear/bulk/DROP/empty/all=false/RememberEmpty/silent=true ... ok
test clear/bulk/CLEAR/mixed/all=false/RememberEmpty/silent=true ... ok
test clear/bulk/DROP/empty/all=true/RememberEmpty/silent=true ... ok
test clear/bulk/CLEAR/mixed/all=true/RememberEmpty/silent=true ... ok
test clear/bulk/DROP/mixed/all=true/RememberEmpty/silent=true ... ok
test clear/bulk/DROP/mixed/all=false/RememberEmpty/silent=true ... ok
test row/0/RememberEmpty ... ok
test row/1/RememberEmpty ... ok
test row/3/RememberEmpty ... ok
test row/2/RememberEmpty ... ok
test row/4/RememberEmpty ... ok
test roles/0/RememberEmpty ... ok
test roles/1/RememberEmpty ... ok
test roles/2/RememberEmpty ... ok

test result: ok. 488 passed; 0 failed; 0 ignored; 0 measured; 0 filtered out; finished in 0.01s

