2026-10-08T19:47:10.3309425Z Current runner version: '2.337.0'
2026-10-08T19:47:10.3330486Z ##[group]Runner Image Provisioner
2026-10-08T19:47:10.3331217Z Hosted Compute Agent
2026-10-08T19:47:10.3331816Z Version: 20261002.596
2026-10-08T19:47:10.3332328Z Commit: c3d12f3313a95f25162a1503be624f3b0617f8c0
2026-10-08T19:47:10.3332902Z Build Date: 2026-10-02T22:28:27Z
2026-10-08T19:47:10.3333443Z Worker ID: {4676a22c-729d-4d30-b2ba-7167a4403bb8}
2026-10-08T19:47:10.3333988Z Region: centralus
2026-10-08T19:47:10.3334472Z Cloud: Azure
2026-10-08T19:47:10.3334881Z ##[endgroup]
2026-10-08T19:47:10.3336160Z ##[group]Operating System
2026-10-08T19:47:10.3336710Z Ubuntu
2026-10-08T19:47:10.3337110Z 24.04.5
2026-10-08T19:47:10.3337516Z LTS
2026-10-08T19:47:10.3337949Z ##[endgroup]
2026-10-08T19:47:10.3338351Z ##[group]Runner Image
2026-10-08T19:47:10.3338857Z Image: ubuntu-24.04
2026-10-08T19:47:10.3339286Z Version: 20261004.327.1
2026-10-08T19:47:10.3340512Z Included Software: https://github.com/actions/runner-images/blob/ubuntu24/20261004.327/images/ubuntu/Ubuntu2404-Readme.md
2026-10-08T19:47:10.3341725Z Image Release: https://github.com/actions/runner-images/releases/tag/ubuntu24%2F20261004.327
2026-10-08T19:47:10.3342487Z ##[endgroup]
2026-10-08T19:47:10.3343344Z ##[group]GITHUB_TOKEN Permissions
2026-10-08T19:47:10.3345390Z Contents: read
2026-10-08T19:47:10.3345849Z Metadata: read
2026-10-08T19:47:10.3346285Z ##[endgroup]
2026-10-08T19:47:10.3347937Z Secret source: Actions
2026-10-08T19:47:10.3348667Z Cache mode: write
2026-10-08T19:47:10.3349224Z Prepare workflow directory
2026-10-08T19:47:10.3615179Z Prepare all required actions
2026-10-08T19:47:10.3654613Z Getting action download info
2026-10-08T19:47:10.6021554Z Download action repository 'actions/checkout@9c091bb21b7c1c1d1991bb908d89e4e9dddfe3e0' (SHA:9c091bb21b7c1c1d1991bb908d89e4e9dddfe3e0)
2026-10-08T19:47:10.8083567Z Download action repository 'dtolnay/rust-toolchain@29eef336d9b2848a0b548edc03f92a220660cdb8' (SHA:29eef336d9b2848a0b548edc03f92a220660cdb8)
2026-10-08T19:47:11.0541541Z Complete job name: doc
2026-10-08T19:47:11.1042395Z ##[group]Run actions/checkout@9c091bb21b7c1c1d1991bb908d89e4e9dddfe3e0
2026-10-08T19:47:11.1043087Z with:
2026-10-08T19:47:11.1043502Z   persist-credentials: false
2026-10-08T19:47:11.1043932Z   repository: Blackcat-Informatics/purrdf
2026-10-08T19:47:11.1046782Z   token: ***
2026-10-08T19:47:11.1047150Z   ssh-strict: true
2026-10-08T19:47:11.1047539Z   ssh-user: git
2026-10-08T19:47:11.1047904Z   clean: true
2026-10-08T19:47:11.1048269Z   sparse-checkout-cone-mode: true
2026-10-08T19:47:11.1048689Z   fetch-depth: 1
2026-10-08T19:47:11.1049087Z   fetch-tags: false
2026-10-08T19:47:11.1049435Z   show-progress: true
2026-10-08T19:47:11.1049812Z   lfs: false
2026-10-08T19:47:11.1050389Z   submodules: false
2026-10-08T19:47:11.1050757Z   set-safe-directory: true
2026-10-08T19:47:11.1051186Z   allow-unsafe-pr-checkout: false
2026-10-08T19:47:11.1051723Z ##[endgroup]
2026-10-08T19:47:11.1755179Z Syncing repository: Blackcat-Informatics/purrdf
2026-10-08T19:47:11.1756750Z ##[group]Getting Git version info
2026-10-08T19:47:11.1757241Z Working directory is '/home/runner/work/purrdf/purrdf'
2026-10-08T19:47:11.1757989Z [command]/usr/bin/git version
2026-10-08T19:47:11.1830470Z git version 2.55.0
2026-10-08T19:47:11.1842860Z ##[endgroup]
2026-10-08T19:47:11.1849575Z Temporarily overriding HOME='/home/runner/work/_temp/bfe4f195-9a52-4585-8acb-67e71a4c2cc8' before making global git config changes
2026-10-08T19:47:11.1850808Z Adding repository directory to the temporary git global config as a safe directory
2026-10-08T19:47:11.1853734Z [command]/usr/bin/git config --global --add safe.directory /home/runner/work/purrdf/purrdf
2026-10-08T19:47:11.1888877Z Deleting the contents of '/home/runner/work/purrdf/purrdf'
2026-10-08T19:47:11.1891312Z ##[group]Determining repository object format
2026-10-08T19:47:11.1892166Z ##[endgroup]
2026-10-08T19:47:11.1892779Z ##[group]Initializing the repository
2026-10-08T19:47:11.1895195Z [command]/usr/bin/git init /home/runner/work/purrdf/purrdf
2026-10-08T19:47:11.1979752Z hint: Using 'master' as the name for the initial branch. This default branch name
2026-10-08T19:47:11.1980959Z hint: will change to "main" in Git 3.0. To configure the initial branch name
2026-10-08T19:47:11.1981896Z hint: to use in all of your new repositories, which will suppress this warning,
2026-10-08T19:47:11.1982559Z hint: call:
2026-10-08T19:47:11.1982887Z hint:
2026-10-08T19:47:11.1983306Z hint: 	git config --global init.defaultBranch <name>
2026-10-08T19:47:11.1983771Z hint:
2026-10-08T19:47:11.1984226Z hint: Names commonly chosen instead of 'master' are 'main', 'trunk' and
2026-10-08T19:47:11.1985095Z hint: 'development'. The just-created branch can be renamed via this command:
2026-10-08T19:47:11.1985645Z hint:
2026-10-08T19:47:11.1985968Z hint: 	git branch -m <name>
2026-10-08T19:47:11.1986389Z hint:
2026-10-08T19:47:11.1986877Z hint: Disable this message with "git config set advice.defaultBranchName false"
2026-10-08T19:47:11.1987772Z Initialized empty Git repository in /home/runner/work/purrdf/purrdf/.git/
2026-10-08T19:47:11.1989315Z [command]/usr/bin/git remote add origin https://github.com/Blackcat-Informatics/purrdf
2026-10-08T19:47:11.2038038Z ##[endgroup]
2026-10-08T19:47:11.2038952Z ##[group]Disabling automatic garbage collection
2026-10-08T19:47:11.2040512Z [command]/usr/bin/git config --local gc.auto 0
2026-10-08T19:47:11.2067407Z ##[endgroup]
2026-10-08T19:47:11.2068715Z ##[group]Setting up auth
2026-10-08T19:47:11.2069291Z Removing SSH command configuration
2026-10-08T19:47:11.2071831Z [command]/usr/bin/git config --local --name-only --get-regexp core\.sshCommand
2026-10-08T19:47:11.2093558Z [command]/usr/bin/git submodule foreach --recursive sh -c "git config --local --name-only --get-regexp 'core\.sshCommand' && git config --local --unset-all 'core.sshCommand' || :"
2026-10-08T19:47:11.2341116Z Removing HTTP extra header
2026-10-08T19:47:11.2345156Z [command]/usr/bin/git config --local --name-only --get-regexp http\.https\:\/\/github\.com\/\.extraheader
2026-10-08T19:47:11.2372471Z [command]/usr/bin/git submodule foreach --recursive sh -c "git config --local --name-only --get-regexp 'http\.https\:\/\/github\.com\/\.extraheader' && git config --local --unset-all 'http.https://github.com/.extraheader' || :"
2026-10-08T19:47:11.2512122Z Removing includeIf entries pointing to credentials config files
2026-10-08T19:47:11.2516323Z [command]/usr/bin/git config --local --name-only --get-regexp ^includeIf\.gitdir:
2026-10-08T19:47:11.2537992Z [command]/usr/bin/git submodule foreach --recursive git config --local --show-origin --name-only --get-regexp remote.origin.url
2026-10-08T19:47:11.2680289Z [command]/usr/bin/git config --file /home/runner/work/_temp/git-credentials-4145b85c-a0b3-498e-bff6-7501cb8a587e.config http.https://github.com/.extraheader AUTHORIZATION: basic ***
2026-10-08T19:47:11.2704506Z [command]/usr/bin/git config --local includeIf.gitdir:/home/runner/work/purrdf/purrdf/.git.path /home/runner/work/_temp/git-credentials-4145b85c-a0b3-498e-bff6-7501cb8a587e.config
2026-10-08T19:47:11.2726838Z [command]/usr/bin/git config --local includeIf.gitdir:/home/runner/work/purrdf/purrdf/.git/worktrees/*.path /home/runner/work/_temp/git-credentials-4145b85c-a0b3-498e-bff6-7501cb8a587e.config
2026-10-08T19:47:11.2758702Z [command]/usr/bin/git config --local includeIf.gitdir:/github/workspace/.git.path /github/runner_temp/git-credentials-4145b85c-a0b3-498e-bff6-7501cb8a587e.config
2026-10-08T19:47:11.2783498Z [command]/usr/bin/git config --local includeIf.gitdir:/github/workspace/.git/worktrees/*.path /github/runner_temp/git-credentials-4145b85c-a0b3-498e-bff6-7501cb8a587e.config
2026-10-08T19:47:11.2804467Z ##[endgroup]
2026-10-08T19:47:11.2805298Z ##[group]Fetching the repository
2026-10-08T19:47:11.2809325Z [command]/usr/bin/git -c protocol.version=2 fetch --no-tags --prune --no-recurse-submodules --depth=1 origin +65d51bf9fa27668bfc34a34dceb060cce17efab4:refs/remotes/pull/504/merge
2026-10-08T19:47:17.8291436Z From https://github.com/Blackcat-Informatics/purrdf
2026-10-08T19:47:17.8293786Z  * [new ref]           65d51bf9fa27668bfc34a34dceb060cce17efab4 -> pull/504/merge
2026-10-08T19:47:17.8297125Z ##[endgroup]
2026-10-08T19:47:17.8298486Z ##[group]Determining the checkout info
2026-10-08T19:47:17.8300245Z ##[endgroup]
2026-10-08T19:47:17.8301216Z [command]/usr/bin/git sparse-checkout disable
2026-10-08T19:47:17.8345852Z [command]/usr/bin/git config --local --unset-all extensions.worktreeConfig
2026-10-08T19:47:17.8367619Z ##[group]Checking out the ref
2026-10-08T19:47:17.8369640Z [command]/usr/bin/git checkout --progress --force refs/remotes/pull/504/merge
2026-10-08T19:47:18.6293600Z Note: switching to 'refs/remotes/pull/504/merge'.
2026-10-08T19:47:18.6294335Z 
2026-10-08T19:47:18.6294551Z You are in 'detached HEAD' state. You can look around, make experimental
2026-10-08T19:47:18.6295089Z changes and commit them, and you can discard any commits you make in this
2026-10-08T19:47:18.6295561Z state without impacting any branches by switching back to a branch.
2026-10-08T19:47:18.6295934Z 
2026-10-08T19:47:18.6296204Z If you want to create a new branch to retain commits you create, you may
2026-10-08T19:47:18.6296654Z do so (now or later) by using -c with the switch command. Example:
2026-10-08T19:47:18.6296884Z 
2026-10-08T19:47:18.6297051Z   git switch -c <new-branch-name>
2026-10-08T19:47:18.6297298Z 
2026-10-08T19:47:18.6297422Z Or undo this operation with:
2026-10-08T19:47:18.6297628Z 
2026-10-08T19:47:18.6297758Z   git switch -
2026-10-08T19:47:18.6297950Z 
2026-10-08T19:47:18.6298155Z Turn off this advice by setting config variable advice.detachedHead to false
2026-10-08T19:47:18.6298435Z 
2026-10-08T19:47:18.6307598Z HEAD is now at 65d51bf9 Merge 08e7cd585dfecfb335d258c187c14c2ce75e388d into df2cec88b0f8e05e05ef3d01d14714474be6bbb1
2026-10-08T19:47:18.6309545Z ##[endgroup]
2026-10-08T19:47:18.6343075Z [command]/usr/bin/git log -1 --format=%H
2026-10-08T19:47:18.6362287Z 65d51bf9fa27668bfc34a34dceb060cce17efab4
2026-10-08T19:47:18.6368988Z ##[group]Removing auth
2026-10-08T19:47:18.6369841Z Removing SSH command configuration
2026-10-08T19:47:18.6371577Z [command]/usr/bin/git config --local --name-only --get-regexp core\.sshCommand
2026-10-08T19:47:18.6393880Z [command]/usr/bin/git submodule foreach --recursive sh -c "git config --local --name-only --get-regexp 'core\.sshCommand' && git config --local --unset-all 'core.sshCommand' || :"
2026-10-08T19:47:18.6557717Z Removing HTTP extra header
2026-10-08T19:47:18.6559805Z [command]/usr/bin/git config --local --name-only --get-regexp http\.https\:\/\/github\.com\/\.extraheader
2026-10-08T19:47:18.6581241Z [command]/usr/bin/git submodule foreach --recursive sh -c "git config --local --name-only --get-regexp 'http\.https\:\/\/github\.com\/\.extraheader' && git config --local --unset-all 'http.https://github.com/.extraheader' || :"
2026-10-08T19:47:18.6735929Z Removing includeIf entries pointing to credentials config files
2026-10-08T19:47:18.6737599Z [command]/usr/bin/git config --local --name-only --get-regexp ^includeIf\.gitdir:
2026-10-08T19:47:18.6755174Z includeif.gitdir:/home/runner/work/purrdf/purrdf/.git.path
2026-10-08T19:47:18.6755872Z includeif.gitdir:/home/runner/work/purrdf/purrdf/.git/worktrees/*.path
2026-10-08T19:47:18.6756386Z includeif.gitdir:/github/workspace/.git.path
2026-10-08T19:47:18.6756731Z includeif.gitdir:/github/workspace/.git/worktrees/*.path
2026-10-08T19:47:18.6759838Z [command]/usr/bin/git config --local --get-all includeif.gitdir:/home/runner/work/purrdf/purrdf/.git.path
2026-10-08T19:47:18.6774805Z /home/runner/work/_temp/git-credentials-4145b85c-a0b3-498e-bff6-7501cb8a587e.config
2026-10-08T19:47:18.6781370Z [command]/usr/bin/git config --local --unset includeif.gitdir:/home/runner/work/purrdf/purrdf/.git.path /home/runner/work/_temp/git-credentials-4145b85c-a0b3-498e-bff6-7501cb8a587e.config
2026-10-08T19:47:18.6832112Z [command]/usr/bin/git config --local --get-all includeif.gitdir:/home/runner/work/purrdf/purrdf/.git/worktrees/*.path
2026-10-08T19:47:18.6846333Z /home/runner/work/_temp/git-credentials-4145b85c-a0b3-498e-bff6-7501cb8a587e.config
2026-10-08T19:47:18.6851761Z [command]/usr/bin/git config --local --unset includeif.gitdir:/home/runner/work/purrdf/purrdf/.git/worktrees/*.path /home/runner/work/_temp/git-credentials-4145b85c-a0b3-498e-bff6-7501cb8a587e.config
2026-10-08T19:47:18.6880260Z [command]/usr/bin/git config --local --get-all includeif.gitdir:/github/workspace/.git.path
2026-10-08T19:47:18.6898413Z /github/runner_temp/git-credentials-4145b85c-a0b3-498e-bff6-7501cb8a587e.config
2026-10-08T19:47:18.6903650Z [command]/usr/bin/git config --local --unset includeif.gitdir:/github/workspace/.git.path /github/runner_temp/git-credentials-4145b85c-a0b3-498e-bff6-7501cb8a587e.config
2026-10-08T19:47:18.6930987Z [command]/usr/bin/git config --local --get-all includeif.gitdir:/github/workspace/.git/worktrees/*.path
2026-10-08T19:47:18.6953057Z /github/runner_temp/git-credentials-4145b85c-a0b3-498e-bff6-7501cb8a587e.config
2026-10-08T19:47:18.6956043Z [command]/usr/bin/git config --local --unset includeif.gitdir:/github/workspace/.git/worktrees/*.path /github/runner_temp/git-credentials-4145b85c-a0b3-498e-bff6-7501cb8a587e.config
2026-10-08T19:47:18.6982280Z [command]/usr/bin/git submodule foreach --recursive git config --local --show-origin --name-only --get-regexp remote.origin.url
2026-10-08T19:47:18.7131428Z Removing credentials config '/home/runner/work/_temp/git-credentials-4145b85c-a0b3-498e-bff6-7501cb8a587e.config'
2026-10-08T19:47:18.7142294Z ##[endgroup]
2026-10-08T19:47:18.7384869Z ##[group]Run dtolnay/rust-toolchain@29eef336d9b2848a0b548edc03f92a220660cdb8
2026-10-08T19:47:18.7385290Z with:
2026-10-08T19:47:18.7385555Z   toolchain: nightly
2026-10-08T19:47:18.7385811Z ##[endgroup]
2026-10-08T19:47:18.7463763Z ##[start-action display=Run : parse toolchain version;id=__dtolnay_rust-toolchain.parse]
2026-10-08T19:47:18.7507087Z ##[group]Run : parse toolchain version
2026-10-08T19:47:18.7507607Z [36;1m: parse toolchain version[0m
2026-10-08T19:47:18.7507916Z [36;1mif [[ -z $toolchain ]]; then[0m
2026-10-08T19:47:18.7508420Z [36;1m  # GitHub does not enforce `required: true` inputs itself. https://github.com/actions/runner/issues/1070[0m
2026-10-08T19:47:18.7508937Z [36;1m  echo "'toolchain' is a required input" >&2[0m
2026-10-08T19:47:18.7509246Z [36;1m  exit 1[0m
2026-10-08T19:47:18.7509837Z [36;1melif [[ $toolchain =~ ^stable' '[0-9]+' '(year|month|week|day)s?' 'ago$ ]]; then[0m
2026-10-08T19:47:18.7510510Z [36;1m  if [[ Linux == macOS ]]; then[0m
2026-10-08T19:47:18.7511017Z [36;1m    echo "toolchain=1.$((($(date -v-$(sed 's/stable \([0-9]*\) \(.\).*/\1\2/' <<< $toolchain) +%s)/60/60/24-16569)/7/6))" >> $GITHUB_OUTPUT[0m
2026-10-08T19:47:18.7511479Z [36;1m  else[0m
2026-10-08T19:47:18.7511858Z [36;1m    echo "toolchain=1.$((($(date --date "${toolchain#stable }" +%s)/60/60/24-16569)/7/6))" >> $GITHUB_OUTPUT[0m
2026-10-08T19:47:18.7512269Z [36;1m  fi[0m
2026-10-08T19:47:18.7512587Z [36;1melif [[ $toolchain =~ ^stable' 'minus' '[0-9]+' 'releases?$ ]]; then[0m
2026-10-08T19:47:18.7513102Z [36;1m  echo "toolchain=1.$((($(date +%s)/60/60/24-16569)/7/6-${toolchain//[^0-9]/}))" >> $GITHUB_OUTPUT[0m
2026-10-08T19:47:18.7513512Z [36;1melif [[ $toolchain =~ ^1\.[0-9]+$ ]]; then[0m
2026-10-08T19:47:18.7513960Z [36;1m  echo "toolchain=1.$((i=${toolchain#1.}, c=($(date +%s)/60/60/24-16569)/7/6, i+9*i*(10*i<=c)+90*i*(100*i<=c)))" >> $GITHUB_OUTPUT[0m
2026-10-08T19:47:18.7514398Z [36;1melse[0m
2026-10-08T19:47:18.7514678Z [36;1m  echo "toolchain=$toolchain" >> $GITHUB_OUTPUT[0m
2026-10-08T19:47:18.7515119Z [36;1mfi[0m
2026-10-08T19:47:18.7672383Z shell: /usr/bin/bash --noprofile --norc -e -o pipefail {0}
2026-10-08T19:47:18.7672762Z env:
2026-10-08T19:47:18.7673009Z   toolchain: nightly
2026-10-08T19:47:18.7673304Z ##[endgroup]
2026-10-08T19:47:18.7764862Z ##[end-action id=__dtolnay_rust-toolchain.parse;outcome=success;conclusion=success;duration_ms=30]
2026-10-08T19:47:18.7781974Z ##[start-action display=Run : construct rustup command line;id=__dtolnay_rust-toolchain.flags]
2026-10-08T19:47:18.7815821Z ##[group]Run : construct rustup command line
2026-10-08T19:47:18.7816192Z [36;1m: construct rustup command line[0m
2026-10-08T19:47:18.7816597Z [36;1mecho "targets=$(for t in ${targets//,/ }; do echo -n ' --target' $t; done)" >> $GITHUB_OUTPUT[0m
2026-10-08T19:47:18.7817128Z [36;1mecho "components=$(for c in ${components//,/ }; do echo -n ' --component' $c; done)" >> $GITHUB_OUTPUT[0m
2026-10-08T19:47:18.7817603Z [36;1mecho "downgrade=" >> $GITHUB_OUTPUT[0m
2026-10-08T19:47:18.7845948Z shell: /usr/bin/bash --noprofile --norc -e -o pipefail {0}
2026-10-08T19:47:18.7846329Z env:
2026-10-08T19:47:18.7846585Z   targets: 
2026-10-08T19:47:18.7846824Z   components: 
2026-10-08T19:47:18.7847078Z ##[endgroup]
2026-10-08T19:47:18.7901644Z ##[end-action id=__dtolnay_rust-toolchain.flags;outcome=success;conclusion=success;duration_ms=11]
2026-10-08T19:47:18.7905148Z ##[start-action display=Run : set $CARGO_HOME;id=__dtolnay_rust-toolchain.__run]
2026-10-08T19:47:18.7937899Z ##[group]Run : set $CARGO_HOME
2026-10-08T19:47:18.7938251Z [36;1m: set $CARGO_HOME[0m
2026-10-08T19:47:18.7938596Z [36;1mecho CARGO_HOME=${CARGO_HOME:-"$HOME/.cargo"} >> $GITHUB_ENV[0m
2026-10-08T19:47:18.7961857Z shell: /usr/bin/bash --noprofile --norc -e -o pipefail {0}
2026-10-08T19:47:18.7962207Z ##[endgroup]
2026-10-08T19:47:18.8008269Z ##[end-action id=__dtolnay_rust-toolchain.__run;outcome=success;conclusion=success;duration_ms=10]
2026-10-08T19:47:18.8011087Z ##[start-action display=Run : install rustup if needed;id=__dtolnay_rust-toolchain.__run_2]
2026-10-08T19:47:18.8044492Z ##[group]Run : install rustup if needed
2026-10-08T19:47:18.8044852Z [36;1m: install rustup if needed[0m
2026-10-08T19:47:18.8045161Z [36;1mif ! command -v rustup &>/dev/null; then[0m
2026-10-08T19:47:18.8045803Z [36;1m  curl --proto '=https' --tlsv1.2 --retry 10 --retry-connrefused --location --silent --show-error --fail https://sh.rustup.rs | sh -s -- --default-toolchain none -y[0m
2026-10-08T19:47:18.8046380Z [36;1m  echo "$CARGO_HOME/bin" >> $GITHUB_PATH[0m
2026-10-08T19:47:18.8046699Z [36;1mfi[0m
2026-10-08T19:47:18.8068977Z shell: /usr/bin/bash --noprofile --norc -e -o pipefail {0}
2026-10-08T19:47:18.8069375Z env:
2026-10-08T19:47:18.8069632Z   CARGO_HOME: /home/runner/.cargo
2026-10-08T19:47:18.8069947Z ##[endgroup]
2026-10-08T19:47:18.8112486Z ##[end-action id=__dtolnay_rust-toolchain.__run_2;outcome=success;conclusion=success;duration_ms=10]
2026-10-08T19:47:18.8116430Z ##[start-action display=Run : install rustup if needed on windows;id=__dtolnay_rust-toolchain.__run_3]
2026-10-08T19:47:18.8122770Z ##[end-action id=__dtolnay_rust-toolchain.__run_3;outcome=skipped;conclusion=skipped;duration_ms=0]
2026-10-08T19:47:18.8126106Z ##[start-action display=rustup toolchain install nightly;id=__dtolnay_rust-toolchain.__run_4]
2026-10-08T19:47:18.8155797Z ##[group]Run rustup toolchain install nightly --profile minimal --no-self-update
2026-10-08T19:47:18.8156308Z [36;1mrustup toolchain install nightly --profile minimal --no-self-update[0m
2026-10-08T19:47:18.8178776Z shell: /usr/bin/bash --noprofile --norc -e -o pipefail {0}
2026-10-08T19:47:18.8179136Z env:
2026-10-08T19:47:18.8179431Z   CARGO_HOME: /home/runner/.cargo
2026-10-08T19:47:18.8179751Z   RUSTUP_PERMIT_COPY_RENAME: 1
2026-10-08T19:47:18.8180168Z ##[endgroup]
2026-10-08T19:47:18.9044443Z info: syncing channel updates for nightly-x86_64-unknown-linux-gnu
2026-10-08T19:47:19.3620218Z info: latest update on 2026-10-08 for version 1.101.0-nightly (1d81eb4ad 2026-10-07)
2026-10-08T19:47:19.3620842Z info: downloading 3 components
2026-10-08T19:47:26.6134369Z 
2026-10-08T19:47:26.6203929Z   nightly-x86_64-unknown-linux-gnu installed - rustc 1.101.0-nightly (1d81eb4ad 2026-10-07)
2026-10-08T19:47:26.6204632Z 
2026-10-08T19:47:26.6253851Z ##[end-action id=__dtolnay_rust-toolchain.__run_4;outcome=success;conclusion=success;duration_ms=7812]
2026-10-08T19:47:26.6264399Z ##[start-action display=Run rustup default nightly;id=__dtolnay_rust-toolchain.__run_5]
2026-10-08T19:47:26.6333499Z ##[group]Run rustup default nightly
2026-10-08T19:47:26.6333883Z [36;1mrustup default nightly[0m
2026-10-08T19:47:26.6374757Z shell: /usr/bin/bash --noprofile --norc -e -o pipefail {0}
2026-10-08T19:47:26.6375128Z env:
2026-10-08T19:47:26.6375405Z   CARGO_HOME: /home/runner/.cargo
2026-10-08T19:47:26.6375783Z ##[endgroup]
2026-10-08T19:47:26.6785711Z info: using existing install for nightly-x86_64-unknown-linux-gnu
2026-10-08T19:47:26.8121100Z info: default toolchain set to nightly-x86_64-unknown-linux-gnu
2026-10-08T19:47:26.8121670Z 
2026-10-08T19:47:26.8187892Z   nightly-x86_64-unknown-linux-gnu unchanged - rustc 1.101.0-nightly (1d81eb4ad 2026-10-07)
2026-10-08T19:47:26.8188346Z 
2026-10-08T19:47:26.8188938Z info: note that the toolchain 'nightly-x86_64-unknown-linux-gnu' is currently in use (overridden by '/home/runner/work/purrdf/purrdf/rust-toolchain.toml')
2026-10-08T19:47:26.8203540Z ##[end-action id=__dtolnay_rust-toolchain.__run_5;outcome=success;conclusion=success;duration_ms=193]
2026-10-08T19:47:26.8209794Z ##[start-action display=Run : create cachekey;id=__dtolnay_rust-toolchain.rustc-version]
2026-10-08T19:47:26.9319842Z ##[group]Run : create cachekey
2026-10-08T19:47:26.9320410Z [36;1m: create cachekey[0m
2026-10-08T19:47:26.9320981Z [36;1mDATE=$(rustc +nightly --version --verbose | sed -ne 's/^commit-date: \(20[0-9][0-9]\)-\([01][0-9]\)-\([0-3][0-9]\)$/\1\2\3/p')[0m
2026-10-08T19:47:26.9321742Z [36;1mHASH=$(rustc +nightly --version --verbose | sed -ne 's/^commit-hash: //p')[0m
2026-10-08T19:47:26.9322219Z [36;1mecho "cachekey=$(echo $DATE$HASH | head -c12)" >> $GITHUB_OUTPUT[0m
2026-10-08T19:47:26.9357154Z shell: /usr/bin/bash --noprofile --norc -e -o pipefail {0}
2026-10-08T19:47:26.9357529Z env:
2026-10-08T19:47:26.9357779Z   CARGO_HOME: /home/runner/.cargo
2026-10-08T19:47:26.9358108Z ##[endgroup]
2026-10-08T19:47:27.0677871Z ##[end-action id=__dtolnay_rust-toolchain.rustc-version;outcome=success;conclusion=success;duration_ms=246]
2026-10-08T19:47:27.0681020Z ##[start-action display=Run : disable incremental compilation;id=__dtolnay_rust-toolchain.__run_6]
2026-10-08T19:47:27.2146274Z ##[group]Run : disable incremental compilation
2026-10-08T19:47:27.2146789Z [36;1m: disable incremental compilation[0m
2026-10-08T19:47:27.2147221Z [36;1mif [ -z "${CARGO_INCREMENTAL+set}" ]; then[0m
2026-10-08T19:47:27.2147617Z [36;1m  echo CARGO_INCREMENTAL=0 >> $GITHUB_ENV[0m
2026-10-08T19:47:27.2147926Z [36;1mfi[0m
2026-10-08T19:47:27.2186039Z shell: /usr/bin/bash --noprofile --norc -e -o pipefail {0}
2026-10-08T19:47:27.2186399Z env:
2026-10-08T19:47:27.2186786Z   CARGO_HOME: /home/runner/.cargo
2026-10-08T19:47:27.2187074Z ##[endgroup]
2026-10-08T19:47:27.3262013Z ##[end-action id=__dtolnay_rust-toolchain.__run_6;outcome=success;conclusion=success;duration_ms=258]
2026-10-08T19:47:27.3264825Z ##[start-action display=Run : enable colors in Cargo output;id=__dtolnay_rust-toolchain.__run_7]
2026-10-08T19:47:27.3289128Z ##[group]Run : enable colors in Cargo output
2026-10-08T19:47:27.3289491Z [36;1m: enable colors in Cargo output[0m
2026-10-08T19:47:27.3289829Z [36;1mif [ -z "${CARGO_TERM_COLOR+set}" ]; then[0m
2026-10-08T19:47:27.3290442Z [36;1m  echo CARGO_TERM_COLOR=always >> $GITHUB_ENV[0m
2026-10-08T19:47:27.3290749Z [36;1mfi[0m
2026-10-08T19:47:27.3320855Z shell: /usr/bin/bash --noprofile --norc -e -o pipefail {0}
2026-10-08T19:47:27.3321268Z env:
2026-10-08T19:47:27.3321544Z   CARGO_HOME: /home/runner/.cargo
2026-10-08T19:47:27.3321847Z   CARGO_INCREMENTAL: 0
2026-10-08T19:47:27.3322112Z ##[endgroup]
2026-10-08T19:47:27.3377680Z ##[end-action id=__dtolnay_rust-toolchain.__run_7;outcome=success;conclusion=success;duration_ms=11]
2026-10-08T19:47:27.3383975Z ##[start-action display=Run : enable Cargo sparse registry;id=__dtolnay_rust-toolchain.__run_8]
2026-10-08T19:47:27.3421247Z ##[group]Run : enable Cargo sparse registry
2026-10-08T19:47:27.3421780Z [36;1m: enable Cargo sparse registry[0m
2026-10-08T19:47:27.3422273Z [36;1m# implemented in 1.66, stabilized in 1.68, made default in 1.70[0m
2026-10-08T19:47:27.3423297Z [36;1mif [ -z "${CARGO_REGISTRIES_CRATES_IO_PROTOCOL+set}" -o -f "/home/runner/work/_temp"/.implicit_cargo_registries_crates_io_protocol ]; then[0m
2026-10-08T19:47:27.3424279Z [36;1m  if rustc +nightly --version --verbose | grep -q '^release: 1\.6[89]\.'; then[0m
2026-10-08T19:47:27.3425021Z [36;1m    touch "/home/runner/work/_temp"/.implicit_cargo_registries_crates_io_protocol || true[0m
2026-10-08T19:47:27.3425818Z [36;1m    echo CARGO_REGISTRIES_CRATES_IO_PROTOCOL=sparse >> $GITHUB_ENV[0m
2026-10-08T19:47:27.3426409Z [36;1m  elif rustc +nightly --version --verbose | grep -q '^release: 1\.6[67]\.'; then[0m
2026-10-08T19:47:27.3427105Z [36;1m    touch "/home/runner/work/_temp"/.implicit_cargo_registries_crates_io_protocol || true[0m
2026-10-08T19:47:27.3427833Z [36;1m    echo CARGO_REGISTRIES_CRATES_IO_PROTOCOL=git >> $GITHUB_ENV[0m
2026-10-08T19:47:27.3428353Z [36;1m  fi[0m
2026-10-08T19:47:27.3428675Z [36;1mfi[0m
2026-10-08T19:47:27.3456223Z shell: /usr/bin/bash --noprofile --norc -e -o pipefail {0}
2026-10-08T19:47:27.3456695Z env:
2026-10-08T19:47:27.3456945Z   CARGO_HOME: /home/runner/.cargo
2026-10-08T19:47:27.3457266Z   CARGO_INCREMENTAL: 0
2026-10-08T19:47:27.3457524Z   CARGO_TERM_COLOR: always
2026-10-08T19:47:27.3457770Z ##[endgroup]
2026-10-08T19:47:27.3701301Z ##[end-action id=__dtolnay_rust-toolchain.__run_8;outcome=success;conclusion=success;duration_ms=31]
2026-10-08T19:47:27.3704838Z ##[start-action display=Run : work around spurious network errors in curl 8.0;id=__dtolnay_rust-toolchain.__run_9]
2026-10-08T19:47:27.3733726Z ##[group]Run : work around spurious network errors in curl 8.0
2026-10-08T19:47:27.3734163Z [36;1m: work around spurious network errors in curl 8.0[0m
2026-10-08T19:47:27.3734737Z [36;1m# https://rust-lang.zulipchat.com/#narrow/stream/246057-t-cargo/topic/timeout.20investigation[0m
2026-10-08T19:47:27.3735288Z [36;1mif rustc +nightly --version --verbose | grep -q '^release: 1\.7[01]\.'; then[0m
2026-10-08T19:47:27.3735733Z [36;1m  echo CARGO_HTTP_MULTIPLEXING=false >> $GITHUB_ENV[0m
2026-10-08T19:47:27.3736061Z [36;1mfi[0m
2026-10-08T19:47:27.3760999Z shell: /usr/bin/bash --noprofile --norc -e -o pipefail {0}
2026-10-08T19:47:27.3761336Z env:
2026-10-08T19:47:27.3761600Z   CARGO_HOME: /home/runner/.cargo
2026-10-08T19:47:27.3761924Z   CARGO_INCREMENTAL: 0
2026-10-08T19:47:27.3762191Z   CARGO_TERM_COLOR: always
2026-10-08T19:47:27.3762473Z ##[endgroup]
2026-10-08T19:47:27.3906468Z ##[end-action id=__dtolnay_rust-toolchain.__run_9;outcome=success;conclusion=success;duration_ms=20]
2026-10-08T19:47:27.3909622Z ##[start-action display=Run rustc +nightly --version --verbose;id=__dtolnay_rust-toolchain.__run_10]
2026-10-08T19:47:27.3932979Z ##[group]Run rustc +nightly --version --verbose
2026-10-08T19:47:27.3933316Z [36;1mrustc +nightly --version --verbose[0m
2026-10-08T19:47:27.3957650Z shell: /usr/bin/bash --noprofile --norc -e -o pipefail {0}
2026-10-08T19:47:27.3958037Z env:
2026-10-08T19:47:27.3958287Z   CARGO_HOME: /home/runner/.cargo
2026-10-08T19:47:27.3958575Z   CARGO_INCREMENTAL: 0
2026-10-08T19:47:27.3958883Z   CARGO_TERM_COLOR: always
2026-10-08T19:47:27.3959146Z ##[endgroup]
2026-10-08T19:47:27.4084056Z rustc 1.101.0-nightly (1d81eb4ad 2026-10-07)
2026-10-08T19:47:27.4084704Z binary: rustc
2026-10-08T19:47:27.4085117Z commit-hash: 1d81eb4ad9cd207e3e638bd32b17ec4fce8412a6
2026-10-08T19:47:27.4085819Z commit-date: 2026-10-07
2026-10-08T19:47:27.4087118Z host: x86_64-unknown-linux-gnu
2026-10-08T19:47:27.4087727Z release: 1.101.0-nightly
2026-10-08T19:47:27.4088124Z LLVM version: 23.1.3
2026-10-08T19:47:27.4097579Z ##[end-action id=__dtolnay_rust-toolchain.__run_10;outcome=success;conclusion=success;duration_ms=18]
2026-10-08T19:47:27.4151476Z ##[group]Run RUSTDOCFLAGS="-D warnings" cargo doc --workspace --no-deps --exclude purrdf-capi --exclude purrdf-python --exclude purrdf-sparql-conformance --exclude purrdf-cli
2026-10-08T19:47:27.4152418Z [36;1mRUSTDOCFLAGS="-D warnings" cargo doc --workspace --no-deps --exclude purrdf-capi --exclude purrdf-python --exclude purrdf-sparql-conformance --exclude purrdf-cli[0m
2026-10-08T19:47:27.4177496Z shell: /usr/bin/bash -e {0}
2026-10-08T19:47:27.4177827Z env:
2026-10-08T19:47:27.4178074Z   CARGO_HOME: /home/runner/.cargo
2026-10-08T19:47:27.4178410Z   CARGO_INCREMENTAL: 0
2026-10-08T19:47:27.4178703Z   CARGO_TERM_COLOR: always
2026-10-08T19:47:27.4178960Z ##[endgroup]
2026-10-08T19:47:27.4622074Z info: syncing channel updates for nightly-x86_64-unknown-linux-gnu
2026-10-08T19:47:27.6050457Z info: latest update on 2026-10-08 for version 1.101.0-nightly (1d81eb4ad 2026-10-07)
2026-10-08T19:47:27.6134320Z info: downloading 4 components
2026-10-08T19:47:31.7223378Z [1m[92m    Updating[0m crates.io index
2026-10-08T19:47:32.2275601Z [1m[92m Downloading[0m crates ...
2026-10-08T19:47:32.2790747Z [1m[92m  Downloaded[0m aead v0.6.1
2026-10-08T19:47:32.2815349Z [1m[92m  Downloaded[0m block-buffer v0.12.1
2026-10-08T19:47:32.3020306Z [1m[92m  Downloaded[0m wasm-bindgen-macro v0.2.125
2026-10-08T19:47:32.3080491Z [1m[92m  Downloaded[0m aes v0.9.3
2026-10-08T19:47:32.3108685Z [1m[92m  Downloaded[0m ghash v0.6.0
2026-10-08T19:47:32.3135669Z [1m[92m  Downloaded[0m inout v0.2.2
2026-10-08T19:47:32.3202683Z [1m[92m  Downloaded[0m leb128fmt v0.1.0
2026-10-08T19:47:32.3207405Z [1m[92m  Downloaded[0m cfg-if v1.0.4
2026-10-08T19:47:32.3212372Z [1m[92m  Downloaded[0m cpufeatures v0.3.0
2026-10-08T19:47:32.3243839Z [1m[92m  Downloaded[0m crypto-common v0.2.2
2026-10-08T19:47:32.3271398Z [1m[92m  Downloaded[0m wasm-bindgen-shared v0.2.125
2026-10-08T19:47:32.3285003Z [1m[92m  Downloaded[0m cpubits v0.1.1
2026-10-08T19:47:32.3326287Z [1m[92m  Downloaded[0m universal-hash v0.6.1
2026-10-08T19:47:32.3371669Z [1m[92m  Downloaded[0m crossbeam-deque v0.8.6
2026-10-08T19:47:32.3380497Z [1m[92m  Downloaded[0m cmov v0.5.4
2026-10-08T19:47:32.3390301Z [1m[92m  Downloaded[0m either v1.16.0
2026-10-08T19:47:32.3396996Z [1m[92m  Downloaded[0m fastrand v2.4.1
2026-10-08T19:47:32.3403074Z [1m[92m  Downloaded[0m digest v0.11.3
2026-10-08T19:47:32.3413302Z [1m[92m  Downloaded[0m polyval v0.7.3
2026-10-08T19:47:32.3421914Z [1m[92m  Downloaded[0m ctr v0.10.1
2026-10-08T19:47:32.3430310Z [1m[92m  Downloaded[0m rustversion v1.0.22
2026-10-08T19:47:32.3441754Z [1m[92m  Downloaded[0m cipher v0.5.2
2026-10-08T19:47:32.3451027Z [1m[92m  Downloaded[0m visual-hashing v1.0.0
2026-10-08T19:47:32.3461138Z [1m[92m  Downloaded[0m ctutils v0.4.2
2026-10-08T19:47:32.3469822Z [1m[92m  Downloaded[0m quote v1.0.46
2026-10-08T19:47:32.3479935Z [1m[92m  Downloaded[0m sha2 v0.11.0
2026-10-08T19:47:32.3493589Z [1m[92m  Downloaded[0m hybrid-array v0.4.15
2026-10-08T19:47:32.3502941Z [1m[92m  Downloaded[0m once_cell v1.21.4
2026-10-08T19:47:32.3523516Z [1m[92m  Downloaded[0m crossbeam-epoch v0.9.18
2026-10-08T19:47:32.3536133Z [1m[92m  Downloaded[0m twox-hash v2.1.2
2026-10-08T19:47:32.3550401Z [1m[92m  Downloaded[0m crossbeam-utils v0.8.21
2026-10-08T19:47:32.3559062Z [1m[92m  Downloaded[0m getrandom v0.3.4
2026-10-08T19:47:32.3573124Z [1m[92m  Downloaded[0m unicode-ident v1.0.24
2026-10-08T19:47:32.3585362Z [1m[92m  Downloaded[0m const-oid v0.10.2
2026-10-08T19:47:32.3596364Z [1m[92m  Downloaded[0m proc-macro2 v1.0.106
2026-10-08T19:47:32.3609829Z [1m[92m  Downloaded[0m rayon-core v1.13.0
2026-10-08T19:47:32.3633867Z [1m[92m  Downloaded[0m wasm-bindgen v0.2.125
2026-10-08T19:47:32.3648918Z [1m[92m  Downloaded[0m aho-corasick v1.1.4
2026-10-08T19:47:32.3674546Z [1m[92m  Downloaded[0m wasm-encoder v0.259.0
2026-10-08T19:47:32.3694307Z [1m[92m  Downloaded[0m typenum v1.20.1
2026-10-08T19:47:32.3717797Z [1m[92m  Downloaded[0m bumpalo v3.20.3
2026-10-08T19:47:32.3731502Z [1m[92m  Downloaded[0m memchr v2.8.2
2026-10-08T19:47:32.3753761Z [1m[92m  Downloaded[0m wasm-bindgen-macro-support v0.2.125
2026-10-08T19:47:32.3765273Z [1m[92m  Downloaded[0m aes-gcm v0.11.1
2026-10-08T19:47:32.3784646Z [1m[92m  Downloaded[0m hashbrown v0.17.1
2026-10-08T19:47:32.3810501Z [1m[92m  Downloaded[0m rayon v1.12.0
2026-10-08T19:47:32.3848424Z [1m[92m  Downloaded[0m regex v1.12.4
2026-10-08T19:47:32.3873725Z [1m[92m  Downloaded[0m syn v2.0.118
2026-10-08T19:47:32.3922492Z [1m[92m  Downloaded[0m regex-syntax v0.8.11
2026-10-08T19:47:32.3960132Z [1m[92m  Downloaded[0m regex-automata v0.4.14
2026-10-08T19:47:32.4032918Z [1m[92m  Downloaded[0m libc v0.2.186
2026-10-08T19:47:32.4190320Z [1m[92m  Downloaded[0m structured-zstd v0.0.49
2026-10-08T19:47:32.7729273Z [1m[92m    Checking[0m typenum v1.20.1
2026-10-08T19:47:32.7730411Z [1m[92m    Checking[0m purrdf-hash v3.0.1 (/home/runner/work/purrdf/purrdf/crates/hash)
2026-10-08T19:47:32.7731096Z [1m[92m    Checking[0m cpufeatures v0.3.0
2026-10-08T19:47:32.7754941Z [1m[92m    Checking[0m cfg-if v1.0.4
2026-10-08T19:47:32.7914229Z [1m[92m    Checking[0m const-oid v0.10.2
2026-10-08T19:47:32.7969023Z [1m[92m    Checking[0m regex-syntax v0.8.11
2026-10-08T19:47:32.8792245Z [1m[92m    Checking[0m purrdf-events v3.0.1 (/home/runner/work/purrdf/purrdf/crates/rdf-events)
2026-10-08T19:47:32.9345940Z [1m[92m   Compiling[0m purrdf-core v3.0.1 (/home/runner/work/purrdf/purrdf/crates/rdf-core)
2026-10-08T19:47:33.6822267Z [1m[92m    Checking[0m hybrid-array v0.4.15
2026-10-08T19:47:33.9602897Z [1m[92m    Checking[0m regex-automata v0.4.14
2026-10-08T19:47:34.0831356Z [1m[92m    Checking[0m crypto-common v0.2.2
2026-10-08T19:47:34.1906333Z [1m[92m    Checking[0m block-buffer v0.12.1
2026-10-08T19:47:34.2701834Z [1m[92m    Checking[0m hashbrown v0.17.1
2026-10-08T19:47:34.4006178Z [1m[92m    Checking[0m purrdf-lex v3.0.1 (/home/runner/work/purrdf/purrdf/crates/lex)
2026-10-08T19:47:34.5232348Z [1m[92m    Checking[0m digest v0.11.3
2026-10-08T19:47:34.5932109Z [1m[92m    Checking[0m sha2 v0.11.0
2026-10-08T19:47:34.6696428Z [1m[92m    Checking[0m purrdf-deflate v3.0.1 (/home/runner/work/purrdf/purrdf/crates/deflate)
2026-10-08T19:47:34.9632051Z [1m[92m   Compiling[0m crossbeam-utils v0.8.21
2026-10-08T19:47:35.0072773Z [1m[92m   Compiling[0m rayon-core v1.13.0
2026-10-08T19:47:35.0631773Z [1m[92m    Checking[0m either v1.16.0
2026-10-08T19:47:35.1531826Z [1m[92m   Compiling[0m libc v0.2.186
2026-10-08T19:47:35.4372076Z [1m[92m    Checking[0m regex v1.12.4
2026-10-08T19:47:35.4451428Z [1m[92m    Checking[0m crossbeam-epoch v0.9.18
2026-10-08T19:47:35.5862115Z [1m[92m    Checking[0m crossbeam-deque v0.8.6
2026-10-08T19:47:35.6481771Z [1m[92m   Compiling[0m getrandom v0.3.4
2026-10-08T19:47:35.9402370Z [1m[92m    Checking[0m rayon v1.12.0
2026-10-08T19:47:35.9556262Z [1m[92m    Checking[0m inout v0.2.2
2026-10-08T19:47:36.0043247Z [1m[92m    Checking[0m cmov v0.5.4
2026-10-08T19:47:36.0997553Z [1m[92m    Checking[0m ctutils v0.4.2
2026-10-08T19:47:36.2083078Z [1m[92m    Checking[0m cpubits v0.1.1
2026-10-08T19:47:36.2291440Z [1m[92m    Checking[0m universal-hash v0.6.1
2026-10-08T19:47:36.2651568Z [1m[92m    Checking[0m cipher v0.5.2
2026-10-08T19:47:36.3068556Z [1m[92m    Checking[0m purrdf-stack v3.0.1 (/home/runner/work/purrdf/purrdf/crates/stack)
2026-10-08T19:47:36.3961820Z [1m[92m    Checking[0m fastrand v2.4.1
2026-10-08T19:47:36.4351530Z [1m[92m    Checking[0m twox-hash v2.1.2
2026-10-08T19:47:36.4691360Z [1m[92m    Checking[0m purrdf-xsd v3.0.1 (/home/runner/work/purrdf/purrdf/crates/xsd)
2026-10-08T19:47:36.4761235Z [1m[92m    Checking[0m purrdf-iri v3.0.1 (/home/runner/work/purrdf/purrdf/crates/iri)
2026-10-08T19:47:36.4787697Z [1m[92m    Checking[0m structured-zstd v0.0.49
2026-10-08T19:47:37.2611853Z [1m[92m    Checking[0m polyval v0.7.3
2026-10-08T19:47:37.3352370Z [1m[92m    Checking[0m ghash v0.6.0
2026-10-08T19:47:37.3622984Z [1m[92m    Checking[0m ctr v0.10.1
2026-10-08T19:47:37.4151696Z [1m[92m    Checking[0m aes v0.9.3
2026-10-08T19:47:37.4341455Z [1m[92m    Checking[0m aead v0.6.1
2026-10-08T19:47:37.4701385Z [1m[92m    Checking[0m purrdf-ed25519 v3.0.1 (/home/runner/work/purrdf/purrdf/crates/ed25519)
2026-10-08T19:47:37.5501538Z [1m[92m    Checking[0m purrdf-cdt v3.0.1 (/home/runner/work/purrdf/purrdf/crates/cdt)
2026-10-08T19:47:37.5981679Z [1m[92m    Checking[0m visual-hashing v1.0.0
2026-10-08T19:47:37.6571829Z [1m[92m   Compiling[0m wasm-bindgen-shared v0.2.125
2026-10-08T19:47:37.6641891Z [1m[92m    Checking[0m aes-gcm v0.11.1
2026-10-08T19:47:37.7224684Z [1m[92m   Compiling[0m unicode-ident v1.0.24
2026-10-08T19:47:37.7751405Z [1m[92m   Compiling[0m proc-macro2 v1.0.106
2026-10-08T19:47:37.8912290Z [1m[92m   Compiling[0m quote v1.0.46
2026-10-08T19:47:38.0792222Z [1m[92m    Checking[0m purrdf-sparql-algebra v3.0.1 (/home/runner/work/purrdf/purrdf/crates/sparql-algebra)
2026-10-08T19:47:38.9417699Z [1m[92m    Checking[0m purrdf-gts v3.0.1 (/home/runner/work/purrdf/purrdf/crates/gts)
2026-10-08T19:47:39.2602928Z [1m[92m   Compiling[0m rustversion v1.0.22
2026-10-08T19:47:40.1722469Z [1m[92m   Compiling[0m syn v2.0.118
2026-10-08T19:47:41.1791926Z [1m[92m   Compiling[0m bumpalo v3.20.3
2026-10-08T19:47:41.5841354Z [1m[92m   Compiling[0m wasm-bindgen v0.2.125
2026-10-08T19:47:41.7972817Z [1m[92m    Checking[0m purrdf-testkit v3.0.1 (/home/runner/work/purrdf/purrdf/crates/testkit)
2026-10-08T19:47:41.9732334Z [1m[92m    Checking[0m purrdf-alloc-probe v3.0.1 (/home/runner/work/purrdf/purrdf/crates/alloc-probe)
2026-10-08T19:47:42.2051861Z [1m[92m    Checking[0m leb128fmt v0.1.0
2026-10-08T19:47:42.2782230Z [1m[92m    Checking[0m once_cell v1.21.4
2026-10-08T19:47:42.3153787Z [1m[92m    Checking[0m wasm-encoder v0.259.0
2026-10-08T19:47:42.9222446Z [1m[92m    Checking[0m purrdf-jsonschema v3.0.1 (/home/runner/work/purrdf/purrdf/crates/jsonschema)
2026-10-08T19:47:43.8295501Z [1m[92m   Compiling[0m wasm-bindgen-macro-support v0.2.125
2026-10-08T19:47:44.7582248Z [1m[92m Documenting[0m purrdf-testkit v3.0.1 (/home/runner/work/purrdf/purrdf/crates/testkit)
2026-10-08T19:47:45.2562579Z [1m[92m Documenting[0m helper-census v3.0.1 (/home/runner/work/purrdf/purrdf/crates/helper-census)
2026-10-08T19:47:45.6402342Z [1m[92m Documenting[0m wasm-link v3.0.1 (/home/runner/work/purrdf/purrdf/crates/wasm-link)
2026-10-08T19:47:45.8239645Z [1m[92m Documenting[0m purrdf-hash-conformance v3.0.1 (/home/runner/work/purrdf/purrdf/crates/hash-conformance)
2026-10-08T19:47:46.0077055Z [1m[92m    Checking[0m purrdf-sparql-results v3.0.1 (/home/runner/work/purrdf/purrdf/crates/sparql-results)
2026-10-08T19:47:46.0592166Z [1m[92m    Checking[0m purrdf-datalog v3.0.1 (/home/runner/work/purrdf/purrdf/crates/datalog)
2026-10-08T19:47:46.3302353Z [1m[92m    Checking[0m purrdf-sparql-eval v3.0.1 (/home/runner/work/purrdf/purrdf/crates/sparql-eval)
2026-10-08T19:47:47.4407831Z [1m[92m    Checking[0m purrdf-entail v3.0.1 (/home/runner/work/purrdf/purrdf/crates/entail)
2026-10-08T19:47:50.1490391Z [1m[92m    Checking[0m purrdf-columnar v3.0.1 (/home/runner/work/purrdf/purrdf/crates/columnar)
2026-10-08T19:47:50.5581931Z [1m[92m    Checking[0m purrdf-shex v3.0.1 (/home/runner/work/purrdf/purrdf/crates/shex)
2026-10-08T19:47:51.2901987Z [1m[92m    Checking[0m purrdf-markdown v3.0.1 (/home/runner/work/purrdf/purrdf/crates/markdown)
2026-10-08T19:47:51.6392185Z [1m[92m    Checking[0m purrdf-json v3.0.1 (/home/runner/work/purrdf/purrdf/crates/json)
2026-10-08T19:47:51.8171875Z [1m[92m Documenting[0m purrdf-entail v3.0.1 (/home/runner/work/purrdf/purrdf/crates/entail)
2026-10-08T19:47:51.9782369Z [1m[92m    Checking[0m purrdf-rdf v3.0.1 (/home/runner/work/purrdf/purrdf/crates/rdf)
2026-10-08T19:47:52.7402176Z [1m[92m    Checking[0m purrdf-text v3.0.1 (/home/runner/work/purrdf/purrdf/crates/text)
2026-10-08T19:47:54.1052995Z [1m[92m    Checking[0m purrdf-retrieval v3.0.1 (/home/runner/work/purrdf/purrdf/crates/retrieval)
2026-10-08T19:47:55.4319277Z [1m[92m    Checking[0m purrdf-hnsw v3.0.1 (/home/runner/work/purrdf/purrdf/crates/hnsw)
2026-10-08T19:47:55.8472636Z [1m[92m Documenting[0m purrdf-rdf v3.0.1 (/home/runner/work/purrdf/purrdf/crates/rdf)
2026-10-08T19:47:58.9544036Z [1m[92m    Checking[0m purrdf-geo v3.0.1 (/home/runner/work/purrdf/purrdf/crates/geo)
2026-10-08T19:47:59.6662279Z [1m[92m    Checking[0m purrdf-slice v3.0.1 (/home/runner/work/purrdf/purrdf/crates/slice)
2026-10-08T19:47:59.7154181Z [1m[92m    Checking[0m purrdf-bench v3.0.1 (/home/runner/work/purrdf/purrdf/crates/bench)
2026-10-08T19:48:00.0002325Z [1m[92m Documenting[0m purrdf-bench v3.0.1 (/home/runner/work/purrdf/purrdf/crates/bench)
2026-10-08T19:48:00.3072217Z [1m[92m    Checking[0m purrdf-shapes v3.0.1 (/home/runner/work/purrdf/purrdf/crates/shapes)
2026-10-08T19:48:01.6434552Z [1m[92m Documenting[0m purrdf-shapes v3.0.1 (/home/runner/work/purrdf/purrdf/crates/shapes)
2026-10-08T19:48:04.3083708Z [1m[92m Documenting[0m purrdf-slice v3.0.1 (/home/runner/work/purrdf/purrdf/crates/slice)
2026-10-08T19:48:05.4083615Z [1m[92m Documenting[0m purrdf-retrieval v3.0.1 (/home/runner/work/purrdf/purrdf/crates/retrieval)
2026-10-08T19:48:05.7312288Z [1m[92m Documenting[0m purrdf-geo v3.0.1 (/home/runner/work/purrdf/purrdf/crates/geo)
2026-10-08T19:48:06.3232827Z [1m[92m Documenting[0m purrdf-hnsw v3.0.1 (/home/runner/work/purrdf/purrdf/crates/hnsw)
2026-10-08T19:48:06.6792408Z [1m[92m Documenting[0m purrdf-text v3.0.1 (/home/runner/work/purrdf/purrdf/crates/text)
2026-10-08T19:48:07.0622089Z [1m[92m Documenting[0m purrdf-conformance-kit v3.0.1 (/home/runner/work/purrdf/purrdf/crates/conformance-kit)
2026-10-08T19:48:07.5081660Z [1m[92m Documenting[0m purrdf-sparql-eval v3.0.1 (/home/runner/work/purrdf/purrdf/crates/sparql-eval)
2026-10-08T19:48:07.8802759Z [1m[92m Documenting[0m purrdf-markdown v3.0.1 (/home/runner/work/purrdf/purrdf/crates/markdown)
2026-10-08T19:48:08.5727114Z [1m[92m Documenting[0m purrdf-datalog v3.0.1 (/home/runner/work/purrdf/purrdf/crates/datalog)
2026-10-08T19:48:08.8152658Z [1m[92m    Checking[0m purrdf-validate v3.0.1 (/home/runner/work/purrdf/purrdf/crates/validate)
2026-10-08T19:48:09.3762027Z [1m[92m    Checking[0m purrdf-envelope-probe v3.0.1 (/home/runner/work/purrdf/purrdf/crates/envelope-probe)
2026-10-08T19:48:09.4942339Z [1m[92m Documenting[0m purrdf-envelope-probe v3.0.1 (/home/runner/work/purrdf/purrdf/crates/envelope-probe)
2026-10-08T19:48:09.6355227Z [1m[92m    Checking[0m purrdf v3.0.1 (/home/runner/work/purrdf/purrdf/crates/purrdf)
2026-10-08T19:48:09.7653037Z [1m[92m Documenting[0m purrdf v3.0.1 (/home/runner/work/purrdf/purrdf/crates/purrdf)
2026-10-08T19:48:09.8202016Z [1m[92m Documenting[0m purrdf-validate v3.0.1 (/home/runner/work/purrdf/purrdf/crates/validate)
2026-10-08T19:48:10.7732137Z [1m[92m Documenting[0m purrdf-columnar v3.0.1 (/home/runner/work/purrdf/purrdf/crates/columnar)
2026-10-08T19:48:11.1476838Z [1m[92m Documenting[0m purrdf-json v3.0.1 (/home/runner/work/purrdf/purrdf/crates/json)
2026-10-08T19:48:11.5868267Z [1m[92m Documenting[0m purrdf-shex v3.0.1 (/home/runner/work/purrdf/purrdf/crates/shex)
2026-10-08T19:48:11.6455465Z [1m[92m   Compiling[0m wasm-bindgen-macro v0.2.125
2026-10-08T19:48:11.9581441Z [1m[92m Documenting[0m purrdf-sparql-results v3.0.1 (/home/runner/work/purrdf/purrdf/crates/sparql-results)
2026-10-08T19:48:12.4181588Z [1m[92m Documenting[0m purrdf-wasm v3.0.1 (/home/runner/work/purrdf/purrdf/crates/rdf-wasm)
2026-10-08T19:48:13.6780309Z [1m[92m Documenting[0m purrdf-gts v3.0.1 (/home/runner/work/purrdf/purrdf/crates/gts)
2026-10-08T19:48:14.6487732Z [1m[92m Documenting[0m purrdf-sparql-algebra v3.0.1 (/home/runner/work/purrdf/purrdf/crates/sparql-algebra)
2026-10-08T19:48:14.6998382Z [1m[92m Documenting[0m purrdf-core v3.0.1 (/home/runner/work/purrdf/purrdf/crates/rdf-core)
2026-10-08T19:48:15.5199039Z [1m[92m Documenting[0m purrdf-jsonschema v3.0.1 (/home/runner/work/purrdf/purrdf/crates/jsonschema)
2026-10-08T19:48:17.2636973Z [1m[92m Documenting[0m purrdf-cdt v3.0.1 (/home/runner/work/purrdf/purrdf/crates/cdt)
2026-10-08T19:48:18.0561113Z [1m[92m Documenting[0m purrdf-iri v3.0.1 (/home/runner/work/purrdf/purrdf/crates/iri)
2026-10-08T19:48:18.7903010Z [1m[92m Documenting[0m purrdf-xsd v3.0.1 (/home/runner/work/purrdf/purrdf/crates/xsd)
2026-10-08T19:48:19.9547087Z [1m[92m Documenting[0m purrdf-stack v3.0.1 (/home/runner/work/purrdf/purrdf/crates/stack)
2026-10-08T19:48:20.5535565Z [1m[92m Documenting[0m purrdf-ed25519 v3.0.1 (/home/runner/work/purrdf/purrdf/crates/ed25519)
2026-10-08T19:48:21.4250759Z [1m[92m Documenting[0m purrdf-deflate v3.0.1 (/home/runner/work/purrdf/purrdf/crates/deflate)
2026-10-08T19:48:22.2921196Z [1m[92m Documenting[0m purrdf-lex v3.0.1 (/home/runner/work/purrdf/purrdf/crates/lex)
2026-10-08T19:48:23.1117713Z [1m[92m Documenting[0m purrdf-hash v3.0.1 (/home/runner/work/purrdf/purrdf/crates/hash)
2026-10-08T19:48:24.0903703Z [1m[92m Documenting[0m purrdf-alloc-probe v3.0.1 (/home/runner/work/purrdf/purrdf/crates/alloc-probe)
2026-10-08T19:48:24.8314782Z [1m[92m Documenting[0m purrdf-events v3.0.1 (/home/runner/work/purrdf/purrdf/crates/rdf-events)
2026-10-08T19:48:28.3123946Z [1m[92m    Finished[0m `dev` profile [optimized + debuginfo] target(s) in 56.62s
2026-10-08T19:48:28.3275890Z [1m[92m   Generated[0m /home/runner/work/purrdf/purrdf/target/doc/helper_census/index.html and 46 other files
2026-10-08T19:48:28.3473824Z Post job cleanup.
2026-10-08T19:48:28.4110104Z [command]/usr/bin/git version
2026-10-08T19:48:28.4136014Z git version 2.55.0
2026-10-08T19:48:28.4157204Z Temporarily overriding HOME='/home/runner/work/_temp/f3f0b5ef-eb3b-43f4-9c61-f386f8e9d20c' before making global git config changes
2026-10-08T19:48:28.4158045Z Adding repository directory to the temporary git global config as a safe directory
2026-10-08T19:48:28.4160507Z [command]/usr/bin/git config --global --add safe.directory /home/runner/work/purrdf/purrdf
2026-10-08T19:48:28.4183209Z Removing SSH command configuration
2026-10-08T19:48:28.4187904Z [command]/usr/bin/git config --local --name-only --get-regexp core\.sshCommand
2026-10-08T19:48:28.4211201Z [command]/usr/bin/git submodule foreach --recursive sh -c "git config --local --name-only --get-regexp 'core\.sshCommand' && git config --local --unset-all 'core.sshCommand' || :"
2026-10-08T19:48:28.4373033Z Removing HTTP extra header
2026-10-08T19:48:28.4376487Z [command]/usr/bin/git config --local --name-only --get-regexp http\.https\:\/\/github\.com\/\.extraheader
2026-10-08T19:48:28.4399550Z [command]/usr/bin/git submodule foreach --recursive sh -c "git config --local --name-only --get-regexp 'http\.https\:\/\/github\.com\/\.extraheader' && git config --local --unset-all 'http.https://github.com/.extraheader' || :"
2026-10-08T19:48:28.4552775Z Removing includeIf entries pointing to credentials config files
2026-10-08T19:48:28.4556783Z [command]/usr/bin/git config --local --name-only --get-regexp ^includeIf\.gitdir:
2026-10-08T19:48:28.4576989Z [command]/usr/bin/git submodule foreach --recursive git config --local --show-origin --name-only --get-regexp remote.origin.url
2026-10-08T19:48:28.4846886Z Cleaning up orphan processes
