    Blocking waiting for file lock on package cache
    Blocking waiting for file lock on package cache
    Blocking waiting for file lock on package cache
       Fresh typenum v1.20.1
       Fresh hybrid-array v0.4.15
       Fresh crypto-common v0.2.2
       Fresh purrdf-hash v3.0.1 (/home/runner/work/purrdf/purrdf/crates/hash)
       Fresh block-buffer v0.12.1
       Fresh cpufeatures v0.3.0
       Fresh purrdf-lex v3.0.1 (/home/runner/work/purrdf/purrdf/crates/lex)
       Fresh purrdf-iri v3.0.1 (/home/runner/work/purrdf/purrdf/crates/iri)
       Fresh purrdf-xsd v3.0.1 (/home/runner/work/purrdf/purrdf/crates/xsd)
       Fresh cfg-if v1.0.4
       Fresh const-oid v0.10.2
       Fresh digest v0.11.3
       Fresh regex-syntax v0.8.11
       Fresh purrdf-events v3.0.1 (/home/runner/work/purrdf/purrdf/crates/rdf-events)
       Fresh regex-automata v0.4.14
       Fresh sha2 v0.11.0
       Fresh regex v1.12.4
       Fresh purrdf-cdt v3.0.1 (/home/runner/work/purrdf/purrdf/crates/cdt)
       Fresh purrdf-deflate v3.0.1 (/home/runner/work/purrdf/purrdf/crates/deflate)
       Fresh hashbrown v0.17.1
       Fresh purrdf-core v3.0.1 (/home/runner/work/purrdf/purrdf/crates/rdf-core)
       Fresh crossbeam-utils v0.8.21
       Fresh crossbeam-epoch v0.9.18
       Fresh crossbeam-deque v0.8.6
       Fresh rayon-core v1.13.0
       Fresh either v1.16.0
       Fresh rayon v1.12.0
       Fresh libc v0.2.186
       Fresh inout v0.2.2
       Fresh cmov v0.5.4
       Fresh ctutils v0.4.2
       Fresh getrandom v0.3.4
       Fresh purrdf-stack v3.0.1 (/home/runner/work/purrdf/purrdf/crates/stack)
       Fresh purrdf-sparql-results v3.0.1 (/home/runner/work/purrdf/purrdf/crates/sparql-results)
       Fresh purrdf-sparql-algebra v3.0.1 (/home/runner/work/purrdf/purrdf/crates/sparql-algebra)
       Fresh cpubits v0.1.1
       Fresh purrdf-sparql-eval v3.0.1 (/home/runner/work/purrdf/purrdf/crates/sparql-eval)
       Fresh universal-hash v0.6.1
       Fresh cipher v0.5.2
       Fresh polyval v0.7.3
       Fresh fastrand v2.4.1
       Fresh twox-hash v2.1.2
       Fresh structured-zstd v0.0.49
       Fresh ghash v0.6.0
       Fresh aes v0.9.3
       Fresh ctr v0.10.1
       Fresh aead v0.6.1
       Fresh aes-gcm v0.11.1
       Fresh purrdf-ed25519 v3.0.1 (/home/runner/work/purrdf/purrdf/crates/ed25519)
       Fresh visual-hashing v1.0.0
       Fresh purrdf-gts v3.0.1 (/home/runner/work/purrdf/purrdf/crates/gts)
       Fresh purrdf-rdf v3.0.1 (/home/runner/work/purrdf/purrdf/crates/rdf)
       Fresh purrdf-datalog v3.0.1 (/home/runner/work/purrdf/purrdf/crates/datalog)
       Fresh purrdf-slice v3.0.1 (/home/runner/work/purrdf/purrdf/crates/slice)
       Fresh purrdf-text v3.0.1 (/home/runner/work/purrdf/purrdf/crates/text)
       Fresh purrdf-retrieval v3.0.1 (/home/runner/work/purrdf/purrdf/crates/retrieval)
       Fresh purrdf-shapes v3.0.1 (/home/runner/work/purrdf/purrdf/crates/shapes)
       Fresh purrdf-entail v3.0.1 (/home/runner/work/purrdf/purrdf/crates/entail)
       Fresh purrdf-columnar v3.0.1 (/home/runner/work/purrdf/purrdf/crates/columnar)
       Fresh purrdf-hnsw v3.0.1 (/home/runner/work/purrdf/purrdf/crates/hnsw)
       Fresh purrdf-geo v3.0.1 (/home/runner/work/purrdf/purrdf/crates/geo)
       Fresh purrdf-shex v3.0.1 (/home/runner/work/purrdf/purrdf/crates/shex)
       Fresh purrdf-json v3.0.1 (/home/runner/work/purrdf/purrdf/crates/json)
       Fresh purrdf-markdown v3.0.1 (/home/runner/work/purrdf/purrdf/crates/markdown)
       Fresh purrdf-jsonschema v3.0.1 (/home/runner/work/purrdf/purrdf/crates/jsonschema)
      Timing report saved to /home/runner/work/purrdf/purrdf/target/simd-asm/contexts/6bc85983aecf36ab34d6739fbc58aa82570d1efdb80926e08bdf71ca1b12a307/target/cargo-timings/cargo-timing-20261006T215036778Z-fe27715264302e3a.html
    Finished `release` profile [optimized] target(s) in 0.04s
