    Checking purrdf-sparql-eval v3.0.1 (/home/paudley/Active/purrdf/.worktrees/510-retrieval-a-union-stage-beside-fuse-per/crates/sparql-eval)
    Checking purrdf-text v3.0.1 (/home/paudley/Active/purrdf/.worktrees/510-retrieval-a-union-stage-beside-fuse-per/crates/text)
    Checking purrdf-retrieval v3.0.1 (/home/paudley/Active/purrdf/.worktrees/510-retrieval-a-union-stage-beside-fuse-per/crates/retrieval)
error: `into_iter` call on a collection with only one item
   --> crates/retrieval/tests/wasm_determinism.rs:696:24
    |
696 |             contracts: [(stratum.clone(), contract)].into_iter().collect(),
    |                        ^^^^^^^^^^^^^^^^^^^^^^^^^^^^^^^^^^^^^^^^^ help: try: `std::iter::once((stratum.clone(), contract))`
    |
    = help: for further information visit https://rust-lang.github.io/rust-clippy/main/index.html#iter_on_single_items
    = note: `-D clippy::iter-on-single-items` implied by `-D warnings`
    = help: to override `-D warnings` add `#[allow(clippy::iter_on_single_items)]`

error: the borrowed expression implements the required traits
   --> crates/retrieval/tests/wasm_determinism.rs:768:13
    |
768 |             &format!("{stratum}/producer"),
    |             ^^^^^^^^^^^^^^^^^^^^^^^^^^^^^^ help: change this to: `format!("{stratum}/producer")`
    |
    = help: for further information visit https://rust-lang.github.io/rust-clippy/main/index.html#needless_borrows_for_generic_args
    = note: `-D clippy::needless-borrows-for-generic-args` implied by `-D warnings`
    = help: to override `-D warnings` add `#[allow(clippy::needless_borrows_for_generic_args)]`

error: could not compile `purrdf-retrieval` (test "wasm_determinism") due to 2 previous errors
warning: build failed, waiting for other jobs to finish...
error: returning a `str` unnecessarily tied to the lifetime of arguments
  --> crates/retrieval/tests/candidate_union.rs:32:25
   |
32 |     fn source(&self) -> &str {
   |                         ^^^^ help: try: `&'static str`
   |
   = help: for further information visit https://rust-lang.github.io/rust-clippy/main/index.html#unnecessary_literal_bound
   = note: `-D clippy::unnecessary-literal-bound` implied by `-D warnings`
   = help: to override `-D warnings` add `#[allow(clippy::unnecessary_literal_bound)]`

error: returning a `str` unnecessarily tied to the lifetime of arguments
  --> crates/retrieval/tests/candidate_union.rs:35:27
   |
35 |     fn revision(&self) -> &str {
   |                           ^^^^ help: try: `&'static str`
   |
   = help: for further information visit https://rust-lang.github.io/rust-clippy/main/index.html#unnecessary_literal_bound

error: the borrowed expression implements the required traits
  --> crates/retrieval/tests/candidate_union.rs:53:13
   |
53 |             &format!("http://example.org/pf/{stratum}"),
   |             ^^^^^^^^^^^^^^^^^^^^^^^^^^^^^^^^^^^^^^^^^^^ help: change this to: `format!("http://example.org/pf/{stratum}")`
   |
   = help: for further information visit https://rust-lang.github.io/rust-clippy/main/index.html#needless_borrows_for_generic_args
   = note: `-D clippy::needless-borrows-for-generic-args` implied by `-D warnings`
   = help: to override `-D warnings` add `#[allow(clippy::needless_borrows_for_generic_args)]`

error: `into_iter` call on a collection with only one item
   --> crates/retrieval/tests/candidate_union.rs:314:24
    |
314 |             contracts: [(stratum, contract)].into_iter().collect(),
    |                        ^^^^^^^^^^^^^^^^^^^^^^^^^^^^^^^^^ help: try: `std::iter::once((stratum, contract))`
    |
    = help: for further information visit https://rust-lang.github.io/rust-clippy/main/index.html#iter_on_single_items
    = note: `-D clippy::iter-on-single-items` implied by `-D warnings`
    = help: to override `-D warnings` add `#[allow(clippy::iter_on_single_items)]`

error: used `assert!` to check that a value is not empty
   --> crates/retrieval/tests/candidate_union.rs:681:5
    |
681 |     assert!(!expected_unserved.is_empty());
    |     ^^^^^^^^^^^^^^^^^^^^^^^^^^^^^^^^^^^^^^
    |
    = help: for further information visit https://rust-lang.github.io/rust-clippy/main/index.html#assert_is_empty
    = note: `-D clippy::assert-is-empty` implied by `-D warnings`
    = help: to override `-D warnings` add `#[allow(clippy::assert_is_empty)]`
help: use `assert_ne!` to show the value on failure
    |
681 -     assert!(!expected_unserved.is_empty());
681 +     assert_ne!(expected_unserved, [] as [purrdf_retrieval::UnservedTerm; 0]);
    |

error: could not compile `purrdf-retrieval` (test "candidate_union") due to 5 previous errors
