    Checking typenum v1.20.1
    Checking purrdf-hash v3.0.1 (/home/paudley/Active/purrdf/.worktrees/452-owl-propertychainaxiom-is-a-property/crates/hash)
    Checking cpufeatures v0.3.0
    Checking cfg-if v1.0.4
   Compiling crossbeam-utils v0.8.21
    Checking const-oid v0.10.2
    Checking regex-syntax v0.8.11
    Checking hybrid-array v0.4.15
    Checking purrdf-events v3.0.1 (/home/paudley/Active/purrdf/.worktrees/452-owl-propertychainaxiom-is-a-property/crates/rdf-events)
    Checking crossbeam-epoch v0.9.18
    Checking crypto-common v0.2.2
    Checking block-buffer v0.12.1
   Compiling rayon-core v1.13.0
    Checking crossbeam-deque v0.8.6
    Checking digest v0.11.3
    Checking regex-automata v0.4.14
   Compiling purrdf-core v3.0.1 (/home/paudley/Active/purrdf/.worktrees/452-owl-propertychainaxiom-is-a-property/crates/rdf-core)
    Checking sha2 v0.11.0
    Checking hashbrown v0.17.1
    Checking either v1.16.0
    Checking regex v1.12.4
   Compiling libc v0.2.186
    Checking rayon v1.12.0
    Checking inout v0.2.2
    Checking cmov v0.5.4
    Checking ctutils v0.4.2
    Checking cpubits v0.1.1
    Checking purrdf-stack v3.0.1 (/home/paudley/Active/purrdf/.worktrees/452-owl-propertychainaxiom-is-a-property/crates/stack)
    Checking universal-hash v0.6.1
    Checking cipher v0.5.2
   Compiling getrandom v0.3.4
    Checking polyval v0.7.3
    Checking aes v0.9.3
    Checking ghash v0.6.0
    Checking ctr v0.10.1
    Checking aead v0.6.1
    Checking fastrand v2.4.1
    Checking twox-hash v2.1.2
    Checking aes-gcm v0.11.1
    Checking structured-zstd v0.0.49
    Checking visual-hashing v1.0.0
    Checking purrdf-alloc-probe v3.0.1 (/home/paudley/Active/purrdf/.worktrees/452-owl-propertychainaxiom-is-a-property/crates/alloc-probe)
    Checking purrdf-lex v3.0.1 (/home/paudley/Active/purrdf/.worktrees/452-owl-propertychainaxiom-is-a-property/crates/lex)
    Checking purrdf-deflate v3.0.1 (/home/paudley/Active/purrdf/.worktrees/452-owl-propertychainaxiom-is-a-property/crates/deflate)
    Checking purrdf-testkit v3.0.1 (/home/paudley/Active/purrdf/.worktrees/452-owl-propertychainaxiom-is-a-property/crates/testkit)
    Checking purrdf-ed25519 v3.0.1 (/home/paudley/Active/purrdf/.worktrees/452-owl-propertychainaxiom-is-a-property/crates/ed25519)
    Checking purrdf-xsd v3.0.1 (/home/paudley/Active/purrdf/.worktrees/452-owl-propertychainaxiom-is-a-property/crates/xsd)
    Checking purrdf-iri v3.0.1 (/home/paudley/Active/purrdf/.worktrees/452-owl-propertychainaxiom-is-a-property/crates/iri)
    Checking purrdf-cdt v3.0.1 (/home/paudley/Active/purrdf/.worktrees/452-owl-propertychainaxiom-is-a-property/crates/cdt)
    Checking purrdf-gts v3.0.1 (/home/paudley/Active/purrdf/.worktrees/452-owl-propertychainaxiom-is-a-property/crates/gts)
    Checking purrdf-sparql-algebra v3.0.1 (/home/paudley/Active/purrdf/.worktrees/452-owl-propertychainaxiom-is-a-property/crates/sparql-algebra)
    Checking purrdf-datalog v3.0.1 (/home/paudley/Active/purrdf/.worktrees/452-owl-propertychainaxiom-is-a-property/crates/datalog)
    Checking purrdf-sparql-results v3.0.1 (/home/paudley/Active/purrdf/.worktrees/452-owl-propertychainaxiom-is-a-property/crates/sparql-results)
    Checking purrdf-sparql-eval v3.0.1 (/home/paudley/Active/purrdf/.worktrees/452-owl-propertychainaxiom-is-a-property/crates/sparql-eval)
    Checking purrdf-entail v3.0.1 (/home/paudley/Active/purrdf/.worktrees/452-owl-propertychainaxiom-is-a-property/crates/entail)
error[E0425]: cannot find value `OWL_TOPOBJECTPROPERTY` in module `purrdf_iri::vocab`
    --> crates/entail/src/owl_dl/graph.rs:1789:47
     |
1789 |                 .id_of_iri(purrdf_iri::vocab::OWL_TOPOBJECTPROPERTY),
     |                                               ^^^^^^^^^^^^^^^^^^^^^ not found in `purrdf_iri::vocab`
     |
help: consider importing this constant through its public re-export
     |
  38 + use crate::vocab::OWL_TOPOBJECTPROPERTY;
     |
help: if you import `OWL_TOPOBJECTPROPERTY`, refer to it directly
     |
1789 -                 .id_of_iri(purrdf_iri::vocab::OWL_TOPOBJECTPROPERTY),
1789 +                 .id_of_iri(OWL_TOPOBJECTPROPERTY),
     |

error[E0425]: cannot find value `OWL_TOPOBJECTPROPERTY` in module `purrdf_iri::vocab`
    --> crates/entail/src/owl_dl/parser.rs:1162:51
     |
1162 |                     .id_of_iri(purrdf_iri::vocab::OWL_TOPOBJECTPROPERTY)
     |                                                   ^^^^^^^^^^^^^^^^^^^^^ not found in `purrdf_iri::vocab`
     |
help: consider importing this constant through its public re-export
     |
  69 + use crate::vocab::OWL_TOPOBJECTPROPERTY;
     |
help: if you import `OWL_TOPOBJECTPROPERTY`, refer to it directly
     |
1162 -                     .id_of_iri(purrdf_iri::vocab::OWL_TOPOBJECTPROPERTY)
1162 +                     .id_of_iri(OWL_TOPOBJECTPROPERTY)
     |

error[E0425]: cannot find value `OWL_TOPOBJECTPROPERTY` in module `purrdf_iri::vocab`
    --> crates/entail/src/owl_dl/proof.rs:4219:55
     |
4219 |                         .id_of_iri(purrdf_iri::vocab::OWL_TOPOBJECTPROPERTY)
     |                                                       ^^^^^^^^^^^^^^^^^^^^^ not found in `purrdf_iri::vocab`
     |
help: consider importing this constant through its public re-export
     |
 133 + use crate::vocab::OWL_TOPOBJECTPROPERTY;
     |
help: if you import `OWL_TOPOBJECTPROPERTY`, refer to it directly
     |
4219 -                         .id_of_iri(purrdf_iri::vocab::OWL_TOPOBJECTPROPERTY)
4219 +                         .id_of_iri(OWL_TOPOBJECTPROPERTY)
     |

error[E0425]: cannot find value `OWL_TOPOBJECTPROPERTY` in module `purrdf_iri::vocab`
    --> crates/entail/src/owl_dl/proof.rs:4318:43
     |
4318 |             .id_of_iri(purrdf_iri::vocab::OWL_TOPOBJECTPROPERTY)
     |                                           ^^^^^^^^^^^^^^^^^^^^^ not found in `purrdf_iri::vocab`
     |
help: consider importing this constant through its public re-export
     |
 133 + use crate::vocab::OWL_TOPOBJECTPROPERTY;
     |
help: if you import `OWL_TOPOBJECTPROPERTY`, refer to it directly
     |
4318 -             .id_of_iri(purrdf_iri::vocab::OWL_TOPOBJECTPROPERTY)
4318 +             .id_of_iri(OWL_TOPOBJECTPROPERTY)
     |

error[E0425]: cannot find value `OWL_TOPOBJECTPROPERTY` in module `purrdf_iri::vocab`
   --> crates/entail/src/owl_dl/saturate.rs:590:63
    |
590 | ...                   .id_of_iri(purrdf_iri::vocab::OWL_TOPOBJECTPROPERTY)
    |                                                     ^^^^^^^^^^^^^^^^^^^^^ not found in `purrdf_iri::vocab`
    |
help: consider importing this constant through its public re-export
    |
104 + use crate::vocab::OWL_TOPOBJECTPROPERTY;
    |
help: if you import `OWL_TOPOBJECTPROPERTY`, refer to it directly
    |
590 -                                 .id_of_iri(purrdf_iri::vocab::OWL_TOPOBJECTPROPERTY)
590 +                                 .id_of_iri(OWL_TOPOBJECTPROPERTY)
    |

error[E0425]: cannot find value `OWL_TOPOBJECTPROPERTY` in module `purrdf_iri::vocab`
   --> crates/entail/src/reasoner/profile.rs:266:55
    |
266 |                         .id_of_iri(purrdf_iri::vocab::OWL_TOPOBJECTPROPERTY)
    |                                                       ^^^^^^^^^^^^^^^^^^^^^ not found in `purrdf_iri::vocab`
    |
help: consider importing this constant through its public re-export
    |
 49 + use crate::vocab::OWL_TOPOBJECTPROPERTY;
    |
help: if you import `OWL_TOPOBJECTPROPERTY`, refer to it directly
    |
266 -                         .id_of_iri(purrdf_iri::vocab::OWL_TOPOBJECTPROPERTY)
266 +                         .id_of_iri(OWL_TOPOBJECTPROPERTY)
    |

error: unnecessary qualification
   --> crates/entail/src/owl_dl/concept.rs:429:26
    |
429 |             .checked_mul(std::mem::size_of::<Concept>())
    |                          ^^^^^^^^^^^^^^^^^^^^^^^^^^^^
    |
    = note: `-D unused-qualifications` implied by `-D warnings`
    = help: to override `-D warnings` add `#[allow(unused_qualifications)]`
help: remove the unnecessary path segments
    |
429 -             .checked_mul(std::mem::size_of::<Concept>())
429 +             .checked_mul(size_of::<Concept>())
    |

error: unnecessary qualification
   --> crates/entail/src/owl_dl/concept.rs:434:34
    |
434 |                     .checked_mul(std::mem::size_of::<Decomp>())
    |                                  ^^^^^^^^^^^^^^^^^^^^^^^^^^^
    |
help: remove the unnecessary path segments
    |
434 -                     .checked_mul(std::mem::size_of::<Decomp>())
434 +                     .checked_mul(size_of::<Decomp>())
    |

error: unnecessary qualification
   --> crates/entail/src/owl_dl/concept.rs:441:34
    |
441 |                     .checked_mul(std::mem::size_of::<Option<u32>>())
    |                                  ^^^^^^^^^^^^^^^^^^^^^^^^^^^^^^^^
    |
help: remove the unnecessary path segments
    |
441 -                     .checked_mul(std::mem::size_of::<Option<u32>>())
441 +                     .checked_mul(size_of::<Option<u32>>())
    |

error: unnecessary qualification
   --> crates/entail/src/owl_dl/roles.rs:810:34
    |
810 |                     .checked_mul(std::mem::size_of::<u32>())
    |                                  ^^^^^^^^^^^^^^^^^^^^^^^^
    |
help: remove the unnecessary path segments
    |
810 -                     .checked_mul(std::mem::size_of::<u32>())
810 +                     .checked_mul(size_of::<u32>())
    |

error[E0004]: non-exhaustive patterns: `EntailError::RoleHierarchy(_)` not covered
   --> crates/entail/src/entails/mod.rs:542:11
    |
542 |     match error {
    |           ^^^^^ pattern `EntailError::RoleHierarchy(_)` not covered
    |
note: `EntailError` defined here
   --> crates/entail/src/lib.rs:347:10
    |
347 | pub enum EntailError {
    |          ^^^^^^^^^^^
...
355 |     RoleHierarchy(RoleHierarchyError),
    |     ------------- not covered
    = note: the matched value is of type `EntailError`
help: ensure that all possible cases are being handled by adding a match arm with a wildcard pattern or an explicit pattern as shown
    |
565 ~         | EntailError::Unsatisfiable) => other,
566 ~         EntailError::RoleHierarchy(_) => todo!(),
    |

Some errors have detailed explanations: E0004, E0425.
For more information about an error, try `rustc --explain E0004`.
error: could not compile `purrdf-entail` (lib) due to 11 previous errors
warning: build failed, waiting for other jobs to finish...
error[E0004]: non-exhaustive patterns: `&concept::Concept::RoleState { .. }` not covered
    --> crates/entail/src/owl_dl/oracle.rs:1125:11
     |
1125 |     match c {
     |           ^ pattern `&concept::Concept::RoleState { .. }` not covered
     |
note: `concept::Concept` defined here
    --> crates/entail/src/owl_dl/concept.rs:56:17
     |
  56 | pub(crate) enum Concept {
     |                 ^^^^^^^
...
 104 |     RoleState {
     |     --------- not covered
     = note: the matched value is of type `&concept::Concept`
help: ensure that all possible cases are being handled by adding a match arm with a wildcard pattern or an explicit pattern as shown
     |
1139 ~         Concept::Top | Concept::Bottom | Concept::Named(_) => false,
1140 ~         &concept::Concept::RoleState { .. } => todo!(),
     |

error[E0004]: non-exhaustive patterns: `&concept::Concept::RoleState { .. }` not covered
    --> crates/entail/src/owl_dl/oracle.rs:1400:11
     |
1400 |     match c {
     |           ^ pattern `&concept::Concept::RoleState { .. }` not covered
     |
note: `concept::Concept` defined here
    --> crates/entail/src/owl_dl/concept.rs:56:17
     |
  56 | pub(crate) enum Concept {
     |                 ^^^^^^^
...
 104 |     RoleState {
     |     --------- not covered
     = note: the matched value is of type `&concept::Concept`
help: ensure that all possible cases are being handled by adding a match arm with a wildcard pattern or an explicit pattern as shown
     |
1422 ~         | Concept::Data(_) => false,
1423 ~         &concept::Concept::RoleState { .. } => todo!(),
     |

error: could not compile `purrdf-entail` (lib test) due to 13 previous errors
