    Checking purrdf-lex v3.0.1 (/home/paudley/Active/purrdf/.worktrees/452-owl-propertychainaxiom-is-a-property/crates/lex)
    Checking purrdf-iri v3.0.1 (/home/paudley/Active/purrdf/.worktrees/452-owl-propertychainaxiom-is-a-property/crates/iri)
    Checking purrdf-xsd v3.0.1 (/home/paudley/Active/purrdf/.worktrees/452-owl-propertychainaxiom-is-a-property/crates/xsd)
    Checking purrdf-cdt v3.0.1 (/home/paudley/Active/purrdf/.worktrees/452-owl-propertychainaxiom-is-a-property/crates/cdt)
    Checking purrdf-gts v3.0.1 (/home/paudley/Active/purrdf/.worktrees/452-owl-propertychainaxiom-is-a-property/crates/gts)
    Checking purrdf-core v3.0.1 (/home/paudley/Active/purrdf/.worktrees/452-owl-propertychainaxiom-is-a-property/crates/rdf-core)
    Checking purrdf-sparql-algebra v3.0.1 (/home/paudley/Active/purrdf/.worktrees/452-owl-propertychainaxiom-is-a-property/crates/sparql-algebra)
    Checking purrdf-datalog v3.0.1 (/home/paudley/Active/purrdf/.worktrees/452-owl-propertychainaxiom-is-a-property/crates/datalog)
    Checking purrdf-sparql-results v3.0.1 (/home/paudley/Active/purrdf/.worktrees/452-owl-propertychainaxiom-is-a-property/crates/sparql-results)
    Checking purrdf-sparql-eval v3.0.1 (/home/paudley/Active/purrdf/.worktrees/452-owl-propertychainaxiom-is-a-property/crates/sparql-eval)
    Checking purrdf-entail v3.0.1 (/home/paudley/Active/purrdf/.worktrees/452-owl-propertychainaxiom-is-a-property/crates/entail)
error[E0063]: missing field `storage_refusal` in initializer of `owl_dl::graph::Decision`
   --> crates/entail/src/owl_dl/hyper.rs:565:20
    |
565 |             return Decision {
    |                    ^^^^^^^^ missing `storage_refusal`

For more information about this error, try `rustc --explain E0063`.
error: could not compile `purrdf-entail` (lib) due to 1 previous error
warning: build failed, waiting for other jobs to finish...
error[E0308]: mismatched types
   --> crates/entail/src/reasoner/schema_tests.rs:601:43
    |
601 |     let class = reasoner.kb.table.concept(class).clone();
    |                                   ------- ^^^^^ expected `u32`, found `Result<u32, EntailError>`
    |                                   |
    |                                   arguments to this method are incorrect
    |
    = note: expected type `u32`
               found enum `Result<u32, EntailError>`
note: method defined here
   --> crates/entail/src/owl_dl/concept.rs:522:19
    |
522 |     pub(crate) fn concept(&self, id: u32) -> &Concept {
    |                   ^^^^^^^        -------
help: consider using `Result::expect` to unwrap the `Result<u32, EntailError>` value, panicking if the value is a `Result::Err`
    |
601 |     let class = reasoner.kb.table.concept(class.expect("REASON")).clone();
    |                                                +++++++++++++++++

Some errors have detailed explanations: E0063, E0308.
For more information about an error, try `rustc --explain E0063`.
error: could not compile `purrdf-entail` (lib test) due to 2 previous errors
