acquired and verified 3386 file(s) from https://www.w3.org/XML/Test/xmlts20130923.tar.gz into /opt/.cargo/target/521-cover-law-generalized-identity-cover-b935f8b8/conformance/xmlconf
wrote scripts/conformance-frozen/mime-cpython.sha256
wrote scripts/conformance-frozen/vectors-rdf12-canon.sha256
wrote scripts/conformance-frozen/vectors-sparql-governors.sha256
wrote scripts/conformance-frozen/vectors-shacl.sha256
wrote scripts/conformance-frozen/vectors-shacl12.sha256
wrote scripts/conformance-frozen/vectors-shexTest.sha256
wrote scripts/conformance-frozen/vectors-sparql-cdt.sha256
wrote scripts/conformance-frozen/vectors-wycheproof.sha256
wrote scripts/conformance-frozen/vectors-JSONTestSuite.sha256
wrote scripts/conformance-frozen/vectors-xmlconf.sha256
wrote scripts/conformance-frozen/vectors-yaml-test-suite.sha256
wrote scripts/conformance-frozen/vectors-w3c-recs.sha256
wrote scripts/conformance-frozen/shapes-corpus.sha256
wrote scripts/conformance-frozen/shapes-spec.sha256
wrote scripts/conformance-frozen/sparql-conformance-corpus-construct.sha256
wrote scripts/conformance-frozen/sparql-conformance-corpus-describe.sha256
wrote scripts/conformance-frozen/sparql-conformance-w3c-owl2.sha256
wrote scripts/conformance-frozen/sparql-conformance-w3c-owl2-rl.sha256
wrote scripts/conformance-frozen/sparql-conformance-suite-w3c-sparql10.sha256
wrote scripts/conformance-frozen/sparql-conformance-suite-w3c-sparql11.sha256
wrote scripts/conformance-frozen/sparql-conformance-suite-w3c-sparql12.sha256
wrote scripts/conformance-frozen/rdf-tests-corpus-w3c.sha256
wrote scripts/conformance-frozen/jsonschema-suite.sha256
wrote scripts/conformance-frozen/jsonschema-metaschemas.sha256
wrote scripts/conformance-frozen/iri-unicode.sha256
wrote scripts/conformance-frozen/lex-html.sha256
wrote scripts/conformance-frozen/text-icu-78.3.sha256
wrote scripts/conformance-frozen/text-stemming-vectors.sha256
wrote scripts/conformance-frozen/text-phonetic-vectors.sha256
