cargo fmt --all --check
cargo fmt --manifest-path crates/jsonschema/tests/preserve_order_consumer/Cargo.toml --check
cargo clippy --workspace --all-targets --locked -- -D warnings
    Checking typenum v1.20.1
    Checking purrdf-hash v3.0.1 (/home/paudley/Active/purrdf/.worktrees/514-datalog-never-derive-declarations/crates/hash)
    Checking cpufeatures v0.3.0
    Checking cfg-if v1.0.4
    Checking const-oid v0.10.2
    Checking regex-syntax v0.8.11
    Checking libc v0.2.186
    Checking hybrid-array v0.4.15
    Checking purrdf-lex v3.0.1 (/home/paudley/Active/purrdf/.worktrees/514-datalog-never-derive-declarations/crates/lex)
    Checking purrdf-events v3.0.1 (/home/paudley/Active/purrdf/.worktrees/514-datalog-never-derive-declarations/crates/rdf-events)
    Checking regex-automata v0.4.14
    Checking crypto-common v0.2.2
    Checking block-buffer v0.12.1
    Checking purrdf-stack v3.0.1 (/home/paudley/Active/purrdf/.worktrees/514-datalog-never-derive-declarations/crates/stack)
    Checking digest v0.11.3
    Checking purrdf-deflate v3.0.1 (/home/paudley/Active/purrdf/.worktrees/514-datalog-never-derive-declarations/crates/deflate)
    Checking purrdf-xsd v3.0.1 (/home/paudley/Active/purrdf/.worktrees/514-datalog-never-derive-declarations/crates/xsd)
    Checking sha2 v0.11.0
    Checking purrdf-iri v3.0.1 (/home/paudley/Active/purrdf/.worktrees/514-datalog-never-derive-declarations/crates/iri)
    Checking regex v1.12.4
   Compiling purrdf-core v3.0.1 (/home/paudley/Active/purrdf/.worktrees/514-datalog-never-derive-declarations/crates/rdf-core)
    Checking purrdf-testkit v3.0.1 (/home/paudley/Active/purrdf/.worktrees/514-datalog-never-derive-declarations/crates/testkit)
    Checking purrdf-cdt v3.0.1 (/home/paudley/Active/purrdf/.worktrees/514-datalog-never-derive-declarations/crates/cdt)
    Checking hashbrown v0.17.1
    Checking crossbeam-utils v0.8.21
    Checking either v1.16.0
    Checking purrdf-sparql-algebra v3.0.1 (/home/paudley/Active/purrdf/.worktrees/514-datalog-never-derive-declarations/crates/sparql-algebra)
    Checking crossbeam-epoch v0.9.18
    Checking crossbeam-deque v0.8.6
    Checking getrandom v0.3.4
    Checking rayon-core v1.13.0
    Checking purrdf-alloc-probe v3.0.1 (/home/paudley/Active/purrdf/.worktrees/514-datalog-never-derive-declarations/crates/alloc-probe)
    Checking twox-hash v2.1.2
    Checking rayon v1.12.0
    Checking fastrand v2.4.1
    Checking structured-zstd v0.0.49
    Checking purrdf-ed25519 v3.0.1 (/home/paudley/Active/purrdf/.worktrees/514-datalog-never-derive-declarations/crates/ed25519)
    Checking inout v0.2.2
    Checking cmov v0.5.4
    Checking ctutils v0.4.2
    Checking cpubits v0.1.1
    Checking universal-hash v0.6.1
    Checking cipher v0.5.2
    Checking polyval v0.7.3
    Checking ctr v0.10.1
    Checking ghash v0.6.0
    Checking aes v0.9.3
    Checking aead v0.6.1
    Checking visual-hashing v1.0.0
    Checking aes-gcm v0.11.1
    Checking unicode-ident v1.0.24
    Checking purrdf-gts v3.0.1 (/home/paudley/Active/purrdf/.worktrees/514-datalog-never-derive-declarations/crates/gts)
    Checking purrdf-jsonschema v3.0.1 (/home/paudley/Active/purrdf/.worktrees/514-datalog-never-derive-declarations/crates/jsonschema)
   Compiling proc-macro2 v1.0.106
   Compiling quote v1.0.46
   Compiling heck v0.5.0
    Checking syn v2.0.118
    Checking utf8parse v0.2.2
    Checking anstyle-parse v1.0.0
    Checking anstyle v1.0.14
    Checking anstyle-query v1.1.5
    Checking colorchoice v1.0.5
    Checking is_terminal_polyfill v1.70.2
    Checking clap_lex v1.1.0
    Checking anstream v1.0.0
    Checking strsim v0.11.1
   Compiling clap_derive v4.6.1
   Compiling wasm-bindgen-shared v0.2.125
    Checking clap_builder v4.6.0
   Compiling rustversion v1.0.22
   Compiling target-lexicon v0.13.5
    Checking clap v4.6.1
    Checking purrdf-hash-conformance v3.0.1 (/home/paudley/Active/purrdf/.worktrees/514-datalog-never-derive-declarations/crates/hash-conformance)
   Compiling bumpalo v3.20.3
    Checking once_cell v1.21.4
   Compiling wasm-bindgen-macro-support v0.2.125
   Compiling wasm-bindgen v0.2.125
   Compiling pyo3-build-config v0.29.0
   Compiling pyo3-ffi v0.29.0
    Checking leb128fmt v0.1.0
    Checking wasm-encoder v0.259.0
   Compiling pyo3 v0.29.0
   Compiling pyo3-macros-backend v0.29.0
   Compiling wasm-bindgen-macro v0.2.125
    Checking wasm-link v3.0.1 (/home/paudley/Active/purrdf/.worktrees/514-datalog-never-derive-declarations/crates/wasm-link)
   Compiling pyo3-macros v0.29.0
    Checking helper-census v3.0.1 (/home/paudley/Active/purrdf/.worktrees/514-datalog-never-derive-declarations/crates/helper-census)
    Checking purrdf-sparql-results v3.0.1 (/home/paudley/Active/purrdf/.worktrees/514-datalog-never-derive-declarations/crates/sparql-results)
    Checking purrdf-datalog v3.0.1 (/home/paudley/Active/purrdf/.worktrees/514-datalog-never-derive-declarations/crates/datalog)
    Checking purrdf-shex v3.0.1 (/home/paudley/Active/purrdf/.worktrees/514-datalog-never-derive-declarations/crates/shex)
    Checking purrdf-sparql-eval v3.0.1 (/home/paudley/Active/purrdf/.worktrees/514-datalog-never-derive-declarations/crates/sparql-eval)
    Checking purrdf-json v3.0.1 (/home/paudley/Active/purrdf/.worktrees/514-datalog-never-derive-declarations/crates/json)
    Checking purrdf-markdown v3.0.1 (/home/paudley/Active/purrdf/.worktrees/514-datalog-never-derive-declarations/crates/markdown)
    Checking purrdf-entail v3.0.1 (/home/paudley/Active/purrdf/.worktrees/514-datalog-never-derive-declarations/crates/entail)
    Checking purrdf-columnar v3.0.1 (/home/paudley/Active/purrdf/.worktrees/514-datalog-never-derive-declarations/crates/columnar)
    Checking purrdf-conformance-kit v3.0.1 (/home/paudley/Active/purrdf/.worktrees/514-datalog-never-derive-declarations/crates/conformance-kit)
    Checking purrdf-rdf v3.0.1 (/home/paudley/Active/purrdf/.worktrees/514-datalog-never-derive-declarations/crates/rdf)
    Checking purrdf-text v3.0.1 (/home/paudley/Active/purrdf/.worktrees/514-datalog-never-derive-declarations/crates/text)
    Checking purrdf-hnsw v3.0.1 (/home/paudley/Active/purrdf/.worktrees/514-datalog-never-derive-declarations/crates/hnsw)
error: the following explicit lifetimes could be elided: 'a
   --> crates/text/src/unicode.rs:375:26
    |
375 | fn next_borrowed_segment<'a>(
    |                          ^^
376 |     text: &'a str,
    |            ^^
...
379 | ) -> Option<(usize, &'a str)> {
    |                      ^^
    |
    = help: for further information visit https://rust-lang.github.io/rust-clippy/main/index.html#needless_lifetimes
    = note: `-D clippy::needless-lifetimes` implied by `-D warnings`
    = help: to override `-D warnings` add `#[allow(clippy::needless_lifetimes)]`
help: elide the lifetimes
    |
375 ~ fn next_borrowed_segment(
376 ~     text: &str,
377 |     start: usize,
378 |     mut step: impl FnMut(char, usize, &str, bool) -> bool,
379 ~ ) -> Option<(usize, &str)> {
    |

error: could not compile `purrdf-text` (lib) due to 1 previous error
warning: build failed, waiting for other jobs to finish...
make: *** [Makefile:94: check] Error 101
