    Blocking waiting for file lock on package cache
    Blocking waiting for file lock on package cache
   Compiling typenum v1.20.1
   Compiling purrdf-hash v3.0.1 (/home/paudley/Active/purrdf/.worktrees/508-sparql-eval-complete-bounded-workspace/crates/hash)
   Compiling cfg-if v1.0.4
   Compiling const-oid v0.10.2
   Compiling purrdf-events v3.0.1 (/home/paudley/Active/purrdf/.worktrees/508-sparql-eval-complete-bounded-workspace/crates/rdf-events)
   Compiling regex-syntax v0.8.11
   Compiling purrdf-core v3.0.1 (/home/paudley/Active/purrdf/.worktrees/508-sparql-eval-complete-bounded-workspace/crates/rdf-core)
   Compiling hashbrown v0.17.1
   Compiling crossbeam-utils v0.8.21
   Compiling rayon-core v1.13.0
   Compiling either v1.16.0
   Compiling wasm-bindgen-shared v0.2.125
   Compiling unicode-ident v1.0.24
   Compiling wasm-bindgen v0.2.125
   Compiling purrdf-lex v3.0.1 (/home/paudley/Active/purrdf/.worktrees/508-sparql-eval-complete-bounded-workspace/crates/lex)
   Compiling purrdf-deflate v3.0.1 (/home/paudley/Active/purrdf/.worktrees/508-sparql-eval-complete-bounded-workspace/crates/deflate)
   Compiling crossbeam-epoch v0.9.18
   Compiling cmov v0.5.4
   Compiling once_cell v1.21.4
   Compiling hybrid-array v0.4.15
   Compiling ctutils v0.4.2
   Compiling cpubits v0.1.1
   Compiling crossbeam-deque v0.8.6
   Compiling purrdf-stack v3.0.1 (/home/paudley/Active/purrdf/.worktrees/508-sparql-eval-complete-bounded-workspace/crates/stack)
   Compiling twox-hash v2.1.2
   Compiling fastrand v2.4.1
   Compiling visual-hashing v1.0.0
   Compiling structured-zstd v0.0.49
   Compiling crypto-common v0.2.2
   Compiling block-buffer v0.12.1
   Compiling inout v0.2.2
   Compiling rayon v1.12.0
   Compiling digest v0.11.3
   Compiling universal-hash v0.6.1
   Compiling cipher v0.5.2
   Compiling aead v0.6.1
   Compiling polyval v0.7.3
   Compiling sha2 v0.11.0
   Compiling ctr v0.10.1
   Compiling aes v0.9.3
   Compiling ghash v0.6.0
   Compiling regex-automata v0.4.14
   Compiling purrdf-ed25519 v3.0.1 (/home/paudley/Active/purrdf/.worktrees/508-sparql-eval-complete-bounded-workspace/crates/ed25519)
   Compiling aes-gcm v0.11.1
   Compiling purrdf-iri v3.0.1 (/home/paudley/Active/purrdf/.worktrees/508-sparql-eval-complete-bounded-workspace/crates/iri)
   Compiling purrdf-xsd v3.0.1 (/home/paudley/Active/purrdf/.worktrees/508-sparql-eval-complete-bounded-workspace/crates/xsd)
   Compiling regex v1.12.4
   Compiling purrdf-cdt v3.0.1 (/home/paudley/Active/purrdf/.worktrees/508-sparql-eval-complete-bounded-workspace/crates/cdt)
   Compiling purrdf-gts v3.0.1 (/home/paudley/Active/purrdf/.worktrees/508-sparql-eval-complete-bounded-workspace/crates/gts)
   Compiling purrdf-sparql-algebra v3.0.1 (/home/paudley/Active/purrdf/.worktrees/508-sparql-eval-complete-bounded-workspace/crates/sparql-algebra)
   Compiling purrdf-sparql-results v3.0.1 (/home/paudley/Active/purrdf/.worktrees/508-sparql-eval-complete-bounded-workspace/crates/sparql-results)
   Compiling purrdf-datalog v3.0.1 (/home/paudley/Active/purrdf/.worktrees/508-sparql-eval-complete-bounded-workspace/crates/datalog)
   Compiling purrdf-json v3.0.1 (/home/paudley/Active/purrdf/.worktrees/508-sparql-eval-complete-bounded-workspace/crates/json)
   Compiling purrdf-columnar v3.0.1 (/home/paudley/Active/purrdf/.worktrees/508-sparql-eval-complete-bounded-workspace/crates/columnar)
   Compiling purrdf-mime v3.0.1 (/home/paudley/Active/purrdf/.worktrees/508-sparql-eval-complete-bounded-workspace/crates/mime)
   Compiling purrdf-shex v3.0.1 (/home/paudley/Active/purrdf/.worktrees/508-sparql-eval-complete-bounded-workspace/crates/shex)
   Compiling purrdf-markdown v3.0.1 (/home/paudley/Active/purrdf/.worktrees/508-sparql-eval-complete-bounded-workspace/crates/markdown)
   Compiling purrdf-sparql-eval v3.0.1 (/home/paudley/Active/purrdf/.worktrees/508-sparql-eval-complete-bounded-workspace/crates/sparql-eval)
   Compiling purrdf-entail v3.0.1 (/home/paudley/Active/purrdf/.worktrees/508-sparql-eval-complete-bounded-workspace/crates/entail)
   Compiling purrdf-rdf v3.0.1 (/home/paudley/Active/purrdf/.worktrees/508-sparql-eval-complete-bounded-workspace/crates/rdf)
   Compiling purrdf-text v3.0.1 (/home/paudley/Active/purrdf/.worktrees/508-sparql-eval-complete-bounded-workspace/crates/text)
   Compiling purrdf-geo v3.0.1 (/home/paudley/Active/purrdf/.worktrees/508-sparql-eval-complete-bounded-workspace/crates/geo)
   Compiling purrdf-hnsw v3.0.1 (/home/paudley/Active/purrdf/.worktrees/508-sparql-eval-complete-bounded-workspace/crates/hnsw)
   Compiling purrdf-retrieval v3.0.1 (/home/paudley/Active/purrdf/.worktrees/508-sparql-eval-complete-bounded-workspace/crates/retrieval)
   Compiling purrdf-slice v3.0.1 (/home/paudley/Active/purrdf/.worktrees/508-sparql-eval-complete-bounded-workspace/crates/slice)
   Compiling purrdf-shapes v3.0.1 (/home/paudley/Active/purrdf/.worktrees/508-sparql-eval-complete-bounded-workspace/crates/shapes)
   Compiling purrdf-validate v3.0.1 (/home/paudley/Active/purrdf/.worktrees/508-sparql-eval-complete-bounded-workspace/crates/validate)
   Compiling purrdf v3.0.1 (/home/paudley/Active/purrdf/.worktrees/508-sparql-eval-complete-bounded-workspace/crates/purrdf)
   Compiling purrdf-wasm v3.0.1 (/home/paudley/Active/purrdf/.worktrees/508-sparql-eval-complete-bounded-workspace/crates/rdf-wasm)
    Finished `release` profile [optimized] target(s) in 8m 52s
cp crates/rdf-wasm/js/src/purrdf_jspi.mjs crates/rdf-wasm/js/pkg/purrdf_jspi.mjs
wasm-opt -Oz \
	--enable-bulk-memory --enable-nontrapping-float-to-int \
	--enable-sign-ext --enable-mutable-globals --enable-simd \
	-o crates/rdf-wasm/js/pkg/purrdf_wasm_bg.wasm crates/rdf-wasm/js/pkg/purrdf_wasm_bg.wasm
cargo run -p wasm-link --release --locked -- crates/rdf-wasm/js/pkg/purrdf_wasm_bg.wasm
   Compiling leb128fmt v0.1.0
   Compiling wasm-encoder v0.259.0
   Compiling wasm-link v3.0.1 (/home/paudley/Active/purrdf/.worktrees/508-sparql-eval-complete-bounded-workspace/crates/wasm-link)
    Finished `release` profile [optimized] target(s) in 10.30s
     Running `/opt/purrdf-508-qualification/target/release/wasm-link crates/rdf-wasm/js/pkg/purrdf_wasm_bg.wasm`
OK: wasm-link linked crates/rdf-wasm/js/pkg/purrdf_wasm_bg.wasm: stack pointer is global 0 (exported as purrdf_stack_pointer); purrdf_jspi_suspend is function 28, called only from $suspend (function 13746), which 1 call site(s) reach; 52 other import(s) behind trampolines with 408 reference(s) routed; purrdf_jspi_run wrapped by function 13771 (region top appended as its last parameter); 402 exported function(s) behind the poison gate (359 trapping, 43 inert release function(s); globals idle=3, poisoned=4, active=5, parked=6, outbound=7); validated under ["mutable-globals", "nontrapping-float-to-int", "sign-ext", "bulk-memory", "simd"]
OK: verified 244678 SIMD opcode(s) present in the optimized wasm artifact
OK: purrdf npm package built (crates/rdf-wasm/js/pkg/)
