Build The PurRDF Book	Gate the zh-Hans translation (render + prose gates + SPARQL fence parser)	﻿2026-10-10T02:40:52.5692035Z ##[group]Run make check-i18n
Build The PurRDF Book	Gate the zh-Hans translation (render + prose gates + SPARQL fence parser)	2026-10-10T02:40:52.5692279Z ^[[36;1mmake check-i18n^[[0m
Build The PurRDF Book	Gate the zh-Hans translation (render + prose gates + SPARQL fence parser)	2026-10-10T02:40:52.5745817Z shell: /usr/bin/bash -e {0}
Build The PurRDF Book	Gate the zh-Hans translation (render + prose gates + SPARQL fence parser)	2026-10-10T02:40:52.5746023Z env:
Build The PurRDF Book	Gate the zh-Hans translation (render + prose gates + SPARQL fence parser)	2026-10-10T02:40:52.5746181Z   MDBOOK_VERSION: 0.5.3
Build The PurRDF Book	Gate the zh-Hans translation (render + prose gates + SPARQL fence parser)	2026-10-10T02:40:52.5746371Z   CARGO_HOME: /home/runner/.cargo
Build The PurRDF Book	Gate the zh-Hans translation (render + prose gates + SPARQL fence parser)	2026-10-10T02:40:52.5746583Z   CARGO_INCREMENTAL: 0
Build The PurRDF Book	Gate the zh-Hans translation (render + prose gates + SPARQL fence parser)	2026-10-10T02:40:52.5746767Z   CARGO_TERM_COLOR: always
Build The PurRDF Book	Gate the zh-Hans translation (render + prose gates + SPARQL fence parser)	2026-10-10T02:40:52.5746958Z   CACHE_ON_FAILURE: false
Build The PurRDF Book	Gate the zh-Hans translation (render + prose gates + SPARQL fence parser)	2026-10-10T02:40:52.5747142Z ##[endgroup]
Build The PurRDF Book	Gate the zh-Hans translation (render + prose gates + SPARQL fence parser)	2026-10-10T02:40:52.6312685Z cargo run -q --locked -p helper-census -- --glossary-gate
Build The PurRDF Book	Gate the zh-Hans translation (render + prose gates + SPARQL fence parser)	2026-10-10T02:42:01.6375814Z OK: 69 rows, 43 rejections, 24 K tokens respected by 4314 translated units; 3 tracked translated Markdown documents; 1716 self-tests
Build The PurRDF Book	Gate the zh-Hans translation (render + prose gates + SPARQL fence parser)	2026-10-10T02:42:01.6391462Z python3 scripts/check-i18n-render.py --self-test
Build The PurRDF Book	Gate the zh-Hans translation (render + prose gates + SPARQL fence parser)	2026-10-10T02:42:19.2804099Z check-i18n-render: the zh-Hans rendering fails 1 gate(s): reached-the-rendering
Build The PurRDF Book	Gate the zh-Hans translation (render + prose gates + SPARQL fence parser)	2026-10-10T02:42:19.3013822Z check-i18n-render: mdbook 0.5.3 and mdbook-i18n-helpers 0.4.0, both at their pins.
Build The PurRDF Book	Gate the zh-Hans translation (render + prose gates + SPARQL fence parser)	2026-10-10T02:42:19.3014692Z check-i18n-render: proving each arm goes red on a poisoned catalogue —
Build The PurRDF Book	Gate the zh-Hans translation (render + prose gates + SPARQL fence parser)	2026-10-10T02:42:19.3015226Z   check-brand-casing.py on a bare 'purrdf' glued to CJK:
Build The PurRDF Book	Gate the zh-Hans translation (render + prose gates + SPARQL fence parser)	2026-10-10T02:42:19.3016523Z     /home/runner/work/purrdf/purrdf/target/gate-scratch/i18n-render.CTIrg3/render-0/markdown/introduction.md:15:2: bare 'purrdf' in prose — use 'PurRDF' for the project/brand, or wrap `purrdf` in backticks if it names the facade crate
Build The PurRDF Book	Gate the zh-Hans translation (render + prose gates + SPARQL fence parser)	2026-10-10T02:42:19.3021894Z         本purrdf项目
Build The PurRDF Book	Gate the zh-Hans translation (render + prose gates + SPARQL fence parser)	2026-10-10T02:42:19.3022098Z     -> red (exit 1), as required
Build The PurRDF Book	Gate the zh-Hans translation (render + prose gates + SPARQL fence parser)	2026-10-10T02:42:19.3022339Z   check-issue-refs.py on a hazard id glued to CJK:
Build The PurRDF Book	Gate the zh-Hans translation (render + prose gates + SPARQL fence parser)	2026-10-10T02:42:19.3023178Z     /home/runner/work/purrdf/purrdf/target/gate-scratch/i18n-render.CTIrg3/render-1/markdown/introduction.md:15:3: process reference 'H12' — restate as the behaviour it describes, with no review-thread hazard id
Build The PurRDF Book	Gate the zh-Hans translation (render + prose gates + SPARQL fence parser)	2026-10-10T02:42:19.3023853Z         风险H12点已处理。
Build The PurRDF Book	Gate the zh-Hans translation (render + prose gates + SPARQL fence parser)	2026-10-10T02:42:19.3024022Z     -> red (exit 1), as required
Build The PurRDF Book	Gate the zh-Hans translation (render + prose gates + SPARQL fence parser)	2026-10-10T02:42:19.3024454Z   check-spec-attribution.py on the quad template (a first-party extension, not defined by SPARQL 1.2) attributed to it in Chinese:
Build The PurRDF Book	Gate the zh-Hans translation (render + prose gates + SPARQL fence parser)	2026-10-10T02:42:19.3025179Z     /home/runner/work/purrdf/purrdf/target/gate-scratch/i18n-render.CTIrg3/render-2/markdown/introduction.md:15: `CONSTRUCT { GRAPH` attributed to `SPARQL 1.2`
Build The PurRDF Book	Gate the zh-Hans translation (render + prose gates + SPARQL fence parser)	2026-10-10T02:42:19.3026092Z       /home/runner/work/purrdf/purrdf/target/gate-scratch/i18n-render.CTIrg3/render-2/markdown/introduction.md:15: `四元组模板` attributed to `SPARQL 1.2`
Build The PurRDF Book	Gate the zh-Hans translation (render + prose gates + SPARQL fence parser)	2026-10-10T02:42:19.3026579Z     
Build The PurRDF Book	Gate the zh-Hans translation (render + prose gates + SPARQL fence parser)	2026-10-10T02:42:19.3026738Z     2 unqualified attribution(s).
Build The PurRDF Book	Gate the zh-Hans translation (render + prose gates + SPARQL fence parser)	2026-10-10T02:42:19.3026943Z     -> red (exit 1), as required
Build The PurRDF Book	Gate the zh-Hans translation (render + prose gates + SPARQL fence parser)	2026-10-10T02:42:19.3027276Z   check-doc-claims.py on the overclaim ban's own specimen after a full-width terminator, unscoped:
Build The PurRDF Book	Gate the zh-Hans translation (render + prose gates + SPARQL fence parser)	2026-10-10T02:42:19.3027630Z     Rendered pages make a banned claim:
Build The PurRDF Book	Gate the zh-Hans translation (render + prose gates + SPARQL fence parser)	2026-10-10T02:42:19.3027834Z     
Build The PurRDF Book	Gate the zh-Hans translation (render + prose gates + SPARQL fence parser)	2026-10-10T02:42:19.3029130Z       - /home/runner/work/purrdf/purrdf/target/gate-scratch/i18n-render.CTIrg3/render-3/markdown/introduction.md:15: banned entailment overclaim `complete OWL 2 RL entailment` — 78 / 78 is RULE-TABLE coverage. Entailment conformance is a different claim, measured separately and only over the cases actually vendored. Scope the sentence with the literal phrase 'on this vendored W3C corpus', or say the bounded thing instead
Build The PurRDF Book	Gate the zh-Hans translation (render + prose gates + SPARQL fence parser)	2026-10-10T02:42:19.3030529Z     -> red (exit 1), as required
Build The PurRDF Book	Gate the zh-Hans translation (render + prose gates + SPARQL fence parser)	2026-10-10T02:42:19.3030855Z   sweep_sparql_fences on a fenced sparql block with a full-width brace, written inside a paragraph:
Build The PurRDF Book	Gate the zh-Hans translation (render + prose gates + SPARQL fence parser)	2026-10-10T02:42:19.3031275Z     sweep_sparql_fences: 1 of 27 fenced sparql block(s) do not parse:
Build The PurRDF Book	Gate the zh-Hans translation (render + prose gates + SPARQL fence parser)	2026-10-10T02:42:19.3031529Z     
Build The PurRDF Book	Gate the zh-Hans translation (render + prose gates + SPARQL fence parser)	2026-10-10T02:42:19.3031920Z     /home/runner/work/purrdf/purrdf/target/gate-scratch/i18n-render.CTIrg3/render-4/markdown/introduction.md#sparql-block-1: does not parse
Build The PurRDF Book	Gate the zh-Hans translation (render + prose gates + SPARQL fence parser)	2026-10-10T02:42:19.3032547Z         as a query: SPARQL syntax error at byte 16: expected LBrace, found Some(Word("｛"))
Build The PurRDF Book	Gate the zh-Hans translation (render + prose gates + SPARQL fence parser)	2026-10-10T02:42:19.3033017Z         as an update: SPARQL syntax error at byte 0: expected an update operation keyword, found Some(Word("SELECT"))
Build The PurRDF Book	Gate the zh-Hans translation (render + prose gates + SPARQL fence parser)	2026-10-10T02:42:19.3033615Z     -> red (exit 1), as required
Build The PurRDF Book	Gate the zh-Hans translation (render + prose gates + SPARQL fence parser)	2026-10-10T02:42:19.3033929Z   sweep_sparql_fences on a shipped sparql fence's own message, its first brace made full-width:
Build The PurRDF Book	Gate the zh-Hans translation (render + prose gates + SPARQL fence parser)	2026-10-10T02:42:19.3034317Z     sweep_sparql_fences: 1 of 26 fenced sparql block(s) do not parse:
Build The PurRDF Book	Gate the zh-Hans translation (render + prose gates + SPARQL fence parser)	2026-10-10T02:42:19.3034569Z     
Build The PurRDF Book	Gate the zh-Hans translation (render + prose gates + SPARQL fence parser)	2026-10-10T02:42:19.3034963Z     /home/runner/work/purrdf/purrdf/target/gate-scratch/i18n-render.CTIrg3/render-5/markdown/sparql/querying.md#sparql-block-1: does not parse
Build The PurRDF Book	Gate the zh-Hans translation (render + prose gates + SPARQL fence parser)	2026-10-10T02:42:19.3035592Z         as a query: SPARQL syntax error at byte 66: expected LBrace, found Some(Word("｛"))
Build The PurRDF Book	Gate the zh-Hans translation (render + prose gates + SPARQL fence parser)	2026-10-10T02:42:19.3036044Z         as an update: SPARQL syntax error at byte 48: expected an update operation keyword, found Some(Word("SELECT"))
Build The PurRDF Book	Gate the zh-Hans translation (render + prose gates + SPARQL fence parser)	2026-10-10T02:42:19.3036402Z     -> red (exit 1), as required
Build The PurRDF Book	Gate the zh-Hans translation (render + prose gates + SPARQL fence parser)	2026-10-10T02:42:19.3036729Z   reached-the-rendering on a translation of a msgid the English source does not carry (a stale entry):
Build The PurRDF Book	Gate the zh-Hans translation (render + prose gates + SPARQL fence parser)	2026-10-10T02:42:19.3037105Z   translated messages reached the rendering:
Build The PurRDF Book	Gate the zh-Hans translation (render + prose gates + SPARQL fence parser)	2026-10-10T02:42:19.3038147Z     zh-Hans.po:24: translated message never reached the rendering (msgid 'This sentence exists in the catalogue and nowhere in the Eng'; probe '这段译文没有对应的英文段落') — the preprocessor did not match its msgid; the English source no longer carries it (`make book-po-update` marks such entries fuzzy or obsolete)
Build The PurRDF Book	Gate the zh-Hans translation (render + prose gates + SPARQL fence parser)	2026-10-10T02:42:19.3038946Z     -> red (exit 1), as required
Build The PurRDF Book	Gate the zh-Hans translation (render + prose gates + SPARQL fence parser)	2026-10-10T02:42:19.3039287Z check-i18n-render: every arm went red on its poison.
Build The PurRDF Book	Gate the zh-Hans translation (render + prose gates + SPARQL fence parser)	2026-10-10T02:42:19.3039659Z check-i18n-render: rendering the zh-Hans book with docs/book/po/zh-Hans.po —
Build The PurRDF Book	Gate the zh-Hans translation (render + prose gates + SPARQL fence parser)	2026-10-10T02:42:19.3040646Z   33 page(s) rendered to Markdown under a scratch directory.
Build The PurRDF Book	Gate the zh-Hans translation (render + prose gates + SPARQL fence parser)	2026-10-10T02:42:19.3041052Z   check-brand-casing.py:
Build The PurRDF Book	Gate the zh-Hans translation (render + prose gates + SPARQL fence parser)	2026-10-10T02:42:19.3041764Z     OK: no bare 'purrdf' prose in the rendered tree (33 page(s) scanned under /home/runner/work/purrdf/purrdf/target/gate-scratch/i18n-render.CTIrg3/render/markdown).
Build The PurRDF Book	Gate the zh-Hans translation (render + prose gates + SPARQL fence parser)	2026-10-10T02:42:19.3042271Z   check-issue-refs.py:
Build The PurRDF Book	Gate the zh-Hans translation (render + prose gates + SPARQL fence parser)	2026-10-10T02:42:19.3042803Z     OK: no issue-reference tokens and no process references in the rendered tree (33 page(s) scanned under /home/runner/work/purrdf/purrdf/target/gate-scratch/i18n-render.CTIrg3/render/markdown).
Build The PurRDF Book	Gate the zh-Hans translation (render + prose gates + SPARQL fence parser)	2026-10-10T02:42:19.3043383Z   check-spec-attribution.py:
Build The PurRDF Book	Gate the zh-Hans translation (render + prose gates + SPARQL fence parser)	2026-10-10T02:42:19.3043977Z     check-spec-attribution: no unqualified specification attributions in the rendered tree (33 page(s) scanned under /home/runner/work/purrdf/purrdf/target/gate-scratch/i18n-render.CTIrg3/render/markdown).
Build The PurRDF Book	Gate the zh-Hans translation (render + prose gates + SPARQL fence parser)	2026-10-10T02:42:19.3044589Z   check-doc-claims.py:
Build The PurRDF Book	Gate the zh-Hans translation (render + prose gates + SPARQL fence parser)	2026-10-10T02:42:19.3045263Z     OK: the stale-name ban swept 33 rendered page(s) under /home/runner/work/purrdf/purrdf/target/gate-scratch/i18n-render.CTIrg3/render/markdown, and the entailment-overclaim ban swept the 9 marker-bearing page(s) among them, sentence by sentence.
Build The PurRDF Book	Gate the zh-Hans translation (render + prose gates + SPARQL fence parser)	2026-10-10T02:42:19.3045962Z   sweep_sparql_fences:
Build The PurRDF Book	Gate the zh-Hans translation (render + prose gates + SPARQL fence parser)	2026-10-10T02:42:19.3046387Z     sweep_sparql_fences: OK — 26 fenced sparql block(s) in 33 Markdown file(s) all parse as a query or an update
Build The PurRDF Book	Gate the zh-Hans translation (render + prose gates + SPARQL fence parser)	2026-10-10T02:42:19.3046777Z   translated messages reached the rendering:
Build The PurRDF Book	Gate the zh-Hans translation (render + prose gates + SPARQL fence parser)	2026-10-10T02:42:19.3047792Z     zh-Hans.po:19487: translated message never reached the rendering (msgid '**W3C OWL 2 test suite — 258 of 262 cases agree, 4 ledgered*'; probe '个分歧中的每一个都在一个带类型的台账中点名列出') — the preprocessor did not match its msgid; the English source no longer carries it (`make book-po-update` marks such entries fuzzy or obsolete)
Build The PurRDF Book	Gate the zh-Hans translation (render + prose gates + SPARQL fence parser)	2026-10-10T02:42:19.3049378Z     zh-Hans.po:19504: translated message never reached the rendering (msgid 'Two things this row does **not** say. First, the upstream ma'; probe '是因为它所取自的扁平化版本提取了前提字面量而丢弃了结论字面量') — the preprocessor did not match its msgid; the English source no longer carries it (`make book-po-update` marks such entries fuzzy or obsolete)
Build The PurRDF Book	Gate the zh-Hans translation (render + prose gates + SPARQL fence parser)	2026-10-10T02:42:19.3051078Z     zh-Hans.po:21980: translated message never reached the rendering (msgid 'At the time of writing every suite is green — for example 1,'; probe '而规则表覆盖并不等于蕴涵一致性') — the preprocessor did not match its msgid; the English source no longer carries it (`make book-po-update` marks such entries fuzzy or obsolete)
Build The PurRDF Book	Gate the zh-Hans translation (render + prose gates + SPARQL fence parser)	2026-10-10T02:42:19.3052280Z   catalogue docs/book/po/zh-Hans.po: 3040 message(s) — 3040 translated, 0 fuzzy, 0 untranslated, 10 obsolete.
Build The PurRDF Book	Gate the zh-Hans translation (render + prose gates + SPARQL fence parser)	2026-10-10T02:42:19.3053033Z   drift against a fresh template: 3 source message(s) absent from the catalogue, 3 catalogue message(s) no longer in the source — `make book-po-update` refreshes it.
Build The PurRDF Book	Gate the zh-Hans translation (render + prose gates + SPARQL fence parser)	2026-10-10T02:42:19.3110869Z make: *** [Makefile:188: check-i18n] Error 1
Build The PurRDF Book	Gate the zh-Hans translation (render + prose gates + SPARQL fence parser)	2026-10-10T02:42:19.3124136Z ##[error]Process completed with exit code 2.
