python3 scripts/capi-header.py --write crates/rdf-capi/include/purrdf.h
   Compiling typenum v1.20.1
   Compiling purrdf-hash v3.0.1 (/home/paudley/Active/purrdf/.worktrees/508-sparql-eval-complete-bounded-workspace/crates/hash)
   Compiling cpufeatures v0.3.0
   Compiling const-oid v0.10.2
   Compiling cfg-if v1.0.4
   Compiling purrdf-events v3.0.1 (/home/paudley/Active/purrdf/.worktrees/508-sparql-eval-complete-bounded-workspace/crates/rdf-events)
   Compiling regex-syntax v0.8.11
   Compiling purrdf-core v3.0.1 (/home/paudley/Active/purrdf/.worktrees/508-sparql-eval-complete-bounded-workspace/crates/rdf-core)
   Compiling crossbeam-utils v0.8.21
   Compiling hashbrown v0.17.1
   Compiling rayon-core v1.13.0
   Compiling libc v0.2.186
   Compiling either v1.16.0
   Compiling getrandom v0.3.4
   Compiling cmov v0.5.4
   Compiling cpubits v0.1.1
   Compiling ctutils v0.4.2
   Compiling twox-hash v2.1.2
   Compiling fastrand v2.4.1
   Compiling visual-hashing v1.0.0
   Compiling structured-zstd v0.0.49
   Compiling crossbeam-epoch v0.9.18
   Compiling crossbeam-deque v0.8.6
   Compiling hybrid-array v0.4.15
   Compiling crypto-common v0.2.2
   Compiling block-buffer v0.12.1
   Compiling inout v0.2.2
   Compiling digest v0.11.3
   Compiling sha2 v0.11.0
   Compiling purrdf-stack v3.0.1 (/home/paudley/Active/purrdf/.worktrees/508-sparql-eval-complete-bounded-workspace/crates/stack)
   Compiling cipher v0.5.2
   Compiling universal-hash v0.6.1
   Compiling aes v0.9.3
   Compiling polyval v0.7.3
   Compiling ctr v0.10.1
   Compiling ghash v0.6.0
   Compiling aead v0.6.1
   Compiling rayon v1.12.0
   Compiling aes-gcm v0.11.1
   Compiling regex-automata v0.4.14
   Compiling purrdf-lex v3.0.1 (/home/paudley/Active/purrdf/.worktrees/508-sparql-eval-complete-bounded-workspace/crates/lex)
   Compiling purrdf-deflate v3.0.1 (/home/paudley/Active/purrdf/.worktrees/508-sparql-eval-complete-bounded-workspace/crates/deflate)
   Compiling purrdf-ed25519 v3.0.1 (/home/paudley/Active/purrdf/.worktrees/508-sparql-eval-complete-bounded-workspace/crates/ed25519)
   Compiling regex v1.12.4
   Compiling purrdf-xsd v3.0.1 (/home/paudley/Active/purrdf/.worktrees/508-sparql-eval-complete-bounded-workspace/crates/xsd)
   Compiling purrdf-iri v3.0.1 (/home/paudley/Active/purrdf/.worktrees/508-sparql-eval-complete-bounded-workspace/crates/iri)
   Compiling purrdf-cdt v3.0.1 (/home/paudley/Active/purrdf/.worktrees/508-sparql-eval-complete-bounded-workspace/crates/cdt)
   Compiling purrdf-gts v3.0.1 (/home/paudley/Active/purrdf/.worktrees/508-sparql-eval-complete-bounded-workspace/crates/gts)
   Compiling purrdf-sparql-algebra v3.0.1 (/home/paudley/Active/purrdf/.worktrees/508-sparql-eval-complete-bounded-workspace/crates/sparql-algebra)
   Compiling purrdf-sparql-results v3.0.1 (/home/paudley/Active/purrdf/.worktrees/508-sparql-eval-complete-bounded-workspace/crates/sparql-results)
   Compiling purrdf-datalog v3.0.1 (/home/paudley/Active/purrdf/.worktrees/508-sparql-eval-complete-bounded-workspace/crates/datalog)
   Compiling purrdf-json v3.0.1 (/home/paudley/Active/purrdf/.worktrees/508-sparql-eval-complete-bounded-workspace/crates/json)
   Compiling purrdf-columnar v3.0.1 (/home/paudley/Active/purrdf/.worktrees/508-sparql-eval-complete-bounded-workspace/crates/columnar)
   Compiling purrdf-mime v3.0.1 (/home/paudley/Active/purrdf/.worktrees/508-sparql-eval-complete-bounded-workspace/crates/mime)
   Compiling purrdf-shex v3.0.1 (/home/paudley/Active/purrdf/.worktrees/508-sparql-eval-complete-bounded-workspace/crates/shex)
   Compiling purrdf-markdown v3.0.1 (/home/paudley/Active/purrdf/.worktrees/508-sparql-eval-complete-bounded-workspace/crates/markdown)
   Compiling purrdf-sparql-eval v3.0.1 (/home/paudley/Active/purrdf/.worktrees/508-sparql-eval-complete-bounded-workspace/crates/sparql-eval)
   Compiling purrdf-entail v3.0.1 (/home/paudley/Active/purrdf/.worktrees/508-sparql-eval-complete-bounded-workspace/crates/entail)
   Compiling purrdf-rdf v3.0.1 (/home/paudley/Active/purrdf/.worktrees/508-sparql-eval-complete-bounded-workspace/crates/rdf)
   Compiling purrdf-text v3.0.1 (/home/paudley/Active/purrdf/.worktrees/508-sparql-eval-complete-bounded-workspace/crates/text)
   Compiling purrdf-hnsw v3.0.1 (/home/paudley/Active/purrdf/.worktrees/508-sparql-eval-complete-bounded-workspace/crates/hnsw)
   Compiling purrdf-geo v3.0.1 (/home/paudley/Active/purrdf/.worktrees/508-sparql-eval-complete-bounded-workspace/crates/geo)
   Compiling purrdf-retrieval v3.0.1 (/home/paudley/Active/purrdf/.worktrees/508-sparql-eval-complete-bounded-workspace/crates/retrieval)
   Compiling purrdf-slice v3.0.1 (/home/paudley/Active/purrdf/.worktrees/508-sparql-eval-complete-bounded-workspace/crates/slice)
   Compiling purrdf-shapes v3.0.1 (/home/paudley/Active/purrdf/.worktrees/508-sparql-eval-complete-bounded-workspace/crates/shapes)
   Compiling purrdf-validate v3.0.1 (/home/paudley/Active/purrdf/.worktrees/508-sparql-eval-complete-bounded-workspace/crates/validate)
   Compiling purrdf v3.0.1 (/home/paudley/Active/purrdf/.worktrees/508-sparql-eval-complete-bounded-workspace/crates/purrdf)
   Compiling purrdf-capi v3.0.1 (/home/paudley/Active/purrdf/.worktrees/508-sparql-eval-complete-bounded-workspace/crates/rdf-capi)
    Finished `dev` profile [optimized + debuginfo] target(s) in 5m 27s
    Building pkg-config files
    Building header file using cbindgen
  Populating uninstalled header directory
regenerated crates/rdf-capi/include/purrdf.h from the private cargo-c build
