2026-10-10T00:28:17.6856893Z Current runner version: '2.337.0'
2026-10-10T00:28:17.6882234Z ##[group]Runner Image Provisioner
2026-10-10T00:28:17.6883092Z Hosted Compute Agent
2026-10-10T00:28:17.6883700Z Version: 20261002.596
2026-10-10T00:28:17.6884407Z Commit: c3d12f3313a95f25162a1503be624f3b0617f8c0
2026-10-10T00:28:17.6885174Z Build Date: 2026-10-02T22:28:27Z
2026-10-10T00:28:17.6885894Z Worker ID: {5081f97d-557a-43be-832c-df97d61e5fc4}
2026-10-10T00:28:17.6886604Z Region: westus2
2026-10-10T00:28:17.6887171Z Cloud: Azure
2026-10-10T00:28:17.6887747Z ##[endgroup]
2026-10-10T00:28:17.6889250Z ##[group]Operating System
2026-10-10T00:28:17.6890185Z Ubuntu
2026-10-10T00:28:17.6890761Z 24.04.5
2026-10-10T00:28:17.6891302Z LTS
2026-10-10T00:28:17.6891879Z ##[endgroup]
2026-10-10T00:28:17.6892437Z ##[group]Runner Image
2026-10-10T00:28:17.6893027Z Image: ubuntu-24.04
2026-10-10T00:28:17.6893646Z Version: 20261004.327.1
2026-10-10T00:28:17.6894920Z Included Software: https://github.com/actions/runner-images/blob/ubuntu24/20261004.327/images/ubuntu/Ubuntu2404-Readme.md
2026-10-10T00:28:17.6896538Z Image Release: https://github.com/actions/runner-images/releases/tag/ubuntu24%2F20261004.327
2026-10-10T00:28:17.6897493Z ##[endgroup]
2026-10-10T00:28:17.6898663Z ##[group]GITHUB_TOKEN Permissions
2026-10-10T00:28:17.6900842Z Contents: read
2026-10-10T00:28:17.6901562Z Metadata: read
2026-10-10T00:28:17.6902124Z ##[endgroup]
2026-10-10T00:28:17.6904300Z Secret source: Actions
2026-10-10T00:28:17.6905263Z Cache mode: write
2026-10-10T00:28:17.6905982Z Prepare workflow directory
2026-10-10T00:28:17.7243333Z Prepare all required actions
2026-10-10T00:28:17.7293556Z Getting action download info
2026-10-10T00:28:18.1003492Z Download action repository 'actions/checkout@9c091bb21b7c1c1d1991bb908d89e4e9dddfe3e0' (SHA:9c091bb21b7c1c1d1991bb908d89e4e9dddfe3e0)
2026-10-10T00:28:18.6583849Z Download action repository 'dtolnay/rust-toolchain@29eef336d9b2848a0b548edc03f92a220660cdb8' (SHA:29eef336d9b2848a0b548edc03f92a220660cdb8)
2026-10-10T00:28:18.8367957Z Download action repository 'actions/cache@0057852bfaa89a56745cba8c7296529d2fc39830' (SHA:0057852bfaa89a56745cba8c7296529d2fc39830)
2026-10-10T00:28:18.9611752Z Download action repository 'actions/upload-artifact@043fb46d1a93c77aae656e7c1c64a875d1fc6a0a' (SHA:043fb46d1a93c77aae656e7c1c64a875d1fc6a0a)
2026-10-10T00:28:19.2162000Z Complete job name: simd-asm-config (wasm32-simd128)
2026-10-10T00:28:19.3019470Z ##[group]Run actions/checkout@9c091bb21b7c1c1d1991bb908d89e4e9dddfe3e0
2026-10-10T00:28:19.3021254Z with:
2026-10-10T00:28:19.3021753Z   persist-credentials: false
2026-10-10T00:28:19.3022358Z   repository: Blackcat-Informatics/purrdf
2026-10-10T00:28:19.3026336Z   token: ***
2026-10-10T00:28:19.3026802Z   ssh-strict: true
2026-10-10T00:28:19.3027264Z   ssh-user: git
2026-10-10T00:28:19.3027721Z   clean: true
2026-10-10T00:28:19.3028204Z   sparse-checkout-cone-mode: true
2026-10-10T00:28:19.3028787Z   fetch-depth: 1
2026-10-10T00:28:19.3029251Z   fetch-tags: false
2026-10-10T00:28:19.3029958Z   show-progress: true
2026-10-10T00:28:19.3030503Z   lfs: false
2026-10-10T00:28:19.3030948Z   submodules: false
2026-10-10T00:28:19.3031462Z   set-safe-directory: true
2026-10-10T00:28:19.3032008Z   allow-unsafe-pr-checkout: false
2026-10-10T00:28:19.3032853Z ##[endgroup]
2026-10-10T00:28:19.4042208Z Syncing repository: Blackcat-Informatics/purrdf
2026-10-10T00:28:19.4044229Z ##[group]Getting Git version info
2026-10-10T00:28:19.4045093Z Working directory is '/home/runner/work/purrdf/purrdf'
2026-10-10T00:28:19.4046228Z [command]/usr/bin/git version
2026-10-10T00:28:19.5095018Z git version 2.55.0
2026-10-10T00:28:19.5117666Z ##[endgroup]
2026-10-10T00:28:19.5128343Z Temporarily overriding HOME='/home/runner/work/_temp/7cdd1961-a4de-4efb-a84f-2207bf3a39bb' before making global git config changes
2026-10-10T00:28:19.5134118Z Adding repository directory to the temporary git global config as a safe directory
2026-10-10T00:28:19.5135421Z [command]/usr/bin/git config --global --add safe.directory /home/runner/work/purrdf/purrdf
2026-10-10T00:28:19.5353446Z Deleting the contents of '/home/runner/work/purrdf/purrdf'
2026-10-10T00:28:19.5357466Z ##[group]Determining repository object format
2026-10-10T00:28:19.5359086Z ##[endgroup]
2026-10-10T00:28:19.5360273Z ##[group]Initializing the repository
2026-10-10T00:28:19.5363564Z [command]/usr/bin/git init /home/runner/work/purrdf/purrdf
2026-10-10T00:28:19.5804823Z hint: Using 'master' as the name for the initial branch. This default branch name
2026-10-10T00:28:19.5806248Z hint: will change to "main" in Git 3.0. To configure the initial branch name
2026-10-10T00:28:19.5807684Z hint: to use in all of your new repositories, which will suppress this warning,
2026-10-10T00:28:19.5809177Z hint: call:
2026-10-10T00:28:19.5810032Z hint:
2026-10-10T00:28:19.5811231Z hint: 	git config --global init.defaultBranch <name>
2026-10-10T00:28:19.5812679Z hint:
2026-10-10T00:28:19.5814011Z hint: Names commonly chosen instead of 'master' are 'main', 'trunk' and
2026-10-10T00:28:19.5816106Z hint: 'development'. The just-created branch can be renamed via this command:
2026-10-10T00:28:19.5818025Z hint:
2026-10-10T00:28:19.5819050Z hint: 	git branch -m <name>
2026-10-10T00:28:19.5820345Z hint:
2026-10-10T00:28:19.5821805Z hint: Disable this message with "git config set advice.defaultBranchName false"
2026-10-10T00:28:19.5824047Z Initialized empty Git repository in /home/runner/work/purrdf/purrdf/.git/
2026-10-10T00:28:19.5827262Z [command]/usr/bin/git remote add origin https://github.com/Blackcat-Informatics/purrdf
2026-10-10T00:28:19.6060549Z ##[endgroup]
2026-10-10T00:28:19.6062296Z ##[group]Disabling automatic garbage collection
2026-10-10T00:28:19.6063989Z [command]/usr/bin/git config --local gc.auto 0
2026-10-10T00:28:19.6096309Z ##[endgroup]
2026-10-10T00:28:19.6097910Z ##[group]Setting up auth
2026-10-10T00:28:19.6099033Z Removing SSH command configuration
2026-10-10T00:28:19.6103509Z [command]/usr/bin/git config --local --name-only --get-regexp core\.sshCommand
2026-10-10T00:28:19.6135520Z [command]/usr/bin/git submodule foreach --recursive sh -c "git config --local --name-only --get-regexp 'core\.sshCommand' && git config --local --unset-all 'core.sshCommand' || :"
2026-10-10T00:28:19.8292000Z Removing HTTP extra header
2026-10-10T00:28:19.8297906Z [command]/usr/bin/git config --local --name-only --get-regexp http\.https\:\/\/github\.com\/\.extraheader
2026-10-10T00:28:19.8328731Z [command]/usr/bin/git submodule foreach --recursive sh -c "git config --local --name-only --get-regexp 'http\.https\:\/\/github\.com\/\.extraheader' && git config --local --unset-all 'http.https://github.com/.extraheader' || :"
2026-10-10T00:28:19.8547333Z Removing includeIf entries pointing to credentials config files
2026-10-10T00:28:19.8554979Z [command]/usr/bin/git config --local --name-only --get-regexp ^includeIf\.gitdir:
2026-10-10T00:28:19.8586505Z [command]/usr/bin/git submodule foreach --recursive git config --local --show-origin --name-only --get-regexp remote.origin.url
2026-10-10T00:28:19.8805083Z [command]/usr/bin/git config --file /home/runner/work/_temp/git-credentials-d3586910-0c7b-48ea-8053-96102c550efe.config http.https://github.com/.extraheader AUTHORIZATION: basic ***
2026-10-10T00:28:19.8840578Z [command]/usr/bin/git config --local includeIf.gitdir:/home/runner/work/purrdf/purrdf/.git.path /home/runner/work/_temp/git-credentials-d3586910-0c7b-48ea-8053-96102c550efe.config
2026-10-10T00:28:19.8870835Z [command]/usr/bin/git config --local includeIf.gitdir:/home/runner/work/purrdf/purrdf/.git/worktrees/*.path /home/runner/work/_temp/git-credentials-d3586910-0c7b-48ea-8053-96102c550efe.config
2026-10-10T00:28:19.8902402Z [command]/usr/bin/git config --local includeIf.gitdir:/github/workspace/.git.path /github/runner_temp/git-credentials-d3586910-0c7b-48ea-8053-96102c550efe.config
2026-10-10T00:28:19.8933475Z [command]/usr/bin/git config --local includeIf.gitdir:/github/workspace/.git/worktrees/*.path /github/runner_temp/git-credentials-d3586910-0c7b-48ea-8053-96102c550efe.config
2026-10-10T00:28:19.8961971Z ##[endgroup]
2026-10-10T00:28:19.8963697Z ##[group]Fetching the repository
2026-10-10T00:28:19.8967655Z [command]/usr/bin/git -c protocol.version=2 fetch --no-tags --prune --no-recurse-submodules --depth=1 origin +86cb391debae265ef72b45ffe010ddde51bf5f3d:refs/remotes/pull/522/merge
2026-10-10T00:28:24.1613767Z From https://github.com/Blackcat-Informatics/purrdf
2026-10-10T00:28:24.1615918Z  * [new ref]           86cb391debae265ef72b45ffe010ddde51bf5f3d -> pull/522/merge
2026-10-10T00:28:24.1631072Z ##[endgroup]
2026-10-10T00:28:24.1632673Z ##[group]Determining the checkout info
2026-10-10T00:28:24.1634313Z ##[endgroup]
2026-10-10T00:28:24.1636938Z [command]/usr/bin/git sparse-checkout disable
2026-10-10T00:28:24.5238722Z [command]/usr/bin/git config --local --unset-all extensions.worktreeConfig
2026-10-10T00:28:24.5275534Z ##[group]Checking out the ref
2026-10-10T00:28:24.5283705Z [command]/usr/bin/git checkout --progress --force refs/remotes/pull/522/merge
2026-10-10T00:28:25.5683803Z Updating files:  52% (9688/18303)
2026-10-10T00:28:25.5746880Z Updating files:  53% (9701/18303)
2026-10-10T00:28:25.5808529Z Updating files:  54% (9884/18303)
2026-10-10T00:28:25.5869622Z Updating files:  55% (10067/18303)
2026-10-10T00:28:25.5941149Z Updating files:  56% (10250/18303)
2026-10-10T00:28:25.6361555Z Updating files:  57% (10433/18303)
2026-10-10T00:28:25.6521100Z Updating files:  58% (10616/18303)
2026-10-10T00:28:25.7672868Z Updating files:  59% (10799/18303)
2026-10-10T00:28:25.8561549Z Updating files:  60% (10982/18303)
2026-10-10T00:28:25.8625076Z Updating files:  61% (11165/18303)
2026-10-10T00:28:25.8869163Z Updating files:  62% (11348/18303)
2026-10-10T00:28:25.9005773Z Updating files:  63% (11531/18303)
2026-10-10T00:28:25.9186363Z Updating files:  64% (11714/18303)
2026-10-10T00:28:25.9247670Z Updating files:  65% (11897/18303)
2026-10-10T00:28:25.9324529Z Updating files:  66% (12080/18303)
2026-10-10T00:28:25.9400569Z Updating files:  67% (12264/18303)
2026-10-10T00:28:25.9467563Z Updating files:  68% (12447/18303)
2026-10-10T00:28:25.9531064Z Updating files:  69% (12630/18303)
2026-10-10T00:28:25.9593446Z Updating files:  70% (12813/18303)
2026-10-10T00:28:25.9660272Z Updating files:  71% (12996/18303)
2026-10-10T00:28:25.9723051Z Updating files:  72% (13179/18303)
2026-10-10T00:28:25.9791401Z Updating files:  73% (13362/18303)
2026-10-10T00:28:25.9857672Z Updating files:  74% (13545/18303)
2026-10-10T00:28:25.9922451Z Updating files:  75% (13728/18303)
2026-10-10T00:28:25.9986082Z Updating files:  76% (13911/18303)
2026-10-10T00:28:26.0052050Z Updating files:  77% (14094/18303)
2026-10-10T00:28:26.0117855Z Updating files:  78% (14277/18303)
2026-10-10T00:28:26.0195089Z Updating files:  79% (14460/18303)
2026-10-10T00:28:26.0257086Z Updating files:  80% (14643/18303)
2026-10-10T00:28:26.0319997Z Updating files:  81% (14826/18303)
2026-10-10T00:28:26.0382196Z Updating files:  82% (15009/18303)
2026-10-10T00:28:26.0469669Z Updating files:  83% (15192/18303)
2026-10-10T00:28:26.0534105Z Updating files:  84% (15375/18303)
2026-10-10T00:28:26.0598452Z Updating files:  85% (15558/18303)
2026-10-10T00:28:26.0665674Z Updating files:  86% (15741/18303)
2026-10-10T00:28:26.0730588Z Updating files:  87% (15924/18303)
2026-10-10T00:28:26.0793186Z Updating files:  88% (16107/18303)
2026-10-10T00:28:26.0886162Z Updating files:  89% (16290/18303)
2026-10-10T00:28:26.0953901Z Updating files:  90% (16473/18303)
2026-10-10T00:28:26.1021385Z Updating files:  91% (16656/18303)
2026-10-10T00:28:26.1090123Z Updating files:  92% (16839/18303)
2026-10-10T00:28:26.1160026Z Updating files:  93% (17022/18303)
2026-10-10T00:28:26.1229029Z Updating files:  94% (17205/18303)
2026-10-10T00:28:26.1301714Z Updating files:  95% (17388/18303)
2026-10-10T00:28:26.1375748Z Updating files:  96% (17571/18303)
2026-10-10T00:28:26.1449399Z Updating files:  97% (17754/18303)
2026-10-10T00:28:26.1527000Z Updating files:  98% (17937/18303)
2026-10-10T00:28:26.1599969Z Updating files:  99% (18120/18303)
2026-10-10T00:28:26.1600573Z Updating files: 100% (18303/18303)
2026-10-10T00:28:26.1601894Z Updating files: 100% (18303/18303), done.
2026-10-10T00:28:26.1785784Z Note: switching to 'refs/remotes/pull/522/merge'.
2026-10-10T00:28:26.1786218Z 
2026-10-10T00:28:26.1786454Z You are in 'detached HEAD' state. You can look around, make experimental
2026-10-10T00:28:26.1787007Z changes and commit them, and you can discard any commits you make in this
2026-10-10T00:28:26.1787481Z state without impacting any branches by switching back to a branch.
2026-10-10T00:28:26.1787849Z 
2026-10-10T00:28:26.1788180Z If you want to create a new branch to retain commits you create, you may
2026-10-10T00:28:26.1788970Z do so (now or later) by using -c with the switch command. Example:
2026-10-10T00:28:26.1789429Z 
2026-10-10T00:28:26.1789615Z   git switch -c <new-branch-name>
2026-10-10T00:28:26.1790171Z 
2026-10-10T00:28:26.1790346Z Or undo this operation with:
2026-10-10T00:28:26.1790613Z 
2026-10-10T00:28:26.1790751Z   git switch -
2026-10-10T00:28:26.1790949Z 
2026-10-10T00:28:26.1791171Z Turn off this advice by setting config variable advice.detachedHead to false
2026-10-10T00:28:26.1791619Z 
2026-10-10T00:28:26.1791967Z HEAD is now at 86cb391d Merge 08ed781ba21010308d31f5b126b216d5befb3a80 into d608b0584e11cb803347ab1edc09c90d2dadbada
2026-10-10T00:28:26.1830854Z ##[endgroup]
2026-10-10T00:28:26.1876628Z [command]/usr/bin/git log -1 --format=%H
2026-10-10T00:28:26.1903382Z 86cb391debae265ef72b45ffe010ddde51bf5f3d
2026-10-10T00:28:26.1912822Z ##[group]Removing auth
2026-10-10T00:28:26.1913256Z Removing SSH command configuration
2026-10-10T00:28:26.1917051Z [command]/usr/bin/git config --local --name-only --get-regexp core\.sshCommand
2026-10-10T00:28:26.1948334Z [command]/usr/bin/git submodule foreach --recursive sh -c "git config --local --name-only --get-regexp 'core\.sshCommand' && git config --local --unset-all 'core.sshCommand' || :"
2026-10-10T00:28:26.2186353Z Removing HTTP extra header
2026-10-10T00:28:26.2190243Z [command]/usr/bin/git config --local --name-only --get-regexp http\.https\:\/\/github\.com\/\.extraheader
2026-10-10T00:28:26.2220167Z [command]/usr/bin/git submodule foreach --recursive sh -c "git config --local --name-only --get-regexp 'http\.https\:\/\/github\.com\/\.extraheader' && git config --local --unset-all 'http.https://github.com/.extraheader' || :"
2026-10-10T00:28:26.2451565Z Removing includeIf entries pointing to credentials config files
2026-10-10T00:28:26.2455096Z [command]/usr/bin/git config --local --name-only --get-regexp ^includeIf\.gitdir:
2026-10-10T00:28:26.2481755Z includeif.gitdir:/home/runner/work/purrdf/purrdf/.git.path
2026-10-10T00:28:26.2482487Z includeif.gitdir:/home/runner/work/purrdf/purrdf/.git/worktrees/*.path
2026-10-10T00:28:26.2483442Z includeif.gitdir:/github/workspace/.git.path
2026-10-10T00:28:26.2484280Z includeif.gitdir:/github/workspace/.git/worktrees/*.path
2026-10-10T00:28:26.2493313Z [command]/usr/bin/git config --local --get-all includeif.gitdir:/home/runner/work/purrdf/purrdf/.git.path
2026-10-10T00:28:26.2515362Z /home/runner/work/_temp/git-credentials-d3586910-0c7b-48ea-8053-96102c550efe.config
2026-10-10T00:28:26.2525307Z [command]/usr/bin/git config --local --unset includeif.gitdir:/home/runner/work/purrdf/purrdf/.git.path /home/runner/work/_temp/git-credentials-d3586910-0c7b-48ea-8053-96102c550efe.config
2026-10-10T00:28:26.2565053Z [command]/usr/bin/git config --local --get-all includeif.gitdir:/home/runner/work/purrdf/purrdf/.git/worktrees/*.path
2026-10-10T00:28:26.2586630Z /home/runner/work/_temp/git-credentials-d3586910-0c7b-48ea-8053-96102c550efe.config
2026-10-10T00:28:26.2595078Z [command]/usr/bin/git config --local --unset includeif.gitdir:/home/runner/work/purrdf/purrdf/.git/worktrees/*.path /home/runner/work/_temp/git-credentials-d3586910-0c7b-48ea-8053-96102c550efe.config
2026-10-10T00:28:26.2635774Z [command]/usr/bin/git config --local --get-all includeif.gitdir:/github/workspace/.git.path
2026-10-10T00:28:26.2651376Z /github/runner_temp/git-credentials-d3586910-0c7b-48ea-8053-96102c550efe.config
2026-10-10T00:28:26.2658556Z [command]/usr/bin/git config --local --unset includeif.gitdir:/github/workspace/.git.path /github/runner_temp/git-credentials-d3586910-0c7b-48ea-8053-96102c550efe.config
2026-10-10T00:28:26.2694011Z [command]/usr/bin/git config --local --get-all includeif.gitdir:/github/workspace/.git/worktrees/*.path
2026-10-10T00:28:26.2715994Z /github/runner_temp/git-credentials-d3586910-0c7b-48ea-8053-96102c550efe.config
2026-10-10T00:28:26.2724078Z [command]/usr/bin/git config --local --unset includeif.gitdir:/github/workspace/.git/worktrees/*.path /github/runner_temp/git-credentials-d3586910-0c7b-48ea-8053-96102c550efe.config
2026-10-10T00:28:26.2755243Z [command]/usr/bin/git submodule foreach --recursive git config --local --show-origin --name-only --get-regexp remote.origin.url
2026-10-10T00:28:26.2987839Z Removing credentials config '/home/runner/work/_temp/git-credentials-d3586910-0c7b-48ea-8053-96102c550efe.config'
2026-10-10T00:28:26.2997264Z ##[endgroup]
2026-10-10T00:28:26.3320970Z ##[group]Run dtolnay/rust-toolchain@29eef336d9b2848a0b548edc03f92a220660cdb8
2026-10-10T00:28:26.3321437Z with:
2026-10-10T00:28:26.3321639Z   toolchain: nightly
2026-10-10T00:28:26.3321947Z   targets: wasm32-unknown-unknown, aarch64-unknown-linux-gnu
2026-10-10T00:28:26.3322286Z ##[endgroup]
2026-10-10T00:28:26.3421746Z ##[start-action display=Run : parse toolchain version;id=__dtolnay_rust-toolchain.parse]
2026-10-10T00:28:26.3467767Z ##[group]Run : parse toolchain version
2026-10-10T00:28:26.3468144Z [36;1m: parse toolchain version[0m
2026-10-10T00:28:26.3468442Z [36;1mif [[ -z $toolchain ]]; then[0m
2026-10-10T00:28:26.3468983Z [36;1m  # GitHub does not enforce `required: true` inputs itself. https://github.com/actions/runner/issues/1070[0m
2026-10-10T00:28:26.3469557Z [36;1m  echo "'toolchain' is a required input" >&2[0m
2026-10-10T00:28:26.3470300Z [36;1m  exit 1[0m
2026-10-10T00:28:26.3470703Z [36;1melif [[ $toolchain =~ ^stable' '[0-9]+' '(year|month|week|day)s?' 'ago$ ]]; then[0m
2026-10-10T00:28:26.3471123Z [36;1m  if [[ Linux == macOS ]]; then[0m
2026-10-10T00:28:26.3471663Z [36;1m    echo "toolchain=1.$((($(date -v-$(sed 's/stable \([0-9]*\) \(.\).*/\1\2/' <<< $toolchain) +%s)/60/60/24-16569)/7/6))" >> $GITHUB_OUTPUT[0m
2026-10-10T00:28:26.3472179Z [36;1m  else[0m
2026-10-10T00:28:26.3472583Z [36;1m    echo "toolchain=1.$((($(date --date "${toolchain#stable }" +%s)/60/60/24-16569)/7/6))" >> $GITHUB_OUTPUT[0m
2026-10-10T00:28:26.3473042Z [36;1m  fi[0m
2026-10-10T00:28:26.3473342Z [36;1melif [[ $toolchain =~ ^stable' 'minus' '[0-9]+' 'releases?$ ]]; then[0m
2026-10-10T00:28:26.3473880Z [36;1m  echo "toolchain=1.$((($(date +%s)/60/60/24-16569)/7/6-${toolchain//[^0-9]/}))" >> $GITHUB_OUTPUT[0m
2026-10-10T00:28:26.3474340Z [36;1melif [[ $toolchain =~ ^1\.[0-9]+$ ]]; then[0m
2026-10-10T00:28:26.3474859Z [36;1m  echo "toolchain=1.$((i=${toolchain#1.}, c=($(date +%s)/60/60/24-16569)/7/6, i+9*i*(10*i<=c)+90*i*(100*i<=c)))" >> $GITHUB_OUTPUT[0m
2026-10-10T00:28:26.3475364Z [36;1melse[0m
2026-10-10T00:28:26.3475615Z [36;1m  echo "toolchain=$toolchain" >> $GITHUB_OUTPUT[0m
2026-10-10T00:28:26.3475912Z [36;1mfi[0m
2026-10-10T00:28:26.6319935Z shell: /usr/bin/bash --noprofile --norc -e -o pipefail {0}
2026-10-10T00:28:26.6320471Z env:
2026-10-10T00:28:26.6320769Z   toolchain: nightly
2026-10-10T00:28:26.6321102Z ##[endgroup]
2026-10-10T00:28:26.6460349Z ##[end-action id=__dtolnay_rust-toolchain.parse;outcome=success;conclusion=success;duration_ms=303]
2026-10-10T00:28:26.6483358Z ##[start-action display=Run : construct rustup command line;id=__dtolnay_rust-toolchain.flags]
2026-10-10T00:28:26.6508364Z ##[group]Run : construct rustup command line
2026-10-10T00:28:26.6508698Z [36;1m: construct rustup command line[0m
2026-10-10T00:28:26.6509155Z [36;1mecho "targets=$(for t in ${targets//,/ }; do echo -n ' --target' $t; done)" >> $GITHUB_OUTPUT[0m
2026-10-10T00:28:26.6510171Z [36;1mecho "components=$(for c in ${components//,/ }; do echo -n ' --component' $c; done)" >> $GITHUB_OUTPUT[0m
2026-10-10T00:28:26.6510858Z [36;1mecho "downgrade=" >> $GITHUB_OUTPUT[0m
2026-10-10T00:28:26.6571833Z shell: /usr/bin/bash --noprofile --norc -e -o pipefail {0}
2026-10-10T00:28:26.6572174Z env:
2026-10-10T00:28:26.6572455Z   targets: wasm32-unknown-unknown, aarch64-unknown-linux-gnu
2026-10-10T00:28:26.6572810Z   components: 
2026-10-10T00:28:26.6573009Z ##[endgroup]
2026-10-10T00:28:26.6666743Z ##[end-action id=__dtolnay_rust-toolchain.flags;outcome=success;conclusion=success;duration_ms=18]
2026-10-10T00:28:26.6670389Z ##[start-action display=Run : set $CARGO_HOME;id=__dtolnay_rust-toolchain.__run]
2026-10-10T00:28:26.6694454Z ##[group]Run : set $CARGO_HOME
2026-10-10T00:28:26.6694721Z [36;1m: set $CARGO_HOME[0m
2026-10-10T00:28:26.6695043Z [36;1mecho CARGO_HOME=${CARGO_HOME:-"$HOME/.cargo"} >> $GITHUB_ENV[0m
2026-10-10T00:28:26.6752277Z shell: /usr/bin/bash --noprofile --norc -e -o pipefail {0}
2026-10-10T00:28:26.6752620Z ##[endgroup]
2026-10-10T00:28:26.6863087Z ##[end-action id=__dtolnay_rust-toolchain.__run;outcome=success;conclusion=success;duration_ms=19]
2026-10-10T00:28:26.6865274Z ##[start-action display=Run : install rustup if needed;id=__dtolnay_rust-toolchain.__run_2]
2026-10-10T00:28:26.6896303Z ##[group]Run : install rustup if needed
2026-10-10T00:28:26.6896619Z [36;1m: install rustup if needed[0m
2026-10-10T00:28:26.6896920Z [36;1mif ! command -v rustup &>/dev/null; then[0m
2026-10-10T00:28:26.6897677Z [36;1m  curl --proto '=https' --tlsv1.2 --retry 10 --retry-connrefused --location --silent --show-error --fail https://sh.rustup.rs | sh -s -- --default-toolchain none -y[0m
2026-10-10T00:28:26.6898409Z [36;1m  echo "$CARGO_HOME/bin" >> $GITHUB_PATH[0m
2026-10-10T00:28:26.6898686Z [36;1mfi[0m
2026-10-10T00:28:26.6955861Z shell: /usr/bin/bash --noprofile --norc -e -o pipefail {0}
2026-10-10T00:28:26.6956201Z env:
2026-10-10T00:28:26.6956404Z   CARGO_HOME: /home/runner/.cargo
2026-10-10T00:28:26.6956654Z ##[endgroup]
2026-10-10T00:28:26.7038652Z ##[end-action id=__dtolnay_rust-toolchain.__run_2;outcome=success;conclusion=success;duration_ms=17]
2026-10-10T00:28:26.7042828Z ##[start-action display=Run : install rustup if needed on windows;id=__dtolnay_rust-toolchain.__run_3]
2026-10-10T00:28:26.7049065Z ##[end-action id=__dtolnay_rust-toolchain.__run_3;outcome=skipped;conclusion=skipped;duration_ms=0]
2026-10-10T00:28:26.7052794Z ##[start-action display=rustup toolchain install nightly;id=__dtolnay_rust-toolchain.__run_4]
2026-10-10T00:28:26.7077257Z ##[group]Run rustup toolchain install nightly --target wasm32-unknown-unknown --target aarch64-unknown-linux-gnu --profile minimal --no-self-update
2026-10-10T00:28:26.7078291Z [36;1mrustup toolchain install nightly --target wasm32-unknown-unknown --target aarch64-unknown-linux-gnu --profile minimal --no-self-update[0m
2026-10-10T00:28:26.7135916Z shell: /usr/bin/bash --noprofile --norc -e -o pipefail {0}
2026-10-10T00:28:26.7136247Z env:
2026-10-10T00:28:26.7136451Z   CARGO_HOME: /home/runner/.cargo
2026-10-10T00:28:26.7136713Z   RUSTUP_PERMIT_COPY_RENAME: 1
2026-10-10T00:28:26.7136956Z ##[endgroup]
2026-10-10T00:28:27.2210841Z info: syncing channel updates for nightly-x86_64-unknown-linux-gnu
2026-10-10T00:28:27.4957255Z info: latest update on 2026-10-09 for version 1.101.0-nightly (a30aa9064 2026-10-08)
2026-10-10T00:28:27.4958084Z info: downloading 5 components
2026-10-10T00:28:38.5021922Z 
2026-10-10T00:28:38.5087981Z   nightly-x86_64-unknown-linux-gnu installed - rustc 1.101.0-nightly (a30aa9064 2026-10-08)
2026-10-10T00:28:38.5088501Z 
2026-10-10T00:28:38.5141273Z ##[end-action id=__dtolnay_rust-toolchain.__run_4;outcome=success;conclusion=success;duration_ms=11808]
2026-10-10T00:28:38.5147020Z ##[start-action display=Run rustup default nightly;id=__dtolnay_rust-toolchain.__run_5]
2026-10-10T00:28:38.5168471Z ##[group]Run rustup default nightly
2026-10-10T00:28:38.5168769Z [36;1mrustup default nightly[0m
2026-10-10T00:28:38.5228300Z shell: /usr/bin/bash --noprofile --norc -e -o pipefail {0}
2026-10-10T00:28:38.5228657Z env:
2026-10-10T00:28:38.5228862Z   CARGO_HOME: /home/runner/.cargo
2026-10-10T00:28:38.5229290Z ##[endgroup]
2026-10-10T00:28:38.5345298Z info: using existing install for nightly-x86_64-unknown-linux-gnu
2026-10-10T00:28:38.5351352Z info: default toolchain set to nightly-x86_64-unknown-linux-gnu
2026-10-10T00:28:38.5351669Z 
2026-10-10T00:28:38.5413125Z   nightly-x86_64-unknown-linux-gnu unchanged - rustc 1.101.0-nightly (a30aa9064 2026-10-08)
2026-10-10T00:28:38.5413552Z 
2026-10-10T00:28:38.5416386Z info: note that the toolchain 'nightly-x86_64-unknown-linux-gnu' is currently in use (overridden by '/home/runner/work/purrdf/purrdf/rust-toolchain.toml')
2026-10-10T00:28:38.5430188Z ##[end-action id=__dtolnay_rust-toolchain.__run_5;outcome=success;conclusion=success;duration_ms=28]
2026-10-10T00:28:38.5434572Z ##[start-action display=Run : create cachekey;id=__dtolnay_rust-toolchain.rustc-version]
2026-10-10T00:28:38.5454918Z ##[group]Run : create cachekey
2026-10-10T00:28:38.5455388Z [36;1m: create cachekey[0m
2026-10-10T00:28:38.5455911Z [36;1mDATE=$(rustc +nightly --version --verbose | sed -ne 's/^commit-date: \(20[0-9][0-9]\)-\([01][0-9]\)-\([0-3][0-9]\)$/\1\2\3/p')[0m
2026-10-10T00:28:38.5456591Z [36;1mHASH=$(rustc +nightly --version --verbose | sed -ne 's/^commit-hash: //p')[0m
2026-10-10T00:28:38.5457108Z [36;1mecho "cachekey=$(echo $DATE$HASH | head -c12)" >> $GITHUB_OUTPUT[0m
2026-10-10T00:28:38.5515822Z shell: /usr/bin/bash --noprofile --norc -e -o pipefail {0}
2026-10-10T00:28:38.5516171Z env:
2026-10-10T00:28:38.5516380Z   CARGO_HOME: /home/runner/.cargo
2026-10-10T00:28:38.5516631Z ##[endgroup]
2026-10-10T00:28:38.5836824Z ##[end-action id=__dtolnay_rust-toolchain.rustc-version;outcome=success;conclusion=success;duration_ms=40]
2026-10-10T00:28:38.5839376Z ##[start-action display=Run : disable incremental compilation;id=__dtolnay_rust-toolchain.__run_6]
2026-10-10T00:28:38.5859458Z ##[group]Run : disable incremental compilation
2026-10-10T00:28:38.5860107Z [36;1m: disable incremental compilation[0m
2026-10-10T00:28:38.5860443Z [36;1mif [ -z "${CARGO_INCREMENTAL+set}" ]; then[0m
2026-10-10T00:28:38.5860777Z [36;1m  echo CARGO_INCREMENTAL=0 >> $GITHUB_ENV[0m
2026-10-10T00:28:38.5861052Z [36;1mfi[0m
2026-10-10T00:28:38.5921201Z shell: /usr/bin/bash --noprofile --norc -e -o pipefail {0}
2026-10-10T00:28:38.5921540Z env:
2026-10-10T00:28:38.5921742Z   CARGO_HOME: /home/runner/.cargo
2026-10-10T00:28:38.5921996Z ##[endgroup]
2026-10-10T00:28:38.6001814Z ##[end-action id=__dtolnay_rust-toolchain.__run_6;outcome=success;conclusion=success;duration_ms=16]
2026-10-10T00:28:38.6003872Z ##[start-action display=Run : enable colors in Cargo output;id=__dtolnay_rust-toolchain.__run_7]
2026-10-10T00:28:38.6022957Z ##[group]Run : enable colors in Cargo output
2026-10-10T00:28:38.6023276Z [36;1m: enable colors in Cargo output[0m
2026-10-10T00:28:38.6023580Z [36;1mif [ -z "${CARGO_TERM_COLOR+set}" ]; then[0m
2026-10-10T00:28:38.6023924Z [36;1m  echo CARGO_TERM_COLOR=always >> $GITHUB_ENV[0m
2026-10-10T00:28:38.6024212Z [36;1mfi[0m
2026-10-10T00:28:38.6077197Z shell: /usr/bin/bash --noprofile --norc -e -o pipefail {0}
2026-10-10T00:28:38.6077532Z env:
2026-10-10T00:28:38.6077735Z   CARGO_HOME: /home/runner/.cargo
2026-10-10T00:28:38.6077989Z   CARGO_INCREMENTAL: 0
2026-10-10T00:28:38.6078204Z ##[endgroup]
2026-10-10T00:28:38.6155138Z ##[end-action id=__dtolnay_rust-toolchain.__run_7;outcome=success;conclusion=success;duration_ms=15]
2026-10-10T00:28:38.6159577Z ##[start-action display=Run : enable Cargo sparse registry;id=__dtolnay_rust-toolchain.__run_8]
2026-10-10T00:28:38.6179463Z ##[group]Run : enable Cargo sparse registry
2026-10-10T00:28:38.6180122Z [36;1m: enable Cargo sparse registry[0m
2026-10-10T00:28:38.6180497Z [36;1m# implemented in 1.66, stabilized in 1.68, made default in 1.70[0m
2026-10-10T00:28:38.6181203Z [36;1mif [ -z "${CARGO_REGISTRIES_CRATES_IO_PROTOCOL+set}" -o -f "/home/runner/work/_temp"/.implicit_cargo_registries_crates_io_protocol ]; then[0m
2026-10-10T00:28:38.6181960Z [36;1m  if rustc +nightly --version --verbose | grep -q '^release: 1\.6[89]\.'; then[0m
2026-10-10T00:28:38.6182717Z [36;1m    touch "/home/runner/work/_temp"/.implicit_cargo_registries_crates_io_protocol || true[0m
2026-10-10T00:28:38.6183256Z [36;1m    echo CARGO_REGISTRIES_CRATES_IO_PROTOCOL=sparse >> $GITHUB_ENV[0m
2026-10-10T00:28:38.6183762Z [36;1m  elif rustc +nightly --version --verbose | grep -q '^release: 1\.6[67]\.'; then[0m
2026-10-10T00:28:38.6184333Z [36;1m    touch "/home/runner/work/_temp"/.implicit_cargo_registries_crates_io_protocol || true[0m
2026-10-10T00:28:38.6184851Z [36;1m    echo CARGO_REGISTRIES_CRATES_IO_PROTOCOL=git >> $GITHUB_ENV[0m
2026-10-10T00:28:38.6185201Z [36;1m  fi[0m
2026-10-10T00:28:38.6185390Z [36;1mfi[0m
2026-10-10T00:28:38.6237720Z shell: /usr/bin/bash --noprofile --norc -e -o pipefail {0}
2026-10-10T00:28:38.6238060Z env:
2026-10-10T00:28:38.6238258Z   CARGO_HOME: /home/runner/.cargo
2026-10-10T00:28:38.6238650Z   CARGO_INCREMENTAL: 0
2026-10-10T00:28:38.6238876Z   CARGO_TERM_COLOR: always
2026-10-10T00:28:38.6239107Z ##[endgroup]
2026-10-10T00:28:38.6532038Z ##[end-action id=__dtolnay_rust-toolchain.__run_8;outcome=success;conclusion=success;duration_ms=37]
2026-10-10T00:28:38.6536264Z ##[start-action display=Run : work around spurious network errors in curl 8.0;id=__dtolnay_rust-toolchain.__run_9]
2026-10-10T00:28:38.6558683Z ##[group]Run : work around spurious network errors in curl 8.0
2026-10-10T00:28:38.6559237Z [36;1m: work around spurious network errors in curl 8.0[0m
2026-10-10T00:28:38.6560402Z [36;1m# https://rust-lang.zulipchat.com/#narrow/stream/246057-t-cargo/topic/timeout.20investigation[0m
2026-10-10T00:28:38.6561175Z [36;1mif rustc +nightly --version --verbose | grep -q '^release: 1\.7[01]\.'; then[0m
2026-10-10T00:28:38.6561888Z [36;1m  echo CARGO_HTTP_MULTIPLEXING=false >> $GITHUB_ENV[0m
2026-10-10T00:28:38.6562302Z [36;1mfi[0m
2026-10-10T00:28:38.6621863Z shell: /usr/bin/bash --noprofile --norc -e -o pipefail {0}
2026-10-10T00:28:38.6622309Z env:
2026-10-10T00:28:38.6637264Z   CARGO_HOME: /home/runner/.cargo
2026-10-10T00:28:38.6637676Z   CARGO_INCREMENTAL: 0
2026-10-10T00:28:38.6637916Z   CARGO_TERM_COLOR: always
2026-10-10T00:28:38.6638183Z ##[endgroup]
2026-10-10T00:28:38.6828803Z ##[end-action id=__dtolnay_rust-toolchain.__run_9;outcome=success;conclusion=success;duration_ms=29]
2026-10-10T00:28:38.6833285Z ##[start-action display=Run rustc +nightly --version --verbose;id=__dtolnay_rust-toolchain.__run_10]
2026-10-10T00:28:38.6854103Z ##[group]Run rustc +nightly --version --verbose
2026-10-10T00:28:38.6854464Z [36;1mrustc +nightly --version --verbose[0m
2026-10-10T00:28:38.6913558Z shell: /usr/bin/bash --noprofile --norc -e -o pipefail {0}
2026-10-10T00:28:38.6913922Z env:
2026-10-10T00:28:38.6914127Z   CARGO_HOME: /home/runner/.cargo
2026-10-10T00:28:38.6914394Z   CARGO_INCREMENTAL: 0
2026-10-10T00:28:38.6914623Z   CARGO_TERM_COLOR: always
2026-10-10T00:28:38.6914850Z ##[endgroup]
2026-10-10T00:28:38.7085949Z rustc 1.101.0-nightly (a30aa9064 2026-10-08)
2026-10-10T00:28:38.7086729Z binary: rustc
2026-10-10T00:28:38.7087305Z commit-hash: a30aa9064df6a504b6a323c6884a2f4cfbfff666
2026-10-10T00:28:38.7087731Z commit-date: 2026-10-08
2026-10-10T00:28:38.7087998Z host: x86_64-unknown-linux-gnu
2026-10-10T00:28:38.7088475Z release: 1.101.0-nightly
2026-10-10T00:28:38.7088960Z LLVM version: 23.1.3
2026-10-10T00:28:38.7102747Z ##[end-action id=__dtolnay_rust-toolchain.__run_10;outcome=success;conclusion=success;duration_ms=26]
2026-10-10T00:28:38.7162698Z ##[group]Run echo "identity=$(rustc -vV | sha256sum | cut -d ' ' -f 1)" >> "$GITHUB_OUTPUT"
2026-10-10T00:28:38.7163335Z [36;1mecho "identity=$(rustc -vV | sha256sum | cut -d ' ' -f 1)" >> "$GITHUB_OUTPUT"[0m
2026-10-10T00:28:38.7221745Z shell: /usr/bin/bash -e {0}
2026-10-10T00:28:38.7221996Z env:
2026-10-10T00:28:38.7222200Z   CARGO_HOME: /home/runner/.cargo
2026-10-10T00:28:38.7222466Z   CARGO_INCREMENTAL: 0
2026-10-10T00:28:38.7222691Z   CARGO_TERM_COLOR: always
2026-10-10T00:28:38.7222917Z ##[endgroup]
2026-10-10T00:28:38.7820132Z info: syncing channel updates for nightly-x86_64-unknown-linux-gnu
2026-10-10T00:28:38.9098594Z info: latest update on 2026-10-09 for version 1.101.0-nightly (a30aa9064 2026-10-08)
2026-10-10T00:28:38.9277247Z info: component rust-std for target aarch64-unknown-linux-gnu is up to date
2026-10-10T00:28:38.9278239Z info: component rust-std for target wasm32-unknown-unknown is up to date
2026-10-10T00:28:38.9283987Z info: downloading 2 components
2026-10-10T00:28:40.5957311Z ##[group]Run actions/cache@0057852bfaa89a56745cba8c7296529d2fc39830
2026-10-10T00:28:40.5957709Z with:
2026-10-10T00:28:40.5957918Z   path: target/simd-asm
2026-10-10T00:28:40.5958889Z   key: simd-asm-v1-Linux-wasm32-simd128-961c8b100e8b2f6cc7012085987cf771e3d840c0e421ce4b81c62f77747e5495-6636a7c4063fa2c941f42659ef4838446886f373c503df19a1fa1d71573ddacd-86cb391debae265ef72b45ffe010ddde51bf5f3d
2026-10-10T00:28:40.5960885Z   restore-keys: simd-asm-v1-Linux-wasm32-simd128-961c8b100e8b2f6cc7012085987cf771e3d840c0e421ce4b81c62f77747e5495-6636a7c4063fa2c941f42659ef4838446886f373c503df19a1fa1d71573ddacd-

2026-10-10T00:28:40.5961764Z   enableCrossOsArchive: false
2026-10-10T00:28:40.5962013Z   fail-on-cache-miss: false
2026-10-10T00:28:40.5962243Z   lookup-only: false
2026-10-10T00:28:40.5962453Z   save-always: false
2026-10-10T00:28:40.5962647Z env:
2026-10-10T00:28:40.5962837Z   CARGO_HOME: /home/runner/.cargo
2026-10-10T00:28:40.5963084Z   CARGO_INCREMENTAL: 0
2026-10-10T00:28:40.5963333Z   CARGO_TERM_COLOR: always
2026-10-10T00:28:40.5963554Z ##[endgroup]
2026-10-10T00:28:40.7011412Z (node:2564) [DEP0040] DeprecationWarning: The `punycode` module is deprecated. Please use a userland alternative instead.
2026-10-10T00:28:40.7012299Z (Use `node --trace-deprecation ...` to show where the warning was created)
2026-10-10T00:28:40.9838197Z Cache hit for restore-key: simd-asm-v1-Linux-wasm32-simd128-961c8b100e8b2f6cc7012085987cf771e3d840c0e421ce4b81c62f77747e5495-6636a7c4063fa2c941f42659ef4838446886f373c503df19a1fa1d71573ddacd-d608b0584e11cb803347ab1edc09c90d2dadbada
2026-10-10T00:28:40.9946845Z (node:2564) [DEP0169] DeprecationWarning: `url.parse()` behavior is not standardized and prone to errors that have security implications. Use the WHATWG URL API instead. CVEs are not issued for `url.parse()` vulnerabilities.
2026-10-10T00:28:42.2793615Z Received 0 of 89230653 (0.0%), 0.0 MBs/sec
2026-10-10T00:28:43.1975909Z Received 89230653 of 89230653 (100.0%), 44.3 MBs/sec
2026-10-10T00:28:43.1978777Z Cache Size: ~85 MB (89230653 B)
2026-10-10T00:28:43.2023116Z [command]/usr/bin/tar -xf /home/runner/work/_temp/9e58b356-131b-4190-97fc-e1ec573561c0/cache.tzst -P -C /home/runner/work/purrdf/purrdf --use-compress-program unzstd
2026-10-10T00:28:43.8637745Z Cache restored successfully
2026-10-10T00:28:43.8761624Z Cache restored from key: simd-asm-v1-Linux-wasm32-simd128-961c8b100e8b2f6cc7012085987cf771e3d840c0e421ce4b81c62f77747e5495-6636a7c4063fa2c941f42659ef4838446886f373c503df19a1fa1d71573ddacd-d608b0584e11cb803347ab1edc09c90d2dadbada
2026-10-10T00:28:43.8884022Z ##[group]Run sudo apt-get update
2026-10-10T00:28:43.8884362Z [36;1msudo apt-get update[0m
2026-10-10T00:28:43.8884696Z [36;1msudo apt-get install -y --no-install-recommends \[0m
2026-10-10T00:28:43.8885119Z [36;1m  clang llvm gcc-aarch64-linux-gnu libc6-dev-arm64-cross[0m
2026-10-10T00:28:43.8944542Z shell: /usr/bin/bash -e {0}
2026-10-10T00:28:43.8944804Z env:
2026-10-10T00:28:43.8945011Z   CARGO_HOME: /home/runner/.cargo
2026-10-10T00:28:43.8945288Z   CARGO_INCREMENTAL: 0
2026-10-10T00:28:43.8945519Z   CARGO_TERM_COLOR: always
2026-10-10T00:28:43.8945751Z ##[endgroup]
2026-10-10T00:28:44.0273182Z Get:1 file:/etc/apt/apt-mirrors.txt Mirrorlist [144 B]
2026-10-10T00:28:44.0426232Z Get:6 https://packages.microsoft.com/ubuntu/24.04/prod noble InRelease [3600 B]
2026-10-10T00:28:44.0646225Z Hit:2 http://azure.archive.ubuntu.com/ubuntu noble InRelease
2026-10-10T00:28:44.0664602Z Get:3 http://azure.archive.ubuntu.com/ubuntu noble-updates InRelease [126 kB]
2026-10-10T00:28:44.0733702Z Get:4 http://azure.archive.ubuntu.com/ubuntu noble-backports InRelease [126 kB]
2026-10-10T00:28:44.0786312Z Get:5 http://azure.archive.ubuntu.com/ubuntu noble-security InRelease [126 kB]
2026-10-10T00:28:44.1644177Z Get:7 https://packages.microsoft.com/ubuntu/24.04/prod noble/main all Packages [640 B]
2026-10-10T00:28:44.1840435Z Get:8 https://packages.microsoft.com/ubuntu/24.04/prod noble/main armhf Packages [12.3 kB]
2026-10-10T00:28:44.1913074Z Get:9 https://packages.microsoft.com/ubuntu/24.04/prod noble/main arm64 Packages [492 kB]
2026-10-10T00:28:44.2008278Z Get:10 https://packages.microsoft.com/ubuntu/24.04/prod noble/main amd64 Packages [548 kB]
2026-10-10T00:28:44.2853583Z Get:11 http://azure.archive.ubuntu.com/ubuntu noble-updates/main amd64 Packages [1375 kB]
2026-10-10T00:28:44.2932504Z Get:12 http://azure.archive.ubuntu.com/ubuntu noble-updates/main Translation-en [306 kB]
2026-10-10T00:28:44.2945825Z Get:13 http://azure.archive.ubuntu.com/ubuntu noble-updates/universe amd64 Packages [1702 kB]
2026-10-10T00:28:44.3023854Z Get:14 http://azure.archive.ubuntu.com/ubuntu noble-updates/universe Translation-en [342 kB]
2026-10-10T00:28:44.3048370Z Get:15 http://azure.archive.ubuntu.com/ubuntu noble-updates/restricted amd64 Packages [1761 kB]
2026-10-10T00:28:44.3145016Z Get:16 http://azure.archive.ubuntu.com/ubuntu noble-updates/restricted Translation-en [401 kB]
2026-10-10T00:28:44.3170915Z Get:17 http://azure.archive.ubuntu.com/ubuntu noble-updates/multiverse amd64 Packages [55.0 kB]
2026-10-10T00:28:44.3186474Z Get:18 http://azure.archive.ubuntu.com/ubuntu noble-updates/multiverse Translation-en [14.3 kB]
2026-10-10T00:28:44.3944549Z Get:19 http://azure.archive.ubuntu.com/ubuntu noble-security/main amd64 Packages [1121 kB]
2026-10-10T00:28:44.4024143Z Get:20 http://azure.archive.ubuntu.com/ubuntu noble-security/main Translation-en [228 kB]
2026-10-10T00:28:44.4473782Z Get:21 http://azure.archive.ubuntu.com/ubuntu noble-security/universe amd64 Packages [1220 kB]
2026-10-10T00:28:44.4551182Z Get:22 http://azure.archive.ubuntu.com/ubuntu noble-security/universe Translation-en [245 kB]
2026-10-10T00:28:44.4580836Z Get:23 http://azure.archive.ubuntu.com/ubuntu noble-security/restricted amd64 Packages [1669 kB]
2026-10-10T00:28:44.4657555Z Get:24 http://azure.archive.ubuntu.com/ubuntu noble-security/restricted Translation-en [383 kB]
2026-10-10T00:28:44.4691157Z Get:25 http://azure.archive.ubuntu.com/ubuntu noble-security/multiverse amd64 Packages [49.8 kB]
2026-10-10T00:28:44.4701617Z Get:26 http://azure.archive.ubuntu.com/ubuntu noble-security/multiverse Translation-en [12.4 kB]
2026-10-10T00:28:50.2616609Z Fetched 12.3 MB in 1s (9459 kB/s)
2026-10-10T00:28:51.1086033Z Reading package lists...
2026-10-10T00:28:51.1381792Z Reading package lists...
2026-10-10T00:28:51.3112266Z Building dependency tree...
2026-10-10T00:28:51.3120101Z Reading state information...
2026-10-10T00:28:51.4512600Z The following additional packages will be installed:
2026-10-10T00:28:51.4514175Z   binutils-aarch64-linux-gnu cpp-13-aarch64-linux-gnu cpp-aarch64-linux-gnu
2026-10-10T00:28:51.4515028Z   gcc-13-aarch64-linux-gnu gcc-13-aarch64-linux-gnu-base gcc-13-cross-base
2026-10-10T00:28:51.4515700Z   gcc-14-cross-base libasan8-arm64-cross libatomic1-arm64-cross
2026-10-10T00:28:51.4516488Z   libc6-arm64-cross libgcc-13-dev-arm64-cross libgcc-s1-arm64-cross
2026-10-10T00:28:51.4517182Z   libgomp1-arm64-cross libhwasan0-arm64-cross libitm1-arm64-cross
2026-10-10T00:28:51.4517775Z   liblsan0-arm64-cross libstdc++6-arm64-cross libtsan2-arm64-cross
2026-10-10T00:28:51.4519381Z   libubsan1-arm64-cross linux-libc-dev-arm64-cross llvm-runtime
2026-10-10T00:28:51.4525609Z Suggested packages:
2026-10-10T00:28:51.4526153Z   binutils-doc gcc-13-locales cpp-13-doc cpp-doc gcc-13-doc manpages-dev
2026-10-10T00:28:51.4526682Z   gdb-aarch64-linux-gnu gcc-doc
2026-10-10T00:28:51.5102217Z The following NEW packages will be installed:
2026-10-10T00:28:51.5103257Z   binutils-aarch64-linux-gnu clang cpp-13-aarch64-linux-gnu
2026-10-10T00:28:51.5104323Z   cpp-aarch64-linux-gnu gcc-13-aarch64-linux-gnu gcc-13-aarch64-linux-gnu-base
2026-10-10T00:28:51.5105646Z   gcc-13-cross-base gcc-14-cross-base gcc-aarch64-linux-gnu
2026-10-10T00:28:51.5106452Z   libasan8-arm64-cross libatomic1-arm64-cross libc6-arm64-cross
2026-10-10T00:28:51.5107358Z   libc6-dev-arm64-cross libgcc-13-dev-arm64-cross libgcc-s1-arm64-cross
2026-10-10T00:28:51.5108316Z   libgomp1-arm64-cross libhwasan0-arm64-cross libitm1-arm64-cross
2026-10-10T00:28:51.5110634Z   liblsan0-arm64-cross libstdc++6-arm64-cross libtsan2-arm64-cross
2026-10-10T00:28:51.5124826Z   libubsan1-arm64-cross linux-libc-dev-arm64-cross llvm llvm-runtime
2026-10-10T00:28:51.5381321Z 0 upgraded, 25 newly installed, 0 to remove and 23 not upgraded.
2026-10-10T00:28:51.5381994Z Need to get 45.2 MB of archives.
2026-10-10T00:28:51.5382714Z After this operation, 168 MB of additional disk space will be used.
2026-10-10T00:28:51.5383412Z Get:1 file:/etc/apt/apt-mirrors.txt Mirrorlist [144 B]
2026-10-10T00:28:51.6423434Z Get:2 http://azure.archive.ubuntu.com/ubuntu noble/universe amd64 clang amd64 1:18.0-59~exp2 [5846 B]
2026-10-10T00:28:51.7270858Z Get:3 http://azure.archive.ubuntu.com/ubuntu noble-updates/main amd64 gcc-13-aarch64-linux-gnu-base amd64 13.3.0-6ubuntu2~24.04.1cross1 [51.9 kB]
2026-10-10T00:28:51.7984574Z Get:4 http://azure.archive.ubuntu.com/ubuntu noble-updates/main amd64 cpp-13-aarch64-linux-gnu amd64 13.3.0-6ubuntu2~24.04.1cross1 [10.8 MB]
2026-10-10T00:28:52.1129961Z Get:5 http://azure.archive.ubuntu.com/ubuntu noble/main amd64 cpp-aarch64-linux-gnu amd64 4:13.2.0-7ubuntu1 [5332 B]
2026-10-10T00:28:52.1836669Z Get:6 http://azure.archive.ubuntu.com/ubuntu noble-updates/main amd64 binutils-aarch64-linux-gnu amd64 2.42-4ubuntu2.10 [3711 kB]
2026-10-10T00:28:52.3368919Z Get:7 http://azure.archive.ubuntu.com/ubuntu noble-updates/main amd64 gcc-13-cross-base all 13.3.0-6ubuntu2~24.04.1cross1 [46.5 kB]
2026-10-10T00:28:52.4080698Z Get:8 http://azure.archive.ubuntu.com/ubuntu noble-updates/main amd64 gcc-14-cross-base all 14.2.0-4ubuntu2~24.04.1cross1 [46.1 kB]
2026-10-10T00:28:52.4791204Z Get:9 http://azure.archive.ubuntu.com/ubuntu noble/main amd64 libc6-arm64-cross all 2.39-0ubuntu8cross1 [1197 kB]
2026-10-10T00:28:52.5761161Z Get:10 http://azure.archive.ubuntu.com/ubuntu noble-updates/main amd64 libgcc-s1-arm64-cross all 14.2.0-4ubuntu2~24.04.1cross1 [61.9 kB]
2026-10-10T00:28:52.6485043Z Get:11 http://azure.archive.ubuntu.com/ubuntu noble-updates/main amd64 libgomp1-arm64-cross all 14.2.0-4ubuntu2~24.04.1cross1 [110 kB]
2026-10-10T00:28:52.7212887Z Get:12 http://azure.archive.ubuntu.com/ubuntu noble-updates/main amd64 libitm1-arm64-cross all 14.2.0-4ubuntu2~24.04.1cross1 [31.1 kB]
2026-10-10T00:28:52.7923412Z Get:13 http://azure.archive.ubuntu.com/ubuntu noble-updates/main amd64 libatomic1-arm64-cross all 14.2.0-4ubuntu2~24.04.1cross1 [11.5 kB]
2026-10-10T00:28:52.8628514Z Get:14 http://azure.archive.ubuntu.com/ubuntu noble-updates/main amd64 libasan8-arm64-cross all 14.2.0-4ubuntu2~24.04.1cross1 [524 kB]
2026-10-10T00:28:52.9446099Z Get:15 http://azure.archive.ubuntu.com/ubuntu noble-updates/main amd64 liblsan0-arm64-cross all 14.2.0-4ubuntu2~24.04.1cross1 [238 kB]
2026-10-10T00:28:53.0197260Z Get:16 http://azure.archive.ubuntu.com/ubuntu noble-updates/main amd64 libtsan2-arm64-cross all 14.2.0-4ubuntu2~24.04.1cross1 [500 kB]
2026-10-10T00:28:53.1006891Z Get:17 http://azure.archive.ubuntu.com/ubuntu noble-updates/main amd64 libstdc++6-arm64-cross all 14.2.0-4ubuntu2~24.04.1cross1 [659 kB]
2026-10-10T00:28:53.1856104Z Get:18 http://azure.archive.ubuntu.com/ubuntu noble-updates/main amd64 libubsan1-arm64-cross all 14.2.0-4ubuntu2~24.04.1cross1 [219 kB]
2026-10-10T00:28:53.2607227Z Get:19 http://azure.archive.ubuntu.com/ubuntu noble-updates/main amd64 libhwasan0-arm64-cross all 14.2.0-4ubuntu2~24.04.1cross1 [304 kB]
2026-10-10T00:28:53.3375892Z Get:20 http://azure.archive.ubuntu.com/ubuntu noble-updates/main amd64 libgcc-13-dev-arm64-cross all 13.3.0-6ubuntu2~24.04.1cross1 [2616 kB]
2026-10-10T00:28:53.4665590Z Get:21 http://azure.archive.ubuntu.com/ubuntu noble-updates/main amd64 gcc-13-aarch64-linux-gnu amd64 13.3.0-6ubuntu2~24.04.1cross1 [21.1 MB]
2026-10-10T00:28:54.0109651Z Get:22 http://azure.archive.ubuntu.com/ubuntu noble/main amd64 gcc-aarch64-linux-gnu amd64 4:13.2.0-7ubuntu1 [1210 B]
2026-10-10T00:28:54.0821901Z Get:23 http://azure.archive.ubuntu.com/ubuntu noble/universe amd64 llvm-runtime amd64 1:18.0-59~exp2 [5496 B]
2026-10-10T00:28:54.1528711Z Get:24 http://azure.archive.ubuntu.com/ubuntu noble/universe amd64 llvm amd64 1:18.0-59~exp2 [4146 B]
2026-10-10T00:28:54.2237054Z Get:25 http://azure.archive.ubuntu.com/ubuntu noble/main amd64 linux-libc-dev-arm64-cross all 6.8.0-25.25cross1 [1375 kB]
2026-10-10T00:28:54.3241054Z Get:26 http://azure.archive.ubuntu.com/ubuntu noble/main amd64 libc6-dev-arm64-cross all 2.39-0ubuntu8cross1 [1629 kB]
2026-10-10T00:28:54.6238534Z Fetched 45.2 MB in 3s (15.9 MB/s)
2026-10-10T00:28:54.6635271Z Selecting previously unselected package clang.
2026-10-10T00:28:54.7355625Z (Reading database ... 
2026-10-10T00:28:54.7356111Z (Reading database ... 5%
2026-10-10T00:28:54.7356546Z (Reading database ... 10%
2026-10-10T00:28:54.7356928Z (Reading database ... 15%
2026-10-10T00:28:54.7357187Z (Reading database ... 20%
2026-10-10T00:28:54.7357444Z (Reading database ... 25%
2026-10-10T00:28:54.7357873Z (Reading database ... 30%
2026-10-10T00:28:54.7358753Z (Reading database ... 35%
2026-10-10T00:28:54.7359338Z (Reading database ... 40%
2026-10-10T00:28:54.7360168Z (Reading database ... 45%
2026-10-10T00:28:54.7360574Z (Reading database ... 50%
2026-10-10T00:28:54.7711159Z (Reading database ... 55%
2026-10-10T00:28:55.3827757Z (Reading database ... 60%
2026-10-10T00:28:55.6352081Z (Reading database ... 65%
2026-10-10T00:28:55.8932195Z (Reading database ... 70%
2026-10-10T00:28:56.4370682Z (Reading database ... 75%
2026-10-10T00:28:57.0914676Z (Reading database ... 80%
2026-10-10T00:28:59.3262988Z (Reading database ... 85%
2026-10-10T00:29:00.1327450Z (Reading database ... 90%
2026-10-10T00:29:00.8896005Z (Reading database ... 95%
2026-10-10T00:29:00.8896622Z (Reading database ... 100%
2026-10-10T00:29:00.8897327Z (Reading database ... 203191 files and directories currently installed.)
2026-10-10T00:29:00.8942240Z Preparing to unpack .../00-clang_1%3a18.0-59~exp2_amd64.deb ...
2026-10-10T00:29:00.8970346Z Unpacking clang (1:18.0-59~exp2) ...
2026-10-10T00:29:00.9267563Z Selecting previously unselected package gcc-13-aarch64-linux-gnu-base:amd64.
2026-10-10T00:29:00.9391941Z Preparing to unpack .../01-gcc-13-aarch64-linux-gnu-base_13.3.0-6ubuntu2~24.04.1cross1_amd64.deb ...
2026-10-10T00:29:00.9397955Z Unpacking gcc-13-aarch64-linux-gnu-base:amd64 (13.3.0-6ubuntu2~24.04.1cross1) ...
2026-10-10T00:29:00.9639614Z Selecting previously unselected package cpp-13-aarch64-linux-gnu.
2026-10-10T00:29:00.9762837Z Preparing to unpack .../02-cpp-13-aarch64-linux-gnu_13.3.0-6ubuntu2~24.04.1cross1_amd64.deb ...
2026-10-10T00:29:00.9791110Z Unpacking cpp-13-aarch64-linux-gnu (13.3.0-6ubuntu2~24.04.1cross1) ...
2026-10-10T00:29:01.1120760Z Selecting previously unselected package cpp-aarch64-linux-gnu.
2026-10-10T00:29:01.1243471Z Preparing to unpack .../03-cpp-aarch64-linux-gnu_4%3a13.2.0-7ubuntu1_amd64.deb ...
2026-10-10T00:29:01.1268256Z Unpacking cpp-aarch64-linux-gnu (4:13.2.0-7ubuntu1) ...
2026-10-10T00:29:01.1599484Z Selecting previously unselected package binutils-aarch64-linux-gnu.
2026-10-10T00:29:01.1721385Z Preparing to unpack .../04-binutils-aarch64-linux-gnu_2.42-4ubuntu2.10_amd64.deb ...
2026-10-10T00:29:01.1739604Z Unpacking binutils-aarch64-linux-gnu (2.42-4ubuntu2.10) ...
2026-10-10T00:29:01.3123490Z Selecting previously unselected package gcc-13-cross-base.
2026-10-10T00:29:01.3249976Z Preparing to unpack .../05-gcc-13-cross-base_13.3.0-6ubuntu2~24.04.1cross1_all.deb ...
2026-10-10T00:29:01.3256071Z Unpacking gcc-13-cross-base (13.3.0-6ubuntu2~24.04.1cross1) ...
2026-10-10T00:29:01.3436877Z Selecting previously unselected package gcc-14-cross-base.
2026-10-10T00:29:01.3560504Z Preparing to unpack .../06-gcc-14-cross-base_14.2.0-4ubuntu2~24.04.1cross1_all.deb ...
2026-10-10T00:29:01.3567917Z Unpacking gcc-14-cross-base (14.2.0-4ubuntu2~24.04.1cross1) ...
2026-10-10T00:29:01.3749158Z Selecting previously unselected package libc6-arm64-cross.
2026-10-10T00:29:01.3871999Z Preparing to unpack .../07-libc6-arm64-cross_2.39-0ubuntu8cross1_all.deb ...
2026-10-10T00:29:01.3888379Z Unpacking libc6-arm64-cross (2.39-0ubuntu8cross1) ...
2026-10-10T00:29:01.4218746Z Selecting previously unselected package libgcc-s1-arm64-cross.
2026-10-10T00:29:01.4341941Z Preparing to unpack .../08-libgcc-s1-arm64-cross_14.2.0-4ubuntu2~24.04.1cross1_all.deb ...
2026-10-10T00:29:01.4349213Z Unpacking libgcc-s1-arm64-cross (14.2.0-4ubuntu2~24.04.1cross1) ...
2026-10-10T00:29:01.4530629Z Selecting previously unselected package libgomp1-arm64-cross.
2026-10-10T00:29:01.4653047Z Preparing to unpack .../09-libgomp1-arm64-cross_14.2.0-4ubuntu2~24.04.1cross1_all.deb ...
2026-10-10T00:29:01.4660614Z Unpacking libgomp1-arm64-cross (14.2.0-4ubuntu2~24.04.1cross1) ...
2026-10-10T00:29:01.4860167Z Selecting previously unselected package libitm1-arm64-cross.
2026-10-10T00:29:01.4984178Z Preparing to unpack .../10-libitm1-arm64-cross_14.2.0-4ubuntu2~24.04.1cross1_all.deb ...
2026-10-10T00:29:01.4990950Z Unpacking libitm1-arm64-cross (14.2.0-4ubuntu2~24.04.1cross1) ...
2026-10-10T00:29:01.5182762Z Selecting previously unselected package libatomic1-arm64-cross.
2026-10-10T00:29:01.5306204Z Preparing to unpack .../11-libatomic1-arm64-cross_14.2.0-4ubuntu2~24.04.1cross1_all.deb ...
2026-10-10T00:29:01.5312548Z Unpacking libatomic1-arm64-cross (14.2.0-4ubuntu2~24.04.1cross1) ...
2026-10-10T00:29:01.5499619Z Selecting previously unselected package libasan8-arm64-cross.
2026-10-10T00:29:01.5622092Z Preparing to unpack .../12-libasan8-arm64-cross_14.2.0-4ubuntu2~24.04.1cross1_all.deb ...
2026-10-10T00:29:01.5628664Z Unpacking libasan8-arm64-cross (14.2.0-4ubuntu2~24.04.1cross1) ...
2026-10-10T00:29:01.5901692Z Selecting previously unselected package liblsan0-arm64-cross.
2026-10-10T00:29:01.6024279Z Preparing to unpack .../13-liblsan0-arm64-cross_14.2.0-4ubuntu2~24.04.1cross1_all.deb ...
2026-10-10T00:29:01.6030466Z Unpacking liblsan0-arm64-cross (14.2.0-4ubuntu2~24.04.1cross1) ...
2026-10-10T00:29:01.6244811Z Selecting previously unselected package libtsan2-arm64-cross.
2026-10-10T00:29:01.6366735Z Preparing to unpack .../14-libtsan2-arm64-cross_14.2.0-4ubuntu2~24.04.1cross1_all.deb ...
2026-10-10T00:29:01.6373674Z Unpacking libtsan2-arm64-cross (14.2.0-4ubuntu2~24.04.1cross1) ...
2026-10-10T00:29:01.6634156Z Selecting previously unselected package libstdc++6-arm64-cross.
2026-10-10T00:29:01.6756028Z Preparing to unpack .../15-libstdc++6-arm64-cross_14.2.0-4ubuntu2~24.04.1cross1_all.deb ...
2026-10-10T00:29:01.6762766Z Unpacking libstdc++6-arm64-cross (14.2.0-4ubuntu2~24.04.1cross1) ...
2026-10-10T00:29:01.7073980Z Selecting previously unselected package libubsan1-arm64-cross.
2026-10-10T00:29:01.7196661Z Preparing to unpack .../16-libubsan1-arm64-cross_14.2.0-4ubuntu2~24.04.1cross1_all.deb ...
2026-10-10T00:29:01.7203403Z Unpacking libubsan1-arm64-cross (14.2.0-4ubuntu2~24.04.1cross1) ...
2026-10-10T00:29:01.7410360Z Selecting previously unselected package libhwasan0-arm64-cross.
2026-10-10T00:29:01.7531908Z Preparing to unpack .../17-libhwasan0-arm64-cross_14.2.0-4ubuntu2~24.04.1cross1_all.deb ...
2026-10-10T00:29:01.7537533Z Unpacking libhwasan0-arm64-cross (14.2.0-4ubuntu2~24.04.1cross1) ...
2026-10-10T00:29:01.7758797Z Selecting previously unselected package libgcc-13-dev-arm64-cross.
2026-10-10T00:29:01.7880857Z Preparing to unpack .../18-libgcc-13-dev-arm64-cross_13.3.0-6ubuntu2~24.04.1cross1_all.deb ...
2026-10-10T00:29:01.7886824Z Unpacking libgcc-13-dev-arm64-cross (13.3.0-6ubuntu2~24.04.1cross1) ...
2026-10-10T00:29:01.8719201Z Selecting previously unselected package gcc-13-aarch64-linux-gnu.
2026-10-10T00:29:01.8843871Z Preparing to unpack .../19-gcc-13-aarch64-linux-gnu_13.3.0-6ubuntu2~24.04.1cross1_amd64.deb ...
2026-10-10T00:29:01.8873176Z Unpacking gcc-13-aarch64-linux-gnu (13.3.0-6ubuntu2~24.04.1cross1) ...
2026-10-10T00:29:02.1371777Z Selecting previously unselected package gcc-aarch64-linux-gnu.
2026-10-10T00:29:02.1495218Z Preparing to unpack .../20-gcc-aarch64-linux-gnu_4%3a13.2.0-7ubuntu1_amd64.deb ...
2026-10-10T00:29:02.1503440Z Unpacking gcc-aarch64-linux-gnu (4:13.2.0-7ubuntu1) ...
2026-10-10T00:29:02.1697275Z Selecting previously unselected package llvm-runtime:amd64.
2026-10-10T00:29:02.1821471Z Preparing to unpack .../21-llvm-runtime_1%3a18.0-59~exp2_amd64.deb ...
2026-10-10T00:29:02.1828516Z Unpacking llvm-runtime:amd64 (1:18.0-59~exp2) ...
2026-10-10T00:29:02.2011704Z Selecting previously unselected package llvm.
2026-10-10T00:29:02.2134004Z Preparing to unpack .../22-llvm_1%3a18.0-59~exp2_amd64.deb ...
2026-10-10T00:29:02.2162609Z Unpacking llvm (1:18.0-59~exp2) ...
2026-10-10T00:29:02.2433654Z Selecting previously unselected package linux-libc-dev-arm64-cross.
2026-10-10T00:29:02.2556298Z Preparing to unpack .../23-linux-libc-dev-arm64-cross_6.8.0-25.25cross1_all.deb ...
2026-10-10T00:29:02.2563266Z Unpacking linux-libc-dev-arm64-cross (6.8.0-25.25cross1) ...
2026-10-10T00:29:02.4310448Z Selecting previously unselected package libc6-dev-arm64-cross.
2026-10-10T00:29:02.4437226Z Preparing to unpack .../24-libc6-dev-arm64-cross_2.39-0ubuntu8cross1_all.deb ...
2026-10-10T00:29:02.4444946Z Unpacking libc6-dev-arm64-cross (2.39-0ubuntu8cross1) ...
2026-10-10T00:29:02.5766656Z Setting up binutils-aarch64-linux-gnu (2.42-4ubuntu2.10) ...
2026-10-10T00:29:02.5786153Z Setting up gcc-14-cross-base (14.2.0-4ubuntu2~24.04.1cross1) ...
2026-10-10T00:29:02.5802397Z Setting up clang (1:18.0-59~exp2) ...
2026-10-10T00:29:02.6005458Z Setting up gcc-13-cross-base (13.3.0-6ubuntu2~24.04.1cross1) ...
2026-10-10T00:29:02.6022209Z Setting up llvm-runtime:amd64 (1:18.0-59~exp2) ...
2026-10-10T00:29:02.6038700Z Setting up libc6-arm64-cross (2.39-0ubuntu8cross1) ...
2026-10-10T00:29:02.6054927Z Setting up llvm (1:18.0-59~exp2) ...
2026-10-10T00:29:02.6072166Z Setting up libitm1-arm64-cross (14.2.0-4ubuntu2~24.04.1cross1) ...
2026-10-10T00:29:02.6090852Z Setting up linux-libc-dev-arm64-cross (6.8.0-25.25cross1) ...
2026-10-10T00:29:02.6106931Z Setting up gcc-13-aarch64-linux-gnu-base:amd64 (13.3.0-6ubuntu2~24.04.1cross1) ...
2026-10-10T00:29:02.6130405Z Setting up libgcc-s1-arm64-cross (14.2.0-4ubuntu2~24.04.1cross1) ...
2026-10-10T00:29:02.6149556Z Setting up libatomic1-arm64-cross (14.2.0-4ubuntu2~24.04.1cross1) ...
2026-10-10T00:29:02.6167295Z Setting up liblsan0-arm64-cross (14.2.0-4ubuntu2~24.04.1cross1) ...
2026-10-10T00:29:02.6183751Z Setting up libgomp1-arm64-cross (14.2.0-4ubuntu2~24.04.1cross1) ...
2026-10-10T00:29:02.6199539Z Setting up cpp-13-aarch64-linux-gnu (13.3.0-6ubuntu2~24.04.1cross1) ...
2026-10-10T00:29:02.6215250Z Setting up libhwasan0-arm64-cross (14.2.0-4ubuntu2~24.04.1cross1) ...
2026-10-10T00:29:02.6232504Z Setting up libc6-dev-arm64-cross (2.39-0ubuntu8cross1) ...
2026-10-10T00:29:02.6248610Z Setting up libstdc++6-arm64-cross (14.2.0-4ubuntu2~24.04.1cross1) ...
2026-10-10T00:29:02.6266166Z Setting up cpp-aarch64-linux-gnu (4:13.2.0-7ubuntu1) ...
2026-10-10T00:29:02.6283562Z Setting up libasan8-arm64-cross (14.2.0-4ubuntu2~24.04.1cross1) ...
2026-10-10T00:29:02.6300367Z Setting up libtsan2-arm64-cross (14.2.0-4ubuntu2~24.04.1cross1) ...
2026-10-10T00:29:02.6317293Z Setting up libubsan1-arm64-cross (14.2.0-4ubuntu2~24.04.1cross1) ...
2026-10-10T00:29:02.6333739Z Setting up libgcc-13-dev-arm64-cross (13.3.0-6ubuntu2~24.04.1cross1) ...
2026-10-10T00:29:02.6351689Z Setting up gcc-13-aarch64-linux-gnu (13.3.0-6ubuntu2~24.04.1cross1) ...
2026-10-10T00:29:02.6367905Z Setting up gcc-aarch64-linux-gnu (4:13.2.0-7ubuntu1) ...
2026-10-10T00:29:02.6388791Z Processing triggers for man-db (2.12.0-4build2) ...
2026-10-10T00:29:02.6409298Z Not building database; man-db/auto-update is not 'true'.
2026-10-10T00:29:02.6420152Z Processing triggers for libc-bin (2.39-0ubuntu8.9) ...
2026-10-10T00:29:04.4852249Z 
2026-10-10T00:29:04.4852852Z Running kernel seems to be up-to-date.
2026-10-10T00:29:04.4853542Z 
2026-10-10T00:29:04.4853684Z No services need to be restarted.
2026-10-10T00:29:04.4853926Z 
2026-10-10T00:29:04.4854077Z No containers need to be restarted.
2026-10-10T00:29:04.4854311Z 
2026-10-10T00:29:04.4854471Z No user sessions are running outdated binaries.
2026-10-10T00:29:04.4854738Z 
2026-10-10T00:29:04.4855000Z No VM guests are running outdated hypervisor (qemu) binaries on this host.
2026-10-10T00:29:05.3693387Z ##[group]Run mkdir -p target/asm-diagnostics
2026-10-10T00:29:05.3693800Z [36;1mmkdir -p target/asm-diagnostics[0m
2026-10-10T00:29:05.3694156Z [36;1mrustc -vV > target/asm-diagnostics/compiler.txt[0m
2026-10-10T00:29:05.3694617Z [36;1mgit rev-parse HEAD 'HEAD^{tree}' > target/asm-diagnostics/checkout.txt[0m
2026-10-10T00:29:05.3695151Z [36;1mgit status --porcelain=v1 > target/asm-diagnostics/source-status.txt[0m
2026-10-10T00:29:05.3695611Z [36;1mtest ! -s target/asm-diagnostics/source-status.txt[0m
2026-10-10T00:29:05.3696054Z [36;1msha256sum Makefile Cargo.toml Cargo.lock rust-toolchain.toml \[0m
2026-10-10T00:29:05.3696531Z [36;1m  scripts/check-simd-asm.py scripts/simd_asm_runtime.py \[0m
2026-10-10T00:29:05.3696983Z [36;1m  scripts/simd-asm-manifest.toml docs/design/purrdf-simd.md \[0m
2026-10-10T00:29:05.3697386Z [36;1m  > target/asm-diagnostics/inputs.sha256[0m
2026-10-10T00:29:05.3764109Z shell: /usr/bin/bash -e {0}
2026-10-10T00:29:05.3764376Z env:
2026-10-10T00:29:05.3764619Z   CARGO_HOME: /home/runner/.cargo
2026-10-10T00:29:05.3764896Z   CARGO_INCREMENTAL: 0
2026-10-10T00:29:05.3765134Z   CARGO_TERM_COLOR: always
2026-10-10T00:29:05.3765376Z ##[endgroup]
2026-10-10T00:29:05.5358746Z ##[group]Run # Bound scalar WASM compilation through the existing Cargo job budget.
2026-10-10T00:29:05.5359380Z [36;1m# Bound scalar WASM compilation through the existing Cargo job budget.[0m
2026-10-10T00:29:05.5360253Z [36;1m# Other configurations keep their current scheduling.[0m
2026-10-10T00:29:05.5360638Z [36;1mif [ "wasm32-simd128" = wasm32 ]; then[0m
2026-10-10T00:29:05.5360962Z [36;1m  export CARGO_BUILD_JOBS=2[0m
2026-10-10T00:29:05.5361218Z [36;1mfi[0m
2026-10-10T00:29:05.5361686Z [36;1mmake simd-asm SIMD_ASM_ARGS="--config wasm32-simd128 --jobs 1 --report target/asm-reports/wasm32-simd128.json"[0m
2026-10-10T00:29:05.5424772Z shell: /usr/bin/bash -e {0}
2026-10-10T00:29:05.5425036Z env:
2026-10-10T00:29:05.5425250Z   CARGO_HOME: /home/runner/.cargo
2026-10-10T00:29:05.5425521Z   CARGO_INCREMENTAL: 0
2026-10-10T00:29:05.5425751Z   CARGO_TERM_COLOR: always
2026-10-10T00:29:05.5425981Z ##[endgroup]
2026-10-10T00:29:05.6311742Z python3 scripts/check-simd-asm.py --doc --config wasm32-simd128 --jobs 1 --report target/asm-reports/wasm32-simd128.json
2026-10-10T00:29:08.2977181Z == wasm32-simd128: 4 Cargo jobs
2026-10-10T00:29:08.2981854Z == wasm32-simd128 graph 0: /home/runner/work/purrdf/purrdf/target/simd-asm/contexts/e5e5d90aee1f45b81372f7b643132a9f3775cc68ff04dd4106bba20258d869be/cargo.graph-0.stderr.log
2026-10-10T00:33:34.8782186Z == wasm32-simd128 graph 1: /home/runner/work/purrdf/purrdf/target/simd-asm/contexts/e5e5d90aee1f45b81372f7b643132a9f3775cc68ff04dd4106bba20258d869be/cargo.graph-1.stderr.log
2026-10-10T00:34:11.5588494Z FAIL: `eval.bgp-cost-planner` on wasm32-simd128: no function of crate `purrdf_sparql_eval` has `purrdf_sparql_eval::bgp::cost_order_dp_from::<purrdf_core::ir::term::TermId>` in its path -- the symbol was renamed or inlined away, and the evidence with it
2026-10-10T00:34:11.7179082Z make: *** [Makefile:683: simd-asm] Error 1
2026-10-10T00:34:11.7194480Z ##[error]Process completed with exit code 2.
2026-10-10T00:34:11.7270582Z ##[group]Run actions/upload-artifact@043fb46d1a93c77aae656e7c1c64a875d1fc6a0a
2026-10-10T00:34:11.7271027Z with:
2026-10-10T00:34:11.7271253Z   name: asm-diagnostics-wasm32-simd128
2026-10-10T00:34:11.7272302Z   path: target/asm-diagnostics/
target/asm-reports/wasm32-simd128.json
target/simd-asm/contexts/**/purrdf_core*.s
target/simd-asm/contexts/**/cargo.graph-*.stdout.jsonl
target/simd-asm/contexts/**/cargo.graph-*.stderr.log
target/simd-asm/contexts/**/evidence/*.json

2026-10-10T00:34:11.7273519Z   if-no-files-found: error
2026-10-10T00:34:11.7273761Z   compression-level: 6
2026-10-10T00:34:11.7273983Z   overwrite: false
2026-10-10T00:34:11.7274200Z   include-hidden-files: false
2026-10-10T00:34:11.7274435Z   archive: true
2026-10-10T00:34:11.7274626Z env:
2026-10-10T00:34:11.7274825Z   CARGO_HOME: /home/runner/.cargo
2026-10-10T00:34:11.7275074Z   CARGO_INCREMENTAL: 0
2026-10-10T00:34:11.7275291Z   CARGO_TERM_COLOR: always
2026-10-10T00:34:11.7275512Z ##[endgroup]
2026-10-10T00:34:12.1504178Z Multiple search paths detected. Calculating the least common ancestor of all paths
2026-10-10T00:34:12.1506204Z The least common ancestor is /home/runner/work/purrdf/purrdf/target. This will be the root directory of the artifact
2026-10-10T00:34:12.1507230Z With the provided path, there will be 79 files uploaded
2026-10-10T00:34:12.1508063Z Artifact name is valid!
2026-10-10T00:34:12.1508483Z Root directory input is valid!
2026-10-10T00:34:12.4967384Z Uploading artifact: asm-diagnostics-wasm32-simd128.zip
2026-10-10T00:34:12.5007753Z Beginning upload of artifact content to blob storage
2026-10-10T00:34:13.7824362Z Uploaded bytes 2485072
2026-10-10T00:34:13.8533560Z Finished uploading artifact content to blob storage!
2026-10-10T00:34:13.8534510Z SHA256 digest of uploaded artifact is ce16db42c79b939589ba64723b36f2b320d5bb837d967cae230970551ad01beb
2026-10-10T00:34:13.8535174Z Finalizing artifact upload
2026-10-10T00:34:14.2734579Z Artifact asm-diagnostics-wasm32-simd128 successfully finalized. Artifact ID 11652592218
2026-10-10T00:34:14.2735967Z Artifact asm-diagnostics-wasm32-simd128 has been successfully uploaded! Final size is 2485072 bytes. Artifact ID is 11652592218
2026-10-10T00:34:14.2740173Z Artifact download URL: https://github.com/Blackcat-Informatics/purrdf/actions/runs/38009180226/artifacts/11652592218
2026-10-10T00:34:14.2934699Z Post job cleanup.
2026-10-10T00:34:14.3743946Z [command]/usr/bin/git version
2026-10-10T00:34:14.3781476Z git version 2.55.0
2026-10-10T00:34:14.3816675Z Temporarily overriding HOME='/home/runner/work/_temp/55853490-8ec3-4f76-8cfc-f8b7299d19d0' before making global git config changes
2026-10-10T00:34:14.3817950Z Adding repository directory to the temporary git global config as a safe directory
2026-10-10T00:34:14.3822448Z [command]/usr/bin/git config --global --add safe.directory /home/runner/work/purrdf/purrdf
2026-10-10T00:34:14.3850896Z Removing SSH command configuration
2026-10-10T00:34:14.3857099Z [command]/usr/bin/git config --local --name-only --get-regexp core\.sshCommand
2026-10-10T00:34:14.3888599Z [command]/usr/bin/git submodule foreach --recursive sh -c "git config --local --name-only --get-regexp 'core\.sshCommand' && git config --local --unset-all 'core.sshCommand' || :"
2026-10-10T00:34:14.4118983Z Removing HTTP extra header
2026-10-10T00:34:14.4124142Z [command]/usr/bin/git config --local --name-only --get-regexp http\.https\:\/\/github\.com\/\.extraheader
2026-10-10T00:34:14.4156111Z [command]/usr/bin/git submodule foreach --recursive sh -c "git config --local --name-only --get-regexp 'http\.https\:\/\/github\.com\/\.extraheader' && git config --local --unset-all 'http.https://github.com/.extraheader' || :"
2026-10-10T00:34:14.4391264Z Removing includeIf entries pointing to credentials config files
2026-10-10T00:34:14.4397554Z [command]/usr/bin/git config --local --name-only --get-regexp ^includeIf\.gitdir:
2026-10-10T00:34:14.4429097Z [command]/usr/bin/git submodule foreach --recursive git config --local --show-origin --name-only --get-regexp remote.origin.url
2026-10-10T00:34:14.4796468Z Cleaning up orphan processes
2026-10-10T00:34:14.5084022Z ##[warning]Node.js 20 is deprecated. The following actions target Node.js 20 but are being forced to run on Node.js 24: actions/cache@0057852bfaa89a56745cba8c7296529d2fc39830. For more information see: https://github.blog/changelog/2025-09-19-deprecation-of-node-20-on-github-actions-runners/
