
added 3 packages in 1s

> @blackcatinformatics/purrdf@3.0.1 check
> npm run typecheck && npm test && npm run smoke:pack


> @blackcatinformatics/purrdf@3.0.1 typecheck
> tsc -p tsconfig.types.json


> @blackcatinformatics/purrdf@3.0.1 test
> node --test tests/*.test.mjs

✔ queryGoverned computes MEDIAN through aggregateNamespace (485.534081ms)
✔ omitting aggregateNamespace leaves the ten names unregistered, with the existing typed error (12.145603ms)
✔ updateGoverned reaches MEDIAN from a DELETE/INSERT WHERE nested SELECT (148.555841ms)
✔ an ungoverned entry refuses aggregateNamespace rather than ignoring it (1.882614ms)
✔ queryEntailmentGoverned computes MEDIAN through aggregateNamespace over an entailed closure (212.161081ms)
✔ omitting aggregateNamespace leaves queryEntailmentGoverned's statistical set unregistered (5.234726ms)
✔ three interleaved async queries resume out of order and all answer correctly (269.861474ms)
✔ a deep sync query during a suspension is answered (184.198754ms)
✔ jobs suspended inside a property path's walk scope, interleaved with each other and with synchronous paths, all answer their synchronous baselines (2397.113561ms)
✔ an async job started from inside a sync callback runs and returns (28.634308ms)
✔ a request as deep as the synchronous lane evaluates answers on a job's region, frames that never poll included (770409.091509ms)
✔ admitted nesting answers or is refused on a job's region exactly as on the synchronous lane, and the instance is not poisoned (953.872428ms)
ℹ admitted nesting endpoints: {"synchronous":219,"job":219}
✔ a FILTER nested 10 000 parentheses deep answers what one pair answers, on both lanes (9.452551ms)
✔ nesting answers on the asynchronous lane as deep as the job's stacks hold it, and is the synchronous lane's refusal past that (480.302182ms)
✔ a trap poisons every entry point of the instance, and jobs that fault without trapping poison nothing (593.524059ms)
✔ beginAsync beyond maxConcurrentJobs is refused (8.714277ms)
✔ every sync-suite query answers identically through queryAsync, eight at a time, yielding at every poll (7150.397305ms)
✔ every corpus query's asynchronous job stays inside the top quarter of its stack region (52.489497ms)
✔ explainQueryAsync on a SERVICE-free query is byte-identical to explainQuery (404.697489ms)
✔ explainQueryAsync explains a SERVICE join over the host's answer; the synchronous twin refuses it (124.870518ms)
✔ SERVICE SILENT under explainQueryAsync: a failing resolver is the join identity, as on queryAsync (12.471303ms)
✔ a CPU-heavy explainQueryAsync yields to the event loop; the synchronous twin does not (6879.604999ms)
✔ an AbortSignal aborted mid-explain rejects with the abort reason (72.717152ms)
✔ a deadline stops explainQueryAsync as it stops the other ungoverned twins (70.730651ms)
✔ a parse error rejects with the synchronous twin's words (7.856579ms)
✔ async SHACL twins return exactly their synchronous twins' results on core and SHACL-SPARQL fixtures, conforming and not (1771.859866ms)
✔ the change, entailment and product twins return their synchronous twins' values (417.96602ms)
✔ a refused product rejects with the synchronous twin's ShaclProductRefusal, dimension and all (28.793204ms)
✔ a SERVICE in a SHACL-SPARQL target is refused on both lanes and no host handler is asked; the local target answers (55.826248ms)
✔ the shapes-graph arguments reach the job exactly as they reach the synchronous twin (61.094363ms)
✔ a heavy validation with no SPARQL in it yields to the event loop; the synchronous twin does not (1783.419691ms)
✔ a signal stops a SHACL validation: its reason, a timeout, and an already-aborted signal (2062.1311ms)
✔ concurrent SHACL validations suspended at every poll, interleaved with synchronous validations, all answer their synchronous baselines (4127.780122ms)
✔ two concurrent jobs issuing the same request without deadlines share one host call (199.476034ms)
✔ a job stopped while it waits abandons only itself; the host's signal waits for the other job (6.298195ms)
✔ the host's signal aborts once every job waiting on the call has been stopped (3.190826ms)
✔ the same request under SERVICE and SERVICE SILENT is two host calls, each told its own silent (20.124849ms)
✔ a different cell ceiling is its own host call; the same ceiling is shared (39.895727ms)
✔ a job whose deadline is later than the in-flight call's is its own call; an earlier one shares it (29.92245ms)
✔ a job without a deadline never joins a call bounded by one; a job with one joins an unbounded call (22.909836ms)
✔ a short-deadline job's timed-out call is never a SILENT failure for a job with a longer deadline (26.112942ms)
✔ one job asks the host once for a request it repeats; sequential jobs each ask (46.57445ms)
✔ jobs sharing a call each abandon it at their request's timeout, and the call aborts when the last leaves (44.787103ms)
✔ host-effect deadlines settle in otherwise idle Node, with every timer released (5450.587067ms)
✔ a 20,000-level SERVICE term can be walked, cloned, compared and dropped without poisoning (1061.920098ms)
✔ queryAsync joins remote bindings with local rows (548.243779ms)
✔ a delayed promise is awaited, not raced (62.753214ms)
✔ a transport failure is a thrown error without SILENT (38.911115ms)
✔ a transport failure is the join identity under SILENT (23.80394ms)
✔ a resolver that throws fails its invocation: the join identity under SILENT, recorded as a fault; native-sparql-host-fault without (135.983021ms)
✔ a host denial with no catalog installed fails the query, is the identity under SILENT, and never invents a catalog cause (55.451279ms)
✔ a catalog denies an endpoint it does not list, before any host call (60.568619ms)
✔ SERVICE SILENT with a resolver still forwards the request (24.584447ms)
✔ a variable endpoint bound by VALUES resolves per row (102.876455ms)
✔ an endpoint variable nothing binds is refused, under SILENT too (115.143894ms)
✔ SERVICE SILENT with no source, or with an endpoint that is not an IRI, is the join identity on both lanes (180.504412ms)
✔ a group join binding the endpoint on its right answers as the left-bound form (77.453482ms)
✔ a variable endpoint some solution cannot name refuses the query before any request, in either row order (60.624248ms)
✔ a variable endpoint bound by an OPTIONAL, group join or MINUS left side is asked once per endpoint (45.290248ms)
✔ SILENT swallows one variable endpoint's failure for that endpoint only (52.419599ms)
✔ a nested SERVICE is forwarded inside the outer request text (12.793404ms)
✔ queryAsync without resolveService fails like the sync path (11.23463ms)
✔ synchronous query methods are unchanged (98.058736ms)
✔ every async twin evaluates (332.322288ms)
✔ a yielding job lets a setTimeout(…, 0) timer another party scheduled fire between its turns; a job that never yields does not (544.547727ms)
✔ AbortSignal cancels a running query (73.698733ms)
✔ a resolver that ignores ctx.signal still cancels promptly (534.819074ms)
✔ deadlineMs spans the awaited SERVICE time (135.208454ms)
✔ maxRemoteRequests governs async SERVICE dispatch (4.885447ms)
✔ maxIntermediateCells bounds the decoded remote answer (30.483644ms)
✔ an unconfigured cell ceiling never reaches the resolver as the metering sentinel (7.805461ms)
✔ LOAD resolves through resolveLoad (30.58669ms)
✔ LOAD without resolveLoad fails unless SILENT (4.809049ms)
✔ LOAD: a host policy denial reads distinctly from a catalog capability denial, and LOAD SILENT loads nothing over either (4.08768ms)
✔ LOAD redirect: every hop is resolved and authorized in Rust, with its own profile's headers (4.476618ms)
✔ a LOAD parse error is the LOAD's decode failure (1.897625ms)
✔ INSERT WHERE federates through resolveService (21.43743ms)
✔ dataset mutation during an async update is refused (11.125853ms)
✔ commitUpdate refuses a different dataset (2.590414ms)
✔ queries see a snapshot; mutation during a query is allowed (6.971645ms)
✔ refusal pair: an update begun while another update of the dataset is in flight is refused; a sequential one applies (10.028025ms)
✔ hasAsyncQueries reports JSPI (0.208744ms)
✔ async methods hard-fail without JSPI (413.117283ms)
✔ governor vectors: service transport cases certify identically on the async lane (40.801791ms)
✔ refusal pair: yieldEveryPolls -1 is refused, 0 yields at every poll (22.621265ms)
✔ a job's stack region is the size of the module's own shadow stack (1.785608ms)
✔ refusal pair: a failure kind "nope" is a host fault the request reports, "denied" is a denial; SILENT answers both with the join identity (9.468601ms)
✔ refusal pair: mediaType text/x-unknown fails the LOAD, text/turtle loads (1.205115ms)
✔ refusal pair: the cancel option is refused, signal is accepted (1.435158ms)
✔ refusal pair: a localServices value that is not a Dataset is refused; a Dataset serves, and stays the caller's (3.495078ms)
✔ refusal pair: a catalog that is not a ServiceCatalog is refused; a ServiceCatalog governs, and stays usable (19.066029ms)
✔ refusal pair: a profile timeout no JavaScript timer can honour is refused; the longest one is accepted (2.962183ms)
✔ a job's memo keeps rows only: a repeated request whose first answer failed asks again (13.643228ms)
✔ a fresh engine keeps scope: two same-label blanks in different scopes stay distinct (355.442747ms)
✔ blankScope = "merge" drops the scope: the same blanks become one node (12.199871ms)
✔ the mode is per engine, and can be set back to keep (14.98192ms)
✔ a value that is not a mode throws with the options code and leaves the mode alone (7.285995ms)
✔ an unscoped blank and an IRI are the same under both modes (13.419645ms)
✔ the dataset's own quads are not affected by the option (15.073406ms)
✔ an asynchronous job takes the mode in force when it begins (77.409583ms)
✔ typed scoped blanks retain identity through insertion, serialization and parsing (67.813016ms)
✔ SparqlProtocolRequest reads an operation and its dataset parameters (118.171695ms)
✔ SparqlProtocolRequest reads an update's USING and USING NAMED parameters in request order (18.689291ms)
✔ refusal pair: a protocol refusal is a typed Error with name, status and parameter (4.269574ms)
✔ refusal pair: effectiveText refuses a malformed operation, not a well-formed one (1.208844ms)
✔ the negotiated twin serializes by Accept and names the formats a dataset needs (242.515719ms)
✔ refusal pair: accept is refused by every twin but the negotiated one (90.389181ms)
✔ refusal pair: the service resolver refuses an option it would ignore; its own options build (8.614337ms)
✔ refusal pair: cache options are all-or-nothing (0.942152ms)
✔ refusal pair: a bindings key must be an origin (4.067021ms)
✔ a request to a bound origin goes through its binding; any other through fetch (30.790905ms)
✔ headers are sent protocol first, then the profile's, then the credential (12.568041ms)
✔ the effect's headers are the catalog profile's, then its credential, end to end (139.102519ms)
✔ a request is abandoned when the query abandons it: at its profile's timeout, a transport failure SILENT absorbs; the prompt neighbour answers (120.248304ms)
✔ a non-2xx answer is a transport failure and its body is cancelled, unread (14.517973ms)
✔ a transport failure fails a query, and SERVICE SILENT swallows it (31.054807ms)
✔ SERVICE redirect: a 302 to an unlisted origin is a transport failure, never fetched; SILENT matches the endpoint being down (32.782396ms)
✔ SERVICE redirect: a 307 is never followed — no body or header ever reaches the Location (13.367817ms)
✔ SERVICE redirect: an opaque-redirect response is also a transport failure, its Location withheld (0.544773ms)
✔ the cache answers a repeated cacheable request, and a different request is a miss (97.449794ms)
✔ refusal pair: a request the job marks not cacheable never touches the cache; a cacheable one is cached (23.467799ms)
✔ the job marks a request carrying a credential not cacheable, end to end (27.162621ms)
✔ refusal pair: a cache whose match or put rejects fails the request as a transport failure; a healthy cache answers (22.378752ms)
✔ a failed cache call fails a plain SERVICE and is the join identity under SERVICE SILENT, recorded (16.271302ms)
✔ refusal pair: the load resolver refuses an option it would ignore; its own options build (2.414049ms)
✔ one LOAD hop sends the job's Accept, User-Agent and headers, and answers the document (0.837086ms)
✔ refusal pair: a LOAD the catalog does not authorize is denied before any fetch; an authorized one is fetched with its profile (18.732189ms)
✔ a LOAD response without a Content-Type is a transport failure; with one it loads (9.604687ms)
✔ a redirect is handed back to the job, never followed; an opaque one withholds its Location (0.645641ms)
✔ LOAD redirect: a redirect to an unlisted origin is denied, and the unlisted origin is never fetched (5.12299ms)
✔ LOAD redirect: the valid neighbour — a redirect to a listed origin loads, and a relative IRI resolves against the final URL (7.371034ms)
✔ LOAD redirect: a redirect loop fails as typed transport after exactly five hops; four hops load (5.353773ms)
✔ LOAD redirect: the redirected origin's own profile headers are sent, never the source's (6.423891ms)
✔ refusal pair: handleSparqlRequest requires governors with deadlineMs (13.24643ms)
✔ every request form answers (21.43306ms)
✔ each Accept is answered in its format, byte for byte what queryRaw writes (83.687499ms)
✔ refusal pair: 406 before evaluation, and after it for named graphs (19.580494ms)
✔ refusal pair: protocol refusals are 400/405/415 problems; the valid neighbour is 200 (9.334436ms)
✔ dataset parameters are honoured, and without them the query's own dataset answers (101.116997ms)
✔ the operation text is parsed exactly once on the request path: effectiveText runs only to splice dataset parameters (39.417121ms)
✔ refusal pair: maxRequestBytes must be a positive integer when given; without it, 1 MiB is the default (11.369466ms)
✔ refusal pair: a body over maxRequestBytes is a 413, by Content-Length, by streaming past it with none, or with a lying smaller one; the valid neighbour answers at exactly the limit (31.444275ms)
✔ a deterministic ceiling is a 422 carrying its dimension; the unbounded neighbour is 200 (29.014197ms)
✔ a deadline or a cancelled request is a 503 without Retry-After, not a 422 (77.424823ms)
✔ refusal pair: a SERVICE no resolver reaches is a 500 with its engine code and a correlation id; with a resolver it answers 200 (23.209707ms)
✔ refusal pair: an unbound SERVICE ?e is a 400 with the engine's refusal; a host fault stays a sanitized 500 (32.611851ms)
✔ refusal pair: a resolveService that throws is a 500 with a correlation id, never the exception's own words; a healthy resolver is the 200 neighbour and the hook is never called for it (21.152948ms)
✔ SERVICE SILENT over a resolveService bug is the join identity, a 200 whose body never carries the bug's words, and the bug still reaches onInternalError under a correlation id; the neighbour is a genuine typed transport failure, which never touches the hook (30.985618ms)
✔ the default onInternalError hook writes one console.error line carrying the original error and the correlation id (22.824739ms)
✔ an onInternalError that throws synchronously still yields the sanitized 500 with a correlation id and no secret, and its failure reaches console.error (23.612565ms)
✔ an onInternalError that returns a rejecting promise still yields the sanitized 500 with a correlation id and no secret, and its failure reaches console.error (23.233847ms)
✔ valid neighbour: a non-throwing onInternalError (sync, and async-resolving) is called exactly once and console.error is never called (31.164844ms)
✔ an unexpected exception anywhere else in the adapter is also a 500 with a correlation id, never a bare rejection (24.267217ms)
✔ the catalog denies an unlisted endpoint before any fetch; a listed one is fetched (20.173057ms)
✔ refusal pair: a SERVICE the catalog denies is a 403 with its engine code and none of the catalog's configuration; an endpoint the same catalog allows answers 200 (29.598009ms)
✔ refusal pair: a SERVICE the resolver's own policy denies is a 403 with its engine code and none of the resolver's words; a request it allows answers 200 (22.071831ms)
✔ refusal pair: a SERVICE endpoint that answers an HTTP error is a 502 with its engine code and none of its words; an allowed endpoint that answers is 200 (19.431929ms)
✔ refusal pair: a SERVICE whose transport throws is a 502 with its engine code and none of the exception's words; an allowed endpoint that answers is 200 (12.049565ms)
✔ refusal pair: a LOAD the catalog denies is a 403 and one whose fetch fails a 502, each with its engine code and none of its words; an allowed, answering source is 204 (34.225244ms)
✔ refusal pair: an operation this endpoint misconfigured is a 500 InternalError with a correlation id, never the error class name; the configured neighbour answers 200 (16.748157ms)
✔ refusal pair: the first stack guard keeps its status, code and words; the shallow neighbour answers 200 (2116.448399ms)
✔ a federated query runs end to end through a service binding (5.932656ms)
✔ CORS: preflight, echo and Vary with cors; no CORS header and a 405 OPTIONS without (6.668264ms)
✔ a poisoned instance still answers every request with the sanitized 500 and a correlation id (395.789123ms)
✔ an engine starts at eighteen digits truncated toward zero (288.941183ms)
✔ exact answers a terminating quotient and leaves a non-terminating one unbound (40.497649ms)
✔ a rounded policy rounds in its named direction (7.712754ms)
✔ an unreadable policy is refused and the previous one stays in force (8.83447ms)
✔ the policy reaches the governed, update and entailment entries (642.612183ms)
✔ governed evidence counts each absorbed expression error by its F&O code (12.320898ms)
✔ an asynchronous job takes the policy and reports its expression errors (53.477777ms)
✔ the README and the book say the remote endpoint's CORS policy governs a browser host (29.981499ms)
✔ the book's recipes are the README's, byte for byte (2.254124ms)
✔ the resolveService recipe joins the remote rows, and reports a network failure as transport (542.450968ms)
✔ the Worker recipe answers a SPARQL Protocol request with the joined results (301.049228ms)
✔ parse resolves a relative IRI against the supplied base (92.884819ms)
✔ parse without a base refuses a relative IRI with the shared code (6.48548ms)
✔ parse rejects a base that is not an absolute IRI (0.597832ms)
✔ an in-document base wins over the supplied one (10.19593ms)
✔ serializeConfigured carries the document base into JSON-LD (84.279762ms)
✔ serializeWithContext carries the same document base (19.106528ms)
✔ serializeConfigured rejects a base that is not an absolute IRI (0.666991ms)
✔ omitting the egress base leaves the document absolute (5.064971ms)
✔ serialize emits the base declaration, with a no-base control (3.086859ms)
✔ serialize to a base-incapable format stays absolute rather than throwing (0.541344ms)
✔ serialize rejects a base that is not an absolute IRI (0.402358ms)
✔ serialize without a base is byte-identical to omitting the argument (0.401249ms)
✔ serialize keeps the RDF 1.2 statement layer under a base (10.269039ms)
✔ a format with no triple-term surface fails closed rather than dropping rows (6.549307ms)
✔ entailCheckProofGoldenVectors runs the committed proof artifact ON WASM (296.504591ms)
✔ an answer nobody recorded is never presented as verified ON WASM (42.948737ms)
✔ the session records proofs only when asked ON WASM (27.057055ms)
✔ entailCheckGoldenVectors runs the committed tri-host artifact ON WASM (333.876502ms)
✔ an inconsistent input is refused WITH its certificate ON WASM (92.441792ms)
✔ every golden case is byte-identical across the wasm/JS boundary (391.662233ms)
✔ entailMaterialize's evaluation limits refuse naming this host's arguments (139.724282ms)
✔ entailMaterialize and entailConsistency close over the import table (107.630635ms)
✔ the conclusion-directed services take the evaluation limits, naming this host's argument (161.142592ms)
✔ entailMaterialize closes under rdfs and always returns a report (49.492194ms)
✔ entailMaterialize under simple is the identity closure (4.534907ms)
✔ entailMaterialize is byte-stable across repeated calls (129.181242ms)
✔ entailMaterialize rejects an unknown regime, naming the accepted set (5.293665ms)
✔ entailMaterialize materializes every regime spelling (63.5856ms)
✔ a rule document belongs to rif alone and is refused elsewhere (0.576113ms)
✔ entailMaterialize rejects a malformed document (never a silent empty closure) (1.425308ms)
✔ entailMaterialize throws on a reserved-vocabulary closure, naming it (0.487536ms)
✔ entailMaterialize still closes an ordinary document neighbouring the reserved one (0.33564ms)
✔ the rule inventories are the specification tables, and the gap is measurable (27.501281ms)
✔ the rule inventories reject an unknown regime, naming the accepted set (0.786297ms)
✔ entailExtensions names what this build adds beyond the specification table (14.678708ms)
✔ entailConsistency decides consistency ON WASM, with its certificate (0.699509ms)
✔ entailClassify reaches the full subsumption hierarchy ON WASM (0.819506ms)
✔ entailRealize reaches the individuals' entailed types ON WASM (0.721229ms)
✔ entailInstances retrieves instances for a class the schema never asserts them of ON WASM (1.776687ms)
✔ entailEntails decides an axiom entailed nowhere by assertion ON WASM (0.625791ms)
✔ entailEntails answers unknown (never false) on an exhausted budget ON WASM (7.498139ms)
✔ entailProfile certifies the most restrictive profile first ON WASM (4.871096ms)
✔ entailExtractModule extracts a locality module as canonical N-Quads ON WASM (3.351142ms)
✔ entailExtractModule rejects an unknown method, naming the accepted set (0.406938ms)
✔ entailJustify finds a minimal entailing subset ON WASM (12.882511ms)
✔ entailExplainConclusion derives a chase conclusion never asserted ON WASM (32.029158ms)
✔ the existential refusal is per conclusion, not per regime ON WASM (10.432913ms)
✔ every DL reasoning service is reachable from the package root, not only ./pkg/ (1.431158ms)
✔ every conclusion-directed entailment service is reachable from the package root (35.72462ms)
✔ a variable in PREDICATE position is projected like any other (21.040772ms)
✔ a conclusion nothing derives has no warrant, and says so (12.300868ms)
✔ the two regimes defined by a missing input are refused by name (0.794767ms)
✔ webont-imports-011 answers from its own premise, owl:imports intact (121.526016ms)
✔ an unsupplied import throws by name rather than reasoning without it (6.490699ms)
✔ the import arrays are parallel, and a length mismatch is refused (6.742701ms)
✔ a malformed import table is refused by entry (8.767852ms)
✔ wasm_entail_premise_iris: the three services honour premiseIris (5.548337ms)
✔ literal(value, { language, direction }) builds an RDF 1.2 directional literal (13.141343ms)
✔ Dataset.from and DataFactory.dataset build chainable datasets from quads (31.573342ms)
✔ Dataset#toStream is the instance form of datasetToStream (0.956691ms)
✔ an ungoverned query is unchanged: same rows, and no governor vocabulary reaches it (501.561611ms)
✔ an ungoverned entry refuses a governor option rather than ignoring it (10.85833ms)
✔ queryGoverned with no ceiling completes and still hands back a receipt (9.134011ms)
✔ queryEntailmentGoverned carries the query outcome and closure report together (203.601613ms)
✔ queryEntailmentGoverned closes over the dataset's owl:imports table (202.583203ms)
✔ queryEntailmentGoverned takes the closure's evaluation limits, naming its own option (172.290203ms)
✔ queryEntailmentGoverned exposes a closure stop without an answer or report (1.366909ms)
✔ the evidence maps are keyed by the engine's own dimension vocabulary (1.640422ms)
✔ the answer cap is inclusive: cap == answer size completes (16.296581ms)
✔ the answer cap is inclusive: cap == answer size - 1 exhausts and certifies what it reached (11.071184ms)
✔ a zero fuel ceiling trips on the first charged unit of work (2.174087ms)
✔ a fuel ceiling large enough to cover the query completes it (1.33727ms)
✔ a zero wall deadline trips on the first stop poll inside the real wasm module (0.990871ms)
✔ a non-zero wall deadline trips a query it cannot cover, so the wasm clock advances (80.703767ms)
✔ the same query completes when the wall deadline is not the binding constraint (1.469507ms)
✔ a cancelled token stops the query as an outcome and survives the call (3.800039ms)
✔ an uncancelled token leaves the query complete (3.04675ms)
✔ cancellation outranks a deadline when both fire at the same point (3.020692ms)
✔ every governor trip is a returned outcome, not a throw (15.432206ms)
✔ a ceiling the planner's estimate already exceeds is REFUSED, and reports an estimate rather than a measurement (6.195378ms)
✔ the scratch ceiling binds a value-constructing query and leaves a plain one alone (5.346963ms)
✔ a genuine query error still throws — a trip is not the only outcome shape (19.482367ms)
✔ a negative ceiling is refused rather than wrapping into an unreachable one (1.36591ms)
✔ the answer cap counts RDF 1.2 triple-term solutions like any other (13.331188ms)
✔ the answer cap counts RDF 1.2 reifier statements in a CONSTRUCT answer sequence (19.03761ms)
✔ a governed UPDATE that fits its budget applies and reports a receipt (28.998707ms)
✔ a tripped UPDATE applies NOTHING and leaves the dataset byte-identical (23.996485ms)
✔ a cancelled token stops an UPDATE as an outcome (7.569877ms)
✔ updateGoverned refuses maxAnswers rather than ignoring a ceiling the caller set (8.250547ms)
✔ explainQuery renders the charge ledger a budget is sized from (17.787297ms)
✔ dataset identities and mutation generations use exact bigint transport (119.3714ms)
✔ isomorphic() is true for the same graph under blank-node relabeling (47.136774ms)
✔ isomorphic() is false for a structurally different graph (9.743334ms)
✔ canonicalize() is stable and identifies isomorphic graphs byte-for-byte (14.642689ms)
✔ canonicalize() throws on a reserved-vocabulary IRI, naming it, rather than aborting (41.116811ms)
✔ an ordinary IRI neighbouring the reserved namespace still canonicalizes (0.796387ms)
✔ configured Dataset serialization reuses compiled contexts (195.50993ms)
✔ configured graph results and YAML schema headers use the same engine (243.671594ms)
✔ closed options fail before output (4.949625ms)
✔ frozen lexical capability inventory accounts for every file (17.969802ms)
✔ every frozen JSON string vector crosses the package decoder (406.966032ms)
✔ every JSON code unit and surrogate pair matches the frozen answer digest (34029.508448ms)
✔ every unreserved percent vector crosses SPARQL ENCODE_FOR_URI (11740.878176ms)
✔ every frozen string escape preserves its consumed-prefix boundary (120.617209ms)
✔ every UCHAR scalar and refusal matches the frozen answer digests (12863.647065ms)
✔ parsePackument accepts the npm 11 array response (3.698461ms)
✔ parsePackument accepts the npm 12 package-name map (0.495866ms)
✔ parsePackument rejects zero or multiple package records (0.740568ms)
✔ parsePackument rejects a malformed package record (0.279112ms)
✔ missingPackedFiles accepts a tarball holding every promised path (0.806086ms)
✔ missingPackedFiles names a files entry npm silently omitted (0.245792ms)
✔ missingPackedFiles names an exports target the tarball lacks (0.247393ms)
✔ missingPackedFiles refuses a pack record without a file list (0.186175ms)
✔ missingPackedFiles accepts nested contents of an explicit directory promise (0.761898ms)
✔ missingPackedFiles refuses an empty directory marker (0.325301ms)
✔ missingPackedFiles refuses a directory prefix lookalike (0.200994ms)
✔ missingPackedFiles keeps exact file promises strict (0.175475ms)
✔ missingPackedFiles never turns an export target into a directory promise (0.190915ms)
✔ a panic in a synchronous call poisons every entry point, and typed errors poison nothing (1204.286695ms)
✔ a refused query carries sparql-parse-lex on both lanes (174.347383ms)
✔ a refused query carries sparql-parse-syntax on both lanes (72.702202ms)
✔ a refused query carries sparql-parse-unsupported on both lanes (12.989038ms)
✔ a refused query carries sparql-parse-iri on both lanes (8.151871ms)
✔ a refused query carries sparql-parse-cdt-arity on both lanes (15.178414ms)
✔ a relative IRI without a base names its typed cause (7.854499ms)
✔ a refused update carries its typed presentation on both lanes (43.052404ms)
✔ a failure without a typed presentation carries none; the valid neighbour answers (267.402087ms)
✔ projection archive matches the shared Rust/Python bytes (283.188982ms)
✔ write-only profiles and mismatched tagged config fail explicitly (5.188498ms)
✔ all research-object profiles execute through the shared WASM carrier (343.093401ms)
✔ DCAT RDF executes deterministically and remains write-only through WASM (266.761166ms)
✔ VoID executes deterministically and remains write-only through WASM (36.546155ms)
✔ attached RO-Crate matches the cross-host archive through generated WASM (44.52515ms)
✔ SELECT returns SPARQL Results JSON bindings (430.17074ms)
✔ SELECT over the default graph does not see named-graph triples (10.039385ms)
✔ ASK returns a boolean result document (12.799124ms)
✔ QueryEngine SELECT returns typed package-root bindings (14.410516ms)
✔ NOW and RAND read the live JavaScript clock and entropy on wasm (50.891433ms)
✔ QueryEngine SELECT rows are a single-owner stream (3.328032ms)
✔ QueryEngine query routes ASK and graph results into discriminated objects (29.155593ms)
✔ QueryEngine raw serialization supports result and graph formats (19.868795ms)
✔ CONSTRUCT returns Turtle (14.425016ms)
✔ a malformed query throws, never a silent empty result (17.837445ms)
✔ a SERVICE clause hard-fails offline (no resolver in the browser) (17.320721ms)
✔ QueryEngine UPDATE mutates atomically and LOAD hard-fails without a resolver (32.073227ms)
✔ queryRaw provenanceNamespace populates and round-trips through JSON (24.199519ms)
✔ queryRaw provenanceNamespace populates and round-trips through XML (39.253426ms)
✔ omitting provenanceNamespace emits pure W3C output (2.497826ms)
✔ a lone provenanceNamespace half is refused (11.930789ms)
✔ serialize supports JSON-LD (the docs 'copy as' transcode surface) (46.043776ms)
✔ the default query() format never returns an empty string for a named-graph CONSTRUCT (16.613562ms)
✔ the default query() format is still Turtle for a default-graph CONSTRUCT (7.759582ms)
✔ an explicit single-graph format throws for a named-graph CONSTRUCT (8.693774ms)
✔ an explicit quad-capable format carries a named-graph CONSTRUCT (1.236554ms)
✔ an explicit single-graph format still serializes a default-graph CONSTRUCT (5.907407ms)
✔ the default query() format carries a named-graph DESCRIBE instead of emptying it (19.37726ms)
✔ an explicit single-graph format throws for a named-graph DESCRIBE (5.611315ms)
✔ serializeWithLoss reports the named-graph rows a single-graph syntax drops (15.237811ms)
✔ SERVICE SILENT and LOAD SILENT succeed with nothing fetched (18.859276ms)
✔ nesting answers on the synchronous lane as deep as its stacks hold it, and is a typed refusal past that (650.972318ms)
✔ on the synchronous lane the deepest answer and the first refusal are neighbours (604.489935ms)
✔ a FILTER nested 10 000 parentheses deep answers what one pair answers, and the engine answers afterwards (8.199289ms)
✔ nested LATERAL answers on the synchronous lane as deep as the lane holds it, one level more is a typed refusal, and the engine answers afterwards (729.975595ms)
✔ nested FILTER NOT EXISTS answers on the synchronous lane as deep as its stack evaluates it, and one level more is a typed refusal (7385.217128ms)
✔ a pattern nested past the dataset's triple terms answers nothing, and its stored-depth neighbour matches (18.914074ms)
✔ inserting a triple term past the dataset's limit is the dataset's typed refusal, and 16 levels insert (7.763942ms)
✔ a synchronous failure carries its code; the well-formed neighbour answers (5.885317ms)
✔ the synchronous and asynchronous lanes answer and refuse identically (33.919752ms)
✔ a snapshot is an independent dataset with its own identity (1.639072ms)
✔ every results alias has the same bytes through all raw format APIs (414.105702ms)
✔ every governed twin exposes metered and explicit no-ceiling execution (739.185124ms)
✔ no-ceiling execution preserves cancellation and refuses ignored options (238.145847ms)
✔ strict JSON options refuse repeated members and arrays with diagnostic pointers (23.385852ms)
✔ generated host Reflect.get preserves throwing getter refusal (0.942182ms)
✔ version() returns the crate semver (23.108901ms)
✔ DataFactory builds RDF/JS terms (10.316327ms)
✔ literal() refuses a non-tag where the caller named it (7.372493ms)
✔ polymorphic literal(value, datatype) dispatches to a typed literal (0.683589ms)
✔ parse → serialize → reparse round-trips N-Triples (54.490148ms)
✔ expanded JSON-LD and YAML-LD wasm bytes are frozen (76.876999ms)
✔ DatasetCore add/has/delete/match/iterate (35.68983ms)
✔ DatasetCore.add/delete chain (RDF/JS return-this) (6.083132ms)
✔ DatasetCore.match treats a Variable as a wildcard (RDF/JS idiom) (0.809406ms)
✔ RDF-1.2 wedge — directional literal round-trips through N-Quads (16.154705ms)
✔ RDF-1.2 wedge — quoted-triple term round-trips through N-Quads (20.444499ms)
✔ Sink streams quads into a dataset (21.711432ms)
✔ datasetToStream → streamToDataset round-trips via the Sink (6.083251ms)
✔ an unsupported format is a rejected error (28.88582ms)
✔ RDF-1.2 — directional literal: .datatype.value derives rdf:dirLangString (2.206585ms)
✔ RDF-1.2 — directional literal: in-memory add/has without serialize round-trip (0.516255ms)
✔ RDF-1.2 — directional literal: parse then factory-built has() (cross-path) (4.45417ms)
✔ Term.equals(null) returns false (RDF/JS spec) (0.276462ms)
✔ Term.equals(undefined) returns false (RDF/JS spec) (0.141116ms)
✔ Term.equals sanity: same term is true, different term is false (0.292402ms)
✔ Quad.equals(null) returns false (RDF/JS spec) (0.129387ms)
✔ Quad.equals(undefined) returns false (RDF/JS spec) (4.279734ms)
✔ Quad.equals sanity: same quad is true, different quad is false (0.438057ms)
✔ Term.equals does not consume its argument (0.186375ms)
✔ Quad.equals does not consume its argument (0.281052ms)
✔ serialize refuses what serializeWithLoss projects, for a star-incapable target (48.519123ms)
✔ serializeWithLoss counts the declared empty graphs a target cannot write (328.772152ms)
✔ a sink receives the same bytes serialize returns (200.771916ms)
✔ a sink that throws aborts instead of truncating (60.855091ms)
✔ an object without write is refused rather than silently producing nothing (15.180604ms)
✔ SHA-3 built-ins reach their published FIPS 202 digests through the wasm module (133.368148ms)
✔ SEP-0008's underscored spelling reaches the same digests through the wasm module (3.257124ms)
✔ SHA-3 digests survive the typed QueryEngine.select surface (10.369945ms)
✔ the SHA-3 hyphen is part of the name, and a spaced hyphen still subtracts (13.760645ms)
✔ wasm_shacl_import_unresolved: shaclValidateToSarif rejects an unresolved owl:imports with the typed ShaclImportError (19.746199ms)
✔ wasm_shacl_import_unresolved: shaclValidateChangesToSarif rejects an unresolved owl:imports with the typed ShaclImportError (5.924276ms)
✔ wasm_shacl_import_unresolved: shaclEntail rejects an unresolved owl:imports with the typed ShaclImportError (1.431188ms)
✔ wasm_shacl_import_unresolved: shaclApplyRules rejects an unresolved owl:imports with the typed ShaclImportError (1.450847ms)
✔ wasm_shacl_import_unresolved: shaclEvalNodeExpr rejects an unresolved owl:imports with the typed ShaclImportError (17.608322ms)
✔ wasm_shacl_import_unresolved: shaclLintShapes rejects an unresolved owl:imports with the typed ShaclImportError (6.765911ms)
✔ wasm_shacl_import_unresolved: shaclPackProduct rejects an unresolved owl:imports with the typed ShaclImportError (15.28213ms)
✔ wasm_shacl_import_supplied: every entry point applies a supplied import (561.609245ms)
✔ wasm_shacl_import_declared_in_place: an ontology declared in place resolves the import, and its neighbour does not (26.741864ms)
✔ wasm_shacl_import_unreached_entry: a table entry nothing imports is refused, and a reached one is not (13.527513ms)
✔ wasm_shacl_import_array_lengths: import arrays of different lengths are refused, never truncated (4.582545ms)
✔ wasm_shacl_import_prefix_idiom: SHACL's prefix idiom resolves with no table, and a header import does not (392.218077ms)
✔ shaclPackProduct -> shaclProductValidateToSarif round trips to the SAME verdict shaclValidateToSarif reaches (395.916198ms)
✔ shaclProductExplain reports well-formed identity/format fields without admitting the product (19.708ms)
✔ shaclProductCertify succeeds on a genuine product (8.217879ms)
✔ shaclProductValidateToSarifRebuild validates and agrees with the admit path (16.931982ms)
✔ *Expecting variants accept the product's own identity digest (30.9407ms)
✔ *Expecting variants refuse a product bound to a DIFFERENT identity digest, with a neighbouring valid case beside it (31.981509ms)
✔ a corrupted product is refused as a ShaclProductRefusal carrying its dimension label across the boundary, with a valid neighbour beside it (15.613561ms)
✔ wasm_shacl_shapes_graph: shapesGraph-001 through shaclValidateToSarif (838.812034ms)
✔ wasm_shacl_shapes_graph: the change path, a packed product and lint carry it (425.547326ms)
✔ wasm_shacl_shapes_graph: a relative shapes graph with no base is refused (3.169807ms)
✔ wasm_rules_shapes_graph: shaclApplyRules and shaclEntail pre-bind $shapesGraph (89.569356ms)
✔ shaclValidateToSarif emits SARIF 2.1.0 with a violation (383.870952ms)
✔ shaclValidateToSarif rejects malformed shapes (never a silent pass) (21.351712ms)
✔ wasm_shacl_conformance_disallows: shaclValidateToSarif honours conformanceDisallows (17.177695ms)
✔ wasm_shacl_shapes_graph_well_formed: the SARIF run states sh:shapesGraphWellFormed (348.670338ms)
✔ wasm_shacl_subclass_of_in_shapes_graph: shaclValidateToSarif honours subClassOfInShapesGraph (11.323277ms)
✔ wasm_shacl_sparql_expr_declaration: shaclValidateToSarif evaluates sh:sparqlExpr beside its vocabulary declaration (96.198591ms)
✔ wasm_shacl_message_languages: shaclValidateToSarif carries every message with its language (2.304512ms)
✔ shaclEntail materializes the inferred triple and keeps the base fact (33.627512ms)
✔ wasm_shacl_mandatory_diagnostics: every run reports an empty sh:in list, beside the verdict (8.019674ms)
✔ shaclValidateChangesToSarif validates the change and reports its scope (8.895818ms)
✔ shaclValidateChangesToSarif honours the retract half (1.598123ms)
✔ shaclValidateChangesToSarif reports an unbounded footprint rather than guessing (63.942839ms)
✔ shaclValidateChangesToSarif rejects a malformed change document (1.35396ms)
✔ wasm_shacl_apply_rules: shaclApplyRules writes the inference graph, its proof, and honours the round limit (827.671352ms)
✔ wasm_shacl_eval_node_expr: shaclEvalNodeExpr evaluates one expression node, natively and with a scope (31.991289ms)
✔ shaclEvalNodeExpr reports the mandatory diagnostic as { rule, shape }, and none for the neighbour (9.689676ms)
✔ wasm_shacl_eval_node_expr_selectors: shaclEvalNodeExpr names an anonymous expression by a walk and inline as Turtle (34.724169ms)
✔ wasm_shacl_lint_shapes: shaclLintShapes certifies the declaration-bearing graph clean and reports a malformed one (409.196038ms)
✔ wasm_shacl_apply_rules: the wasm32 default stored-fact limit refuses a 70,000-triple copy, naming maxStoredFacts, and admits it when raised (7320.549414ms)
✔ wasm_shacl_entail_limits: shaclEntail takes the four rule-evaluation limits, names its own arguments, and materializes the closure when they are raised (10.274178ms)
✔ wasm_shacl_check_rules: shaclCheckRules checks a SPARQL 1.2 RL rule set to a level and evaluates nothing (3.254654ms)
✔ a trap that is not a panic, in a synchronous call, poisons every entry point (1057.376897ms)
✔ installAsync requires every linker global by name, and the runtime reads the gate as the linker defines it (48.363158ms)
✔ a module with no stack region to give installs without the asynchronous lane, refusing with the module's own error (33.882724ms)
✔ visualization APIs preserve RDF 1.2 statement semantics (207.905856ms)
✔ visualization modes share the same model (29.995338ms)
✔ cross-graph reifier roles survive graph selection without leaking occurrences (12.327007ms)
✔ an integer past i128 has its exact canonical lexical form (23.934386ms)
✔ a long decimal has its exact canonical lexical form (13.781605ms)
✔ a malformed lexical has no canonical form, and its well-formed neighbour does (4.389461ms)
✔ long integers compare exactly (11.332527ms)
✔ malformed and incomparable values have no order, and their neighbours do (1.01864ms)
✔ a SPARQL sum past i128 returns its exact lexical form (256.570556ms)
ℹ tests 439
ℹ suites 0
ℹ pass 439
ℹ fail 0
ℹ cancelled 0
ℹ skipped 0
ℹ todo 0
ℹ duration_ms 775798.572757

> @blackcatinformatics/purrdf@3.0.1 smoke:pack
> node tests/pack-smoke.mjs

npm tarball: 8112943 bytes
npm unpacked: 25063781 bytes
npm entries: 152

added 1 package in 644ms
OK: packed tarball smoke passed for blackcatinformatics-purrdf-3.0.1.tgz
