2026-10-10T13:15:18.9919536Z Current runner version: '2.337.0'
2026-10-10T13:15:18.9953941Z ##[group]Runner Image Provisioner
2026-10-10T13:15:18.9955339Z Hosted Compute Agent
2026-10-10T13:15:18.9956568Z Version: 20261002.596
2026-10-10T13:15:18.9957799Z Commit: c3d12f3313a95f25162a1503be624f3b0617f8c0
2026-10-10T13:15:18.9959030Z Build Date: 2026-10-02T22:28:27Z
2026-10-10T13:15:18.9960186Z Worker ID: {5f529832-060f-4c30-a415-db77fa9b46a8}
2026-10-10T13:15:18.9961541Z Region: eastus
2026-10-10T13:15:18.9962436Z Cloud: Azure
2026-10-10T13:15:18.9963346Z ##[endgroup]
2026-10-10T13:15:18.9966272Z ##[group]Operating System
2026-10-10T13:15:18.9967362Z Ubuntu
2026-10-10T13:15:18.9968414Z 24.04.5
2026-10-10T13:15:18.9969215Z LTS
2026-10-10T13:15:18.9970061Z ##[endgroup]
2026-10-10T13:15:18.9970952Z ##[group]Runner Image
2026-10-10T13:15:18.9971960Z Image: ubuntu-24.04
2026-10-10T13:15:18.9973000Z Version: 20261004.327.1
2026-10-10T13:15:18.9975084Z Included Software: https://github.com/actions/runner-images/blob/ubuntu24/20261004.327/images/ubuntu/Ubuntu2404-Readme.md
2026-10-10T13:15:18.9978249Z Image Release: https://github.com/actions/runner-images/releases/tag/ubuntu24%2F20261004.327
2026-10-10T13:15:18.9979914Z ##[endgroup]
2026-10-10T13:15:18.9981881Z ##[group]GITHUB_TOKEN Permissions
2026-10-10T13:15:18.9984866Z Contents: read
2026-10-10T13:15:18.9986115Z Metadata: read
2026-10-10T13:15:18.9986976Z ##[endgroup]
2026-10-10T13:15:18.9990679Z Secret source: Actions
2026-10-10T13:15:18.9992084Z Cache mode: write
2026-10-10T13:15:18.9993819Z Prepare workflow directory
2026-10-10T13:15:19.0475037Z Prepare all required actions
2026-10-10T13:15:19.0546570Z Getting action download info
2026-10-10T13:15:19.2436713Z Download action repository 'actions/checkout@9c091bb21b7c1c1d1991bb908d89e4e9dddfe3e0' (SHA:9c091bb21b7c1c1d1991bb908d89e4e9dddfe3e0)
2026-10-10T13:15:19.3927162Z Download action repository 'dtolnay/rust-toolchain@29eef336d9b2848a0b548edc03f92a220660cdb8' (SHA:29eef336d9b2848a0b548edc03f92a220660cdb8)
2026-10-10T13:15:19.6076007Z Complete job name: workspace
2026-10-10T13:15:19.7284490Z ##[group]Run actions/checkout@9c091bb21b7c1c1d1991bb908d89e4e9dddfe3e0
2026-10-10T13:15:19.7285577Z with:
2026-10-10T13:15:19.7286254Z   persist-credentials: false
2026-10-10T13:15:19.7286775Z   fetch-depth: 0
2026-10-10T13:15:19.7287251Z   repository: Blackcat-Informatics/purrdf
2026-10-10T13:15:19.7290979Z   token: ***
2026-10-10T13:15:19.7291399Z   ssh-strict: true
2026-10-10T13:15:19.7291832Z   ssh-user: git
2026-10-10T13:15:19.7292253Z   clean: true
2026-10-10T13:15:19.7292693Z   sparse-checkout-cone-mode: true
2026-10-10T13:15:19.7293223Z   fetch-tags: false
2026-10-10T13:15:19.7293664Z   show-progress: true
2026-10-10T13:15:19.7294107Z   lfs: false
2026-10-10T13:15:19.7294519Z   submodules: false
2026-10-10T13:15:19.7294970Z   set-safe-directory: true
2026-10-10T13:15:19.7295482Z   allow-unsafe-pr-checkout: false
2026-10-10T13:15:19.7296420Z ##[endgroup]
2026-10-10T13:15:19.8334144Z Syncing repository: Blackcat-Informatics/purrdf
2026-10-10T13:15:19.8336696Z ##[group]Getting Git version info
2026-10-10T13:15:19.8337559Z Working directory is '/home/runner/work/purrdf/purrdf'
2026-10-10T13:15:19.8338569Z [command]/usr/bin/git version
2026-10-10T13:15:19.8396951Z git version 2.55.0
2026-10-10T13:15:19.8418397Z ##[endgroup]
2026-10-10T13:15:19.8430550Z Temporarily overriding HOME='/home/runner/work/_temp/41779a56-75e0-4e96-a6f0-cce956ba83bf' before making global git config changes
2026-10-10T13:15:19.8432949Z Adding repository directory to the temporary git global config as a safe directory
2026-10-10T13:15:19.8437178Z [command]/usr/bin/git config --global --add safe.directory /home/runner/work/purrdf/purrdf
2026-10-10T13:15:19.8484765Z Deleting the contents of '/home/runner/work/purrdf/purrdf'
2026-10-10T13:15:19.8488640Z ##[group]Determining repository object format
2026-10-10T13:15:19.8490403Z ##[endgroup]
2026-10-10T13:15:19.8491669Z ##[group]Initializing the repository
2026-10-10T13:15:19.8495379Z [command]/usr/bin/git init /home/runner/work/purrdf/purrdf
2026-10-10T13:15:19.8599303Z hint: Using 'master' as the name for the initial branch. This default branch name
2026-10-10T13:15:19.8600626Z hint: will change to "main" in Git 3.0. To configure the initial branch name
2026-10-10T13:15:19.8602234Z hint: to use in all of your new repositories, which will suppress this warning,
2026-10-10T13:15:19.8603327Z hint: call:
2026-10-10T13:15:19.8604083Z hint:
2026-10-10T13:15:19.8605057Z hint: 	git config --global init.defaultBranch <name>
2026-10-10T13:15:19.8606428Z hint:
2026-10-10T13:15:19.8607533Z hint: Names commonly chosen instead of 'master' are 'main', 'trunk' and
2026-10-10T13:15:19.8609272Z hint: 'development'. The just-created branch can be renamed via this command:
2026-10-10T13:15:19.8610567Z hint:
2026-10-10T13:15:19.8611296Z hint: 	git branch -m <name>
2026-10-10T13:15:19.8612207Z hint:
2026-10-10T13:15:19.8613422Z hint: Disable this message with "git config set advice.defaultBranchName false"
2026-10-10T13:15:19.8615298Z Initialized empty Git repository in /home/runner/work/purrdf/purrdf/.git/
2026-10-10T13:15:19.8618342Z [command]/usr/bin/git remote add origin https://github.com/Blackcat-Informatics/purrdf
2026-10-10T13:15:19.8662125Z ##[endgroup]
2026-10-10T13:15:19.8663890Z ##[group]Disabling automatic garbage collection
2026-10-10T13:15:19.8665643Z [command]/usr/bin/git config --local gc.auto 0
2026-10-10T13:15:19.8700727Z ##[endgroup]
2026-10-10T13:15:19.8701770Z ##[group]Setting up auth
2026-10-10T13:15:19.8702331Z Removing SSH command configuration
2026-10-10T13:15:19.8707342Z [command]/usr/bin/git config --local --name-only --get-regexp core\.sshCommand
2026-10-10T13:15:19.8737086Z [command]/usr/bin/git submodule foreach --recursive sh -c "git config --local --name-only --get-regexp 'core\.sshCommand' && git config --local --unset-all 'core.sshCommand' || :"
2026-10-10T13:15:19.9082286Z Removing HTTP extra header
2026-10-10T13:15:19.9087731Z [command]/usr/bin/git config --local --name-only --get-regexp http\.https\:\/\/github\.com\/\.extraheader
2026-10-10T13:15:19.9122379Z [command]/usr/bin/git submodule foreach --recursive sh -c "git config --local --name-only --get-regexp 'http\.https\:\/\/github\.com\/\.extraheader' && git config --local --unset-all 'http.https://github.com/.extraheader' || :"
2026-10-10T13:15:19.9334917Z Removing includeIf entries pointing to credentials config files
2026-10-10T13:15:19.9340588Z [command]/usr/bin/git config --local --name-only --get-regexp ^includeIf\.gitdir:
2026-10-10T13:15:19.9370985Z [command]/usr/bin/git submodule foreach --recursive git config --local --show-origin --name-only --get-regexp remote.origin.url
2026-10-10T13:15:19.9613478Z [command]/usr/bin/git config --file /home/runner/work/_temp/git-credentials-77eff4a1-8784-47bc-a80a-da1e99e53c9e.config http.https://github.com/.extraheader AUTHORIZATION: basic ***
2026-10-10T13:15:19.9657756Z [command]/usr/bin/git config --local includeIf.gitdir:/home/runner/work/purrdf/purrdf/.git.path /home/runner/work/_temp/git-credentials-77eff4a1-8784-47bc-a80a-da1e99e53c9e.config
2026-10-10T13:15:19.9692761Z [command]/usr/bin/git config --local includeIf.gitdir:/home/runner/work/purrdf/purrdf/.git/worktrees/*.path /home/runner/work/_temp/git-credentials-77eff4a1-8784-47bc-a80a-da1e99e53c9e.config
2026-10-10T13:15:19.9728857Z [command]/usr/bin/git config --local includeIf.gitdir:/github/workspace/.git.path /github/runner_temp/git-credentials-77eff4a1-8784-47bc-a80a-da1e99e53c9e.config
2026-10-10T13:15:19.9763092Z [command]/usr/bin/git config --local includeIf.gitdir:/github/workspace/.git/worktrees/*.path /github/runner_temp/git-credentials-77eff4a1-8784-47bc-a80a-da1e99e53c9e.config
2026-10-10T13:15:19.9790946Z ##[endgroup]
2026-10-10T13:15:19.9792266Z ##[group]Fetching the repository
2026-10-10T13:15:19.9800073Z [command]/usr/bin/git -c protocol.version=2 fetch --no-tags --prune --no-recurse-submodules origin +refs/heads/*:refs/remotes/origin/* +refs/tags/*:refs/tags/* +545a4d35f57553c3f0cb30cb1c0320d4e89c892a:refs/remotes/pull/527/merge
2026-10-10T13:15:26.7149046Z From https://github.com/Blackcat-Informatics/purrdf
2026-10-10T13:15:26.7150647Z  * [new branch]          main                                     -> origin/main
2026-10-10T13:15:26.7152038Z  * [new branch]          paudley/384-portable-adversarial-conformance -> origin/paudley/384-portable-adversarial-conformance
2026-10-10T13:15:26.7154446Z  * [new branch]          paudley/408-geo-deterministic-geodesic-distance-in -> origin/paudley/408-geo-deterministic-geodesic-distance-in
2026-10-10T13:15:26.7156652Z  * [new branch]          paudley/422-bounded-numerics             -> origin/paudley/422-bounded-numerics
2026-10-10T13:15:26.7158223Z  * [new branch]          paudley/423-v4-decimal-defaults          -> origin/paudley/423-v4-decimal-defaults
2026-10-10T13:15:26.7160087Z  * [new branch]          paudley/471-v4-0-remembered-empty-named-graphs -> origin/paudley/471-v4-0-remembered-empty-named-graphs
2026-10-10T13:15:26.7162259Z  * [new branch]          paudley/499-entailment-prepare-schema-invariant -> origin/paudley/499-entailment-prepare-schema-invariant
2026-10-10T13:15:26.7164652Z  * [new branch]          paudley/508-sparql-eval-complete-bounded-workspace -> origin/paudley/508-sparql-eval-complete-bounded-workspace
2026-10-10T13:15:26.7166425Z  * [new tag]             npm-v0.1.3                               -> npm-v0.1.3
2026-10-10T13:15:26.7167594Z  * [new tag]             npm-v0.1.4                               -> npm-v0.1.4
2026-10-10T13:15:26.7168456Z  * [new tag]             npm-v0.1.5                               -> npm-v0.1.5
2026-10-10T13:15:26.7169288Z  * [new tag]             npm-v0.10.0                              -> npm-v0.10.0
2026-10-10T13:15:26.7170113Z  * [new tag]             npm-v0.11.0                              -> npm-v0.11.0
2026-10-10T13:15:26.7170915Z  * [new tag]             npm-v0.12.0                              -> npm-v0.12.0
2026-10-10T13:15:26.7171723Z  * [new tag]             npm-v0.13.0                              -> npm-v0.13.0
2026-10-10T13:15:26.7172794Z  * [new tag]             npm-v0.2.0                               -> npm-v0.2.0
2026-10-10T13:15:26.7173606Z  * [new tag]             npm-v0.2.1                               -> npm-v0.2.1
2026-10-10T13:15:26.7174397Z  * [new tag]             npm-v0.3.0                               -> npm-v0.3.0
2026-10-10T13:15:26.7175196Z  * [new tag]             npm-v0.3.1                               -> npm-v0.3.1
2026-10-10T13:15:26.7176541Z  * [new tag]             npm-v0.3.2                               -> npm-v0.3.2
2026-10-10T13:15:26.7177078Z  * [new tag]             npm-v0.3.3                               -> npm-v0.3.3
2026-10-10T13:15:26.7177529Z  * [new tag]             npm-v0.4.0                               -> npm-v0.4.0
2026-10-10T13:15:26.7177985Z  * [new tag]             npm-v0.4.2                               -> npm-v0.4.2
2026-10-10T13:15:26.7178465Z  * [new tag]             npm-v0.4.3                               -> npm-v0.4.3
2026-10-10T13:15:26.7178913Z  * [new tag]             npm-v0.5.0                               -> npm-v0.5.0
2026-10-10T13:15:26.7179406Z  * [new tag]             npm-v0.6.0                               -> npm-v0.6.0
2026-10-10T13:15:26.7179972Z  * [new tag]             npm-v0.7.0                               -> npm-v0.7.0
2026-10-10T13:15:26.7180412Z  * [new tag]             npm-v0.8.0                               -> npm-v0.8.0
2026-10-10T13:15:26.7180929Z  * [new tag]             npm-v0.8.1                               -> npm-v0.8.1
2026-10-10T13:15:26.7181418Z  * [new tag]             npm-v0.8.2                               -> npm-v0.8.2
2026-10-10T13:15:26.7181858Z  * [new tag]             npm-v0.8.3                               -> npm-v0.8.3
2026-10-10T13:15:26.7182307Z  * [new tag]             npm-v0.8.5                               -> npm-v0.8.5
2026-10-10T13:15:26.7182792Z  * [new tag]             npm-v0.9.0                               -> npm-v0.9.0
2026-10-10T13:15:26.7183600Z  * [new tag]             npm-v1.0.0                               -> npm-v1.0.0
2026-10-10T13:15:26.7184809Z  * [new tag]             npm-v1.1.0                               -> npm-v1.1.0
2026-10-10T13:15:26.7185512Z  * [new tag]             npm-v2.0.0                               -> npm-v2.0.0
2026-10-10T13:15:26.7186273Z  * [new tag]             npm-v2.0.1                               -> npm-v2.0.1
2026-10-10T13:15:26.7186741Z  * [new tag]             npm-v2.0.2                               -> npm-v2.0.2
2026-10-10T13:15:26.7187188Z  * [new tag]             npm-v3.0.0                               -> npm-v3.0.0
2026-10-10T13:15:26.7187634Z  * [new tag]             npm-v3.0.1                               -> npm-v3.0.1
2026-10-10T13:15:26.7188095Z  * [new tag]             py-v0.1.1                                -> py-v0.1.1
2026-10-10T13:15:26.7188562Z  * [new tag]             py-v0.1.3                                -> py-v0.1.3
2026-10-10T13:15:26.7189035Z  * [new tag]             py-v0.1.5                                -> py-v0.1.5
2026-10-10T13:15:26.7189501Z  * [new tag]             py-v0.10.0                               -> py-v0.10.0
2026-10-10T13:15:26.7189950Z  * [new tag]             py-v0.11.0                               -> py-v0.11.0
2026-10-10T13:15:26.7190392Z  * [new tag]             py-v0.12.0                               -> py-v0.12.0
2026-10-10T13:15:26.7190826Z  * [new tag]             py-v0.13.0                               -> py-v0.13.0
2026-10-10T13:15:26.7191266Z  * [new tag]             py-v0.2.0                                -> py-v0.2.0
2026-10-10T13:15:26.7191700Z  * [new tag]             py-v0.2.1                                -> py-v0.2.1
2026-10-10T13:15:26.7192132Z  * [new tag]             py-v0.3.0                                -> py-v0.3.0
2026-10-10T13:15:26.7192560Z  * [new tag]             py-v0.3.1                                -> py-v0.3.1
2026-10-10T13:15:26.7192988Z  * [new tag]             py-v0.3.2                                -> py-v0.3.2
2026-10-10T13:15:26.7193417Z  * [new tag]             py-v0.3.3                                -> py-v0.3.3
2026-10-10T13:15:26.7194044Z  * [new tag]             py-v0.4.0                                -> py-v0.4.0
2026-10-10T13:15:26.7194507Z  * [new tag]             py-v0.4.2                                -> py-v0.4.2
2026-10-10T13:15:26.7194942Z  * [new tag]             py-v0.4.3                                -> py-v0.4.3
2026-10-10T13:15:26.7195377Z  * [new tag]             py-v0.5.0                                -> py-v0.5.0
2026-10-10T13:15:26.7196064Z  * [new tag]             py-v0.6.0                                -> py-v0.6.0
2026-10-10T13:15:26.7196533Z  * [new tag]             py-v0.7.0                                -> py-v0.7.0
2026-10-10T13:15:26.7196966Z  * [new tag]             py-v0.8.0                                -> py-v0.8.0
2026-10-10T13:15:26.7197408Z  * [new tag]             py-v0.8.1                                -> py-v0.8.1
2026-10-10T13:15:26.7197837Z  * [new tag]             py-v0.8.2                                -> py-v0.8.2
2026-10-10T13:15:26.7198297Z  * [new tag]             py-v0.8.3                                -> py-v0.8.3
2026-10-10T13:15:26.7198737Z  * [new tag]             py-v0.8.5                                -> py-v0.8.5
2026-10-10T13:15:26.7199203Z  * [new tag]             py-v0.9.0                                -> py-v0.9.0
2026-10-10T13:15:26.7199650Z  * [new tag]             py-v1.0.0                                -> py-v1.0.0
2026-10-10T13:15:26.7200100Z  * [new tag]             py-v1.1.0                                -> py-v1.1.0
2026-10-10T13:15:26.7200536Z  * [new tag]             py-v2.0.0                                -> py-v2.0.0
2026-10-10T13:15:26.7200967Z  * [new tag]             py-v2.0.1                                -> py-v2.0.1
2026-10-10T13:15:26.7201400Z  * [new tag]             py-v2.0.2                                -> py-v2.0.2
2026-10-10T13:15:26.7201832Z  * [new tag]             py-v3.0.0                                -> py-v3.0.0
2026-10-10T13:15:26.7202265Z  * [new tag]             py-v3.0.1                                -> py-v3.0.1
2026-10-10T13:15:26.7202887Z  * [new tag]             rust-v0.1.1                              -> rust-v0.1.1
2026-10-10T13:15:26.7203342Z  * [new tag]             rust-v0.1.3                              -> rust-v0.1.3
2026-10-10T13:15:26.7203795Z  * [new tag]             rust-v0.1.5                              -> rust-v0.1.5
2026-10-10T13:15:26.7204247Z  * [new tag]             rust-v0.10.0                             -> rust-v0.10.0
2026-10-10T13:15:26.7204704Z  * [new tag]             rust-v0.11.0                             -> rust-v0.11.0
2026-10-10T13:15:26.7205152Z  * [new tag]             rust-v0.12.0                             -> rust-v0.12.0
2026-10-10T13:15:26.7205605Z  * [new tag]             rust-v0.13.0                             -> rust-v0.13.0
2026-10-10T13:15:26.7206303Z  * [new tag]             rust-v0.2.0                              -> rust-v0.2.0
2026-10-10T13:15:26.7206760Z  * [new tag]             rust-v0.2.1                              -> rust-v0.2.1
2026-10-10T13:15:26.7207222Z  * [new tag]             rust-v0.3.0                              -> rust-v0.3.0
2026-10-10T13:15:26.7207670Z  * [new tag]             rust-v0.3.1                              -> rust-v0.3.1
2026-10-10T13:15:26.7208147Z  * [new tag]             rust-v0.3.2                              -> rust-v0.3.2
2026-10-10T13:15:26.7208599Z  * [new tag]             rust-v0.3.3                              -> rust-v0.3.3
2026-10-10T13:15:26.7209046Z  * [new tag]             rust-v0.4.0                              -> rust-v0.4.0
2026-10-10T13:15:26.7209485Z  * [new tag]             rust-v0.4.1                              -> rust-v0.4.1
2026-10-10T13:15:26.7209924Z  * [new tag]             rust-v0.4.2                              -> rust-v0.4.2
2026-10-10T13:15:26.7210370Z  * [new tag]             rust-v0.4.3                              -> rust-v0.4.3
2026-10-10T13:15:26.7210824Z  * [new tag]             rust-v0.5.0                              -> rust-v0.5.0
2026-10-10T13:15:26.7211409Z  * [new tag]             rust-v0.6.0                              -> rust-v0.6.0
2026-10-10T13:15:26.7211887Z  * [new tag]             rust-v0.7.0                              -> rust-v0.7.0
2026-10-10T13:15:26.7212328Z  * [new tag]             rust-v0.8.0                              -> rust-v0.8.0
2026-10-10T13:15:26.7212887Z  * [new tag]             rust-v0.8.1                              -> rust-v0.8.1
2026-10-10T13:15:26.7213805Z  * [new tag]             rust-v0.8.2                              -> rust-v0.8.2
2026-10-10T13:15:26.7214744Z  * [new tag]             rust-v0.8.3                              -> rust-v0.8.3
2026-10-10T13:15:26.7215958Z  * [new tag]             rust-v0.8.5                              -> rust-v0.8.5
2026-10-10T13:15:26.7216943Z  * [new tag]             rust-v0.9.0                              -> rust-v0.9.0
2026-10-10T13:15:26.7217858Z  * [new tag]             rust-v1.0.0                              -> rust-v1.0.0
2026-10-10T13:15:26.7218694Z  * [new tag]             rust-v1.1.0                              -> rust-v1.1.0
2026-10-10T13:15:26.7219551Z  * [new tag]             rust-v2.0.0                              -> rust-v2.0.0
2026-10-10T13:15:26.7220360Z  * [new tag]             rust-v2.0.1                              -> rust-v2.0.1
2026-10-10T13:15:26.7221196Z  * [new tag]             rust-v2.0.2                              -> rust-v2.0.2
2026-10-10T13:15:26.7222125Z  * [new tag]             rust-v3.0.0                              -> rust-v3.0.0
2026-10-10T13:15:26.7223100Z  * [new tag]             rust-v3.0.1                              -> rust-v3.0.1
2026-10-10T13:15:26.7224059Z  * [new ref]             545a4d35f57553c3f0cb30cb1c0320d4e89c892a -> pull/527/merge
2026-10-10T13:15:26.7226281Z ##[endgroup]
2026-10-10T13:15:26.7227055Z ##[group]Determining the checkout info
2026-10-10T13:15:26.7227867Z ##[endgroup]
2026-10-10T13:15:26.7228355Z [command]/usr/bin/git sparse-checkout disable
2026-10-10T13:15:26.7229812Z [command]/usr/bin/git config --local --unset-all extensions.worktreeConfig
2026-10-10T13:15:26.7253450Z ##[group]Checking out the ref
2026-10-10T13:15:26.7258099Z [command]/usr/bin/git checkout --progress --force refs/remotes/pull/527/merge
2026-10-10T13:15:27.7865159Z Updating files:  60% (11133/18344)
2026-10-10T13:15:27.7927848Z Updating files:  61% (11190/18344)
2026-10-10T13:15:27.8225534Z Updating files:  62% (11374/18344)
2026-10-10T13:15:27.8362424Z Updating files:  63% (11557/18344)
2026-10-10T13:15:27.8554542Z Updating files:  64% (11741/18344)
2026-10-10T13:15:27.8622592Z Updating files:  65% (11924/18344)
2026-10-10T13:15:27.8701679Z Updating files:  66% (12108/18344)
2026-10-10T13:15:27.8779697Z Updating files:  67% (12291/18344)
2026-10-10T13:15:27.8849797Z Updating files:  68% (12474/18344)
2026-10-10T13:15:27.8915148Z Updating files:  69% (12658/18344)
2026-10-10T13:15:27.8980932Z Updating files:  70% (12841/18344)
2026-10-10T13:15:27.9045932Z Updating files:  71% (13025/18344)
2026-10-10T13:15:27.9136449Z Updating files:  72% (13208/18344)
2026-10-10T13:15:27.9206176Z Updating files:  73% (13392/18344)
2026-10-10T13:15:27.9274334Z Updating files:  74% (13575/18344)
2026-10-10T13:15:27.9340726Z Updating files:  75% (13758/18344)
2026-10-10T13:15:27.9406609Z Updating files:  76% (13942/18344)
2026-10-10T13:15:27.9474088Z Updating files:  77% (14125/18344)
2026-10-10T13:15:27.9558891Z Updating files:  78% (14309/18344)
2026-10-10T13:15:27.9643111Z Updating files:  79% (14492/18344)
2026-10-10T13:15:27.9705843Z Updating files:  80% (14676/18344)
2026-10-10T13:15:27.9769459Z Updating files:  81% (14859/18344)
2026-10-10T13:15:27.9832126Z Updating files:  82% (15043/18344)
2026-10-10T13:15:27.9924461Z Updating files:  83% (15226/18344)
2026-10-10T13:15:27.9990305Z Updating files:  84% (15409/18344)
2026-10-10T13:15:28.0055454Z Updating files:  85% (15593/18344)
2026-10-10T13:15:28.0125706Z Updating files:  86% (15776/18344)
2026-10-10T13:15:28.0191731Z Updating files:  87% (15960/18344)
2026-10-10T13:15:28.0254777Z Updating files:  88% (16143/18344)
2026-10-10T13:15:28.0350020Z Updating files:  89% (16327/18344)
2026-10-10T13:15:28.0461976Z Updating files:  90% (16510/18344)
2026-10-10T13:15:28.0531450Z Updating files:  91% (16694/18344)
2026-10-10T13:15:28.0600116Z Updating files:  92% (16877/18344)
2026-10-10T13:15:28.0670775Z Updating files:  93% (17060/18344)
2026-10-10T13:15:28.0739912Z Updating files:  94% (17244/18344)
2026-10-10T13:15:28.0812649Z Updating files:  95% (17427/18344)
2026-10-10T13:15:28.0887372Z Updating files:  96% (17611/18344)
2026-10-10T13:15:28.0961560Z Updating files:  97% (17794/18344)
2026-10-10T13:15:28.1039319Z Updating files:  98% (17978/18344)
2026-10-10T13:15:28.1112041Z Updating files:  99% (18161/18344)
2026-10-10T13:15:28.1112678Z Updating files: 100% (18344/18344)
2026-10-10T13:15:28.1113236Z Updating files: 100% (18344/18344), done.
2026-10-10T13:15:28.1310324Z Note: switching to 'refs/remotes/pull/527/merge'.
2026-10-10T13:15:28.1310787Z 
2026-10-10T13:15:28.1311077Z You are in 'detached HEAD' state. You can look around, make experimental
2026-10-10T13:15:28.1314497Z changes and commit them, and you can discard any commits you make in this
2026-10-10T13:15:28.1315352Z state without impacting any branches by switching back to a branch.
2026-10-10T13:15:28.1316086Z 
2026-10-10T13:15:28.1316412Z If you want to create a new branch to retain commits you create, you may
2026-10-10T13:15:28.1317151Z do so (now or later) by using -c with the switch command. Example:
2026-10-10T13:15:28.1317584Z 
2026-10-10T13:15:28.1317768Z   git switch -c <new-branch-name>
2026-10-10T13:15:28.1318038Z 
2026-10-10T13:15:28.1318218Z Or undo this operation with:
2026-10-10T13:15:28.1318491Z 
2026-10-10T13:15:28.1318631Z   git switch -
2026-10-10T13:15:28.1318836Z 
2026-10-10T13:15:28.1319197Z Turn off this advice by setting config variable advice.detachedHead to false
2026-10-10T13:15:28.1319731Z 
2026-10-10T13:15:28.1320347Z HEAD is now at 545a4d35f Merge d5ee0c862536b97dcba3bf0e8b55c28d641f077d into 291513809a3bf3a2fc65881d86afb7cd34d716ea
2026-10-10T13:15:28.1379824Z ##[endgroup]
2026-10-10T13:15:28.1428168Z [command]/usr/bin/git log -1 --format=%H
2026-10-10T13:15:28.1456433Z 545a4d35f57553c3f0cb30cb1c0320d4e89c892a
2026-10-10T13:15:28.1466580Z ##[group]Removing auth
2026-10-10T13:15:28.1467129Z Removing SSH command configuration
2026-10-10T13:15:28.1471050Z [command]/usr/bin/git config --local --name-only --get-regexp core\.sshCommand
2026-10-10T13:15:28.1502604Z [command]/usr/bin/git submodule foreach --recursive sh -c "git config --local --name-only --get-regexp 'core\.sshCommand' && git config --local --unset-all 'core.sshCommand' || :"
2026-10-10T13:15:28.1736047Z Removing HTTP extra header
2026-10-10T13:15:28.1740127Z [command]/usr/bin/git config --local --name-only --get-regexp http\.https\:\/\/github\.com\/\.extraheader
2026-10-10T13:15:28.1772534Z [command]/usr/bin/git submodule foreach --recursive sh -c "git config --local --name-only --get-regexp 'http\.https\:\/\/github\.com\/\.extraheader' && git config --local --unset-all 'http.https://github.com/.extraheader' || :"
2026-10-10T13:15:28.2008020Z Removing includeIf entries pointing to credentials config files
2026-10-10T13:15:28.2011911Z [command]/usr/bin/git config --local --name-only --get-regexp ^includeIf\.gitdir:
2026-10-10T13:15:28.2038837Z includeif.gitdir:/home/runner/work/purrdf/purrdf/.git.path
2026-10-10T13:15:28.2039855Z includeif.gitdir:/home/runner/work/purrdf/purrdf/.git/worktrees/*.path
2026-10-10T13:15:28.2040769Z includeif.gitdir:/github/workspace/.git.path
2026-10-10T13:15:28.2041459Z includeif.gitdir:/github/workspace/.git/worktrees/*.path
2026-10-10T13:15:28.2049060Z [command]/usr/bin/git config --local --get-all includeif.gitdir:/home/runner/work/purrdf/purrdf/.git.path
2026-10-10T13:15:28.2072253Z /home/runner/work/_temp/git-credentials-77eff4a1-8784-47bc-a80a-da1e99e53c9e.config
2026-10-10T13:15:28.2093791Z [command]/usr/bin/git config --local --unset includeif.gitdir:/home/runner/work/purrdf/purrdf/.git.path /home/runner/work/_temp/git-credentials-77eff4a1-8784-47bc-a80a-da1e99e53c9e.config
2026-10-10T13:15:28.2129240Z [command]/usr/bin/git config --local --get-all includeif.gitdir:/home/runner/work/purrdf/purrdf/.git/worktrees/*.path
2026-10-10T13:15:28.2152194Z /home/runner/work/_temp/git-credentials-77eff4a1-8784-47bc-a80a-da1e99e53c9e.config
2026-10-10T13:15:28.2160824Z [command]/usr/bin/git config --local --unset includeif.gitdir:/home/runner/work/purrdf/purrdf/.git/worktrees/*.path /home/runner/work/_temp/git-credentials-77eff4a1-8784-47bc-a80a-da1e99e53c9e.config
2026-10-10T13:15:28.2197228Z [command]/usr/bin/git config --local --get-all includeif.gitdir:/github/workspace/.git.path
2026-10-10T13:15:28.2220564Z /github/runner_temp/git-credentials-77eff4a1-8784-47bc-a80a-da1e99e53c9e.config
2026-10-10T13:15:28.2228704Z [command]/usr/bin/git config --local --unset includeif.gitdir:/github/workspace/.git.path /github/runner_temp/git-credentials-77eff4a1-8784-47bc-a80a-da1e99e53c9e.config
2026-10-10T13:15:28.2262016Z [command]/usr/bin/git config --local --get-all includeif.gitdir:/github/workspace/.git/worktrees/*.path
2026-10-10T13:15:28.2284750Z /github/runner_temp/git-credentials-77eff4a1-8784-47bc-a80a-da1e99e53c9e.config
2026-10-10T13:15:28.2293303Z [command]/usr/bin/git config --local --unset includeif.gitdir:/github/workspace/.git/worktrees/*.path /github/runner_temp/git-credentials-77eff4a1-8784-47bc-a80a-da1e99e53c9e.config
2026-10-10T13:15:28.2326396Z [command]/usr/bin/git submodule foreach --recursive git config --local --show-origin --name-only --get-regexp remote.origin.url
2026-10-10T13:15:28.2563097Z Removing credentials config '/home/runner/work/_temp/git-credentials-77eff4a1-8784-47bc-a80a-da1e99e53c9e.config'
2026-10-10T13:15:28.2573583Z ##[endgroup]
2026-10-10T13:15:28.2900871Z ##[group]Run dtolnay/rust-toolchain@29eef336d9b2848a0b548edc03f92a220660cdb8
2026-10-10T13:15:28.2901301Z with:
2026-10-10T13:15:28.2901506Z   toolchain: nightly
2026-10-10T13:15:28.2901722Z ##[endgroup]
2026-10-10T13:15:28.2996574Z ##[start-action display=Run : parse toolchain version;id=__dtolnay_rust-toolchain.parse]
2026-10-10T13:15:28.3038880Z ##[group]Run : parse toolchain version
2026-10-10T13:15:28.3039276Z [36;1m: parse toolchain version[0m
2026-10-10T13:15:28.3039564Z [36;1mif [[ -z $toolchain ]]; then[0m
2026-10-10T13:15:28.3040096Z [36;1m  # GitHub does not enforce `required: true` inputs itself. https://github.com/actions/runner/issues/1070[0m
2026-10-10T13:15:28.3040667Z [36;1m  echo "'toolchain' is a required input" >&2[0m
2026-10-10T13:15:28.3040961Z [36;1m  exit 1[0m
2026-10-10T13:15:28.3041294Z [36;1melif [[ $toolchain =~ ^stable' '[0-9]+' '(year|month|week|day)s?' 'ago$ ]]; then[0m
2026-10-10T13:15:28.3041751Z [36;1m  if [[ Linux == macOS ]]; then[0m
2026-10-10T13:15:28.3042276Z [36;1m    echo "toolchain=1.$((($(date -v-$(sed 's/stable \([0-9]*\) \(.\).*/\1\2/' <<< $toolchain) +%s)/60/60/24-16569)/7/6))" >> $GITHUB_OUTPUT[0m
2026-10-10T13:15:28.3042784Z [36;1m  else[0m
2026-10-10T13:15:28.3043200Z [36;1m    echo "toolchain=1.$((($(date --date "${toolchain#stable }" +%s)/60/60/24-16569)/7/6))" >> $GITHUB_OUTPUT[0m
2026-10-10T13:15:28.3043668Z [36;1m  fi[0m
2026-10-10T13:15:28.3043963Z [36;1melif [[ $toolchain =~ ^stable' 'minus' '[0-9]+' 'releases?$ ]]; then[0m
2026-10-10T13:15:28.3044522Z [36;1m  echo "toolchain=1.$((($(date +%s)/60/60/24-16569)/7/6-${toolchain//[^0-9]/}))" >> $GITHUB_OUTPUT[0m
2026-10-10T13:15:28.3044990Z [36;1melif [[ $toolchain =~ ^1\.[0-9]+$ ]]; then[0m
2026-10-10T13:15:28.3045508Z [36;1m  echo "toolchain=1.$((i=${toolchain#1.}, c=($(date +%s)/60/60/24-16569)/7/6, i+9*i*(10*i<=c)+90*i*(100*i<=c)))" >> $GITHUB_OUTPUT[0m
2026-10-10T13:15:28.3046315Z [36;1melse[0m
2026-10-10T13:15:28.3046572Z [36;1m  echo "toolchain=$toolchain" >> $GITHUB_OUTPUT[0m
2026-10-10T13:15:28.3046865Z [36;1mfi[0m
2026-10-10T13:15:28.3305078Z shell: /usr/bin/bash --noprofile --norc -e -o pipefail {0}
2026-10-10T13:15:28.3305620Z env:
2026-10-10T13:15:28.3306236Z   toolchain: nightly
2026-10-10T13:15:28.3306574Z ##[endgroup]
2026-10-10T13:15:28.3444025Z ##[end-action id=__dtolnay_rust-toolchain.parse;outcome=success;conclusion=success;duration_ms=44]
2026-10-10T13:15:28.3467827Z ##[start-action display=Run : construct rustup command line;id=__dtolnay_rust-toolchain.flags]
2026-10-10T13:15:28.3492503Z ##[group]Run : construct rustup command line
2026-10-10T13:15:28.3492840Z [36;1m: construct rustup command line[0m
2026-10-10T13:15:28.3493290Z [36;1mecho "targets=$(for t in ${targets//,/ }; do echo -n ' --target' $t; done)" >> $GITHUB_OUTPUT[0m
2026-10-10T13:15:28.3493918Z [36;1mecho "components=$(for c in ${components//,/ }; do echo -n ' --component' $c; done)" >> $GITHUB_OUTPUT[0m
2026-10-10T13:15:28.3494414Z [36;1mecho "downgrade=" >> $GITHUB_OUTPUT[0m
2026-10-10T13:15:28.3554049Z shell: /usr/bin/bash --noprofile --norc -e -o pipefail {0}
2026-10-10T13:15:28.3554411Z env:
2026-10-10T13:15:28.3554600Z   targets: 
2026-10-10T13:15:28.3554803Z   components: 
2026-10-10T13:15:28.3555005Z ##[endgroup]
2026-10-10T13:15:28.3651204Z ##[end-action id=__dtolnay_rust-toolchain.flags;outcome=success;conclusion=success;duration_ms=18]
2026-10-10T13:15:28.3655203Z ##[start-action display=Run : set $CARGO_HOME;id=__dtolnay_rust-toolchain.__run]
2026-10-10T13:15:28.3678557Z ##[group]Run : set $CARGO_HOME
2026-10-10T13:15:28.3678823Z [36;1m: set $CARGO_HOME[0m
2026-10-10T13:15:28.3679142Z [36;1mecho CARGO_HOME=${CARGO_HOME:-"$HOME/.cargo"} >> $GITHUB_ENV[0m
2026-10-10T13:15:28.3736678Z shell: /usr/bin/bash --noprofile --norc -e -o pipefail {0}
2026-10-10T13:15:28.3737063Z ##[endgroup]
2026-10-10T13:15:28.3827410Z ##[end-action id=__dtolnay_rust-toolchain.__run;outcome=success;conclusion=success;duration_ms=17]
2026-10-10T13:15:28.3830649Z ##[start-action display=Run : install rustup if needed;id=__dtolnay_rust-toolchain.__run_2]
2026-10-10T13:15:28.3883816Z ##[group]Run : install rustup if needed
2026-10-10T13:15:28.3884131Z [36;1m: install rustup if needed[0m
2026-10-10T13:15:28.3884424Z [36;1mif ! command -v rustup &>/dev/null; then[0m
2026-10-10T13:15:28.3885202Z [36;1m  curl --proto '=https' --tlsv1.2 --retry 10 --retry-connrefused --location --silent --show-error --fail https://sh.rustup.rs | sh -s -- --default-toolchain none -y[0m
2026-10-10T13:15:28.3886465Z [36;1m  echo "$CARGO_HOME/bin" >> $GITHUB_PATH[0m
2026-10-10T13:15:28.3886766Z [36;1mfi[0m
2026-10-10T13:15:28.3946031Z shell: /usr/bin/bash --noprofile --norc -e -o pipefail {0}
2026-10-10T13:15:28.3946405Z env:
2026-10-10T13:15:28.3946617Z   CARGO_HOME: /home/runner/.cargo
2026-10-10T13:15:28.3946880Z ##[endgroup]
2026-10-10T13:15:28.4037193Z ##[end-action id=__dtolnay_rust-toolchain.__run_2;outcome=success;conclusion=success;duration_ms=20]
2026-10-10T13:15:28.4041871Z ##[start-action display=Run : install rustup if needed on windows;id=__dtolnay_rust-toolchain.__run_3]
2026-10-10T13:15:28.4049191Z ##[end-action id=__dtolnay_rust-toolchain.__run_3;outcome=skipped;conclusion=skipped;duration_ms=0]
2026-10-10T13:15:28.4052825Z ##[start-action display=rustup toolchain install nightly;id=__dtolnay_rust-toolchain.__run_4]
2026-10-10T13:15:28.4077294Z ##[group]Run rustup toolchain install nightly --profile minimal --no-self-update
2026-10-10T13:15:28.4077856Z [36;1mrustup toolchain install nightly --profile minimal --no-self-update[0m
2026-10-10T13:15:28.4137065Z shell: /usr/bin/bash --noprofile --norc -e -o pipefail {0}
2026-10-10T13:15:28.4137438Z env:
2026-10-10T13:15:28.4137657Z   CARGO_HOME: /home/runner/.cargo
2026-10-10T13:15:28.4137946Z   RUSTUP_PERMIT_COPY_RENAME: 1
2026-10-10T13:15:28.4138210Z ##[endgroup]
2026-10-10T13:15:28.4992255Z info: syncing channel updates for nightly-x86_64-unknown-linux-gnu
2026-10-10T13:15:28.7189594Z info: latest update on 2026-10-10 for version 1.101.0-nightly (32dba69d6 2026-10-09)
2026-10-10T13:15:28.7190487Z info: downloading 3 components
2026-10-10T13:15:36.3650214Z 
2026-10-10T13:15:36.3717936Z   nightly-x86_64-unknown-linux-gnu installed - rustc 1.101.0-nightly (32dba69d6 2026-10-09)
2026-10-10T13:15:36.3718373Z 
2026-10-10T13:15:36.3781586Z ##[end-action id=__dtolnay_rust-toolchain.__run_4;outcome=success;conclusion=success;duration_ms=7972]
2026-10-10T13:15:36.3789606Z ##[start-action display=Run rustup default nightly;id=__dtolnay_rust-toolchain.__run_5]
2026-10-10T13:15:36.3818614Z ##[group]Run rustup default nightly
2026-10-10T13:15:36.3818907Z [36;1mrustup default nightly[0m
2026-10-10T13:15:36.3882897Z shell: /usr/bin/bash --noprofile --norc -e -o pipefail {0}
2026-10-10T13:15:36.3883299Z env:
2026-10-10T13:15:36.3883534Z   CARGO_HOME: /home/runner/.cargo
2026-10-10T13:15:36.3883830Z ##[endgroup]
2026-10-10T13:15:36.4006747Z info: using existing install for nightly-x86_64-unknown-linux-gnu
2026-10-10T13:15:36.4013809Z info: default toolchain set to nightly-x86_64-unknown-linux-gnu
2026-10-10T13:15:36.4014258Z 
2026-10-10T13:15:36.4077645Z   nightly-x86_64-unknown-linux-gnu unchanged - rustc 1.101.0-nightly (32dba69d6 2026-10-09)
2026-10-10T13:15:36.4078205Z 
2026-10-10T13:15:36.4081233Z info: note that the toolchain 'nightly-x86_64-unknown-linux-gnu' is currently in use (overridden by '/home/runner/work/purrdf/purrdf/rust-toolchain.toml')
2026-10-10T13:15:36.4095576Z ##[end-action id=__dtolnay_rust-toolchain.__run_5;outcome=success;conclusion=success;duration_ms=30]
2026-10-10T13:15:36.4101368Z ##[start-action display=Run : create cachekey;id=__dtolnay_rust-toolchain.rustc-version]
2026-10-10T13:15:36.4128264Z ##[group]Run : create cachekey
2026-10-10T13:15:36.4128554Z [36;1m: create cachekey[0m
2026-10-10T13:15:36.4129069Z [36;1mDATE=$(rustc +nightly --version --verbose | sed -ne 's/^commit-date: \(20[0-9][0-9]\)-\([01][0-9]\)-\([0-3][0-9]\)$/\1\2\3/p')[0m
2026-10-10T13:15:36.4129934Z [36;1mHASH=$(rustc +nightly --version --verbose | sed -ne 's/^commit-hash: //p')[0m
2026-10-10T13:15:36.4130455Z [36;1mecho "cachekey=$(echo $DATE$HASH | head -c12)" >> $GITHUB_OUTPUT[0m
2026-10-10T13:15:36.4193721Z shell: /usr/bin/bash --noprofile --norc -e -o pipefail {0}
2026-10-10T13:15:36.4194122Z env:
2026-10-10T13:15:36.4194355Z   CARGO_HOME: /home/runner/.cargo
2026-10-10T13:15:36.4194652Z ##[endgroup]
2026-10-10T13:15:36.4539496Z ##[end-action id=__dtolnay_rust-toolchain.rustc-version;outcome=success;conclusion=success;duration_ms=43]
2026-10-10T13:15:36.4542861Z ##[start-action display=Run : disable incremental compilation;id=__dtolnay_rust-toolchain.__run_6]
2026-10-10T13:15:36.4569869Z ##[group]Run : disable incremental compilation
2026-10-10T13:15:36.4570241Z [36;1m: disable incremental compilation[0m
2026-10-10T13:15:36.4570570Z [36;1mif [ -z "${CARGO_INCREMENTAL+set}" ]; then[0m
2026-10-10T13:15:36.4570925Z [36;1m  echo CARGO_INCREMENTAL=0 >> $GITHUB_ENV[0m
2026-10-10T13:15:36.4571211Z [36;1mfi[0m
2026-10-10T13:15:36.4638422Z shell: /usr/bin/bash --noprofile --norc -e -o pipefail {0}
2026-10-10T13:15:36.4638835Z env:
2026-10-10T13:15:36.4639070Z   CARGO_HOME: /home/runner/.cargo
2026-10-10T13:15:36.4639364Z ##[endgroup]
2026-10-10T13:15:36.4731406Z ##[end-action id=__dtolnay_rust-toolchain.__run_6;outcome=success;conclusion=success;duration_ms=18]
2026-10-10T13:15:36.4733981Z ##[start-action display=Run : enable colors in Cargo output;id=__dtolnay_rust-toolchain.__run_7]
2026-10-10T13:15:36.4759336Z ##[group]Run : enable colors in Cargo output
2026-10-10T13:15:36.4759665Z [36;1m: enable colors in Cargo output[0m
2026-10-10T13:15:36.4759976Z [36;1mif [ -z "${CARGO_TERM_COLOR+set}" ]; then[0m
2026-10-10T13:15:36.4760323Z [36;1m  echo CARGO_TERM_COLOR=always >> $GITHUB_ENV[0m
2026-10-10T13:15:36.4760610Z [36;1mfi[0m
2026-10-10T13:15:36.4821942Z shell: /usr/bin/bash --noprofile --norc -e -o pipefail {0}
2026-10-10T13:15:36.4822315Z env:
2026-10-10T13:15:36.4822534Z   CARGO_HOME: /home/runner/.cargo
2026-10-10T13:15:36.4822828Z   CARGO_INCREMENTAL: 0
2026-10-10T13:15:36.4823065Z ##[endgroup]
2026-10-10T13:15:36.4910042Z ##[end-action id=__dtolnay_rust-toolchain.__run_7;outcome=success;conclusion=success;duration_ms=17]
2026-10-10T13:15:36.4914903Z ##[start-action display=Run : enable Cargo sparse registry;id=__dtolnay_rust-toolchain.__run_8]
2026-10-10T13:15:36.4940984Z ##[group]Run : enable Cargo sparse registry
2026-10-10T13:15:36.4941325Z [36;1m: enable Cargo sparse registry[0m
2026-10-10T13:15:36.4941693Z [36;1m# implemented in 1.66, stabilized in 1.68, made default in 1.70[0m
2026-10-10T13:15:36.4942418Z [36;1mif [ -z "${CARGO_REGISTRIES_CRATES_IO_PROTOCOL+set}" -o -f "/home/runner/work/_temp"/.implicit_cargo_registries_crates_io_protocol ]; then[0m
2026-10-10T13:15:36.4943164Z [36;1m  if rustc +nightly --version --verbose | grep -q '^release: 1\.6[89]\.'; then[0m
2026-10-10T13:15:36.4943737Z [36;1m    touch "/home/runner/work/_temp"/.implicit_cargo_registries_crates_io_protocol || true[0m
2026-10-10T13:15:36.4944278Z [36;1m    echo CARGO_REGISTRIES_CRATES_IO_PROTOCOL=sparse >> $GITHUB_ENV[0m
2026-10-10T13:15:36.4944781Z [36;1m  elif rustc +nightly --version --verbose | grep -q '^release: 1\.6[67]\.'; then[0m
2026-10-10T13:15:36.4945343Z [36;1m    touch "/home/runner/work/_temp"/.implicit_cargo_registries_crates_io_protocol || true[0m
2026-10-10T13:15:36.4946162Z [36;1m    echo CARGO_REGISTRIES_CRATES_IO_PROTOCOL=git >> $GITHUB_ENV[0m
2026-10-10T13:15:36.4946513Z [36;1m  fi[0m
2026-10-10T13:15:36.4946702Z [36;1mfi[0m
2026-10-10T13:15:36.5005930Z shell: /usr/bin/bash --noprofile --norc -e -o pipefail {0}
2026-10-10T13:15:36.5006291Z env:
2026-10-10T13:15:36.5006499Z   CARGO_HOME: /home/runner/.cargo
2026-10-10T13:15:36.5006758Z   CARGO_INCREMENTAL: 0
2026-10-10T13:15:36.5006987Z   CARGO_TERM_COLOR: always
2026-10-10T13:15:36.5007222Z ##[endgroup]
2026-10-10T13:15:36.5314598Z ##[end-action id=__dtolnay_rust-toolchain.__run_8;outcome=success;conclusion=success;duration_ms=39]
2026-10-10T13:15:36.5319869Z ##[start-action display=Run : work around spurious network errors in curl 8.0;id=__dtolnay_rust-toolchain.__run_9]
2026-10-10T13:15:36.5347342Z ##[group]Run : work around spurious network errors in curl 8.0
2026-10-10T13:15:36.5347777Z [36;1m: work around spurious network errors in curl 8.0[0m
2026-10-10T13:15:36.5348328Z [36;1m# https://rust-lang.zulipchat.com/#narrow/stream/246057-t-cargo/topic/timeout.20investigation[0m
2026-10-10T13:15:36.5349115Z [36;1mif rustc +nightly --version --verbose | grep -q '^release: 1\.7[01]\.'; then[0m
2026-10-10T13:15:36.5349597Z [36;1m  echo CARGO_HTTP_MULTIPLEXING=false >> $GITHUB_ENV[0m
2026-10-10T13:15:36.5349977Z [36;1mfi[0m
2026-10-10T13:15:36.5416920Z shell: /usr/bin/bash --noprofile --norc -e -o pipefail {0}
2026-10-10T13:15:36.5417389Z env:
2026-10-10T13:15:36.5417763Z   CARGO_HOME: /home/runner/.cargo
2026-10-10T13:15:36.5418194Z   CARGO_INCREMENTAL: 0
2026-10-10T13:15:36.5438831Z   CARGO_TERM_COLOR: always
2026-10-10T13:15:36.5439148Z ##[endgroup]
2026-10-10T13:15:36.5647481Z ##[end-action id=__dtolnay_rust-toolchain.__run_9;outcome=success;conclusion=success;duration_ms=32]
2026-10-10T13:15:36.5652114Z ##[start-action display=Run rustc +nightly --version --verbose;id=__dtolnay_rust-toolchain.__run_10]
2026-10-10T13:15:36.5678560Z ##[group]Run rustc +nightly --version --verbose
2026-10-10T13:15:36.5678919Z [36;1mrustc +nightly --version --verbose[0m
2026-10-10T13:15:36.5744135Z shell: /usr/bin/bash --noprofile --norc -e -o pipefail {0}
2026-10-10T13:15:36.5744511Z env:
2026-10-10T13:15:36.5744730Z   CARGO_HOME: /home/runner/.cargo
2026-10-10T13:15:36.5745011Z   CARGO_INCREMENTAL: 0
2026-10-10T13:15:36.5745254Z   CARGO_TERM_COLOR: always
2026-10-10T13:15:36.5745499Z ##[endgroup]
2026-10-10T13:15:36.5931127Z rustc 1.101.0-nightly (32dba69d6 2026-10-09)
2026-10-10T13:15:36.5932011Z binary: rustc
2026-10-10T13:15:36.5932794Z commit-hash: 32dba69d69c5b10ea89a4042de8d0619f7756203
2026-10-10T13:15:36.5933518Z commit-date: 2026-10-09
2026-10-10T13:15:36.5934021Z host: x86_64-unknown-linux-gnu
2026-10-10T13:15:36.5934363Z release: 1.101.0-nightly
2026-10-10T13:15:36.5934671Z LLVM version: 23.1.3
2026-10-10T13:15:36.5948448Z ##[end-action id=__dtolnay_rust-toolchain.__run_10;outcome=success;conclusion=success;duration_ms=29]
2026-10-10T13:15:36.6013533Z ##[group]Run cargo fmt --all --check
2026-10-10T13:15:36.6013869Z [36;1mcargo fmt --all --check[0m
2026-10-10T13:15:36.6078864Z shell: /usr/bin/bash -e {0}
2026-10-10T13:15:36.6079132Z env:
2026-10-10T13:15:36.6079357Z   CARGO_HOME: /home/runner/.cargo
2026-10-10T13:15:36.6079638Z   CARGO_INCREMENTAL: 0
2026-10-10T13:15:36.6079891Z   CARGO_TERM_COLOR: always
2026-10-10T13:15:36.6080137Z ##[endgroup]
2026-10-10T13:15:36.6711996Z info: syncing channel updates for nightly-x86_64-unknown-linux-gnu
2026-10-10T13:15:36.7638245Z info: latest update on 2026-10-10 for version 1.101.0-nightly (32dba69d6 2026-10-09)
2026-10-10T13:15:36.7774091Z info: downloading 4 components
2026-10-10T13:15:54.9899866Z ##[group]Run cargo fmt --manifest-path crates/jsonschema/tests/preserve_order_consumer/Cargo.toml --check
2026-10-10T13:15:54.9900658Z [36;1mcargo fmt --manifest-path crates/jsonschema/tests/preserve_order_consumer/Cargo.toml --check[0m
2026-10-10T13:15:54.9961297Z shell: /usr/bin/bash -e {0}
2026-10-10T13:15:54.9961565Z env:
2026-10-10T13:15:54.9961781Z   CARGO_HOME: /home/runner/.cargo
2026-10-10T13:15:54.9962080Z   CARGO_INCREMENTAL: 0
2026-10-10T13:15:54.9962319Z   CARGO_TERM_COLOR: always
2026-10-10T13:15:54.9962562Z ##[endgroup]
2026-10-10T13:15:55.0628865Z ##[group]Run cargo clippy --manifest-path crates/jsonschema/tests/preserve_order_consumer/Cargo.toml --all-targets --locked -- -D warnings
2026-10-10T13:15:55.0629932Z [36;1mcargo clippy --manifest-path crates/jsonschema/tests/preserve_order_consumer/Cargo.toml --all-targets --locked -- -D warnings[0m
2026-10-10T13:15:55.0691009Z shell: /usr/bin/bash -e {0}
2026-10-10T13:15:55.0691293Z env:
2026-10-10T13:15:55.0691524Z   CARGO_HOME: /home/runner/.cargo
2026-10-10T13:15:55.0691828Z   CARGO_INCREMENTAL: 0
2026-10-10T13:15:55.0692086Z   CARGO_TERM_COLOR: always
2026-10-10T13:15:55.0692348Z ##[endgroup]
2026-10-10T13:15:55.1531080Z [1m[92m    Updating[0m crates.io index
2026-10-10T13:15:55.4055478Z [1m[92m Downloading[0m crates ...
2026-10-10T13:15:55.4968187Z [1m[92m  Downloaded[0m block-buffer v0.12.1
2026-10-10T13:15:55.5040393Z [1m[92m  Downloaded[0m cpufeatures v0.3.0
2026-10-10T13:15:55.5068502Z [1m[92m  Downloaded[0m digest v0.11.3
2026-10-10T13:15:55.5093430Z [1m[92m  Downloaded[0m cfg-if v1.0.4
2026-10-10T13:15:55.5108837Z [1m[92m  Downloaded[0m crypto-common v0.2.2
2026-10-10T13:15:55.5120367Z [1m[92m  Downloaded[0m sha2 v0.11.0
2026-10-10T13:15:55.5156832Z [1m[92m  Downloaded[0m memchr v2.8.2
2026-10-10T13:15:55.5213010Z [1m[92m  Downloaded[0m hybrid-array v0.4.15
2026-10-10T13:15:55.5234193Z [1m[92m  Downloaded[0m typenum v1.20.1
2026-10-10T13:15:55.5268031Z [1m[92m  Downloaded[0m regex-syntax v0.8.11
2026-10-10T13:15:55.5334587Z [1m[92m  Downloaded[0m regex v1.12.4
2026-10-10T13:15:55.5386625Z [1m[92m  Downloaded[0m aho-corasick v1.1.4
2026-10-10T13:15:55.5437527Z [1m[92m  Downloaded[0m regex-automata v0.4.14
2026-10-10T13:15:55.5716945Z [1m[92m    Checking[0m typenum v1.20.1
2026-10-10T13:15:55.5726498Z [1m[92m    Checking[0m purrdf-hash v3.0.1 (/home/runner/work/purrdf/purrdf/crates/hash)
2026-10-10T13:15:55.5728001Z [1m[92m    Checking[0m regex-syntax v0.8.11
2026-10-10T13:15:55.5729110Z [1m[92m    Checking[0m cfg-if v1.0.4
2026-10-10T13:15:55.5965875Z [1m[92m    Checking[0m cpufeatures v0.3.0
2026-10-10T13:15:55.6188117Z [1m[92m    Checking[0m purrdf-jsonschema-preserve-order-consumer v0.0.0 (/home/runner/work/purrdf/purrdf/crates/jsonschema/tests/preserve_order_consumer)
2026-10-10T13:15:56.9268284Z [1m[92m    Checking[0m regex-automata v0.4.14
2026-10-10T13:15:56.9672924Z [1m[92m    Checking[0m hybrid-array v0.4.15
2026-10-10T13:15:57.1627564Z [1m[92m    Checking[0m purrdf-lex v3.0.1 (/home/runner/work/purrdf/purrdf/crates/lex)
2026-10-10T13:15:57.6248732Z [1m[92m    Checking[0m crypto-common v0.2.2
2026-10-10T13:15:57.6250004Z [1m[92m    Checking[0m block-buffer v0.12.1
2026-10-10T13:15:58.1760357Z [1m[92m    Checking[0m digest v0.11.3
2026-10-10T13:15:58.2606967Z [1m[92m    Checking[0m sha2 v0.11.0
2026-10-10T13:15:58.3451584Z [1m[92m    Checking[0m regex v1.12.4
2026-10-10T13:15:58.6748598Z [1m[92m    Checking[0m purrdf-testkit v3.0.1 (/home/runner/work/purrdf/purrdf/crates/testkit)
2026-10-10T13:15:58.9652596Z [1m[92m    Checking[0m purrdf-xsd v3.0.1 (/home/runner/work/purrdf/purrdf/crates/xsd)
2026-10-10T13:15:58.9653633Z [1m[92m    Checking[0m purrdf-iri v3.0.1 (/home/runner/work/purrdf/purrdf/crates/iri)
2026-10-10T13:15:59.9954791Z [1m[92m    Checking[0m purrdf-jsonschema v3.0.1 (/home/runner/work/purrdf/purrdf/crates/jsonschema)
2026-10-10T13:16:00.6215929Z [1m[92m    Finished[0m `dev` profile [unoptimized + debuginfo] target(s) in 5.50s
2026-10-10T13:16:00.6371948Z ##[group]Run cargo check --workspace --lib --tests --locked
2026-10-10T13:16:00.6372419Z [36;1mcargo check --workspace --lib --tests --locked[0m
2026-10-10T13:16:00.6431891Z shell: /usr/bin/bash -e {0}
2026-10-10T13:16:00.6432159Z env:
2026-10-10T13:16:00.6432373Z   CARGO_HOME: /home/runner/.cargo
2026-10-10T13:16:00.6432651Z   CARGO_INCREMENTAL: 0
2026-10-10T13:16:00.6432911Z   CARGO_TERM_COLOR: always
2026-10-10T13:16:00.6433156Z ##[endgroup]
2026-10-10T13:16:00.7166086Z [1m[92m    Updating[0m crates.io index
2026-10-10T13:16:01.0714096Z [1m[92m Downloading[0m crates ...
2026-10-10T13:16:01.1058664Z [1m[92m  Downloaded[0m pyo3-ffi v0.29.0
2026-10-10T13:16:01.1151068Z [1m[92m  Downloaded[0m fastrand v2.4.1
2026-10-10T13:16:01.1168475Z [1m[92m  Downloaded[0m anstyle-query v1.1.5
2026-10-10T13:16:01.1183120Z [1m[92m  Downloaded[0m crossbeam-deque v0.8.6
2026-10-10T13:16:01.1199467Z [1m[92m  Downloaded[0m rustversion v1.0.22
2026-10-10T13:16:01.1236954Z [1m[92m  Downloaded[0m aes-gcm v0.11.1
2026-10-10T13:16:01.1270804Z [1m[92m  Downloaded[0m anstyle v1.0.14
2026-10-10T13:16:01.1285292Z [1m[92m  Downloaded[0m wasm-bindgen-macro v0.2.125
2026-10-10T13:16:01.1296259Z [1m[92m  Downloaded[0m anstyle-parse v1.0.0
2026-10-10T13:16:01.1312510Z [1m[92m  Downloaded[0m ctr v0.10.1
2026-10-10T13:16:01.1334111Z [1m[92m  Downloaded[0m leb128fmt v0.1.0
2026-10-10T13:16:01.1344770Z [1m[92m  Downloaded[0m anstream v1.0.0
2026-10-10T13:16:01.1365612Z [1m[92m  Downloaded[0m wasm-bindgen v0.2.125
2026-10-10T13:16:01.1396676Z [1m[92m  Downloaded[0m clap v4.6.1
2026-10-10T13:16:01.1489579Z [1m[92m  Downloaded[0m target-lexicon v0.13.5
2026-10-10T13:16:01.1505619Z [1m[92m  Downloaded[0m aes v0.9.3
2026-10-10T13:16:01.1543086Z [1m[92m  Downloaded[0m getrandom v0.3.4
2026-10-10T13:16:01.1577415Z [1m[92m  Downloaded[0m colorchoice v1.0.5
2026-10-10T13:16:01.1587216Z [1m[92m  Downloaded[0m crossbeam-epoch v0.9.18
2026-10-10T13:16:01.1611278Z [1m[92m  Downloaded[0m aead v0.6.1
2026-10-10T13:16:01.1626258Z [1m[92m  Downloaded[0m is_terminal_polyfill v1.70.2
2026-10-10T13:16:01.1635704Z [1m[92m  Downloaded[0m quote v1.0.46
2026-10-10T13:16:01.1662411Z [1m[92m  Downloaded[0m const-oid v0.10.2
2026-10-10T13:16:01.1685437Z [1m[92m  Downloaded[0m clap_lex v1.1.0
2026-10-10T13:16:01.1696231Z [1m[92m  Downloaded[0m ctutils v0.4.2
2026-10-10T13:16:01.1715292Z [1m[92m  Downloaded[0m universal-hash v0.6.1
2026-10-10T13:16:01.1724765Z [1m[92m  Downloaded[0m wasm-encoder v0.259.0
2026-10-10T13:16:01.1764458Z [1m[92m  Downloaded[0m clap_derive v4.6.1
2026-10-10T13:16:01.1785872Z [1m[92m  Downloaded[0m clap_builder v4.6.0
2026-10-10T13:16:01.1849574Z [1m[92m  Downloaded[0m hashbrown v0.17.1
2026-10-10T13:16:01.1901296Z [1m[92m  Downloaded[0m wasm-bindgen-shared v0.2.125
2026-10-10T13:16:01.1911615Z [1m[92m  Downloaded[0m bumpalo v3.20.3
2026-10-10T13:16:01.1937420Z [1m[92m  Downloaded[0m pyo3-build-config v0.29.0
2026-10-10T13:16:01.1949796Z [1m[92m  Downloaded[0m cmov v0.5.4
2026-10-10T13:16:01.1967195Z [1m[92m  Downloaded[0m strsim v0.11.1
2026-10-10T13:16:01.1980122Z [1m[92m  Downloaded[0m cpubits v0.1.1
2026-10-10T13:16:01.1988863Z [1m[92m  Downloaded[0m inout v0.2.2
2026-10-10T13:16:01.2000731Z [1m[92m  Downloaded[0m pyo3-macros v0.29.0
2026-10-10T13:16:01.2009205Z [1m[92m  Downloaded[0m rayon-core v1.13.0
2026-10-10T13:16:01.2045568Z [1m[92m  Downloaded[0m polyval v0.7.3
2026-10-10T13:16:01.2066203Z [1m[92m  Downloaded[0m proc-macro2 v1.0.106
2026-10-10T13:16:01.2095545Z [1m[92m  Downloaded[0m unicode-ident v1.0.24
2026-10-10T13:16:01.2122498Z [1m[92m  Downloaded[0m visual-hashing v1.0.0
2026-10-10T13:16:01.2144571Z [1m[92m  Downloaded[0m either v1.16.0
2026-10-10T13:16:01.2159051Z [1m[92m  Downloaded[0m wasm-bindgen-macro-support v0.2.125
2026-10-10T13:16:01.2178792Z [1m[92m  Downloaded[0m ghash v0.6.0
2026-10-10T13:16:01.2189932Z [1m[92m  Downloaded[0m heck v0.5.0
2026-10-10T13:16:01.2202809Z [1m[92m  Downloaded[0m utf8parse v0.2.2
2026-10-10T13:16:01.2211932Z [1m[92m  Downloaded[0m twox-hash v2.1.2
2026-10-10T13:16:01.2233974Z [1m[92m  Downloaded[0m cipher v0.5.2
2026-10-10T13:16:01.2257386Z [1m[92m  Downloaded[0m crossbeam-utils v0.8.21
2026-10-10T13:16:01.2284144Z [1m[92m  Downloaded[0m once_cell v1.21.4
2026-10-10T13:16:01.2309067Z [1m[92m  Downloaded[0m pyo3-macros-backend v0.29.0
2026-10-10T13:16:01.2336702Z [1m[92m  Downloaded[0m rayon v1.12.0
2026-10-10T13:16:01.2430276Z [1m[92m  Downloaded[0m syn v2.0.118
2026-10-10T13:16:01.2538231Z [1m[92m  Downloaded[0m libc v0.2.186
2026-10-10T13:16:01.2927589Z [1m[92m  Downloaded[0m structured-zstd v0.0.49
2026-10-10T13:16:01.3212988Z [1m[92m  Downloaded[0m pyo3 v0.29.0
2026-10-10T13:16:01.5574245Z [1m[92m    Checking[0m typenum v1.20.1
2026-10-10T13:16:01.5575427Z [1m[92m    Checking[0m purrdf-hash v3.0.1 (/home/runner/work/purrdf/purrdf/crates/hash)
2026-10-10T13:16:01.5576755Z [1m[92m    Checking[0m cpufeatures v0.3.0
2026-10-10T13:16:01.5577337Z [1m[92m    Checking[0m cfg-if v1.0.4
2026-10-10T13:16:01.5823358Z [1m[92m    Checking[0m const-oid v0.10.2
2026-10-10T13:16:01.5897001Z [1m[92m    Checking[0m regex-syntax v0.8.11
2026-10-10T13:16:01.6888738Z [1m[92m   Compiling[0m libc v0.2.186
2026-10-10T13:16:02.9967067Z [1m[92m    Checking[0m hybrid-array v0.4.15
2026-10-10T13:16:03.2178530Z [1m[92m    Checking[0m purrdf-events v3.0.1 (/home/runner/work/purrdf/purrdf/crates/rdf-events)
2026-10-10T13:16:03.2927111Z [1m[92m    Checking[0m regex-automata v0.4.14
2026-10-10T13:16:03.4183993Z [1m[92m    Checking[0m purrdf-stack v3.0.1 (/home/runner/work/purrdf/purrdf/crates/stack)
2026-10-10T13:16:03.5057589Z [1m[92m   Compiling[0m purrdf-core v3.0.1 (/home/runner/work/purrdf/purrdf/crates/rdf-core)
2026-10-10T13:16:03.6593443Z [1m[92m    Checking[0m crypto-common v0.2.2
2026-10-10T13:16:04.2607355Z [1m[92m    Checking[0m block-buffer v0.12.1
2026-10-10T13:16:04.3107362Z [1m[92m    Checking[0m purrdf-lex v3.0.1 (/home/runner/work/purrdf/purrdf/crates/lex)
2026-10-10T13:16:04.3463537Z [1m[92m    Checking[0m digest v0.11.3
2026-10-10T13:16:04.4437196Z [1m[92m    Checking[0m sha2 v0.11.0
2026-10-10T13:16:05.0480504Z [1m[92m    Checking[0m purrdf-deflate v3.0.1 (/home/runner/work/purrdf/purrdf/crates/deflate)
2026-10-10T13:16:05.0596593Z [1m[92m    Checking[0m purrdf-testkit v3.0.1 (/home/runner/work/purrdf/purrdf/crates/testkit)
2026-10-10T13:16:05.3087254Z [1m[92m    Checking[0m regex v1.12.4
2026-10-10T13:16:05.4910346Z [1m[92m    Checking[0m hashbrown v0.17.1
2026-10-10T13:16:05.6138648Z [1m[92m   Compiling[0m crossbeam-utils v0.8.21
2026-10-10T13:16:06.0357017Z [1m[92m   Compiling[0m rayon-core v1.13.0
2026-10-10T13:16:06.1277243Z [1m[92m    Checking[0m either v1.16.0
2026-10-10T13:16:06.2607022Z [1m[92m   Compiling[0m getrandom v0.3.4
2026-10-10T13:16:06.2752117Z [1m[92m    Checking[0m crossbeam-epoch v0.9.18
2026-10-10T13:16:06.4217912Z [1m[92m    Checking[0m purrdf-alloc-probe v3.0.1 (/home/runner/work/purrdf/purrdf/crates/alloc-probe)
2026-10-10T13:16:06.4777230Z [1m[92m    Checking[0m crossbeam-deque v0.8.6
2026-10-10T13:16:06.5137155Z [1m[92m    Checking[0m inout v0.2.2
2026-10-10T13:16:06.5787152Z [1m[92m    Checking[0m cmov v0.5.4
2026-10-10T13:16:06.7207658Z [1m[92m    Checking[0m ctutils v0.4.2
2026-10-10T13:16:06.7622465Z [1m[92m    Checking[0m purrdf-ed25519 v3.0.1 (/home/runner/work/purrdf/purrdf/crates/ed25519)
2026-10-10T13:16:06.8817058Z [1m[92m    Checking[0m fastrand v2.4.1
2026-10-10T13:16:06.9365354Z [1m[92m    Checking[0m cpubits v0.1.1
2026-10-10T13:16:06.9557350Z [1m[92m    Checking[0m rayon v1.12.0
2026-10-10T13:16:06.9606866Z [1m[92m    Checking[0m twox-hash v2.1.2
2026-10-10T13:16:06.9950124Z [1m[92m    Checking[0m universal-hash v0.6.1
2026-10-10T13:16:07.0127372Z [1m[92m    Checking[0m structured-zstd v0.0.49
2026-10-10T13:16:07.0381681Z [1m[92m    Checking[0m cipher v0.5.2
2026-10-10T13:16:07.2227331Z [1m[92m    Checking[0m polyval v0.7.3
2026-10-10T13:16:07.2457210Z [1m[92m    Checking[0m purrdf-xsd v3.0.1 (/home/runner/work/purrdf/purrdf/crates/xsd)
2026-10-10T13:16:07.3147361Z [1m[92m    Checking[0m purrdf-iri v3.0.1 (/home/runner/work/purrdf/purrdf/crates/iri)
2026-10-10T13:16:08.4217678Z [1m[92m    Checking[0m ghash v0.6.0
2026-10-10T13:16:08.4587178Z [1m[92m    Checking[0m ctr v0.10.1
2026-10-10T13:16:08.5527024Z [1m[92m    Checking[0m aes v0.9.3
2026-10-10T13:16:08.9027285Z [1m[92m    Checking[0m aead v0.6.1
2026-10-10T13:16:08.9537234Z [1m[92m    Checking[0m aes-gcm v0.11.1
2026-10-10T13:16:09.0017375Z [1m[92m    Checking[0m purrdf-cdt v3.0.1 (/home/runner/work/purrdf/purrdf/crates/cdt)
2026-10-10T13:16:09.0197174Z [1m[92m    Checking[0m visual-hashing v1.0.0
2026-10-10T13:16:09.0866972Z [1m[92m    Checking[0m unicode-ident v1.0.24
2026-10-10T13:16:09.0997858Z [1m[92m    Checking[0m purrdf-jsonschema v3.0.1 (/home/runner/work/purrdf/purrdf/crates/jsonschema)
2026-10-10T13:16:09.1337231Z [1m[92m   Compiling[0m proc-macro2 v1.0.106
2026-10-10T13:16:09.5487885Z [1m[92m    Checking[0m purrdf-sparql-algebra v3.0.1 (/home/runner/work/purrdf/purrdf/crates/sparql-algebra)
2026-10-10T13:16:10.3047065Z [1m[92m   Compiling[0m quote v1.0.46
2026-10-10T13:16:10.4127654Z [1m[92m    Checking[0m purrdf-gts v3.0.1 (/home/runner/work/purrdf/purrdf/crates/gts)
2026-10-10T13:16:11.1746557Z [1m[92m    Checking[0m syn v2.0.118
2026-10-10T13:16:14.1219901Z [1m[92m   Compiling[0m heck v0.5.0
2026-10-10T13:16:14.3150738Z [1m[92m    Checking[0m utf8parse v0.2.2
2026-10-10T13:16:14.3537205Z [1m[92m    Checking[0m anstyle-parse v1.0.0
2026-10-10T13:16:14.4407083Z [1m[92m    Checking[0m is_terminal_polyfill v1.70.2
2026-10-10T13:16:14.4677010Z [1m[92m    Checking[0m anstyle v1.0.14
2026-10-10T13:16:14.5862270Z [1m[92m    Checking[0m anstyle-query v1.1.5
2026-10-10T13:16:14.6167108Z [1m[92m    Checking[0m colorchoice v1.0.5
2026-10-10T13:16:14.6437087Z [1m[92m    Checking[0m anstream v1.0.0
2026-10-10T13:16:14.7897585Z [1m[92m    Checking[0m clap_lex v1.1.0
2026-10-10T13:16:14.8857090Z [1m[92m    Checking[0m strsim v0.11.1
2026-10-10T13:16:15.0287142Z [1m[92m    Checking[0m clap_builder v4.6.0
2026-10-10T13:16:15.0617086Z [1m[92m   Compiling[0m wasm-bindgen-shared v0.2.125
2026-10-10T13:16:15.3687332Z [1m[92m   Compiling[0m target-lexicon v0.13.5
2026-10-10T13:16:16.2190237Z [1m[92m   Compiling[0m rustversion v1.0.22
2026-10-10T13:16:17.3437317Z [1m[92m   Compiling[0m pyo3-build-config v0.29.0
2026-10-10T13:16:18.7979674Z [1m[92m    Checking[0m purrdf-hash-conformance v3.0.1 (/home/runner/work/purrdf/purrdf/crates/hash-conformance)
2026-10-10T13:16:18.8307018Z [1m[92m   Compiling[0m bumpalo v3.20.3
2026-10-10T13:16:19.1107092Z [1m[92m    Checking[0m once_cell v1.21.4
2026-10-10T13:16:19.2257725Z [1m[92m   Compiling[0m wasm-bindgen-macro-support v0.2.125
2026-10-10T13:16:20.0797954Z [1m[92m    Checking[0m purrdf-sparql-results v3.0.1 (/home/runner/work/purrdf/purrdf/crates/sparql-results)
2026-10-10T13:16:20.4743975Z [1m[92m    Checking[0m purrdf-sparql-eval v3.0.1 (/home/runner/work/purrdf/purrdf/crates/sparql-eval)
2026-10-10T13:16:21.7047690Z [1m[92m    Checking[0m purrdf-datalog v3.0.1 (/home/runner/work/purrdf/purrdf/crates/datalog)
2026-10-10T13:16:23.5483702Z [1m[92m    Checking[0m purrdf-entail v3.0.1 (/home/runner/work/purrdf/purrdf/crates/entail)
2026-10-10T13:16:27.4304733Z [1m[92m    Checking[0m purrdf-shex v3.0.1 (/home/runner/work/purrdf/purrdf/crates/shex)
2026-10-10T13:16:28.0407322Z [1m[92m    Checking[0m purrdf-rdf v3.0.1 (/home/runner/work/purrdf/purrdf/crates/rdf)
2026-10-10T13:16:28.4642430Z [1m[92m    Checking[0m purrdf-text v3.0.1 (/home/runner/work/purrdf/purrdf/crates/text)
2026-10-10T13:16:30.4837787Z [1m[92m    Checking[0m purrdf-retrieval v3.0.1 (/home/runner/work/purrdf/purrdf/crates/retrieval)
2026-10-10T13:16:32.5059762Z [1m[92m    Checking[0m purrdf-hnsw v3.0.1 (/home/runner/work/purrdf/purrdf/crates/hnsw)
2026-10-10T13:16:33.1057461Z [1m[92m    Checking[0m purrdf-geo v3.0.1 (/home/runner/work/purrdf/purrdf/crates/geo)
2026-10-10T13:16:34.1177778Z [1m[92m    Checking[0m purrdf-markdown v3.0.1 (/home/runner/work/purrdf/purrdf/crates/markdown)
2026-10-10T13:16:34.5697371Z [1m[92m    Checking[0m purrdf-columnar v3.0.1 (/home/runner/work/purrdf/purrdf/crates/columnar)
2026-10-10T13:16:35.1427232Z [1m[92m    Checking[0m purrdf-mime v3.0.1 (/home/runner/work/purrdf/purrdf/crates/mime)
2026-10-10T13:16:35.5258246Z [1m[92m    Checking[0m purrdf-json v3.0.1 (/home/runner/work/purrdf/purrdf/crates/json)
2026-10-10T13:16:35.7508309Z [1m[92m    Checking[0m purrdf-conformance-kit v3.0.1 (/home/runner/work/purrdf/purrdf/crates/conformance-kit)
2026-10-10T13:16:36.2789401Z [1m[92m   Compiling[0m wasm-bindgen v0.2.125
2026-10-10T13:16:36.5207139Z [1m[92m   Compiling[0m pyo3-ffi v0.29.0
2026-10-10T13:16:37.0347201Z [1m[92m    Checking[0m leb128fmt v0.1.0
2026-10-10T13:16:37.1207453Z [1m[92m    Checking[0m wasm-encoder v0.259.0
2026-10-10T13:16:37.9710392Z [1m[92m   Compiling[0m pyo3 v0.29.0
2026-10-10T13:16:38.1227252Z [1m[92m   Compiling[0m pyo3-macros-backend v0.29.0
2026-10-10T13:16:38.2256859Z [1m[92m    Checking[0m purrdf-slice v3.0.1 (/home/runner/work/purrdf/purrdf/crates/slice)
2026-10-10T13:16:39.0637576Z [1m[92m    Checking[0m purrdf-shapes v3.0.1 (/home/runner/work/purrdf/purrdf/crates/shapes)
2026-10-10T13:16:46.9877159Z [1m[92m   Compiling[0m clap_derive v4.6.1
2026-10-10T13:16:50.0967557Z [1m[92m    Checking[0m purrdf-validate v3.0.1 (/home/runner/work/purrdf/purrdf/crates/validate)
2026-10-10T13:16:51.3017797Z [1m[92m    Checking[0m purrdf v3.0.1 (/home/runner/work/purrdf/purrdf/crates/purrdf)
2026-10-10T13:16:51.5478474Z [1m[92m    Checking[0m purrdf-sparql-conformance v3.0.1 (/home/runner/work/purrdf/purrdf/crates/sparql-conformance)
2026-10-10T13:16:52.5648022Z [1m[92m    Checking[0m purrdf-bench v3.0.1 (/home/runner/work/purrdf/purrdf/crates/bench)
2026-10-10T13:16:52.9347510Z [1m[92m    Checking[0m purrdf-capi v3.0.1 (/home/runner/work/purrdf/purrdf/crates/rdf-capi)
2026-10-10T13:16:53.7727504Z [1m[92m    Checking[0m purrdf-envelope-probe v3.0.1 (/home/runner/work/purrdf/purrdf/crates/envelope-probe)
2026-10-10T13:16:53.9407417Z [1m[92m    Checking[0m wasm-link v3.0.1 (/home/runner/work/purrdf/purrdf/crates/wasm-link)
2026-10-10T13:16:58.1527512Z [1m[92m   Compiling[0m wasm-bindgen-macro v0.2.125
2026-10-10T13:16:59.8180679Z [1m[92m    Checking[0m purrdf-wasm v3.0.1 (/home/runner/work/purrdf/purrdf/crates/rdf-wasm)
2026-10-10T13:17:03.2837237Z [1m[92m    Checking[0m clap v4.6.1
2026-10-10T13:17:03.3077381Z [1m[92m    Checking[0m purrdf-cli v3.0.1 (/home/runner/work/purrdf/purrdf/crates/cli)
2026-10-10T13:17:10.9893955Z [1m[92m   Compiling[0m pyo3-macros v0.29.0
2026-10-10T13:17:26.2937578Z [1m[92m    Checking[0m purrdf-python v3.0.1 (/home/runner/work/purrdf/purrdf/bindings/python)
2026-10-10T13:17:43.3627842Z [1m[92m    Checking[0m helper-census v3.0.1 (/home/runner/work/purrdf/purrdf/crates/helper-census)
2026-10-10T13:17:58.5409413Z [1m[92m    Finished[0m `dev` profile [optimized + debuginfo] target(s) in 1m 57s
2026-10-10T13:17:59.1458121Z ##[group]Run cargo clippy --workspace --all-targets --locked -- -D warnings
2026-10-10T13:17:59.1458684Z [36;1mcargo clippy --workspace --all-targets --locked -- -D warnings[0m
2026-10-10T13:17:59.1518593Z shell: /usr/bin/bash -e {0}
2026-10-10T13:17:59.1518851Z env:
2026-10-10T13:17:59.1519066Z   CARGO_HOME: /home/runner/.cargo
2026-10-10T13:17:59.1519332Z   CARGO_INCREMENTAL: 0
2026-10-10T13:17:59.1519559Z   CARGO_TERM_COLOR: always
2026-10-10T13:17:59.1519786Z ##[endgroup]
2026-10-10T13:17:59.5169906Z [1m[92m    Checking[0m purrdf-hash v3.0.1 (/home/runner/work/purrdf/purrdf/crates/hash)
2026-10-10T13:17:59.5214388Z [1m[92m    Checking[0m purrdf-events v3.0.1 (/home/runner/work/purrdf/purrdf/crates/rdf-events)
2026-10-10T13:17:59.5219159Z [1m[92m    Checking[0m purrdf-stack v3.0.1 (/home/runner/work/purrdf/purrdf/crates/stack)
2026-10-10T13:17:59.5286903Z [1m[92m   Compiling[0m purrdf-core v3.0.1 (/home/runner/work/purrdf/purrdf/crates/rdf-core)
2026-10-10T13:17:59.6108196Z [1m[92m    Checking[0m purrdf-alloc-probe v3.0.1 (/home/runner/work/purrdf/purrdf/crates/alloc-probe)
2026-10-10T13:17:59.6272244Z [1m[92m    Checking[0m wasm-link v3.0.1 (/home/runner/work/purrdf/purrdf/crates/wasm-link)
2026-10-10T13:18:01.8807376Z [1m[92m    Checking[0m purrdf-lex v3.0.1 (/home/runner/work/purrdf/purrdf/crates/lex)
2026-10-10T13:18:01.8808785Z [1m[92m    Checking[0m purrdf-testkit v3.0.1 (/home/runner/work/purrdf/purrdf/crates/testkit)
2026-10-10T13:18:01.8810157Z [1m[92m    Checking[0m purrdf-deflate v3.0.1 (/home/runner/work/purrdf/purrdf/crates/deflate)
2026-10-10T13:18:02.2767596Z [1m[92m    Checking[0m purrdf-ed25519 v3.0.1 (/home/runner/work/purrdf/purrdf/crates/ed25519)
2026-10-10T13:18:03.2157685Z [1m[92m    Checking[0m purrdf-hash-conformance v3.0.1 (/home/runner/work/purrdf/purrdf/crates/hash-conformance)
2026-10-10T13:18:04.9046861Z [1m[92m    Checking[0m purrdf-xsd v3.0.1 (/home/runner/work/purrdf/purrdf/crates/xsd)
2026-10-10T13:18:04.9087437Z [1m[92m    Checking[0m purrdf-iri v3.0.1 (/home/runner/work/purrdf/purrdf/crates/iri)
2026-10-10T13:18:06.6938252Z [1m[92m    Checking[0m purrdf-cdt v3.0.1 (/home/runner/work/purrdf/purrdf/crates/cdt)
2026-10-10T13:18:06.7837980Z [1m[92m    Checking[0m purrdf-gts v3.0.1 (/home/runner/work/purrdf/purrdf/crates/gts)
2026-10-10T13:18:08.2037604Z [1m[92m    Checking[0m purrdf-sparql-algebra v3.0.1 (/home/runner/work/purrdf/purrdf/crates/sparql-algebra)
2026-10-10T13:18:09.5328130Z [1m[92m    Checking[0m purrdf-jsonschema v3.0.1 (/home/runner/work/purrdf/purrdf/crates/jsonschema)
2026-10-10T13:18:11.0338033Z [1m[92m    Checking[0m helper-census v3.0.1 (/home/runner/work/purrdf/purrdf/crates/helper-census)
2026-10-10T13:18:18.1597872Z [1m[92m    Checking[0m purrdf-sparql-results v3.0.1 (/home/runner/work/purrdf/purrdf/crates/sparql-results)
2026-10-10T13:18:18.2517563Z [1m[92m    Checking[0m purrdf-datalog v3.0.1 (/home/runner/work/purrdf/purrdf/crates/datalog)
2026-10-10T13:18:18.5337677Z [1m[92m    Checking[0m purrdf-sparql-eval v3.0.1 (/home/runner/work/purrdf/purrdf/crates/sparql-eval)
2026-10-10T13:18:20.1367502Z [1m[92m    Checking[0m purrdf-entail v3.0.1 (/home/runner/work/purrdf/purrdf/crates/entail)
2026-10-10T13:18:20.6337470Z [1m[92m    Checking[0m purrdf-shex v3.0.1 (/home/runner/work/purrdf/purrdf/crates/shex)
2026-10-10T13:18:21.7177772Z [1m[92m    Checking[0m purrdf-markdown v3.0.1 (/home/runner/work/purrdf/purrdf/crates/markdown)
2026-10-10T13:18:22.1447358Z [1m[92m    Checking[0m purrdf-json v3.0.1 (/home/runner/work/purrdf/purrdf/crates/json)
2026-10-10T13:18:22.3837280Z [1m[92m    Checking[0m purrdf-columnar v3.0.1 (/home/runner/work/purrdf/purrdf/crates/columnar)
2026-10-10T13:18:23.0217590Z [1m[92m    Checking[0m purrdf-mime v3.0.1 (/home/runner/work/purrdf/purrdf/crates/mime)
2026-10-10T13:18:23.3157963Z [1m[92m    Checking[0m purrdf-conformance-kit v3.0.1 (/home/runner/work/purrdf/purrdf/crates/conformance-kit)
2026-10-10T13:18:26.8048232Z [1m[92m    Checking[0m purrdf-rdf v3.0.1 (/home/runner/work/purrdf/purrdf/crates/rdf)
2026-10-10T13:18:30.8997089Z [1m[91merror[0m[1m: items after a test module[0m
2026-10-10T13:18:30.9026606Z     [1m[94m--> [0mcrates/entail/src/owl_dl/bounds.rs:677:1
2026-10-10T13:18:30.9056369Z      [1m[94m|[0m
2026-10-10T13:18:30.9086468Z [1m[94m 677[0m [1m[94m|[0m   mod owner_tests {
2026-10-10T13:18:30.9116417Z      [1m[94m|[0m   [1m[91m^^^^^^^^^^^^^^^[0m
2026-10-10T13:18:30.9146330Z [1m[94m...[0m
2026-10-10T13:18:30.9158074Z [1m[94m 747[0m [1m[94m|[0m   pub(super) enum Failure<E> {
2026-10-10T13:18:30.9206521Z      [1m[94m|[0m   [1m[91m^^^^^^^^^^^^^^^^^^^^^^^^^^[0m
2026-10-10T13:18:30.9236354Z [1m[94m...[0m
2026-10-10T13:18:30.9266755Z [1m[94m 753[0m [1m[94m|[0m   pub(super) struct Products<'a, E, P: FnMut() -> Result<(), E>> {
2026-10-10T13:18:30.9296618Z      [1m[94m|[0m   [1m[91m^^^^^^^^^^^^^^^^^^^^^^^^^^^^^^^^^^^^^^^^^^^^^^^^^^^^^^^^^^^^^^[0m
2026-10-10T13:18:30.9326370Z [1m[94m...[0m
2026-10-10T13:18:30.9356686Z [1m[94m 760[0m [1m[94m|[0m   impl<'a, E, P: FnMut() -> Result<(), E>> Products<'a, E, P> {
2026-10-10T13:18:30.9386562Z      [1m[94m|[0m   [1m[91m^^^^^^^^^^^^^^^^^^^^^^^^^^^^^^^^^^^^^^^^^^^^^^^^^^^^^^^^^^^[0m
2026-10-10T13:18:30.9416737Z [1m[94m...[0m
2026-10-10T13:18:30.9446738Z [1m[94m 845[0m [1m[94m|[0m   impl<E, P: FnMut() -> Result<(), E>> VecReserve for Products<'_, E, P> {
2026-10-10T13:18:30.9506775Z      [1m[94m|[0m   [1m[91m^^^^^^^^^^^^^^^^^^^^^^^^^^^^^^^^^^^^^^^^^^^^^^^^^^^^^^^^^^^^^^^^^^^^^^[0m
2026-10-10T13:18:30.9566441Z [1m[94m...[0m
2026-10-10T13:18:30.9626863Z [1m[94m 881[0m [1m[94m|[0m   struct RangeProducts<'a, 'p, E, P: FnMut() -> Result<(), E>> {
2026-10-10T13:18:30.9656643Z      [1m[94m|[0m   [1m[91m^^^^^^^^^^^^^^^^^^^^^^^^^^^^^^^^^^^^^^^^^^^^^^^^^^^^^^^^^^^^[0m
2026-10-10T13:18:30.9657321Z [1m[94m...[0m
2026-10-10T13:18:30.9664630Z [1m[94m 887[0m [1m[94m|[0m   impl<E, P: FnMut() -> Result<(), E>> purrdf_xsd::range::Storage for RangeProducts<'_, '_, E, P> {
2026-10-10T13:18:30.9696290Z      [1m[94m|[0m   [1m[91m^^^^^^^^^^^^^^^^^^^^^^^^^^^^^^^^^^^^^^^^^^^^^^^^^^^^^^^^^^^^^^^^^^^^^^^^^^^^^^^^^^^^^^^^^^^^^^^[0m
2026-10-10T13:18:30.9697658Z [1m[94m...[0m
2026-10-10T13:18:30.9698166Z [1m[94m 931[0m [1m[94m|[0m   enum Consequence {
2026-10-10T13:18:30.9698797Z      [1m[94m|[0m   [1m[91m^^^^^^^^^^^^^^^^[0m
2026-10-10T13:18:30.9699302Z [1m[94m...[0m
2026-10-10T13:18:30.9699787Z [1m[94m 937[0m [1m[94m|[0m   struct Implications {
2026-10-10T13:18:30.9700417Z      [1m[94m|[0m   [1m[91m^^^^^^^^^^^^^^^^^^^[0m
2026-10-10T13:18:30.9700947Z [1m[94m...[0m
2026-10-10T13:18:30.9701442Z [1m[94m 941[0m [1m[94m|[0m   impl Implications {
2026-10-10T13:18:30.9702073Z      [1m[94m|[0m   [1m[91m^^^^^^^^^^^^^^^^^[0m
2026-10-10T13:18:30.9702598Z [1m[94m...[0m
2026-10-10T13:18:30.9703090Z [1m[94m 970[0m [1m[94m|[0m   struct Closure {
2026-10-10T13:18:30.9703709Z      [1m[94m|[0m   [1m[91m^^^^^^^^^^^^^^[0m
2026-10-10T13:18:30.9704203Z [1m[94m...[0m
2026-10-10T13:18:30.9704661Z [1m[94m 975[0m [1m[94m|[0m   impl Closure {
2026-10-10T13:18:30.9705275Z      [1m[94m|[0m   [1m[91m^^^^^^^^^^^^[0m
2026-10-10T13:18:30.9706028Z [1m[94m...[0m
2026-10-10T13:18:30.9706577Z [1m[94m1091[0m [1m[94m|[0m [1m[91m/[0m fn role_path<E>(
2026-10-10T13:18:30.9707296Z [1m[94m1092[0m [1m[94m|[0m [1m[91m|[0m     kb: &Kb,
2026-10-10T13:18:30.9708006Z [1m[94m1093[0m [1m[94m|[0m [1m[91m|[0m     from: Role,
2026-10-10T13:18:30.9708721Z [1m[94m1094[0m [1m[94m|[0m [1m[91m|[0m     to: Role,
2026-10-10T13:18:30.9709329Z [1m[94m...[0m    [1m[91m|[0m
2026-10-10T13:18:30.9710202Z [1m[94m1097[0m [1m[94m|[0m [1m[91m|[0m     memory: &mut Products<'_, E, impl FnMut() -> Result<(), E>>,
2026-10-10T13:18:30.9711213Z [1m[94m1098[0m [1m[94m|[0m [1m[91m|[0m ) -> Result<bool, Failure<E>> {
2026-10-10T13:18:30.9712288Z      [1m[94m|[0m [1m[91m|_____________________________^[0m
2026-10-10T13:18:30.9712877Z      [1m[94m|[0m
2026-10-10T13:18:30.9714013Z      [1m[94m= [0m[1mhelp[0m: for further information visit https://rust-lang.github.io/rust-clippy/main/index.html#items_after_test_module
2026-10-10T13:18:30.9715630Z      [1m[94m= [0m[1mnote[0m: `-D clippy::items-after-test-module` implied by `-D warnings`
2026-10-10T13:18:30.9717230Z      [1m[94m= [0m[1mhelp[0m: to override `-D warnings` add `#[allow(clippy::items_after_test_module)]`
2026-10-10T13:18:30.9718315Z      [1m[94m= [0m[1mhelp[0m: move the items to before the test module was defined
2026-10-10T13:18:30.9718826Z 
2026-10-10T13:18:31.8117375Z [1m[92m    Checking[0m purrdf-text v3.0.1 (/home/runner/work/purrdf/purrdf/crates/text)
2026-10-10T13:18:32.2973794Z [1m[91merror[0m: could not compile `purrdf-entail` (lib test) due to 1 previous error
2026-10-10T13:18:32.2996509Z [1m[33mwarning[0m: build failed, waiting for other jobs to finish...
2026-10-10T13:18:41.4184285Z ##[error]Process completed with exit code 101.
2026-10-10T13:18:41.4562534Z Post job cleanup.
2026-10-10T13:18:41.5428623Z [command]/usr/bin/git version
2026-10-10T13:18:41.5467349Z git version 2.55.0
2026-10-10T13:18:41.5504868Z Temporarily overriding HOME='/home/runner/work/_temp/d12c1d18-d1af-4ba3-978a-6089619054ea' before making global git config changes
2026-10-10T13:18:41.5506481Z Adding repository directory to the temporary git global config as a safe directory
2026-10-10T13:18:41.5511445Z [command]/usr/bin/git config --global --add safe.directory /home/runner/work/purrdf/purrdf
2026-10-10T13:18:41.5543942Z Removing SSH command configuration
2026-10-10T13:18:41.5551088Z [command]/usr/bin/git config --local --name-only --get-regexp core\.sshCommand
2026-10-10T13:18:41.5586131Z [command]/usr/bin/git submodule foreach --recursive sh -c "git config --local --name-only --get-regexp 'core\.sshCommand' && git config --local --unset-all 'core.sshCommand' || :"
2026-10-10T13:18:41.5820475Z Removing HTTP extra header
2026-10-10T13:18:41.5826563Z [command]/usr/bin/git config --local --name-only --get-regexp http\.https\:\/\/github\.com\/\.extraheader
2026-10-10T13:18:41.5859674Z [command]/usr/bin/git submodule foreach --recursive sh -c "git config --local --name-only --get-regexp 'http\.https\:\/\/github\.com\/\.extraheader' && git config --local --unset-all 'http.https://github.com/.extraheader' || :"
2026-10-10T13:18:41.6092473Z Removing includeIf entries pointing to credentials config files
2026-10-10T13:18:41.6099010Z [command]/usr/bin/git config --local --name-only --get-regexp ^includeIf\.gitdir:
2026-10-10T13:18:41.6132150Z [command]/usr/bin/git submodule foreach --recursive git config --local --show-origin --name-only --get-regexp remote.origin.url
2026-10-10T13:18:41.6515436Z Cleaning up orphan processes
