2026-10-10T00:28:17.1641966Z Current runner version: '2.337.0'
2026-10-10T00:28:17.1661650Z ##[group]Runner Image Provisioner
2026-10-10T00:28:17.1662289Z Hosted Compute Agent
2026-10-10T00:28:17.1662683Z Version: 20261002.596
2026-10-10T00:28:17.1663120Z Commit: c3d12f3313a95f25162a1503be624f3b0617f8c0
2026-10-10T00:28:17.1663592Z Build Date: 2026-10-02T22:28:27Z
2026-10-10T00:28:17.1664094Z Worker ID: {7b7c57e0-b235-420d-879e-e99974af710e}
2026-10-10T00:28:17.1664590Z Region: westus3
2026-10-10T00:28:17.1664934Z Cloud: Azure
2026-10-10T00:28:17.1665311Z ##[endgroup]
2026-10-10T00:28:17.1666122Z ##[group]Operating System
2026-10-10T00:28:17.1666486Z Ubuntu
2026-10-10T00:28:17.1666908Z 24.04.5
2026-10-10T00:28:17.1667232Z LTS
2026-10-10T00:28:17.1667597Z ##[endgroup]
2026-10-10T00:28:17.1668221Z ##[group]Runner Image
2026-10-10T00:28:17.1668638Z Image: ubuntu-24.04
2026-10-10T00:28:17.1669084Z Version: 20261004.327.1
2026-10-10T00:28:17.1669853Z Included Software: https://github.com/actions/runner-images/blob/ubuntu24/20261004.327/images/ubuntu/Ubuntu2404-Readme.md
2026-10-10T00:28:17.1670795Z Image Release: https://github.com/actions/runner-images/releases/tag/ubuntu24%2F20261004.327
2026-10-10T00:28:17.1671365Z ##[endgroup]
2026-10-10T00:28:17.1672134Z ##[group]GITHUB_TOKEN Permissions
2026-10-10T00:28:17.1673417Z Contents: read
2026-10-10T00:28:17.1673841Z Metadata: read
2026-10-10T00:28:17.1674192Z ##[endgroup]
2026-10-10T00:28:17.1675816Z Secret source: Actions
2026-10-10T00:28:17.1676415Z Cache mode: write
2026-10-10T00:28:17.1676887Z Prepare workflow directory
2026-10-10T00:28:17.1910394Z Prepare all required actions
2026-10-10T00:28:17.1943987Z Getting action download info
2026-10-10T00:28:17.5000376Z Download action repository 'actions/checkout@9c091bb21b7c1c1d1991bb908d89e4e9dddfe3e0' (SHA:9c091bb21b7c1c1d1991bb908d89e4e9dddfe3e0)
2026-10-10T00:28:17.8845820Z Download action repository 'dtolnay/rust-toolchain@29eef336d9b2848a0b548edc03f92a220660cdb8' (SHA:29eef336d9b2848a0b548edc03f92a220660cdb8)
2026-10-10T00:28:18.2776599Z Download action repository 'actions/cache@0057852bfaa89a56745cba8c7296529d2fc39830' (SHA:0057852bfaa89a56745cba8c7296529d2fc39830)
2026-10-10T00:28:18.5590207Z Download action repository 'actions/upload-artifact@043fb46d1a93c77aae656e7c1c64a875d1fc6a0a' (SHA:043fb46d1a93c77aae656e7c1c64a875d1fc6a0a)
2026-10-10T00:28:18.8481417Z Complete job name: simd-asm-config (aarch64-neoverse-v1)
2026-10-10T00:28:18.9238665Z ##[group]Run actions/checkout@9c091bb21b7c1c1d1991bb908d89e4e9dddfe3e0
2026-10-10T00:28:18.9239310Z with:
2026-10-10T00:28:18.9239575Z   persist-credentials: false
2026-10-10T00:28:18.9239905Z   repository: Blackcat-Informatics/purrdf
2026-10-10T00:28:18.9242197Z   token: ***
2026-10-10T00:28:18.9242442Z   ssh-strict: true
2026-10-10T00:28:18.9242694Z   ssh-user: git
2026-10-10T00:28:18.9242941Z   clean: true
2026-10-10T00:28:18.9243207Z   sparse-checkout-cone-mode: true
2026-10-10T00:28:18.9243524Z   fetch-depth: 1
2026-10-10T00:28:18.9243790Z   fetch-tags: false
2026-10-10T00:28:18.9244060Z   show-progress: true
2026-10-10T00:28:18.9244373Z   lfs: false
2026-10-10T00:28:18.9244633Z   submodules: false
2026-10-10T00:28:18.9244901Z   set-safe-directory: true
2026-10-10T00:28:18.9245193Z   allow-unsafe-pr-checkout: false
2026-10-10T00:28:18.9245569Z ##[endgroup]
2026-10-10T00:28:19.0034667Z Syncing repository: Blackcat-Informatics/purrdf
2026-10-10T00:28:19.0036162Z ##[group]Getting Git version info
2026-10-10T00:28:19.0036575Z Working directory is '/home/runner/work/purrdf/purrdf'
2026-10-10T00:28:19.0037127Z [command]/usr/bin/git version
2026-10-10T00:28:19.0098513Z git version 2.55.0
2026-10-10T00:28:19.0112493Z ##[endgroup]
2026-10-10T00:28:19.0120731Z Temporarily overriding HOME='/home/runner/work/_temp/67cbd991-7112-4dc1-9ed4-98e98f8470af' before making global git config changes
2026-10-10T00:28:19.0121678Z Adding repository directory to the temporary git global config as a safe directory
2026-10-10T00:28:19.0124871Z [command]/usr/bin/git config --global --add safe.directory /home/runner/work/purrdf/purrdf
2026-10-10T00:28:19.0431463Z Deleting the contents of '/home/runner/work/purrdf/purrdf'
2026-10-10T00:28:19.0434845Z ##[group]Determining repository object format
2026-10-10T00:28:19.0435994Z ##[endgroup]
2026-10-10T00:28:19.0436478Z ##[group]Initializing the repository
2026-10-10T00:28:19.0439802Z [command]/usr/bin/git init /home/runner/work/purrdf/purrdf
2026-10-10T00:28:19.1054959Z hint: Using 'master' as the name for the initial branch. This default branch name
2026-10-10T00:28:19.1056339Z hint: will change to "main" in Git 3.0. To configure the initial branch name
2026-10-10T00:28:19.1057454Z hint: to use in all of your new repositories, which will suppress this warning,
2026-10-10T00:28:19.1058619Z hint: call:
2026-10-10T00:28:19.1059137Z hint:
2026-10-10T00:28:19.1059819Z hint: 	git config --global init.defaultBranch <name>
2026-10-10T00:28:19.1060388Z hint:
2026-10-10T00:28:19.1060924Z hint: Names commonly chosen instead of 'master' are 'main', 'trunk' and
2026-10-10T00:28:19.1061624Z hint: 'development'. The just-created branch can be renamed via this command:
2026-10-10T00:28:19.1062228Z hint:
2026-10-10T00:28:19.1062628Z hint: 	git branch -m <name>
2026-10-10T00:28:19.1063112Z hint:
2026-10-10T00:28:19.1063714Z hint: Disable this message with "git config set advice.defaultBranchName false"
2026-10-10T00:28:19.1064703Z Initialized empty Git repository in /home/runner/work/purrdf/purrdf/.git/
2026-10-10T00:28:19.1066948Z [command]/usr/bin/git remote add origin https://github.com/Blackcat-Informatics/purrdf
2026-10-10T00:28:19.1149866Z ##[endgroup]
2026-10-10T00:28:19.1150668Z ##[group]Disabling automatic garbage collection
2026-10-10T00:28:19.1152789Z [command]/usr/bin/git config --local gc.auto 0
2026-10-10T00:28:19.1250870Z ##[endgroup]
2026-10-10T00:28:19.1251998Z ##[group]Setting up auth
2026-10-10T00:28:19.1252428Z Removing SSH command configuration
2026-10-10T00:28:19.1255365Z [command]/usr/bin/git config --local --name-only --get-regexp core\.sshCommand
2026-10-10T00:28:19.1284492Z [command]/usr/bin/git submodule foreach --recursive sh -c "git config --local --name-only --get-regexp 'core\.sshCommand' && git config --local --unset-all 'core.sshCommand' || :"
2026-10-10T00:28:19.1619765Z Removing HTTP extra header
2026-10-10T00:28:19.1623945Z [command]/usr/bin/git config --local --name-only --get-regexp http\.https\:\/\/github\.com\/\.extraheader
2026-10-10T00:28:19.1653852Z [command]/usr/bin/git submodule foreach --recursive sh -c "git config --local --name-only --get-regexp 'http\.https\:\/\/github\.com\/\.extraheader' && git config --local --unset-all 'http.https://github.com/.extraheader' || :"
2026-10-10T00:28:19.1839753Z Removing includeIf entries pointing to credentials config files
2026-10-10T00:28:19.1840472Z [command]/usr/bin/git config --local --name-only --get-regexp ^includeIf\.gitdir:
2026-10-10T00:28:19.1865798Z [command]/usr/bin/git submodule foreach --recursive git config --local --show-origin --name-only --get-regexp remote.origin.url
2026-10-10T00:28:19.2046404Z [command]/usr/bin/git config --file /home/runner/work/_temp/git-credentials-7505442a-a2f1-42c6-b720-dd1850efd91a.config http.https://github.com/.extraheader AUTHORIZATION: basic ***
2026-10-10T00:28:19.2341400Z [command]/usr/bin/git config --local includeIf.gitdir:/home/runner/work/purrdf/purrdf/.git.path /home/runner/work/_temp/git-credentials-7505442a-a2f1-42c6-b720-dd1850efd91a.config
2026-10-10T00:28:19.2843930Z [command]/usr/bin/git config --local includeIf.gitdir:/home/runner/work/purrdf/purrdf/.git/worktrees/*.path /home/runner/work/_temp/git-credentials-7505442a-a2f1-42c6-b720-dd1850efd91a.config
2026-10-10T00:28:19.3752130Z [command]/usr/bin/git config --local includeIf.gitdir:/github/workspace/.git.path /github/runner_temp/git-credentials-7505442a-a2f1-42c6-b720-dd1850efd91a.config
2026-10-10T00:28:19.4249540Z [command]/usr/bin/git config --local includeIf.gitdir:/github/workspace/.git/worktrees/*.path /github/runner_temp/git-credentials-7505442a-a2f1-42c6-b720-dd1850efd91a.config
2026-10-10T00:28:19.5140280Z ##[endgroup]
2026-10-10T00:28:19.5141466Z ##[group]Fetching the repository
2026-10-10T00:28:19.5146196Z [command]/usr/bin/git -c protocol.version=2 fetch --no-tags --prune --no-recurse-submodules --depth=1 origin +86cb391debae265ef72b45ffe010ddde51bf5f3d:refs/remotes/pull/522/merge
2026-10-10T00:28:22.5995349Z From https://github.com/Blackcat-Informatics/purrdf
2026-10-10T00:28:22.5997340Z  * [new ref]           86cb391debae265ef72b45ffe010ddde51bf5f3d -> pull/522/merge
2026-10-10T00:28:22.6000349Z ##[endgroup]
2026-10-10T00:28:22.6001355Z ##[group]Determining the checkout info
2026-10-10T00:28:22.6002488Z ##[endgroup]
2026-10-10T00:28:22.6003095Z [command]/usr/bin/git sparse-checkout disable
2026-10-10T00:28:22.6048325Z [command]/usr/bin/git config --local --unset-all extensions.worktreeConfig
2026-10-10T00:28:22.6071930Z ##[group]Checking out the ref
2026-10-10T00:28:22.6073596Z [command]/usr/bin/git checkout --progress --force refs/remotes/pull/522/merge
2026-10-10T00:28:23.5836804Z Note: switching to 'refs/remotes/pull/522/merge'.
2026-10-10T00:28:23.5837308Z 
2026-10-10T00:28:23.5837995Z You are in 'detached HEAD' state. You can look around, make experimental
2026-10-10T00:28:23.5838621Z changes and commit them, and you can discard any commits you make in this
2026-10-10T00:28:23.5839240Z state without impacting any branches by switching back to a branch.
2026-10-10T00:28:23.5839763Z 
2026-10-10T00:28:23.5840283Z If you want to create a new branch to retain commits you create, you may
2026-10-10T00:28:23.5840734Z do so (now or later) by using -c with the switch command. Example:
2026-10-10T00:28:23.5840980Z 
2026-10-10T00:28:23.5841095Z   git switch -c <new-branch-name>
2026-10-10T00:28:23.5841259Z 
2026-10-10T00:28:23.5841376Z Or undo this operation with:
2026-10-10T00:28:23.5841527Z 
2026-10-10T00:28:23.5841615Z   git switch -
2026-10-10T00:28:23.5841765Z 
2026-10-10T00:28:23.5842042Z Turn off this advice by setting config variable advice.detachedHead to false
2026-10-10T00:28:23.5843030Z 
2026-10-10T00:28:23.5843943Z HEAD is now at 86cb391d Merge 08ed781ba21010308d31f5b126b216d5befb3a80 into d608b0584e11cb803347ab1edc09c90d2dadbada
2026-10-10T00:28:23.5864113Z ##[endgroup]
2026-10-10T00:28:23.5905288Z [command]/usr/bin/git log -1 --format=%H
2026-10-10T00:28:23.5927915Z 86cb391debae265ef72b45ffe010ddde51bf5f3d
2026-10-10T00:28:23.5936657Z ##[group]Removing auth
2026-10-10T00:28:23.5937457Z Removing SSH command configuration
2026-10-10T00:28:23.5939891Z [command]/usr/bin/git config --local --name-only --get-regexp core\.sshCommand
2026-10-10T00:28:23.5964464Z [command]/usr/bin/git submodule foreach --recursive sh -c "git config --local --name-only --get-regexp 'core\.sshCommand' && git config --local --unset-all 'core.sshCommand' || :"
2026-10-10T00:28:23.6144262Z Removing HTTP extra header
2026-10-10T00:28:23.6144855Z [command]/usr/bin/git config --local --name-only --get-regexp http\.https\:\/\/github\.com\/\.extraheader
2026-10-10T00:28:23.6169374Z [command]/usr/bin/git submodule foreach --recursive sh -c "git config --local --name-only --get-regexp 'http\.https\:\/\/github\.com\/\.extraheader' && git config --local --unset-all 'http.https://github.com/.extraheader' || :"
2026-10-10T00:28:23.6349265Z Removing includeIf entries pointing to credentials config files
2026-10-10T00:28:23.6352139Z [command]/usr/bin/git config --local --name-only --get-regexp ^includeIf\.gitdir:
2026-10-10T00:28:23.6375586Z includeif.gitdir:/home/runner/work/purrdf/purrdf/.git.path
2026-10-10T00:28:23.6375994Z includeif.gitdir:/home/runner/work/purrdf/purrdf/.git/worktrees/*.path
2026-10-10T00:28:23.6376317Z includeif.gitdir:/github/workspace/.git.path
2026-10-10T00:28:23.6376611Z includeif.gitdir:/github/workspace/.git/worktrees/*.path
2026-10-10T00:28:23.6383354Z [command]/usr/bin/git config --local --get-all includeif.gitdir:/home/runner/work/purrdf/purrdf/.git.path
2026-10-10T00:28:23.6400635Z /home/runner/work/_temp/git-credentials-7505442a-a2f1-42c6-b720-dd1850efd91a.config
2026-10-10T00:28:23.6408125Z [command]/usr/bin/git config --local --unset includeif.gitdir:/home/runner/work/purrdf/purrdf/.git.path /home/runner/work/_temp/git-credentials-7505442a-a2f1-42c6-b720-dd1850efd91a.config
2026-10-10T00:28:23.6458893Z [command]/usr/bin/git config --local --get-all includeif.gitdir:/home/runner/work/purrdf/purrdf/.git/worktrees/*.path
2026-10-10T00:28:23.6475963Z /home/runner/work/_temp/git-credentials-7505442a-a2f1-42c6-b720-dd1850efd91a.config
2026-10-10T00:28:23.6482087Z [command]/usr/bin/git config --local --unset includeif.gitdir:/home/runner/work/purrdf/purrdf/.git/worktrees/*.path /home/runner/work/_temp/git-credentials-7505442a-a2f1-42c6-b720-dd1850efd91a.config
2026-10-10T00:28:23.6511321Z [command]/usr/bin/git config --local --get-all includeif.gitdir:/github/workspace/.git.path
2026-10-10T00:28:23.6527572Z /github/runner_temp/git-credentials-7505442a-a2f1-42c6-b720-dd1850efd91a.config
2026-10-10T00:28:23.6532783Z [command]/usr/bin/git config --local --unset includeif.gitdir:/github/workspace/.git.path /github/runner_temp/git-credentials-7505442a-a2f1-42c6-b720-dd1850efd91a.config
2026-10-10T00:28:23.6559723Z [command]/usr/bin/git config --local --get-all includeif.gitdir:/github/workspace/.git/worktrees/*.path
2026-10-10T00:28:23.6576005Z /github/runner_temp/git-credentials-7505442a-a2f1-42c6-b720-dd1850efd91a.config
2026-10-10T00:28:23.6583172Z [command]/usr/bin/git config --local --unset includeif.gitdir:/github/workspace/.git/worktrees/*.path /github/runner_temp/git-credentials-7505442a-a2f1-42c6-b720-dd1850efd91a.config
2026-10-10T00:28:23.6608325Z [command]/usr/bin/git submodule foreach --recursive git config --local --show-origin --name-only --get-regexp remote.origin.url
2026-10-10T00:28:23.6780449Z Removing credentials config '/home/runner/work/_temp/git-credentials-7505442a-a2f1-42c6-b720-dd1850efd91a.config'
2026-10-10T00:28:23.6788880Z ##[endgroup]
2026-10-10T00:28:23.7010607Z ##[group]Run dtolnay/rust-toolchain@29eef336d9b2848a0b548edc03f92a220660cdb8
2026-10-10T00:28:23.7010848Z with:
2026-10-10T00:28:23.7010962Z   toolchain: nightly
2026-10-10T00:28:23.7011136Z   targets: wasm32-unknown-unknown, aarch64-unknown-linux-gnu
2026-10-10T00:28:23.7011322Z ##[endgroup]
2026-10-10T00:28:23.7070280Z ##[start-action display=Run : parse toolchain version;id=__dtolnay_rust-toolchain.parse]
2026-10-10T00:28:23.7102335Z ##[group]Run : parse toolchain version
2026-10-10T00:28:23.7102569Z [36;1m: parse toolchain version[0m
2026-10-10T00:28:23.7102727Z [36;1mif [[ -z $toolchain ]]; then[0m
2026-10-10T00:28:23.7103014Z [36;1m  # GitHub does not enforce `required: true` inputs itself. https://github.com/actions/runner/issues/1070[0m
2026-10-10T00:28:23.7103307Z [36;1m  echo "'toolchain' is a required input" >&2[0m
2026-10-10T00:28:23.7103467Z [36;1m  exit 1[0m
2026-10-10T00:28:23.7103695Z [36;1melif [[ $toolchain =~ ^stable' '[0-9]+' '(year|month|week|day)s?' 'ago$ ]]; then[0m
2026-10-10T00:28:23.7103916Z [36;1m  if [[ Linux == macOS ]]; then[0m
2026-10-10T00:28:23.7104203Z [36;1m    echo "toolchain=1.$((($(date -v-$(sed 's/stable \([0-9]*\) \(.\).*/\1\2/' <<< $toolchain) +%s)/60/60/24-16569)/7/6))" >> $GITHUB_OUTPUT[0m
2026-10-10T00:28:23.7104479Z [36;1m  else[0m
2026-10-10T00:28:23.7104700Z [36;1m    echo "toolchain=1.$((($(date --date "${toolchain#stable }" +%s)/60/60/24-16569)/7/6))" >> $GITHUB_OUTPUT[0m
2026-10-10T00:28:23.7104934Z [36;1m  fi[0m
2026-10-10T00:28:23.7105092Z [36;1melif [[ $toolchain =~ ^stable' 'minus' '[0-9]+' 'releases?$ ]]; then[0m
2026-10-10T00:28:23.7105375Z [36;1m  echo "toolchain=1.$((($(date +%s)/60/60/24-16569)/7/6-${toolchain//[^0-9]/}))" >> $GITHUB_OUTPUT[0m
2026-10-10T00:28:23.7105613Z [36;1melif [[ $toolchain =~ ^1\.[0-9]+$ ]]; then[0m
2026-10-10T00:28:23.7105881Z [36;1m  echo "toolchain=1.$((i=${toolchain#1.}, c=($(date +%s)/60/60/24-16569)/7/6, i+9*i*(10*i<=c)+90*i*(100*i<=c)))" >> $GITHUB_OUTPUT[0m
2026-10-10T00:28:23.7106138Z [36;1melse[0m
2026-10-10T00:28:23.7106273Z [36;1m  echo "toolchain=$toolchain" >> $GITHUB_OUTPUT[0m
2026-10-10T00:28:23.7106431Z [36;1mfi[0m
2026-10-10T00:28:23.7338305Z shell: /usr/bin/bash --noprofile --norc -e -o pipefail {0}
2026-10-10T00:28:23.7338549Z env:
2026-10-10T00:28:23.7338689Z   toolchain: nightly
2026-10-10T00:28:23.7338829Z ##[endgroup]
2026-10-10T00:28:23.7452720Z ##[end-action id=__dtolnay_rust-toolchain.parse;outcome=success;conclusion=success;duration_ms=38]
2026-10-10T00:28:23.7468309Z ##[start-action display=Run : construct rustup command line;id=__dtolnay_rust-toolchain.flags]
2026-10-10T00:28:23.7488635Z ##[group]Run : construct rustup command line
2026-10-10T00:28:23.7488836Z [36;1m: construct rustup command line[0m
2026-10-10T00:28:23.7489083Z [36;1mecho "targets=$(for t in ${targets//,/ }; do echo -n ' --target' $t; done)" >> $GITHUB_OUTPUT[0m
2026-10-10T00:28:23.7489421Z [36;1mecho "components=$(for c in ${components//,/ }; do echo -n ' --component' $c; done)" >> $GITHUB_OUTPUT[0m
2026-10-10T00:28:23.7489673Z [36;1mecho "downgrade=" >> $GITHUB_OUTPUT[0m
2026-10-10T00:28:23.7541942Z shell: /usr/bin/bash --noprofile --norc -e -o pipefail {0}
2026-10-10T00:28:23.7542134Z env:
2026-10-10T00:28:23.7542286Z   targets: wasm32-unknown-unknown, aarch64-unknown-linux-gnu
2026-10-10T00:28:23.7542462Z   components: 
2026-10-10T00:28:23.7542575Z ##[endgroup]
2026-10-10T00:28:23.7621930Z ##[end-action id=__dtolnay_rust-toolchain.flags;outcome=success;conclusion=success;duration_ms=15]
2026-10-10T00:28:23.7625208Z ##[start-action display=Run : set $CARGO_HOME;id=__dtolnay_rust-toolchain.__run]
2026-10-10T00:28:23.7644610Z ##[group]Run : set $CARGO_HOME
2026-10-10T00:28:23.7644771Z [36;1m: set $CARGO_HOME[0m
2026-10-10T00:28:23.7644945Z [36;1mecho CARGO_HOME=${CARGO_HOME:-"$HOME/.cargo"} >> $GITHUB_ENV[0m
2026-10-10T00:28:23.7694339Z shell: /usr/bin/bash --noprofile --norc -e -o pipefail {0}
2026-10-10T00:28:23.7694531Z ##[endgroup]
2026-10-10T00:28:23.7769177Z ##[end-action id=__dtolnay_rust-toolchain.__run;outcome=success;conclusion=success;duration_ms=14]
2026-10-10T00:28:23.7770897Z ##[start-action display=Run : install rustup if needed;id=__dtolnay_rust-toolchain.__run_2]
2026-10-10T00:28:23.7793834Z ##[group]Run : install rustup if needed
2026-10-10T00:28:23.7794019Z [36;1m: install rustup if needed[0m
2026-10-10T00:28:23.7794182Z [36;1mif ! command -v rustup &>/dev/null; then[0m
2026-10-10T00:28:23.7794591Z [36;1m  curl --proto '=https' --tlsv1.2 --retry 10 --retry-connrefused --location --silent --show-error --fail https://sh.rustup.rs | sh -s -- --default-toolchain none -y[0m
2026-10-10T00:28:23.7794968Z [36;1m  echo "$CARGO_HOME/bin" >> $GITHUB_PATH[0m
2026-10-10T00:28:23.7816664Z [36;1mfi[0m
2026-10-10T00:28:23.7870339Z shell: /usr/bin/bash --noprofile --norc -e -o pipefail {0}
2026-10-10T00:28:23.7870538Z env:
2026-10-10T00:28:23.7870663Z   CARGO_HOME: /home/runner/.cargo
2026-10-10T00:28:23.7870802Z ##[endgroup]
2026-10-10T00:28:23.7942095Z ##[end-action id=__dtolnay_rust-toolchain.__run_2;outcome=success;conclusion=success;duration_ms=17]
2026-10-10T00:28:23.7946125Z ##[start-action display=Run : install rustup if needed on windows;id=__dtolnay_rust-toolchain.__run_3]
2026-10-10T00:28:23.7951398Z ##[end-action id=__dtolnay_rust-toolchain.__run_3;outcome=skipped;conclusion=skipped;duration_ms=0]
2026-10-10T00:28:23.7953548Z ##[start-action display=rustup toolchain install nightly;id=__dtolnay_rust-toolchain.__run_4]
2026-10-10T00:28:23.7972987Z ##[group]Run rustup toolchain install nightly --target wasm32-unknown-unknown --target aarch64-unknown-linux-gnu --profile minimal --no-self-update
2026-10-10T00:28:23.7973536Z [36;1mrustup toolchain install nightly --target wasm32-unknown-unknown --target aarch64-unknown-linux-gnu --profile minimal --no-self-update[0m
2026-10-10T00:28:23.8022958Z shell: /usr/bin/bash --noprofile --norc -e -o pipefail {0}
2026-10-10T00:28:23.8023145Z env:
2026-10-10T00:28:23.8023266Z   CARGO_HOME: /home/runner/.cargo
2026-10-10T00:28:23.8023425Z   RUSTUP_PERMIT_COPY_RENAME: 1
2026-10-10T00:28:23.8023559Z ##[endgroup]
2026-10-10T00:28:23.8505007Z info: syncing channel updates for nightly-x86_64-unknown-linux-gnu
2026-10-10T00:28:24.1925764Z info: latest update on 2026-10-09 for version 1.101.0-nightly (a30aa9064 2026-10-08)
2026-10-10T00:28:24.1926382Z info: downloading 5 components
2026-10-10T00:28:34.2516160Z 
2026-10-10T00:28:34.2577939Z   nightly-x86_64-unknown-linux-gnu installed - rustc 1.101.0-nightly (a30aa9064 2026-10-08)
2026-10-10T00:28:34.2578317Z 
2026-10-10T00:28:34.2637076Z ##[end-action id=__dtolnay_rust-toolchain.__run_4;outcome=success;conclusion=success;duration_ms=10468]
2026-10-10T00:28:34.2642047Z ##[start-action display=Run rustup default nightly;id=__dtolnay_rust-toolchain.__run_5]
2026-10-10T00:28:34.3526132Z ##[group]Run rustup default nightly
2026-10-10T00:28:34.3526340Z [36;1mrustup default nightly[0m
2026-10-10T00:28:34.3578266Z shell: /usr/bin/bash --noprofile --norc -e -o pipefail {0}
2026-10-10T00:28:34.3578483Z env:
2026-10-10T00:28:34.3578602Z   CARGO_HOME: /home/runner/.cargo
2026-10-10T00:28:34.3578750Z ##[endgroup]
2026-10-10T00:28:34.4148668Z info: using existing install for nightly-x86_64-unknown-linux-gnu
2026-10-10T00:28:34.6188172Z info: default toolchain set to nightly-x86_64-unknown-linux-gnu
2026-10-10T00:28:34.6188469Z 
2026-10-10T00:28:34.6247407Z   nightly-x86_64-unknown-linux-gnu unchanged - rustc 1.101.0-nightly (a30aa9064 2026-10-08)
2026-10-10T00:28:34.6248301Z info: note that the toolchain 'nightly-x86_64-unknown-linux-gnu' is currently in use (overridden by '/home/runner/work/purrdf/purrdf/rust-toolchain.toml')
2026-10-10T00:28:34.6248822Z 
2026-10-10T00:28:34.6263652Z ##[end-action id=__dtolnay_rust-toolchain.__run_5;outcome=success;conclusion=success;duration_ms=362]
2026-10-10T00:28:34.6267533Z ##[start-action display=Run : create cachekey;id=__dtolnay_rust-toolchain.rustc-version]
2026-10-10T00:28:34.7318569Z ##[group]Run : create cachekey
2026-10-10T00:28:34.7319109Z [36;1m: create cachekey[0m
2026-10-10T00:28:34.7319555Z [36;1mDATE=$(rustc +nightly --version --verbose | sed -ne 's/^commit-date: \(20[0-9][0-9]\)-\([01][0-9]\)-\([0-3][0-9]\)$/\1\2\3/p')[0m
2026-10-10T00:28:34.7320143Z [36;1mHASH=$(rustc +nightly --version --verbose | sed -ne 's/^commit-hash: //p')[0m
2026-10-10T00:28:34.7320566Z [36;1mecho "cachekey=$(echo $DATE$HASH | head -c12)" >> $GITHUB_OUTPUT[0m
2026-10-10T00:28:34.7388223Z shell: /usr/bin/bash --noprofile --norc -e -o pipefail {0}
2026-10-10T00:28:34.7388425Z env:
2026-10-10T00:28:34.7388550Z   CARGO_HOME: /home/runner/.cargo
2026-10-10T00:28:34.7388696Z ##[endgroup]
2026-10-10T00:28:34.8651395Z ##[end-action id=__dtolnay_rust-toolchain.rustc-version;outcome=success;conclusion=success;duration_ms=238]
2026-10-10T00:28:34.8653589Z ##[start-action display=Run : disable incremental compilation;id=__dtolnay_rust-toolchain.__run_6]
2026-10-10T00:28:34.9408363Z ##[group]Run : disable incremental compilation
2026-10-10T00:28:34.9408741Z [36;1m: disable incremental compilation[0m
2026-10-10T00:28:34.9409022Z [36;1mif [ -z "${CARGO_INCREMENTAL+set}" ]; then[0m
2026-10-10T00:28:34.9409311Z [36;1m  echo CARGO_INCREMENTAL=0 >> $GITHUB_ENV[0m
2026-10-10T00:28:34.9409569Z [36;1mfi[0m
2026-10-10T00:28:34.9462916Z shell: /usr/bin/bash --noprofile --norc -e -o pipefail {0}
2026-10-10T00:28:34.9463108Z env:
2026-10-10T00:28:34.9463231Z   CARGO_HOME: /home/runner/.cargo
2026-10-10T00:28:34.9463374Z ##[endgroup]
2026-10-10T00:28:35.0523380Z ##[end-action id=__dtolnay_rust-toolchain.__run_6;outcome=success;conclusion=success;duration_ms=186]
2026-10-10T00:28:35.0526094Z ##[start-action display=Run : enable colors in Cargo output;id=__dtolnay_rust-toolchain.__run_7]
2026-10-10T00:28:35.1597195Z ##[group]Run : enable colors in Cargo output
2026-10-10T00:28:35.1597510Z [36;1m: enable colors in Cargo output[0m
2026-10-10T00:28:35.1597948Z [36;1mif [ -z "${CARGO_TERM_COLOR+set}" ]; then[0m
2026-10-10T00:28:35.1598251Z [36;1m  echo CARGO_TERM_COLOR=always >> $GITHUB_ENV[0m
2026-10-10T00:28:35.1598490Z [36;1mfi[0m
2026-10-10T00:28:35.1652846Z shell: /usr/bin/bash --noprofile --norc -e -o pipefail {0}
2026-10-10T00:28:35.1653037Z env:
2026-10-10T00:28:35.1653367Z   CARGO_HOME: /home/runner/.cargo
2026-10-10T00:28:35.1653508Z   CARGO_INCREMENTAL: 0
2026-10-10T00:28:35.1653631Z ##[endgroup]
2026-10-10T00:28:35.2726104Z ##[end-action id=__dtolnay_rust-toolchain.__run_7;outcome=success;conclusion=success;duration_ms=219]
2026-10-10T00:28:35.2729738Z ##[start-action display=Run : enable Cargo sparse registry;id=__dtolnay_rust-toolchain.__run_8]
2026-10-10T00:28:35.3900125Z ##[group]Run : enable Cargo sparse registry
2026-10-10T00:28:35.3900460Z [36;1m: enable Cargo sparse registry[0m
2026-10-10T00:28:35.3900771Z [36;1m# implemented in 1.66, stabilized in 1.68, made default in 1.70[0m
2026-10-10T00:28:35.3901362Z [36;1mif [ -z "${CARGO_REGISTRIES_CRATES_IO_PROTOCOL+set}" -o -f "/home/runner/work/_temp"/.implicit_cargo_registries_crates_io_protocol ]; then[0m
2026-10-10T00:28:35.3901993Z [36;1m  if rustc +nightly --version --verbose | grep -q '^release: 1\.6[89]\.'; then[0m
2026-10-10T00:28:35.3902475Z [36;1m    touch "/home/runner/work/_temp"/.implicit_cargo_registries_crates_io_protocol || true[0m
2026-10-10T00:28:35.3902939Z [36;1m    echo CARGO_REGISTRIES_CRATES_IO_PROTOCOL=sparse >> $GITHUB_ENV[0m
2026-10-10T00:28:35.3903358Z [36;1m  elif rustc +nightly --version --verbose | grep -q '^release: 1\.6[67]\.'; then[0m
2026-10-10T00:28:35.3903841Z [36;1m    touch "/home/runner/work/_temp"/.implicit_cargo_registries_crates_io_protocol || true[0m
2026-10-10T00:28:35.3904274Z [36;1m    echo CARGO_REGISTRIES_CRATES_IO_PROTOCOL=git >> $GITHUB_ENV[0m
2026-10-10T00:28:35.3904584Z [36;1m  fi[0m
2026-10-10T00:28:35.3904743Z [36;1mfi[0m
2026-10-10T00:28:35.3956489Z shell: /usr/bin/bash --noprofile --norc -e -o pipefail {0}
2026-10-10T00:28:35.3956681Z env:
2026-10-10T00:28:35.3956807Z   CARGO_HOME: /home/runner/.cargo
2026-10-10T00:28:35.3957112Z   CARGO_INCREMENTAL: 0
2026-10-10T00:28:35.3957240Z   CARGO_TERM_COLOR: always
2026-10-10T00:28:35.3957370Z ##[endgroup]
2026-10-10T00:28:35.5294257Z ##[end-action id=__dtolnay_rust-toolchain.__run_8;outcome=success;conclusion=success;duration_ms=256]
2026-10-10T00:28:35.5299724Z ##[start-action display=Run : work around spurious network errors in curl 8.0;id=__dtolnay_rust-toolchain.__run_9]
2026-10-10T00:28:35.6263830Z ##[group]Run : work around spurious network errors in curl 8.0
2026-10-10T00:28:35.6264279Z [36;1m: work around spurious network errors in curl 8.0[0m
2026-10-10T00:28:35.6264782Z [36;1m# https://rust-lang.zulipchat.com/#narrow/stream/246057-t-cargo/topic/timeout.20investigation[0m
2026-10-10T00:28:35.6265343Z [36;1mif rustc +nightly --version --verbose | grep -q '^release: 1\.7[01]\.'; then[0m
2026-10-10T00:28:35.6265726Z [36;1m  echo CARGO_HTTP_MULTIPLEXING=false >> $GITHUB_ENV[0m
2026-10-10T00:28:35.6265998Z [36;1mfi[0m
2026-10-10T00:28:35.6329922Z shell: /usr/bin/bash --noprofile --norc -e -o pipefail {0}
2026-10-10T00:28:35.6330131Z env:
2026-10-10T00:28:35.6330253Z   CARGO_HOME: /home/runner/.cargo
2026-10-10T00:28:35.6330403Z   CARGO_INCREMENTAL: 0
2026-10-10T00:28:35.6330541Z   CARGO_TERM_COLOR: always
2026-10-10T00:28:35.6330669Z ##[endgroup]
2026-10-10T00:28:35.7480618Z ##[end-action id=__dtolnay_rust-toolchain.__run_9;outcome=success;conclusion=success;duration_ms=217]
2026-10-10T00:28:35.7484484Z ##[start-action display=Run rustc +nightly --version --verbose;id=__dtolnay_rust-toolchain.__run_10]
2026-10-10T00:28:35.8466053Z ##[group]Run rustc +nightly --version --verbose
2026-10-10T00:28:35.8466381Z [36;1mrustc +nightly --version --verbose[0m
2026-10-10T00:28:35.8519201Z shell: /usr/bin/bash --noprofile --norc -e -o pipefail {0}
2026-10-10T00:28:35.8519398Z env:
2026-10-10T00:28:35.8519517Z   CARGO_HOME: /home/runner/.cargo
2026-10-10T00:28:35.8519658Z   CARGO_INCREMENTAL: 0
2026-10-10T00:28:35.8519784Z   CARGO_TERM_COLOR: always
2026-10-10T00:28:35.8519911Z ##[endgroup]
2026-10-10T00:28:35.9681386Z rustc 1.101.0-nightly (a30aa9064 2026-10-08)
2026-10-10T00:28:35.9681700Z binary: rustc
2026-10-10T00:28:35.9681852Z commit-hash: a30aa9064df6a504b6a323c6884a2f4cfbfff666
2026-10-10T00:28:35.9682322Z commit-date: 2026-10-08
2026-10-10T00:28:35.9682497Z host: x86_64-unknown-linux-gnu
2026-10-10T00:28:35.9682701Z release: 1.101.0-nightly
2026-10-10T00:28:35.9682883Z LLVM version: 23.1.3
2026-10-10T00:28:35.9696028Z ##[end-action id=__dtolnay_rust-toolchain.__run_10;outcome=success;conclusion=success;duration_ms=221]
2026-10-10T00:28:36.0675308Z ##[group]Run echo "identity=$(rustc -vV | sha256sum | cut -d ' ' -f 1)" >> "$GITHUB_OUTPUT"
2026-10-10T00:28:36.0675669Z [36;1mecho "identity=$(rustc -vV | sha256sum | cut -d ' ' -f 1)" >> "$GITHUB_OUTPUT"[0m
2026-10-10T00:28:36.0728151Z shell: /usr/bin/bash -e {0}
2026-10-10T00:28:36.0728299Z env:
2026-10-10T00:28:36.0728417Z   CARGO_HOME: /home/runner/.cargo
2026-10-10T00:28:36.0728555Z   CARGO_INCREMENTAL: 0
2026-10-10T00:28:36.0728676Z   CARGO_TERM_COLOR: always
2026-10-10T00:28:36.0728802Z ##[endgroup]
2026-10-10T00:28:36.2249474Z info: syncing channel updates for nightly-x86_64-unknown-linux-gnu
2026-10-10T00:28:36.6836749Z info: latest update on 2026-10-09 for version 1.101.0-nightly (a30aa9064 2026-10-08)
2026-10-10T00:28:36.6924428Z info: component rust-std for target aarch64-unknown-linux-gnu is up to date
2026-10-10T00:28:36.6924991Z info: component rust-std for target wasm32-unknown-unknown is up to date
2026-10-10T00:28:36.6927270Z info: downloading 2 components
2026-10-10T00:28:37.8890312Z ##[group]Run actions/cache@0057852bfaa89a56745cba8c7296529d2fc39830
2026-10-10T00:28:37.8890531Z with:
2026-10-10T00:28:37.8890647Z   path: target/simd-asm
2026-10-10T00:28:37.8891177Z   key: simd-asm-v1-Linux-aarch64-neoverse-v1-961c8b100e8b2f6cc7012085987cf771e3d840c0e421ce4b81c62f77747e5495-6636a7c4063fa2c941f42659ef4838446886f373c503df19a1fa1d71573ddacd-86cb391debae265ef72b45ffe010ddde51bf5f3d
2026-10-10T00:28:37.8892031Z   restore-keys: simd-asm-v1-Linux-aarch64-neoverse-v1-961c8b100e8b2f6cc7012085987cf771e3d840c0e421ce4b81c62f77747e5495-6636a7c4063fa2c941f42659ef4838446886f373c503df19a1fa1d71573ddacd-

2026-10-10T00:28:37.8892494Z   enableCrossOsArchive: false
2026-10-10T00:28:37.8892652Z   fail-on-cache-miss: false
2026-10-10T00:28:37.8892779Z   lookup-only: false
2026-10-10T00:28:37.8892891Z   save-always: false
2026-10-10T00:28:37.8893001Z env:
2026-10-10T00:28:37.8893108Z   CARGO_HOME: /home/runner/.cargo
2026-10-10T00:28:37.8893241Z   CARGO_INCREMENTAL: 0
2026-10-10T00:28:37.8893386Z   CARGO_TERM_COLOR: always
2026-10-10T00:28:37.8893507Z ##[endgroup]
2026-10-10T00:28:37.9592165Z (node:2339) [DEP0040] DeprecationWarning: The `punycode` module is deprecated. Please use a userland alternative instead.
2026-10-10T00:28:37.9661309Z (Use `node --trace-deprecation ...` to show where the warning was created)
2026-10-10T00:28:38.1658721Z Cache hit for restore-key: simd-asm-v1-Linux-aarch64-neoverse-v1-961c8b100e8b2f6cc7012085987cf771e3d840c0e421ce4b81c62f77747e5495-6636a7c4063fa2c941f42659ef4838446886f373c503df19a1fa1d71573ddacd-d608b0584e11cb803347ab1edc09c90d2dadbada
2026-10-10T00:28:38.1730189Z (node:2339) [DEP0169] DeprecationWarning: `url.parse()` behavior is not standardized and prone to errors that have security implications. Use the WHATWG URL API instead. CVEs are not issued for `url.parse()` vulnerabilities.
2026-10-10T00:28:39.4022082Z Received 37748736 of 107559726 (35.1%), 36.0 MBs/sec
2026-10-10T00:28:40.4206990Z Received 107559726 of 107559726 (100.0%), 50.8 MBs/sec
2026-10-10T00:28:40.4207456Z Cache Size: ~103 MB (107559726 B)
2026-10-10T00:28:40.4294010Z [command]/usr/bin/tar -xf /home/runner/work/_temp/231f1b6e-4fb5-4d2e-818d-8049c1916969/cache.tzst -P -C /home/runner/work/purrdf/purrdf --use-compress-program unzstd
2026-10-10T00:28:40.9817911Z Cache restored successfully
2026-10-10T00:28:40.9918945Z Cache restored from key: simd-asm-v1-Linux-aarch64-neoverse-v1-961c8b100e8b2f6cc7012085987cf771e3d840c0e421ce4b81c62f77747e5495-6636a7c4063fa2c941f42659ef4838446886f373c503df19a1fa1d71573ddacd-d608b0584e11cb803347ab1edc09c90d2dadbada
2026-10-10T00:28:41.0022861Z ##[group]Run sudo apt-get update
2026-10-10T00:28:41.0023069Z [36;1msudo apt-get update[0m
2026-10-10T00:28:41.0023399Z [36;1msudo apt-get install -y --no-install-recommends \[0m
2026-10-10T00:28:41.0023640Z [36;1m  clang llvm gcc-aarch64-linux-gnu libc6-dev-arm64-cross[0m
2026-10-10T00:28:41.0076085Z shell: /usr/bin/bash -e {0}
2026-10-10T00:28:41.0076230Z env:
2026-10-10T00:28:41.0076351Z   CARGO_HOME: /home/runner/.cargo
2026-10-10T00:28:41.0076500Z   CARGO_INCREMENTAL: 0
2026-10-10T00:28:41.0076628Z   CARGO_TERM_COLOR: always
2026-10-10T00:28:41.0076761Z ##[endgroup]
2026-10-10T00:28:41.0794948Z Get:1 file:/etc/apt/apt-mirrors.txt Mirrorlist [144 B]
2026-10-10T00:28:41.1133855Z Get:6 https://packages.microsoft.com/ubuntu/24.04/prod noble InRelease [3600 B]
2026-10-10T00:28:41.1226453Z Hit:2 http://azure.archive.ubuntu.com/ubuntu noble InRelease
2026-10-10T00:28:41.1239427Z Get:3 http://azure.archive.ubuntu.com/ubuntu noble-updates InRelease [126 kB]
2026-10-10T00:28:41.1277509Z Get:4 http://azure.archive.ubuntu.com/ubuntu noble-backports InRelease [126 kB]
2026-10-10T00:28:41.1305325Z Get:5 http://azure.archive.ubuntu.com/ubuntu noble-security InRelease [126 kB]
2026-10-10T00:28:41.1735974Z Get:7 https://packages.microsoft.com/ubuntu/24.04/prod noble/main all Packages [640 B]
2026-10-10T00:28:41.1830202Z Get:8 https://packages.microsoft.com/ubuntu/24.04/prod noble/main arm64 Packages [492 kB]
2026-10-10T00:28:41.1878842Z Get:9 https://packages.microsoft.com/ubuntu/24.04/prod noble/main armhf Packages [12.3 kB]
2026-10-10T00:28:41.1904105Z Get:10 https://packages.microsoft.com/ubuntu/24.04/prod noble/main amd64 Packages [548 kB]
2026-10-10T00:28:41.2586517Z Get:11 http://azure.archive.ubuntu.com/ubuntu noble-updates/main amd64 Packages [1375 kB]
2026-10-10T00:28:41.2654043Z Get:12 http://azure.archive.ubuntu.com/ubuntu noble-updates/main Translation-en [306 kB]
2026-10-10T00:28:41.2674036Z Get:13 http://azure.archive.ubuntu.com/ubuntu noble-updates/universe amd64 Packages [1702 kB]
2026-10-10T00:28:41.2739092Z Get:14 http://azure.archive.ubuntu.com/ubuntu noble-updates/universe Translation-en [342 kB]
2026-10-10T00:28:41.2763157Z Get:15 http://azure.archive.ubuntu.com/ubuntu noble-updates/restricted amd64 Packages [1761 kB]
2026-10-10T00:28:41.2845390Z Get:16 http://azure.archive.ubuntu.com/ubuntu noble-updates/restricted Translation-en [401 kB]
2026-10-10T00:28:41.2872376Z Get:17 http://azure.archive.ubuntu.com/ubuntu noble-updates/multiverse amd64 Packages [55.0 kB]
2026-10-10T00:28:41.2887194Z Get:18 http://azure.archive.ubuntu.com/ubuntu noble-updates/multiverse Translation-en [14.3 kB]
2026-10-10T00:28:41.3440970Z Get:19 http://azure.archive.ubuntu.com/ubuntu noble-security/main amd64 Packages [1121 kB]
2026-10-10T00:28:41.3494642Z Get:20 http://azure.archive.ubuntu.com/ubuntu noble-security/main Translation-en [228 kB]
2026-10-10T00:28:41.3976781Z Get:21 http://azure.archive.ubuntu.com/ubuntu noble-security/universe amd64 Packages [1220 kB]
2026-10-10T00:28:41.4034926Z Get:22 http://azure.archive.ubuntu.com/ubuntu noble-security/universe Translation-en [245 kB]
2026-10-10T00:28:41.4056728Z Get:23 http://azure.archive.ubuntu.com/ubuntu noble-security/restricted amd64 Packages [1669 kB]
2026-10-10T00:28:41.4153541Z Get:24 http://azure.archive.ubuntu.com/ubuntu noble-security/restricted Translation-en [383 kB]
2026-10-10T00:28:41.4173667Z Get:25 http://azure.archive.ubuntu.com/ubuntu noble-security/multiverse amd64 Packages [49.8 kB]
2026-10-10T00:28:41.4185360Z Get:26 http://azure.archive.ubuntu.com/ubuntu noble-security/multiverse Translation-en [12.4 kB]
2026-10-10T00:28:46.6211050Z Fetched 12.3 MB in 1s (12.4 MB/s)
2026-10-10T00:28:47.1936556Z Reading package lists...
2026-10-10T00:28:47.2180346Z Reading package lists...
2026-10-10T00:28:47.4032676Z Building dependency tree...
2026-10-10T00:28:47.4038354Z Reading state information...
2026-10-10T00:28:47.5429417Z The following additional packages will be installed:
2026-10-10T00:28:47.5430809Z   binutils-aarch64-linux-gnu cpp-13-aarch64-linux-gnu cpp-aarch64-linux-gnu
2026-10-10T00:28:47.5431502Z   gcc-13-aarch64-linux-gnu gcc-13-aarch64-linux-gnu-base gcc-13-cross-base
2026-10-10T00:28:47.5432384Z   gcc-14-cross-base libasan8-arm64-cross libatomic1-arm64-cross
2026-10-10T00:28:47.5432953Z   libc6-arm64-cross libgcc-13-dev-arm64-cross libgcc-s1-arm64-cross
2026-10-10T00:28:47.5440088Z   libgomp1-arm64-cross libhwasan0-arm64-cross libitm1-arm64-cross
2026-10-10T00:28:47.5440342Z   liblsan0-arm64-cross libstdc++6-arm64-cross libtsan2-arm64-cross
2026-10-10T00:28:47.5440580Z   libubsan1-arm64-cross linux-libc-dev-arm64-cross llvm-runtime
2026-10-10T00:28:47.5440770Z Suggested packages:
2026-10-10T00:28:47.5440970Z   binutils-doc gcc-13-locales cpp-13-doc cpp-doc gcc-13-doc manpages-dev
2026-10-10T00:28:47.5441182Z   gdb-aarch64-linux-gnu gcc-doc
2026-10-10T00:28:47.5677140Z The following NEW packages will be installed:
2026-10-10T00:28:47.5677759Z   binutils-aarch64-linux-gnu clang cpp-13-aarch64-linux-gnu
2026-10-10T00:28:47.5678313Z   cpp-aarch64-linux-gnu gcc-13-aarch64-linux-gnu gcc-13-aarch64-linux-gnu-base
2026-10-10T00:28:47.5678846Z   gcc-13-cross-base gcc-14-cross-base gcc-aarch64-linux-gnu
2026-10-10T00:28:47.5679293Z   libasan8-arm64-cross libatomic1-arm64-cross libc6-arm64-cross
2026-10-10T00:28:47.5679783Z   libc6-dev-arm64-cross libgcc-13-dev-arm64-cross libgcc-s1-arm64-cross
2026-10-10T00:28:47.5680283Z   libgomp1-arm64-cross libhwasan0-arm64-cross libitm1-arm64-cross
2026-10-10T00:28:47.5682727Z   liblsan0-arm64-cross libstdc++6-arm64-cross libtsan2-arm64-cross
2026-10-10T00:28:47.5685299Z   libubsan1-arm64-cross linux-libc-dev-arm64-cross llvm llvm-runtime
2026-10-10T00:28:47.5829027Z 0 upgraded, 25 newly installed, 0 to remove and 23 not upgraded.
2026-10-10T00:28:47.5829272Z Need to get 45.2 MB of archives.
2026-10-10T00:28:47.5829473Z After this operation, 168 MB of additional disk space will be used.
2026-10-10T00:28:47.5829704Z Get:1 file:/etc/apt/apt-mirrors.txt Mirrorlist [144 B]
2026-10-10T00:28:47.6808840Z Get:2 http://azure.archive.ubuntu.com/ubuntu noble/universe amd64 clang amd64 1:18.0-59~exp2 [5846 B]
2026-10-10T00:28:47.7457802Z Get:3 http://azure.archive.ubuntu.com/ubuntu noble-updates/main amd64 gcc-13-aarch64-linux-gnu-base amd64 13.3.0-6ubuntu2~24.04.1cross1 [51.9 kB]
2026-10-10T00:28:47.9075477Z Get:4 http://azure.archive.ubuntu.com/ubuntu noble-updates/main amd64 cpp-13-aarch64-linux-gnu amd64 13.3.0-6ubuntu2~24.04.1cross1 [10.8 MB]
2026-10-10T00:28:48.2597518Z Get:5 http://azure.archive.ubuntu.com/ubuntu noble/main amd64 cpp-aarch64-linux-gnu amd64 4:13.2.0-7ubuntu1 [5332 B]
2026-10-10T00:28:48.3782609Z Get:6 http://azure.archive.ubuntu.com/ubuntu noble-updates/main amd64 binutils-aarch64-linux-gnu amd64 2.42-4ubuntu2.10 [3711 kB]
2026-10-10T00:28:48.6078626Z Get:7 http://azure.archive.ubuntu.com/ubuntu noble-updates/main amd64 gcc-13-cross-base all 13.3.0-6ubuntu2~24.04.1cross1 [46.5 kB]
2026-10-10T00:28:48.7169298Z Get:8 http://azure.archive.ubuntu.com/ubuntu noble-updates/main amd64 gcc-14-cross-base all 14.2.0-4ubuntu2~24.04.1cross1 [46.1 kB]
2026-10-10T00:28:48.8367597Z Get:9 http://azure.archive.ubuntu.com/ubuntu noble/main amd64 libc6-arm64-cross all 2.39-0ubuntu8cross1 [1197 kB]
2026-10-10T00:28:48.9571386Z Get:10 http://azure.archive.ubuntu.com/ubuntu noble-updates/main amd64 libgcc-s1-arm64-cross all 14.2.0-4ubuntu2~24.04.1cross1 [61.9 kB]
2026-10-10T00:28:49.0773210Z Get:11 http://azure.archive.ubuntu.com/ubuntu noble-updates/main amd64 libgomp1-arm64-cross all 14.2.0-4ubuntu2~24.04.1cross1 [110 kB]
2026-10-10T00:28:49.1859527Z Get:12 http://azure.archive.ubuntu.com/ubuntu noble-updates/main amd64 libitm1-arm64-cross all 14.2.0-4ubuntu2~24.04.1cross1 [31.1 kB]
2026-10-10T00:28:49.2960372Z Get:13 http://azure.archive.ubuntu.com/ubuntu noble-updates/main amd64 libatomic1-arm64-cross all 14.2.0-4ubuntu2~24.04.1cross1 [11.5 kB]
2026-10-10T00:28:49.4052811Z Get:14 http://azure.archive.ubuntu.com/ubuntu noble-updates/main amd64 libasan8-arm64-cross all 14.2.0-4ubuntu2~24.04.1cross1 [524 kB]
2026-10-10T00:28:49.5235028Z Get:15 http://azure.archive.ubuntu.com/ubuntu noble-updates/main amd64 liblsan0-arm64-cross all 14.2.0-4ubuntu2~24.04.1cross1 [238 kB]
2026-10-10T00:28:49.6434229Z Get:16 http://azure.archive.ubuntu.com/ubuntu noble-updates/main amd64 libtsan2-arm64-cross all 14.2.0-4ubuntu2~24.04.1cross1 [500 kB]
2026-10-10T00:28:49.7632170Z Get:17 http://azure.archive.ubuntu.com/ubuntu noble-updates/main amd64 libstdc++6-arm64-cross all 14.2.0-4ubuntu2~24.04.1cross1 [659 kB]
2026-10-10T00:28:49.8831939Z Get:18 http://azure.archive.ubuntu.com/ubuntu noble-updates/main amd64 libubsan1-arm64-cross all 14.2.0-4ubuntu2~24.04.1cross1 [219 kB]
2026-10-10T00:28:50.0031361Z Get:19 http://azure.archive.ubuntu.com/ubuntu noble-updates/main amd64 libhwasan0-arm64-cross all 14.2.0-4ubuntu2~24.04.1cross1 [304 kB]
2026-10-10T00:28:50.1116226Z Get:20 http://azure.archive.ubuntu.com/ubuntu noble-updates/main amd64 libgcc-13-dev-arm64-cross all 13.3.0-6ubuntu2~24.04.1cross1 [2616 kB]
2026-10-10T00:28:50.2315940Z Get:21 http://azure.archive.ubuntu.com/ubuntu noble-updates/main amd64 gcc-13-aarch64-linux-gnu amd64 13.3.0-6ubuntu2~24.04.1cross1 [21.1 MB]
2026-10-10T00:28:50.8307966Z Get:22 http://azure.archive.ubuntu.com/ubuntu noble/main amd64 gcc-aarch64-linux-gnu amd64 4:13.2.0-7ubuntu1 [1210 B]
2026-10-10T00:28:50.9499079Z Get:23 http://azure.archive.ubuntu.com/ubuntu noble/universe amd64 llvm-runtime amd64 1:18.0-59~exp2 [5496 B]
2026-10-10T00:28:51.0592037Z Get:24 http://azure.archive.ubuntu.com/ubuntu noble/universe amd64 llvm amd64 1:18.0-59~exp2 [4146 B]
2026-10-10T00:28:51.1908533Z Get:25 http://azure.archive.ubuntu.com/ubuntu noble/main amd64 linux-libc-dev-arm64-cross all 6.8.0-25.25cross1 [1375 kB]
2026-10-10T00:28:51.3183961Z Get:26 http://azure.archive.ubuntu.com/ubuntu noble/main amd64 libc6-dev-arm64-cross all 2.39-0ubuntu8cross1 [1629 kB]
2026-10-10T00:28:51.6440401Z Fetched 45.2 MB in 4s (11.9 MB/s)
2026-10-10T00:28:51.9148907Z Selecting previously unselected package clang.
2026-10-10T00:28:51.9418399Z (Reading database ... 
2026-10-10T00:28:51.9418687Z (Reading database ... 5%
2026-10-10T00:28:51.9418887Z (Reading database ... 10%
2026-10-10T00:28:51.9419034Z (Reading database ... 15%
2026-10-10T00:28:51.9419164Z (Reading database ... 20%
2026-10-10T00:28:51.9419293Z (Reading database ... 25%
2026-10-10T00:28:51.9419423Z (Reading database ... 30%
2026-10-10T00:28:51.9419554Z (Reading database ... 35%
2026-10-10T00:28:51.9419680Z (Reading database ... 40%
2026-10-10T00:28:51.9419811Z (Reading database ... 45%
2026-10-10T00:28:51.9419938Z (Reading database ... 50%
2026-10-10T00:28:51.9467490Z (Reading database ... 55%
2026-10-10T00:28:52.0595821Z (Reading database ... 60%
2026-10-10T00:28:52.2489394Z (Reading database ... 65%
2026-10-10T00:28:52.4523192Z (Reading database ... 70%
2026-10-10T00:28:52.6485118Z (Reading database ... 75%
2026-10-10T00:28:52.7524674Z (Reading database ... 80%
2026-10-10T00:28:52.9039708Z (Reading database ... 85%
2026-10-10T00:28:53.0479647Z (Reading database ... 90%
2026-10-10T00:28:53.2001478Z (Reading database ... 95%
2026-10-10T00:28:53.2001804Z (Reading database ... 100%
2026-10-10T00:28:53.2002155Z (Reading database ... 203191 files and directories currently installed.)
2026-10-10T00:28:53.2040711Z Preparing to unpack .../00-clang_1%3a18.0-59~exp2_amd64.deb ...
2026-10-10T00:28:53.2059209Z Unpacking clang (1:18.0-59~exp2) ...
2026-10-10T00:28:53.2256098Z Selecting previously unselected package gcc-13-aarch64-linux-gnu-base:amd64.
2026-10-10T00:28:53.2355157Z Preparing to unpack .../01-gcc-13-aarch64-linux-gnu-base_13.3.0-6ubuntu2~24.04.1cross1_amd64.deb ...
2026-10-10T00:28:53.2493047Z Unpacking gcc-13-aarch64-linux-gnu-base:amd64 (13.3.0-6ubuntu2~24.04.1cross1) ...
2026-10-10T00:28:53.2689008Z Selecting previously unselected package cpp-13-aarch64-linux-gnu.
2026-10-10T00:28:53.2788198Z Preparing to unpack .../02-cpp-13-aarch64-linux-gnu_13.3.0-6ubuntu2~24.04.1cross1_amd64.deb ...
2026-10-10T00:28:53.2816483Z Unpacking cpp-13-aarch64-linux-gnu (13.3.0-6ubuntu2~24.04.1cross1) ...
2026-10-10T00:28:53.5417310Z Selecting previously unselected package cpp-aarch64-linux-gnu.
2026-10-10T00:28:53.5514389Z Preparing to unpack .../03-cpp-aarch64-linux-gnu_4%3a13.2.0-7ubuntu1_amd64.deb ...
2026-10-10T00:28:53.5520564Z Unpacking cpp-aarch64-linux-gnu (4:13.2.0-7ubuntu1) ...
2026-10-10T00:28:53.5696603Z Selecting previously unselected package binutils-aarch64-linux-gnu.
2026-10-10T00:28:53.5793490Z Preparing to unpack .../04-binutils-aarch64-linux-gnu_2.42-4ubuntu2.10_amd64.deb ...
2026-10-10T00:28:53.5809262Z Unpacking binutils-aarch64-linux-gnu (2.42-4ubuntu2.10) ...
2026-10-10T00:28:53.7520118Z Selecting previously unselected package gcc-13-cross-base.
2026-10-10T00:28:53.7618435Z Preparing to unpack .../05-gcc-13-cross-base_13.3.0-6ubuntu2~24.04.1cross1_all.deb ...
2026-10-10T00:28:53.7631705Z Unpacking gcc-13-cross-base (13.3.0-6ubuntu2~24.04.1cross1) ...
2026-10-10T00:28:53.7928945Z Selecting previously unselected package gcc-14-cross-base.
2026-10-10T00:28:53.8028295Z Preparing to unpack .../06-gcc-14-cross-base_14.2.0-4ubuntu2~24.04.1cross1_all.deb ...
2026-10-10T00:28:53.8033986Z Unpacking gcc-14-cross-base (14.2.0-4ubuntu2~24.04.1cross1) ...
2026-10-10T00:28:53.8212870Z Selecting previously unselected package libc6-arm64-cross.
2026-10-10T00:28:53.8313640Z Preparing to unpack .../07-libc6-arm64-cross_2.39-0ubuntu8cross1_all.deb ...
2026-10-10T00:28:53.8320523Z Unpacking libc6-arm64-cross (2.39-0ubuntu8cross1) ...
2026-10-10T00:28:53.8897743Z Selecting previously unselected package libgcc-s1-arm64-cross.
2026-10-10T00:28:53.8997173Z Preparing to unpack .../08-libgcc-s1-arm64-cross_14.2.0-4ubuntu2~24.04.1cross1_all.deb ...
2026-10-10T00:28:53.9003765Z Unpacking libgcc-s1-arm64-cross (14.2.0-4ubuntu2~24.04.1cross1) ...
2026-10-10T00:28:53.9176354Z Selecting previously unselected package libgomp1-arm64-cross.
2026-10-10T00:28:53.9272876Z Preparing to unpack .../09-libgomp1-arm64-cross_14.2.0-4ubuntu2~24.04.1cross1_all.deb ...
2026-10-10T00:28:53.9280458Z Unpacking libgomp1-arm64-cross (14.2.0-4ubuntu2~24.04.1cross1) ...
2026-10-10T00:28:53.9461376Z Selecting previously unselected package libitm1-arm64-cross.
2026-10-10T00:28:53.9560756Z Preparing to unpack .../10-libitm1-arm64-cross_14.2.0-4ubuntu2~24.04.1cross1_all.deb ...
2026-10-10T00:28:53.9567178Z Unpacking libitm1-arm64-cross (14.2.0-4ubuntu2~24.04.1cross1) ...
2026-10-10T00:28:53.9890073Z Selecting previously unselected package libatomic1-arm64-cross.
2026-10-10T00:28:53.9989012Z Preparing to unpack .../11-libatomic1-arm64-cross_14.2.0-4ubuntu2~24.04.1cross1_all.deb ...
2026-10-10T00:28:53.9995784Z Unpacking libatomic1-arm64-cross (14.2.0-4ubuntu2~24.04.1cross1) ...
2026-10-10T00:28:54.0169630Z Selecting previously unselected package libasan8-arm64-cross.
2026-10-10T00:28:54.0267877Z Preparing to unpack .../12-libasan8-arm64-cross_14.2.0-4ubuntu2~24.04.1cross1_all.deb ...
2026-10-10T00:28:54.0274640Z Unpacking libasan8-arm64-cross (14.2.0-4ubuntu2~24.04.1cross1) ...
2026-10-10T00:28:54.0595570Z Selecting previously unselected package liblsan0-arm64-cross.
2026-10-10T00:28:54.0695942Z Preparing to unpack .../13-liblsan0-arm64-cross_14.2.0-4ubuntu2~24.04.1cross1_all.deb ...
2026-10-10T00:28:54.0701487Z Unpacking liblsan0-arm64-cross (14.2.0-4ubuntu2~24.04.1cross1) ...
2026-10-10T00:28:54.1087599Z Selecting previously unselected package libtsan2-arm64-cross.
2026-10-10T00:28:54.1185401Z Preparing to unpack .../14-libtsan2-arm64-cross_14.2.0-4ubuntu2~24.04.1cross1_all.deb ...
2026-10-10T00:28:54.1192162Z Unpacking libtsan2-arm64-cross (14.2.0-4ubuntu2~24.04.1cross1) ...
2026-10-10T00:28:54.1510919Z Selecting previously unselected package libstdc++6-arm64-cross.
2026-10-10T00:28:54.1609355Z Preparing to unpack .../15-libstdc++6-arm64-cross_14.2.0-4ubuntu2~24.04.1cross1_all.deb ...
2026-10-10T00:28:54.1615359Z Unpacking libstdc++6-arm64-cross (14.2.0-4ubuntu2~24.04.1cross1) ...
2026-10-10T00:28:54.2090596Z Selecting previously unselected package libubsan1-arm64-cross.
2026-10-10T00:28:54.2191668Z Preparing to unpack .../16-libubsan1-arm64-cross_14.2.0-4ubuntu2~24.04.1cross1_all.deb ...
2026-10-10T00:28:54.2196592Z Unpacking libubsan1-arm64-cross (14.2.0-4ubuntu2~24.04.1cross1) ...
2026-10-10T00:28:54.2385997Z Selecting previously unselected package libhwasan0-arm64-cross.
2026-10-10T00:28:54.2485867Z Preparing to unpack .../17-libhwasan0-arm64-cross_14.2.0-4ubuntu2~24.04.1cross1_all.deb ...
2026-10-10T00:28:54.2491913Z Unpacking libhwasan0-arm64-cross (14.2.0-4ubuntu2~24.04.1cross1) ...
2026-10-10T00:28:54.2691522Z Selecting previously unselected package libgcc-13-dev-arm64-cross.
2026-10-10T00:28:54.2790629Z Preparing to unpack .../18-libgcc-13-dev-arm64-cross_13.3.0-6ubuntu2~24.04.1cross1_all.deb ...
2026-10-10T00:28:54.2796292Z Unpacking libgcc-13-dev-arm64-cross (13.3.0-6ubuntu2~24.04.1cross1) ...
2026-10-10T00:28:54.4775378Z Selecting previously unselected package gcc-13-aarch64-linux-gnu.
2026-10-10T00:28:54.4880474Z Preparing to unpack .../19-gcc-13-aarch64-linux-gnu_13.3.0-6ubuntu2~24.04.1cross1_amd64.deb ...
2026-10-10T00:28:54.4909102Z Unpacking gcc-13-aarch64-linux-gnu (13.3.0-6ubuntu2~24.04.1cross1) ...
2026-10-10T00:28:54.9556431Z Selecting previously unselected package gcc-aarch64-linux-gnu.
2026-10-10T00:28:54.9658632Z Preparing to unpack .../20-gcc-aarch64-linux-gnu_4%3a13.2.0-7ubuntu1_amd64.deb ...
2026-10-10T00:28:54.9664808Z Unpacking gcc-aarch64-linux-gnu (4:13.2.0-7ubuntu1) ...
2026-10-10T00:28:54.9842828Z Selecting previously unselected package llvm-runtime:amd64.
2026-10-10T00:28:54.9945456Z Preparing to unpack .../21-llvm-runtime_1%3a18.0-59~exp2_amd64.deb ...
2026-10-10T00:28:54.9952037Z Unpacking llvm-runtime:amd64 (1:18.0-59~exp2) ...
2026-10-10T00:28:55.0123132Z Selecting previously unselected package llvm.
2026-10-10T00:28:55.0225312Z Preparing to unpack .../22-llvm_1%3a18.0-59~exp2_amd64.deb ...
2026-10-10T00:28:55.0253978Z Unpacking llvm (1:18.0-59~exp2) ...
2026-10-10T00:28:55.0586541Z Selecting previously unselected package linux-libc-dev-arm64-cross.
2026-10-10T00:28:55.0687905Z Preparing to unpack .../23-linux-libc-dev-arm64-cross_6.8.0-25.25cross1_all.deb ...
2026-10-10T00:28:55.0701137Z Unpacking linux-libc-dev-arm64-cross (6.8.0-25.25cross1) ...
2026-10-10T00:28:55.2055378Z Selecting previously unselected package libc6-dev-arm64-cross.
2026-10-10T00:28:55.2161038Z Preparing to unpack .../24-libc6-dev-arm64-cross_2.39-0ubuntu8cross1_all.deb ...
2026-10-10T00:28:55.2167374Z Unpacking libc6-dev-arm64-cross (2.39-0ubuntu8cross1) ...
2026-10-10T00:28:55.3778334Z Setting up binutils-aarch64-linux-gnu (2.42-4ubuntu2.10) ...
2026-10-10T00:28:55.3795727Z Setting up gcc-14-cross-base (14.2.0-4ubuntu2~24.04.1cross1) ...
2026-10-10T00:28:55.3812064Z Setting up clang (1:18.0-59~exp2) ...
2026-10-10T00:28:55.3967884Z Setting up gcc-13-cross-base (13.3.0-6ubuntu2~24.04.1cross1) ...
2026-10-10T00:28:55.3982213Z Setting up llvm-runtime:amd64 (1:18.0-59~exp2) ...
2026-10-10T00:28:55.3997236Z Setting up libc6-arm64-cross (2.39-0ubuntu8cross1) ...
2026-10-10T00:28:55.4012977Z Setting up llvm (1:18.0-59~exp2) ...
2026-10-10T00:28:55.4028429Z Setting up libitm1-arm64-cross (14.2.0-4ubuntu2~24.04.1cross1) ...
2026-10-10T00:28:55.4043301Z Setting up linux-libc-dev-arm64-cross (6.8.0-25.25cross1) ...
2026-10-10T00:28:55.4058499Z Setting up gcc-13-aarch64-linux-gnu-base:amd64 (13.3.0-6ubuntu2~24.04.1cross1) ...
2026-10-10T00:28:55.4073542Z Setting up libgcc-s1-arm64-cross (14.2.0-4ubuntu2~24.04.1cross1) ...
2026-10-10T00:28:55.4088823Z Setting up libatomic1-arm64-cross (14.2.0-4ubuntu2~24.04.1cross1) ...
2026-10-10T00:28:55.4104125Z Setting up liblsan0-arm64-cross (14.2.0-4ubuntu2~24.04.1cross1) ...
2026-10-10T00:28:55.4119941Z Setting up libgomp1-arm64-cross (14.2.0-4ubuntu2~24.04.1cross1) ...
2026-10-10T00:28:55.4134387Z Setting up cpp-13-aarch64-linux-gnu (13.3.0-6ubuntu2~24.04.1cross1) ...
2026-10-10T00:28:55.4148652Z Setting up libhwasan0-arm64-cross (14.2.0-4ubuntu2~24.04.1cross1) ...
2026-10-10T00:28:55.4163524Z Setting up libc6-dev-arm64-cross (2.39-0ubuntu8cross1) ...
2026-10-10T00:28:55.4178307Z Setting up libstdc++6-arm64-cross (14.2.0-4ubuntu2~24.04.1cross1) ...
2026-10-10T00:28:55.4193587Z Setting up cpp-aarch64-linux-gnu (4:13.2.0-7ubuntu1) ...
2026-10-10T00:28:55.4210848Z Setting up libasan8-arm64-cross (14.2.0-4ubuntu2~24.04.1cross1) ...
2026-10-10T00:28:55.4224710Z Setting up libtsan2-arm64-cross (14.2.0-4ubuntu2~24.04.1cross1) ...
2026-10-10T00:28:55.4238705Z Setting up libubsan1-arm64-cross (14.2.0-4ubuntu2~24.04.1cross1) ...
2026-10-10T00:28:55.4252166Z Setting up libgcc-13-dev-arm64-cross (13.3.0-6ubuntu2~24.04.1cross1) ...
2026-10-10T00:28:55.4266364Z Setting up gcc-13-aarch64-linux-gnu (13.3.0-6ubuntu2~24.04.1cross1) ...
2026-10-10T00:28:55.4281439Z Setting up gcc-aarch64-linux-gnu (4:13.2.0-7ubuntu1) ...
2026-10-10T00:28:55.4300293Z Processing triggers for man-db (2.12.0-4build2) ...
2026-10-10T00:28:55.4320859Z Not building database; man-db/auto-update is not 'true'.
2026-10-10T00:28:55.4332046Z Processing triggers for libc-bin (2.39-0ubuntu8.9) ...
2026-10-10T00:28:56.1632978Z 
2026-10-10T00:28:56.1633515Z Running kernel seems to be up-to-date.
2026-10-10T00:28:56.1633748Z 
2026-10-10T00:28:56.1633841Z No services need to be restarted.
2026-10-10T00:28:56.1633976Z 
2026-10-10T00:28:56.1634045Z No containers need to be restarted.
2026-10-10T00:28:56.1634141Z 
2026-10-10T00:28:56.1634219Z No user sessions are running outdated binaries.
2026-10-10T00:28:56.1634339Z 
2026-10-10T00:28:56.1634445Z No VM guests are running outdated hypervisor (qemu) binaries on this host.
2026-10-10T00:28:56.9891090Z ##[group]Run mkdir -p target/asm-diagnostics
2026-10-10T00:28:56.9891328Z [36;1mmkdir -p target/asm-diagnostics[0m
2026-10-10T00:28:56.9891514Z [36;1mrustc -vV > target/asm-diagnostics/compiler.txt[0m
2026-10-10T00:28:56.9891767Z [36;1mgit rev-parse HEAD 'HEAD^{tree}' > target/asm-diagnostics/checkout.txt[0m
2026-10-10T00:28:56.9892050Z [36;1mgit status --porcelain=v1 > target/asm-diagnostics/source-status.txt[0m
2026-10-10T00:28:56.9892297Z [36;1mtest ! -s target/asm-diagnostics/source-status.txt[0m
2026-10-10T00:28:56.9892541Z [36;1msha256sum Makefile Cargo.toml Cargo.lock rust-toolchain.toml \[0m
2026-10-10T00:28:56.9892806Z [36;1m  scripts/check-simd-asm.py scripts/simd_asm_runtime.py \[0m
2026-10-10T00:28:56.9893070Z [36;1m  scripts/simd-asm-manifest.toml docs/design/purrdf-simd.md \[0m
2026-10-10T00:28:56.9893290Z [36;1m  > target/asm-diagnostics/inputs.sha256[0m
2026-10-10T00:28:56.9948667Z shell: /usr/bin/bash -e {0}
2026-10-10T00:28:56.9948814Z env:
2026-10-10T00:28:56.9948969Z   CARGO_HOME: /home/runner/.cargo
2026-10-10T00:28:56.9949125Z   CARGO_INCREMENTAL: 0
2026-10-10T00:28:56.9949256Z   CARGO_TERM_COLOR: always
2026-10-10T00:28:56.9949392Z ##[endgroup]
2026-10-10T00:28:57.3623206Z ##[group]Run # Bound scalar WASM compilation through the existing Cargo job budget.
2026-10-10T00:28:57.3623761Z [36;1m# Bound scalar WASM compilation through the existing Cargo job budget.[0m
2026-10-10T00:28:57.3624148Z [36;1m# Other configurations keep their current scheduling.[0m
2026-10-10T00:28:57.3624460Z [36;1mif [ "aarch64-neoverse-v1" = wasm32 ]; then[0m
2026-10-10T00:28:57.3624741Z [36;1m  export CARGO_BUILD_JOBS=2[0m
2026-10-10T00:28:57.3624974Z [36;1mfi[0m
2026-10-10T00:28:57.3625409Z [36;1mmake simd-asm SIMD_ASM_ARGS="--config aarch64-neoverse-v1 --jobs 1 --report target/asm-reports/aarch64-neoverse-v1.json"[0m
2026-10-10T00:28:57.3689896Z shell: /usr/bin/bash -e {0}
2026-10-10T00:28:57.3690060Z env:
2026-10-10T00:28:57.3690185Z   CARGO_HOME: /home/runner/.cargo
2026-10-10T00:28:57.3690337Z   CARGO_INCREMENTAL: 0
2026-10-10T00:28:57.3690465Z   CARGO_TERM_COLOR: always
2026-10-10T00:28:57.3690599Z ##[endgroup]
2026-10-10T00:28:57.4193204Z python3 scripts/check-simd-asm.py --doc --config aarch64-neoverse-v1 --jobs 1 --report target/asm-reports/aarch64-neoverse-v1.json
2026-10-10T00:28:58.9852833Z == aarch64-neoverse-v1: 4 Cargo jobs
2026-10-10T00:28:58.9855132Z == aarch64-neoverse-v1 graph 0: /home/runner/work/purrdf/purrdf/target/simd-asm/contexts/76aa39b8852b759b48b58d03da7ca411ee7f282f906caaecf70cb4056ffd509a/cargo.graph-0.stderr.log
2026-10-10T00:33:28.0208945Z == aarch64-neoverse-v1 graph 1: /home/runner/work/purrdf/purrdf/target/simd-asm/contexts/76aa39b8852b759b48b58d03da7ca411ee7f282f906caaecf70cb4056ffd509a/cargo.graph-1.stderr.log
2026-10-10T00:33:57.2834099Z FAIL: `eval.bgp-cost-planner` on aarch64-neoverse-v1: no function of crate `purrdf_sparql_eval` has `purrdf_sparql_eval::bgp::cost_order_dp_from::<purrdf_core::ir::term::TermId>` in its path -- the symbol was renamed or inlined away, and the evidence with it
2026-10-10T00:33:57.3571500Z make: *** [Makefile:683: simd-asm] Error 1
2026-10-10T00:33:57.3584921Z ##[error]Process completed with exit code 2.
2026-10-10T00:33:57.3637012Z ##[group]Run actions/upload-artifact@043fb46d1a93c77aae656e7c1c64a875d1fc6a0a
2026-10-10T00:33:57.3637231Z with:
2026-10-10T00:33:57.3637359Z   name: asm-diagnostics-aarch64-neoverse-v1
2026-10-10T00:33:57.3638120Z   path: target/asm-diagnostics/
target/asm-reports/aarch64-neoverse-v1.json
target/simd-asm/contexts/**/purrdf_core*.s
target/simd-asm/contexts/**/cargo.graph-*.stdout.jsonl
target/simd-asm/contexts/**/cargo.graph-*.stderr.log
target/simd-asm/contexts/**/evidence/*.json

2026-10-10T00:33:57.3638683Z   if-no-files-found: error
2026-10-10T00:33:57.3638816Z   compression-level: 6
2026-10-10T00:33:57.3638942Z   overwrite: false
2026-10-10T00:33:57.3639062Z   include-hidden-files: false
2026-10-10T00:33:57.3639192Z   archive: true
2026-10-10T00:33:57.3639306Z env:
2026-10-10T00:33:57.3639420Z   CARGO_HOME: /home/runner/.cargo
2026-10-10T00:33:57.3639558Z   CARGO_INCREMENTAL: 0
2026-10-10T00:33:57.3639677Z   CARGO_TERM_COLOR: always
2026-10-10T00:33:57.3639800Z ##[endgroup]
2026-10-10T00:33:57.5742393Z Multiple search paths detected. Calculating the least common ancestor of all paths
2026-10-10T00:33:57.5743863Z The least common ancestor is /home/runner/work/purrdf/purrdf/target. This will be the root directory of the artifact
2026-10-10T00:33:57.5744343Z With the provided path, there will be 82 files uploaded
2026-10-10T00:33:57.5748633Z Artifact name is valid!
2026-10-10T00:33:57.5748960Z Root directory input is valid!
2026-10-10T00:33:57.9161382Z Uploading artifact: asm-diagnostics-aarch64-neoverse-v1.zip
2026-10-10T00:33:57.9186006Z Beginning upload of artifact content to blob storage
2026-10-10T00:33:58.9864809Z Uploaded bytes 3267851
2026-10-10T00:33:59.0461810Z Finished uploading artifact content to blob storage!
2026-10-10T00:33:59.0462350Z SHA256 digest of uploaded artifact is 7cc110fbe99b71b41acf1ef86698c732dc0e05220d752762b136dcb26cfb66d1
2026-10-10T00:33:59.0462629Z Finalizing artifact upload
2026-10-10T00:33:59.3950704Z Artifact asm-diagnostics-aarch64-neoverse-v1 successfully finalized. Artifact ID 11653116553
2026-10-10T00:33:59.3951167Z Artifact asm-diagnostics-aarch64-neoverse-v1 has been successfully uploaded! Final size is 3267851 bytes. Artifact ID is 11653116553
2026-10-10T00:33:59.3954357Z Artifact download URL: https://github.com/Blackcat-Informatics/purrdf/actions/runs/38009180226/artifacts/11653116553
2026-10-10T00:33:59.4125845Z Post job cleanup.
2026-10-10T00:33:59.4651128Z [command]/usr/bin/git version
2026-10-10T00:33:59.4679450Z git version 2.55.0
2026-10-10T00:33:59.4699614Z Temporarily overriding HOME='/home/runner/work/_temp/644c83c7-42df-4f8d-a590-a01117803b93' before making global git config changes
2026-10-10T00:33:59.4700220Z Adding repository directory to the temporary git global config as a safe directory
2026-10-10T00:33:59.4703181Z [command]/usr/bin/git config --global --add safe.directory /home/runner/work/purrdf/purrdf
2026-10-10T00:33:59.4727048Z Removing SSH command configuration
2026-10-10T00:33:59.4730989Z [command]/usr/bin/git config --local --name-only --get-regexp core\.sshCommand
2026-10-10T00:33:59.4755289Z [command]/usr/bin/git submodule foreach --recursive sh -c "git config --local --name-only --get-regexp 'core\.sshCommand' && git config --local --unset-all 'core.sshCommand' || :"
2026-10-10T00:33:59.4933971Z Removing HTTP extra header
2026-10-10T00:33:59.4937413Z [command]/usr/bin/git config --local --name-only --get-regexp http\.https\:\/\/github\.com\/\.extraheader
2026-10-10T00:33:59.4961495Z [command]/usr/bin/git submodule foreach --recursive sh -c "git config --local --name-only --get-regexp 'http\.https\:\/\/github\.com\/\.extraheader' && git config --local --unset-all 'http.https://github.com/.extraheader' || :"
2026-10-10T00:33:59.5137993Z Removing includeIf entries pointing to credentials config files
2026-10-10T00:33:59.5142843Z [command]/usr/bin/git config --local --name-only --get-regexp ^includeIf\.gitdir:
2026-10-10T00:33:59.5167389Z [command]/usr/bin/git submodule foreach --recursive git config --local --show-origin --name-only --get-regexp remote.origin.url
2026-10-10T00:33:59.5449704Z Cleaning up orphan processes
2026-10-10T00:33:59.5641029Z ##[warning]Node.js 20 is deprecated. The following actions target Node.js 20 but are being forced to run on Node.js 24: actions/cache@0057852bfaa89a56745cba8c7296529d2fc39830. For more information see: https://github.blog/changelog/2025-09-19-deprecation-of-node-20-on-github-actions-runners/
