2026-10-10T03:12:37.0724215Z Current runner version: '2.337.0'
2026-10-10T03:12:37.0749488Z ##[group]Runner Image Provisioner
2026-10-10T03:12:37.0750235Z Hosted Compute Agent
2026-10-10T03:12:37.0750858Z Version: 20261002.596
2026-10-10T03:12:37.0751439Z Commit: c3d12f3313a95f25162a1503be624f3b0617f8c0
2026-10-10T03:12:37.0752138Z Build Date: 2026-10-02T22:28:27Z
2026-10-10T03:12:37.0752970Z Worker ID: {36508711-a72b-498a-ae52-f41b57350be4}
2026-10-10T03:12:37.0753575Z Region: centralus
2026-10-10T03:12:37.0754163Z Cloud: Azure
2026-10-10T03:12:37.0754677Z ##[endgroup]
2026-10-10T03:12:37.0756127Z ##[group]Operating System
2026-10-10T03:12:37.0756683Z Ubuntu
2026-10-10T03:12:37.0757140Z 24.04.5
2026-10-10T03:12:37.0757661Z LTS
2026-10-10T03:12:37.0758154Z ##[endgroup]
2026-10-10T03:12:37.0758623Z ##[group]Runner Image
2026-10-10T03:12:37.0759260Z Image: ubuntu-24.04
2026-10-10T03:12:37.0759741Z Version: 20261004.327.1
2026-10-10T03:12:37.0760993Z Included Software: https://github.com/actions/runner-images/blob/ubuntu24/20261004.327/images/ubuntu/Ubuntu2404-Readme.md
2026-10-10T03:12:37.0762665Z Image Release: https://github.com/actions/runner-images/releases/tag/ubuntu24%2F20261004.327
2026-10-10T03:12:37.0763565Z ##[endgroup]
2026-10-10T03:12:37.0764513Z ##[group]GITHUB_TOKEN Permissions
2026-10-10T03:12:37.0766716Z Contents: read
2026-10-10T03:12:37.0767237Z Metadata: read
2026-10-10T03:12:37.0767808Z ##[endgroup]
2026-10-10T03:12:37.0769873Z Secret source: Actions
2026-10-10T03:12:37.0770798Z Cache mode: write
2026-10-10T03:12:37.0771767Z Prepare workflow directory
2026-10-10T03:12:37.1060077Z Prepare all required actions
2026-10-10T03:12:37.1106745Z Getting action download info
2026-10-10T03:12:37.3519217Z Download action repository 'actions/checkout@9c091bb21b7c1c1d1991bb908d89e4e9dddfe3e0' (SHA:9c091bb21b7c1c1d1991bb908d89e4e9dddfe3e0)
2026-10-10T03:12:37.5013755Z Download action repository 'dtolnay/rust-toolchain@29eef336d9b2848a0b548edc03f92a220660cdb8' (SHA:29eef336d9b2848a0b548edc03f92a220660cdb8)
2026-10-10T03:12:37.6886375Z Download action repository 'actions/cache@0057852bfaa89a56745cba8c7296529d2fc39830' (SHA:0057852bfaa89a56745cba8c7296529d2fc39830)
2026-10-10T03:12:37.8505698Z Download action repository 'actions/upload-artifact@043fb46d1a93c77aae656e7c1c64a875d1fc6a0a' (SHA:043fb46d1a93c77aae656e7c1c64a875d1fc6a0a)
2026-10-10T03:12:38.0980258Z Complete job name: simd-asm-config (x86_64)
2026-10-10T03:12:38.1674648Z ##[group]Run actions/checkout@9c091bb21b7c1c1d1991bb908d89e4e9dddfe3e0
2026-10-10T03:12:38.1675751Z with:
2026-10-10T03:12:38.1675998Z   persist-credentials: false
2026-10-10T03:12:38.1676295Z   repository: Blackcat-Informatics/purrdf
2026-10-10T03:12:38.1680428Z   token: ***
2026-10-10T03:12:38.1680657Z   ssh-strict: true
2026-10-10T03:12:38.1680895Z   ssh-user: git
2026-10-10T03:12:38.1681124Z   clean: true
2026-10-10T03:12:38.1681370Z   sparse-checkout-cone-mode: true
2026-10-10T03:12:38.1683047Z   fetch-depth: 1
2026-10-10T03:12:38.1683362Z   fetch-tags: false
2026-10-10T03:12:38.1683687Z   show-progress: true
2026-10-10T03:12:38.1683959Z   lfs: false
2026-10-10T03:12:38.1684461Z   submodules: false
2026-10-10T03:12:38.1685833Z   set-safe-directory: true
2026-10-10T03:12:38.1686108Z   allow-unsafe-pr-checkout: false
2026-10-10T03:12:38.1686469Z ##[endgroup]
2026-10-10T03:12:38.2417632Z Syncing repository: Blackcat-Informatics/purrdf
2026-10-10T03:12:38.2418858Z ##[group]Getting Git version info
2026-10-10T03:12:38.2419237Z Working directory is '/home/runner/work/purrdf/purrdf'
2026-10-10T03:12:38.2419820Z [command]/usr/bin/git version
2026-10-10T03:12:38.2475401Z git version 2.55.0
2026-10-10T03:12:38.2518823Z ##[endgroup]
2026-10-10T03:12:38.2525784Z Temporarily overriding HOME='/home/runner/work/_temp/739c156b-fc5b-4a98-a0cf-c8cb1d86f26a' before making global git config changes
2026-10-10T03:12:38.2526807Z Adding repository directory to the temporary git global config as a safe directory
2026-10-10T03:12:38.2529144Z [command]/usr/bin/git config --global --add safe.directory /home/runner/work/purrdf/purrdf
2026-10-10T03:12:38.2569441Z Deleting the contents of '/home/runner/work/purrdf/purrdf'
2026-10-10T03:12:38.2571597Z ##[group]Determining repository object format
2026-10-10T03:12:38.2572605Z ##[endgroup]
2026-10-10T03:12:38.2573145Z ##[group]Initializing the repository
2026-10-10T03:12:38.2575029Z [command]/usr/bin/git init /home/runner/work/purrdf/purrdf
2026-10-10T03:12:38.2759474Z hint: Using 'master' as the name for the initial branch. This default branch name
2026-10-10T03:12:38.2760333Z hint: will change to "main" in Git 3.0. To configure the initial branch name
2026-10-10T03:12:38.2760843Z hint: to use in all of your new repositories, which will suppress this warning,
2026-10-10T03:12:38.2761244Z hint: call:
2026-10-10T03:12:38.2761547Z hint:
2026-10-10T03:12:38.2761993Z hint: 	git config --global init.defaultBranch <name>
2026-10-10T03:12:38.2762644Z hint:
2026-10-10T03:12:38.2763056Z hint: Names commonly chosen instead of 'master' are 'main', 'trunk' and
2026-10-10T03:12:38.2763743Z hint: 'development'. The just-created branch can be renamed via this command:
2026-10-10T03:12:38.2764414Z hint:
2026-10-10T03:12:38.2764794Z hint: 	git branch -m <name>
2026-10-10T03:12:38.2765205Z hint:
2026-10-10T03:12:38.2765753Z hint: Disable this message with "git config set advice.defaultBranchName false"
2026-10-10T03:12:38.2766631Z Initialized empty Git repository in /home/runner/work/purrdf/purrdf/.git/
2026-10-10T03:12:38.2769901Z [command]/usr/bin/git remote add origin https://github.com/Blackcat-Informatics/purrdf
2026-10-10T03:12:38.2809270Z ##[endgroup]
2026-10-10T03:12:38.2809959Z ##[group]Disabling automatic garbage collection
2026-10-10T03:12:38.2811635Z [command]/usr/bin/git config --local gc.auto 0
2026-10-10T03:12:38.2906380Z ##[endgroup]
2026-10-10T03:12:38.2906898Z ##[group]Setting up auth
2026-10-10T03:12:38.2907215Z Removing SSH command configuration
2026-10-10T03:12:38.2910063Z [command]/usr/bin/git config --local --name-only --get-regexp core\.sshCommand
2026-10-10T03:12:38.2933227Z [command]/usr/bin/git submodule foreach --recursive sh -c "git config --local --name-only --get-regexp 'core\.sshCommand' && git config --local --unset-all 'core.sshCommand' || :"
2026-10-10T03:12:38.3211060Z Removing HTTP extra header
2026-10-10T03:12:38.3214553Z [command]/usr/bin/git config --local --name-only --get-regexp http\.https\:\/\/github\.com\/\.extraheader
2026-10-10T03:12:38.3238794Z [command]/usr/bin/git submodule foreach --recursive sh -c "git config --local --name-only --get-regexp 'http\.https\:\/\/github\.com\/\.extraheader' && git config --local --unset-all 'http.https://github.com/.extraheader' || :"
2026-10-10T03:12:38.3399619Z Removing includeIf entries pointing to credentials config files
2026-10-10T03:12:38.3403634Z [command]/usr/bin/git config --local --name-only --get-regexp ^includeIf\.gitdir:
2026-10-10T03:12:38.3426458Z [command]/usr/bin/git submodule foreach --recursive git config --local --show-origin --name-only --get-regexp remote.origin.url
2026-10-10T03:12:38.3593712Z [command]/usr/bin/git config --file /home/runner/work/_temp/git-credentials-44deb4ac-67a0-4f61-be74-efe3e517df83.config http.https://github.com/.extraheader AUTHORIZATION: basic ***
2026-10-10T03:12:38.3619712Z [command]/usr/bin/git config --local includeIf.gitdir:/home/runner/work/purrdf/purrdf/.git.path /home/runner/work/_temp/git-credentials-44deb4ac-67a0-4f61-be74-efe3e517df83.config
2026-10-10T03:12:38.3643112Z [command]/usr/bin/git config --local includeIf.gitdir:/home/runner/work/purrdf/purrdf/.git/worktrees/*.path /home/runner/work/_temp/git-credentials-44deb4ac-67a0-4f61-be74-efe3e517df83.config
2026-10-10T03:12:38.3669298Z [command]/usr/bin/git config --local includeIf.gitdir:/github/workspace/.git.path /github/runner_temp/git-credentials-44deb4ac-67a0-4f61-be74-efe3e517df83.config
2026-10-10T03:12:38.3692546Z [command]/usr/bin/git config --local includeIf.gitdir:/github/workspace/.git/worktrees/*.path /github/runner_temp/git-credentials-44deb4ac-67a0-4f61-be74-efe3e517df83.config
2026-10-10T03:12:38.3713392Z ##[endgroup]
2026-10-10T03:12:38.3713996Z ##[group]Fetching the repository
2026-10-10T03:12:38.3717560Z [command]/usr/bin/git -c protocol.version=2 fetch --no-tags --prune --no-recurse-submodules --depth=1 origin +db8f3f8175a917d09c69b8a5d37962dbcd1fa2b0:refs/remotes/pull/524/merge
2026-10-10T03:12:42.5177800Z From https://github.com/Blackcat-Informatics/purrdf
2026-10-10T03:12:42.5178342Z  * [new ref]           db8f3f8175a917d09c69b8a5d37962dbcd1fa2b0 -> pull/524/merge
2026-10-10T03:12:42.5180690Z ##[endgroup]
2026-10-10T03:12:42.5181091Z ##[group]Determining the checkout info
2026-10-10T03:12:42.5181510Z ##[endgroup]
2026-10-10T03:12:42.5184993Z [command]/usr/bin/git sparse-checkout disable
2026-10-10T03:12:42.5224496Z [command]/usr/bin/git config --local --unset-all extensions.worktreeConfig
2026-10-10T03:12:42.5246612Z ##[group]Checking out the ref
2026-10-10T03:12:42.5248723Z [command]/usr/bin/git checkout --progress --force refs/remotes/pull/524/merge
2026-10-10T03:12:43.4829410Z Note: switching to 'refs/remotes/pull/524/merge'.
2026-10-10T03:12:43.4830041Z 
2026-10-10T03:12:43.4830187Z You are in 'detached HEAD' state. You can look around, make experimental
2026-10-10T03:12:43.4830480Z changes and commit them, and you can discard any commits you make in this
2026-10-10T03:12:43.4830749Z state without impacting any branches by switching back to a branch.
2026-10-10T03:12:43.4830922Z 
2026-10-10T03:12:43.4831062Z If you want to create a new branch to retain commits you create, you may
2026-10-10T03:12:43.4831322Z do so (now or later) by using -c with the switch command. Example:
2026-10-10T03:12:43.4831464Z 
2026-10-10T03:12:43.4831529Z   git switch -c <new-branch-name>
2026-10-10T03:12:43.4831624Z 
2026-10-10T03:12:43.4831712Z Or undo this operation with:
2026-10-10T03:12:43.4831808Z 
2026-10-10T03:12:43.4831860Z   git switch -
2026-10-10T03:12:43.4831952Z 
2026-10-10T03:12:43.4832066Z Turn off this advice by setting config variable advice.detachedHead to false
2026-10-10T03:12:43.4832229Z 
2026-10-10T03:12:43.4832538Z HEAD is now at db8f3f81 Merge 9e6c6af64b45027151952e1fd9eb86bc17282339 into 37e3a26a71fe74d30ecb79de5291161a2f8919b5
2026-10-10T03:12:43.4861440Z ##[endgroup]
2026-10-10T03:12:43.4898082Z [command]/usr/bin/git log -1 --format=%H
2026-10-10T03:12:43.4917204Z db8f3f8175a917d09c69b8a5d37962dbcd1fa2b0
2026-10-10T03:12:43.4926687Z ##[group]Removing auth
2026-10-10T03:12:43.4927180Z Removing SSH command configuration
2026-10-10T03:12:43.4932271Z [command]/usr/bin/git config --local --name-only --get-regexp core\.sshCommand
2026-10-10T03:12:43.4950572Z [command]/usr/bin/git submodule foreach --recursive sh -c "git config --local --name-only --get-regexp 'core\.sshCommand' && git config --local --unset-all 'core.sshCommand' || :"
2026-10-10T03:12:43.5122155Z Removing HTTP extra header
2026-10-10T03:12:43.5124456Z [command]/usr/bin/git config --local --name-only --get-regexp http\.https\:\/\/github\.com\/\.extraheader
2026-10-10T03:12:43.5149840Z [command]/usr/bin/git submodule foreach --recursive sh -c "git config --local --name-only --get-regexp 'http\.https\:\/\/github\.com\/\.extraheader' && git config --local --unset-all 'http.https://github.com/.extraheader' || :"
2026-10-10T03:12:43.5319447Z Removing includeIf entries pointing to credentials config files
2026-10-10T03:12:43.5321657Z [command]/usr/bin/git config --local --name-only --get-regexp ^includeIf\.gitdir:
2026-10-10T03:12:43.5341509Z includeif.gitdir:/home/runner/work/purrdf/purrdf/.git.path
2026-10-10T03:12:43.5341933Z includeif.gitdir:/home/runner/work/purrdf/purrdf/.git/worktrees/*.path
2026-10-10T03:12:43.5342281Z includeif.gitdir:/github/workspace/.git.path
2026-10-10T03:12:43.5342673Z includeif.gitdir:/github/workspace/.git/worktrees/*.path
2026-10-10T03:12:43.5346941Z [command]/usr/bin/git config --local --get-all includeif.gitdir:/home/runner/work/purrdf/purrdf/.git.path
2026-10-10T03:12:43.5362897Z /home/runner/work/_temp/git-credentials-44deb4ac-67a0-4f61-be74-efe3e517df83.config
2026-10-10T03:12:43.5369112Z [command]/usr/bin/git config --local --unset includeif.gitdir:/home/runner/work/purrdf/purrdf/.git.path /home/runner/work/_temp/git-credentials-44deb4ac-67a0-4f61-be74-efe3e517df83.config
2026-10-10T03:12:43.5395145Z [command]/usr/bin/git config --local --get-all includeif.gitdir:/home/runner/work/purrdf/purrdf/.git/worktrees/*.path
2026-10-10T03:12:43.5410982Z /home/runner/work/_temp/git-credentials-44deb4ac-67a0-4f61-be74-efe3e517df83.config
2026-10-10T03:12:43.5415913Z [command]/usr/bin/git config --local --unset includeif.gitdir:/home/runner/work/purrdf/purrdf/.git/worktrees/*.path /home/runner/work/_temp/git-credentials-44deb4ac-67a0-4f61-be74-efe3e517df83.config
2026-10-10T03:12:43.5438460Z [command]/usr/bin/git config --local --get-all includeif.gitdir:/github/workspace/.git.path
2026-10-10T03:12:43.5457331Z /github/runner_temp/git-credentials-44deb4ac-67a0-4f61-be74-efe3e517df83.config
2026-10-10T03:12:43.5462232Z [command]/usr/bin/git config --local --unset includeif.gitdir:/github/workspace/.git.path /github/runner_temp/git-credentials-44deb4ac-67a0-4f61-be74-efe3e517df83.config
2026-10-10T03:12:43.5488663Z [command]/usr/bin/git config --local --get-all includeif.gitdir:/github/workspace/.git/worktrees/*.path
2026-10-10T03:12:43.5505650Z /github/runner_temp/git-credentials-44deb4ac-67a0-4f61-be74-efe3e517df83.config
2026-10-10T03:12:43.5513761Z [command]/usr/bin/git config --local --unset includeif.gitdir:/github/workspace/.git/worktrees/*.path /github/runner_temp/git-credentials-44deb4ac-67a0-4f61-be74-efe3e517df83.config
2026-10-10T03:12:43.5569450Z [command]/usr/bin/git submodule foreach --recursive git config --local --show-origin --name-only --get-regexp remote.origin.url
2026-10-10T03:12:43.5741261Z Removing credentials config '/home/runner/work/_temp/git-credentials-44deb4ac-67a0-4f61-be74-efe3e517df83.config'
2026-10-10T03:12:43.5748812Z ##[endgroup]
2026-10-10T03:12:43.5957935Z ##[group]Run dtolnay/rust-toolchain@29eef336d9b2848a0b548edc03f92a220660cdb8
2026-10-10T03:12:43.5958168Z with:
2026-10-10T03:12:43.5958279Z   toolchain: nightly
2026-10-10T03:12:43.5958458Z   targets: wasm32-unknown-unknown, aarch64-unknown-linux-gnu
2026-10-10T03:12:43.5958645Z ##[endgroup]
2026-10-10T03:12:43.6016838Z ##[start-action display=Run : parse toolchain version;id=__dtolnay_rust-toolchain.parse]
2026-10-10T03:12:43.6046597Z ##[group]Run : parse toolchain version
2026-10-10T03:12:43.6046843Z [36;1m: parse toolchain version[0m
2026-10-10T03:12:43.6047001Z [36;1mif [[ -z $toolchain ]]; then[0m
2026-10-10T03:12:43.6047291Z [36;1m  # GitHub does not enforce `required: true` inputs itself. https://github.com/actions/runner/issues/1070[0m
2026-10-10T03:12:43.6047587Z [36;1m  echo "'toolchain' is a required input" >&2[0m
2026-10-10T03:12:43.6047748Z [36;1m  exit 1[0m
2026-10-10T03:12:43.6047970Z [36;1melif [[ $toolchain =~ ^stable' '[0-9]+' '(year|month|week|day)s?' 'ago$ ]]; then[0m
2026-10-10T03:12:43.6048196Z [36;1m  if [[ Linux == macOS ]]; then[0m
2026-10-10T03:12:43.6048482Z [36;1m    echo "toolchain=1.$((($(date -v-$(sed 's/stable \([0-9]*\) \(.\).*/\1\2/' <<< $toolchain) +%s)/60/60/24-16569)/7/6))" >> $GITHUB_OUTPUT[0m
2026-10-10T03:12:43.6048758Z [36;1m  else[0m
2026-10-10T03:12:43.6048977Z [36;1m    echo "toolchain=1.$((($(date --date "${toolchain#stable }" +%s)/60/60/24-16569)/7/6))" >> $GITHUB_OUTPUT[0m
2026-10-10T03:12:43.6049219Z [36;1m  fi[0m
2026-10-10T03:12:43.6049384Z [36;1melif [[ $toolchain =~ ^stable' 'minus' '[0-9]+' 'releases?$ ]]; then[0m
2026-10-10T03:12:43.6049673Z [36;1m  echo "toolchain=1.$((($(date +%s)/60/60/24-16569)/7/6-${toolchain//[^0-9]/}))" >> $GITHUB_OUTPUT[0m
2026-10-10T03:12:43.6049922Z [36;1melif [[ $toolchain =~ ^1\.[0-9]+$ ]]; then[0m
2026-10-10T03:12:43.6050201Z [36;1m  echo "toolchain=1.$((i=${toolchain#1.}, c=($(date +%s)/60/60/24-16569)/7/6, i+9*i*(10*i<=c)+90*i*(100*i<=c)))" >> $GITHUB_OUTPUT[0m
2026-10-10T03:12:43.6050465Z [36;1melse[0m
2026-10-10T03:12:43.6050608Z [36;1m  echo "toolchain=$toolchain" >> $GITHUB_OUTPUT[0m
2026-10-10T03:12:43.6050772Z [36;1mfi[0m
2026-10-10T03:12:43.6267496Z shell: /usr/bin/bash --noprofile --norc -e -o pipefail {0}
2026-10-10T03:12:43.6267729Z env:
2026-10-10T03:12:43.6267867Z   toolchain: nightly
2026-10-10T03:12:43.6267997Z ##[endgroup]
2026-10-10T03:12:43.6379791Z ##[end-action id=__dtolnay_rust-toolchain.parse;outcome=success;conclusion=success;duration_ms=36]
2026-10-10T03:12:43.6395849Z ##[start-action display=Run : construct rustup command line;id=__dtolnay_rust-toolchain.flags]
2026-10-10T03:12:43.6413640Z ##[group]Run : construct rustup command line
2026-10-10T03:12:43.6413851Z [36;1m: construct rustup command line[0m
2026-10-10T03:12:43.6414125Z [36;1mecho "targets=$(for t in ${targets//,/ }; do echo -n ' --target' $t; done)" >> $GITHUB_OUTPUT[0m
2026-10-10T03:12:43.6414474Z [36;1mecho "components=$(for c in ${components//,/ }; do echo -n ' --component' $c; done)" >> $GITHUB_OUTPUT[0m
2026-10-10T03:12:43.6414730Z [36;1mecho "downgrade=" >> $GITHUB_OUTPUT[0m
2026-10-10T03:12:43.6467082Z shell: /usr/bin/bash --noprofile --norc -e -o pipefail {0}
2026-10-10T03:12:43.6467279Z env:
2026-10-10T03:12:43.6467438Z   targets: wasm32-unknown-unknown, aarch64-unknown-linux-gnu
2026-10-10T03:12:43.6467622Z   components: 
2026-10-10T03:12:43.6467735Z ##[endgroup]
2026-10-10T03:12:43.6549248Z ##[end-action id=__dtolnay_rust-toolchain.flags;outcome=success;conclusion=success;duration_ms=15]
2026-10-10T03:12:43.6551880Z ##[start-action display=Run : set $CARGO_HOME;id=__dtolnay_rust-toolchain.__run]
2026-10-10T03:12:43.6568117Z ##[group]Run : set $CARGO_HOME
2026-10-10T03:12:43.6568287Z [36;1m: set $CARGO_HOME[0m
2026-10-10T03:12:43.6568463Z [36;1mecho CARGO_HOME=${CARGO_HOME:-"$HOME/.cargo"} >> $GITHUB_ENV[0m
2026-10-10T03:12:43.6618856Z shell: /usr/bin/bash --noprofile --norc -e -o pipefail {0}
2026-10-10T03:12:43.6619045Z ##[endgroup]
2026-10-10T03:12:43.6693037Z ##[end-action id=__dtolnay_rust-toolchain.__run;outcome=success;conclusion=success;duration_ms=14]
2026-10-10T03:12:43.6694651Z ##[start-action display=Run : install rustup if needed;id=__dtolnay_rust-toolchain.__run_2]
2026-10-10T03:12:43.6715891Z ##[group]Run : install rustup if needed
2026-10-10T03:12:43.6716082Z [36;1m: install rustup if needed[0m
2026-10-10T03:12:43.6716252Z [36;1mif ! command -v rustup &>/dev/null; then[0m
2026-10-10T03:12:43.6716678Z [36;1m  curl --proto '=https' --tlsv1.2 --retry 10 --retry-connrefused --location --silent --show-error --fail https://sh.rustup.rs | sh -s -- --default-toolchain none -y[0m
2026-10-10T03:12:43.6717072Z [36;1m  echo "$CARGO_HOME/bin" >> $GITHUB_PATH[0m
2026-10-10T03:12:43.6717232Z [36;1mfi[0m
2026-10-10T03:12:43.6766686Z shell: /usr/bin/bash --noprofile --norc -e -o pipefail {0}
2026-10-10T03:12:43.6766869Z env:
2026-10-10T03:12:43.6766989Z   CARGO_HOME: /home/runner/.cargo
2026-10-10T03:12:43.6767203Z ##[endgroup]
2026-10-10T03:12:43.6863430Z ##[end-action id=__dtolnay_rust-toolchain.__run_2;outcome=success;conclusion=success;duration_ms=16]
2026-10-10T03:12:43.6866868Z ##[start-action display=Run : install rustup if needed on windows;id=__dtolnay_rust-toolchain.__run_3]
2026-10-10T03:12:43.6870928Z ##[end-action id=__dtolnay_rust-toolchain.__run_3;outcome=skipped;conclusion=skipped;duration_ms=0]
2026-10-10T03:12:43.6873219Z ##[start-action display=rustup toolchain install nightly;id=__dtolnay_rust-toolchain.__run_4]
2026-10-10T03:12:43.6890154Z ##[group]Run rustup toolchain install nightly --target wasm32-unknown-unknown --target aarch64-unknown-linux-gnu --profile minimal --no-self-update
2026-10-10T03:12:43.6890716Z [36;1mrustup toolchain install nightly --target wasm32-unknown-unknown --target aarch64-unknown-linux-gnu --profile minimal --no-self-update[0m
2026-10-10T03:12:43.6941706Z shell: /usr/bin/bash --noprofile --norc -e -o pipefail {0}
2026-10-10T03:12:43.6941890Z env:
2026-10-10T03:12:43.6942009Z   CARGO_HOME: /home/runner/.cargo
2026-10-10T03:12:43.6942170Z   RUSTUP_PERMIT_COPY_RENAME: 1
2026-10-10T03:12:43.6942309Z ##[endgroup]
2026-10-10T03:12:43.7406856Z info: syncing channel updates for nightly-x86_64-unknown-linux-gnu
2026-10-10T03:12:44.0984078Z info: latest update on 2026-10-10 for version 1.101.0-nightly (32dba69d6 2026-10-09)
2026-10-10T03:12:44.0984509Z info: downloading 5 components
2026-10-10T03:12:52.6772744Z 
2026-10-10T03:12:52.6828823Z   nightly-x86_64-unknown-linux-gnu installed - rustc 1.101.0-nightly (32dba69d6 2026-10-09)
2026-10-10T03:12:52.6829217Z 
2026-10-10T03:12:52.6876560Z ##[end-action id=__dtolnay_rust-toolchain.__run_4;outcome=success;conclusion=success;duration_ms=9000]
2026-10-10T03:12:52.6881403Z ##[start-action display=Run rustup default nightly;id=__dtolnay_rust-toolchain.__run_5]
2026-10-10T03:12:52.6896609Z ##[group]Run rustup default nightly
2026-10-10T03:12:52.6896789Z [36;1mrustup default nightly[0m
2026-10-10T03:12:52.6946262Z shell: /usr/bin/bash --noprofile --norc -e -o pipefail {0}
2026-10-10T03:12:52.6946456Z env:
2026-10-10T03:12:52.6946567Z   CARGO_HOME: /home/runner/.cargo
2026-10-10T03:12:52.6946707Z ##[endgroup]
2026-10-10T03:12:52.7039627Z info: using existing install for nightly-x86_64-unknown-linux-gnu
2026-10-10T03:12:52.7046462Z info: default toolchain set to nightly-x86_64-unknown-linux-gnu
2026-10-10T03:12:52.7046698Z 
2026-10-10T03:12:52.7097466Z   nightly-x86_64-unknown-linux-gnu unchanged - rustc 1.101.0-nightly (32dba69d6 2026-10-09)
2026-10-10T03:12:52.7097788Z 
2026-10-10T03:12:52.7100163Z info: note that the toolchain 'nightly-x86_64-unknown-linux-gnu' is currently in use (overridden by '/home/runner/work/purrdf/purrdf/rust-toolchain.toml')
2026-10-10T03:12:52.7111323Z ##[end-action id=__dtolnay_rust-toolchain.__run_5;outcome=success;conclusion=success;duration_ms=22]
2026-10-10T03:12:52.7115302Z ##[start-action display=Run : create cachekey;id=__dtolnay_rust-toolchain.rustc-version]
2026-10-10T03:12:52.7129401Z ##[group]Run : create cachekey
2026-10-10T03:12:52.7129715Z [36;1m: create cachekey[0m
2026-10-10T03:12:52.7129986Z [36;1mDATE=$(rustc +nightly --version --verbose | sed -ne 's/^commit-date: \(20[0-9][0-9]\)-\([01][0-9]\)-\([0-3][0-9]\)$/\1\2\3/p')[0m
2026-10-10T03:12:52.7130337Z [36;1mHASH=$(rustc +nightly --version --verbose | sed -ne 's/^commit-hash: //p')[0m
2026-10-10T03:12:52.7130595Z [36;1mecho "cachekey=$(echo $DATE$HASH | head -c12)" >> $GITHUB_OUTPUT[0m
2026-10-10T03:12:52.7177020Z shell: /usr/bin/bash --noprofile --norc -e -o pipefail {0}
2026-10-10T03:12:52.7177195Z env:
2026-10-10T03:12:52.7177309Z   CARGO_HOME: /home/runner/.cargo
2026-10-10T03:12:52.7177444Z ##[endgroup]
2026-10-10T03:12:52.7431699Z ##[end-action id=__dtolnay_rust-toolchain.rustc-version;outcome=success;conclusion=success;duration_ms=31]
2026-10-10T03:12:52.7433941Z ##[start-action display=Run : disable incremental compilation;id=__dtolnay_rust-toolchain.__run_6]
2026-10-10T03:12:52.7448729Z ##[group]Run : disable incremental compilation
2026-10-10T03:12:52.7448945Z [36;1m: disable incremental compilation[0m
2026-10-10T03:12:52.7449119Z [36;1mif [ -z "${CARGO_INCREMENTAL+set}" ]; then[0m
2026-10-10T03:12:52.7449293Z [36;1m  echo CARGO_INCREMENTAL=0 >> $GITHUB_ENV[0m
2026-10-10T03:12:52.7449452Z [36;1mfi[0m
2026-10-10T03:12:52.7498167Z shell: /usr/bin/bash --noprofile --norc -e -o pipefail {0}
2026-10-10T03:12:52.7498347Z env:
2026-10-10T03:12:52.7498460Z   CARGO_HOME: /home/runner/.cargo
2026-10-10T03:12:52.7498595Z ##[endgroup]
2026-10-10T03:12:52.7563703Z ##[end-action id=__dtolnay_rust-toolchain.__run_6;outcome=success;conclusion=success;duration_ms=12]
2026-10-10T03:12:52.7565179Z ##[start-action display=Run : enable colors in Cargo output;id=__dtolnay_rust-toolchain.__run_7]
2026-10-10T03:12:52.7578903Z ##[group]Run : enable colors in Cargo output
2026-10-10T03:12:52.7579087Z [36;1m: enable colors in Cargo output[0m
2026-10-10T03:12:52.7579252Z [36;1mif [ -z "${CARGO_TERM_COLOR+set}" ]; then[0m
2026-10-10T03:12:52.7579447Z [36;1m  echo CARGO_TERM_COLOR=always >> $GITHUB_ENV[0m
2026-10-10T03:12:52.7579601Z [36;1mfi[0m
2026-10-10T03:12:52.7624184Z shell: /usr/bin/bash --noprofile --norc -e -o pipefail {0}
2026-10-10T03:12:52.7624360Z env:
2026-10-10T03:12:52.7624584Z   CARGO_HOME: /home/runner/.cargo
2026-10-10T03:12:52.7624720Z   CARGO_INCREMENTAL: 0
2026-10-10T03:12:52.7624839Z ##[endgroup]
2026-10-10T03:12:52.7686244Z ##[end-action id=__dtolnay_rust-toolchain.__run_7;outcome=success;conclusion=success;duration_ms=12]
2026-10-10T03:12:52.7689525Z ##[start-action display=Run : enable Cargo sparse registry;id=__dtolnay_rust-toolchain.__run_8]
2026-10-10T03:12:52.7703218Z ##[group]Run : enable Cargo sparse registry
2026-10-10T03:12:52.7703402Z [36;1m: enable Cargo sparse registry[0m
2026-10-10T03:12:52.7703592Z [36;1m# implemented in 1.66, stabilized in 1.68, made default in 1.70[0m
2026-10-10T03:12:52.7703956Z [36;1mif [ -z "${CARGO_REGISTRIES_CRATES_IO_PROTOCOL+set}" -o -f "/home/runner/work/_temp"/.implicit_cargo_registries_crates_io_protocol ]; then[0m
2026-10-10T03:12:52.7704351Z [36;1m  if rustc +nightly --version --verbose | grep -q '^release: 1\.6[89]\.'; then[0m
2026-10-10T03:12:52.7704650Z [36;1m    touch "/home/runner/work/_temp"/.implicit_cargo_registries_crates_io_protocol || true[0m
2026-10-10T03:12:52.7704937Z [36;1m    echo CARGO_REGISTRIES_CRATES_IO_PROTOCOL=sparse >> $GITHUB_ENV[0m
2026-10-10T03:12:52.7705201Z [36;1m  elif rustc +nightly --version --verbose | grep -q '^release: 1\.6[67]\.'; then[0m
2026-10-10T03:12:52.7705496Z [36;1m    touch "/home/runner/work/_temp"/.implicit_cargo_registries_crates_io_protocol || true[0m
2026-10-10T03:12:52.7705764Z [36;1m    echo CARGO_REGISTRIES_CRATES_IO_PROTOCOL=git >> $GITHUB_ENV[0m
2026-10-10T03:12:52.7705947Z [36;1m  fi[0m
2026-10-10T03:12:52.7706051Z [36;1mfi[0m
2026-10-10T03:12:52.7748887Z shell: /usr/bin/bash --noprofile --norc -e -o pipefail {0}
2026-10-10T03:12:52.7749060Z env:
2026-10-10T03:12:52.7749172Z   CARGO_HOME: /home/runner/.cargo
2026-10-10T03:12:52.7749307Z   CARGO_INCREMENTAL: 0
2026-10-10T03:12:52.7749560Z   CARGO_TERM_COLOR: always
2026-10-10T03:12:52.7749685Z ##[endgroup]
2026-10-10T03:12:52.7982623Z ##[end-action id=__dtolnay_rust-toolchain.__run_8;outcome=success;conclusion=success;duration_ms=29]
2026-10-10T03:12:52.7986033Z ##[start-action display=Run : work around spurious network errors in curl 8.0;id=__dtolnay_rust-toolchain.__run_9]
2026-10-10T03:12:52.8000614Z ##[group]Run : work around spurious network errors in curl 8.0
2026-10-10T03:12:52.8000859Z [36;1m: work around spurious network errors in curl 8.0[0m
2026-10-10T03:12:52.8001159Z [36;1m# https://rust-lang.zulipchat.com/#narrow/stream/246057-t-cargo/topic/timeout.20investigation[0m
2026-10-10T03:12:52.8001492Z [36;1mif rustc +nightly --version --verbose | grep -q '^release: 1\.7[01]\.'; then[0m
2026-10-10T03:12:52.8001736Z [36;1m  echo CARGO_HTTP_MULTIPLEXING=false >> $GITHUB_ENV[0m
2026-10-10T03:12:52.8001897Z [36;1mfi[0m
2026-10-10T03:12:52.8047471Z shell: /usr/bin/bash --noprofile --norc -e -o pipefail {0}
2026-10-10T03:12:52.8047646Z env:
2026-10-10T03:12:52.8047757Z   CARGO_HOME: /home/runner/.cargo
2026-10-10T03:12:52.8047894Z   CARGO_INCREMENTAL: 0
2026-10-10T03:12:52.8048014Z   CARGO_TERM_COLOR: always
2026-10-10T03:12:52.8048143Z ##[endgroup]
2026-10-10T03:12:52.8195876Z ##[end-action id=__dtolnay_rust-toolchain.__run_9;outcome=success;conclusion=success;duration_ms=20]
2026-10-10T03:12:52.8198636Z ##[start-action display=Run rustc +nightly --version --verbose;id=__dtolnay_rust-toolchain.__run_10]
2026-10-10T03:12:52.8232196Z ##[group]Run rustc +nightly --version --verbose
2026-10-10T03:12:52.8232575Z [36;1mrustc +nightly --version --verbose[0m
2026-10-10T03:12:52.8277111Z shell: /usr/bin/bash --noprofile --norc -e -o pipefail {0}
2026-10-10T03:12:52.8277285Z env:
2026-10-10T03:12:52.8277395Z   CARGO_HOME: /home/runner/.cargo
2026-10-10T03:12:52.8277529Z   CARGO_INCREMENTAL: 0
2026-10-10T03:12:52.8277651Z   CARGO_TERM_COLOR: always
2026-10-10T03:12:52.8277771Z ##[endgroup]
2026-10-10T03:12:52.8408952Z rustc 1.101.0-nightly (32dba69d6 2026-10-09)
2026-10-10T03:12:52.8409262Z binary: rustc
2026-10-10T03:12:52.8409511Z commit-hash: 32dba69d69c5b10ea89a4042de8d0619f7756203
2026-10-10T03:12:52.8410002Z commit-date: 2026-10-09
2026-10-10T03:12:52.8410144Z host: x86_64-unknown-linux-gnu
2026-10-10T03:12:52.8410276Z release: 1.101.0-nightly
2026-10-10T03:12:52.8411160Z LLVM version: 23.1.3
2026-10-10T03:12:52.8420836Z ##[end-action id=__dtolnay_rust-toolchain.__run_10;outcome=success;conclusion=success;duration_ms=22]
2026-10-10T03:12:52.8461839Z ##[group]Run echo "identity=$(rustc -vV | sha256sum | cut -d ' ' -f 1)" >> "$GITHUB_OUTPUT"
2026-10-10T03:12:52.8462158Z [36;1mecho "identity=$(rustc -vV | sha256sum | cut -d ' ' -f 1)" >> "$GITHUB_OUTPUT"[0m
2026-10-10T03:12:52.8505281Z shell: /usr/bin/bash -e {0}
2026-10-10T03:12:52.8505414Z env:
2026-10-10T03:12:52.8505526Z   CARGO_HOME: /home/runner/.cargo
2026-10-10T03:12:52.8505664Z   CARGO_INCREMENTAL: 0
2026-10-10T03:12:52.8505782Z   CARGO_TERM_COLOR: always
2026-10-10T03:12:52.8505904Z ##[endgroup]
2026-10-10T03:12:52.8897774Z info: syncing channel updates for nightly-x86_64-unknown-linux-gnu
2026-10-10T03:12:53.1092630Z info: latest update on 2026-10-10 for version 1.101.0-nightly (32dba69d6 2026-10-09)
2026-10-10T03:12:53.1162912Z info: component rust-std for target aarch64-unknown-linux-gnu is up to date
2026-10-10T03:12:53.1163387Z info: component rust-std for target wasm32-unknown-unknown is up to date
2026-10-10T03:12:53.1166076Z info: downloading 2 components
2026-10-10T03:12:53.8563325Z ##[group]Run actions/cache@0057852bfaa89a56745cba8c7296529d2fc39830
2026-10-10T03:12:53.8563551Z with:
2026-10-10T03:12:53.8563675Z   path: target/simd-asm
2026-10-10T03:12:53.8564145Z   key: simd-asm-v1-Linux-x86_64-79086a41205ab6601c6642cbbd1d206f828e2c01c1b0a73ad173de72f75697d2-05a7ea993f150da595a947b8efbb5bf0fdbf83d23cb938d4c45f38b7df547029-db8f3f8175a917d09c69b8a5d37962dbcd1fa2b0
2026-10-10T03:12:53.8564900Z   restore-keys: simd-asm-v1-Linux-x86_64-79086a41205ab6601c6642cbbd1d206f828e2c01c1b0a73ad173de72f75697d2-05a7ea993f150da595a947b8efbb5bf0fdbf83d23cb938d4c45f38b7df547029-

2026-10-10T03:12:53.8565327Z   enableCrossOsArchive: false
2026-10-10T03:12:53.8565490Z   fail-on-cache-miss: false
2026-10-10T03:12:53.8565623Z   lookup-only: false
2026-10-10T03:12:53.8565743Z   save-always: false
2026-10-10T03:12:53.8565856Z env:
2026-10-10T03:12:53.8565967Z   CARGO_HOME: /home/runner/.cargo
2026-10-10T03:12:53.8566105Z   CARGO_INCREMENTAL: 0
2026-10-10T03:12:53.8566263Z   CARGO_TERM_COLOR: always
2026-10-10T03:12:53.8566389Z ##[endgroup]
2026-10-10T03:12:53.9219546Z (node:2337) [DEP0040] DeprecationWarning: The `punycode` module is deprecated. Please use a userland alternative instead.
2026-10-10T03:12:53.9219953Z (Use `node --trace-deprecation ...` to show where the warning was created)
2026-10-10T03:12:54.0318280Z Cache not found for input keys: simd-asm-v1-Linux-x86_64-79086a41205ab6601c6642cbbd1d206f828e2c01c1b0a73ad173de72f75697d2-05a7ea993f150da595a947b8efbb5bf0fdbf83d23cb938d4c45f38b7df547029-db8f3f8175a917d09c69b8a5d37962dbcd1fa2b0, simd-asm-v1-Linux-x86_64-79086a41205ab6601c6642cbbd1d206f828e2c01c1b0a73ad173de72f75697d2-05a7ea993f150da595a947b8efbb5bf0fdbf83d23cb938d4c45f38b7df547029-
2026-10-10T03:12:54.0406982Z ##[group]Run mkdir -p target/asm-diagnostics
2026-10-10T03:12:54.0407188Z [36;1mmkdir -p target/asm-diagnostics[0m
2026-10-10T03:12:54.0407368Z [36;1mrustc -vV > target/asm-diagnostics/compiler.txt[0m
2026-10-10T03:12:54.0407601Z [36;1mgit rev-parse HEAD 'HEAD^{tree}' > target/asm-diagnostics/checkout.txt[0m
2026-10-10T03:12:54.0407876Z [36;1mgit status --porcelain=v1 > target/asm-diagnostics/source-status.txt[0m
2026-10-10T03:12:54.0408114Z [36;1mtest ! -s target/asm-diagnostics/source-status.txt[0m
2026-10-10T03:12:54.0408346Z [36;1msha256sum Makefile Cargo.toml Cargo.lock rust-toolchain.toml \[0m
2026-10-10T03:12:54.0408589Z [36;1m  scripts/check-simd-asm.py scripts/simd_asm_runtime.py \[0m
2026-10-10T03:12:54.0408824Z [36;1m  scripts/simd-asm-manifest.toml docs/design/purrdf-simd.md \[0m
2026-10-10T03:12:54.0409034Z [36;1m  > target/asm-diagnostics/inputs.sha256[0m
2026-10-10T03:12:54.0458677Z shell: /usr/bin/bash -e {0}
2026-10-10T03:12:54.0458922Z env:
2026-10-10T03:12:54.0459056Z   CARGO_HOME: /home/runner/.cargo
2026-10-10T03:12:54.0459196Z   CARGO_INCREMENTAL: 0
2026-10-10T03:12:54.0459318Z   CARGO_TERM_COLOR: always
2026-10-10T03:12:54.0459441Z ##[endgroup]
2026-10-10T03:12:54.3667104Z ##[group]Run # Bound scalar WASM compilation through the existing Cargo job budget.
2026-10-10T03:12:54.3667469Z [36;1m# Bound scalar WASM compilation through the existing Cargo job budget.[0m
2026-10-10T03:12:54.3667720Z [36;1m# Other configurations keep their current scheduling.[0m
2026-10-10T03:12:54.3667909Z [36;1mif [ "x86_64" = wasm32 ]; then[0m
2026-10-10T03:12:54.3668061Z [36;1m  export CARGO_BUILD_JOBS=2[0m
2026-10-10T03:12:54.3668201Z [36;1mfi[0m
2026-10-10T03:12:54.3668421Z [36;1mmake simd-asm SIMD_ASM_ARGS="--config x86_64 --jobs 1 --report target/asm-reports/x86_64.json"[0m
2026-10-10T03:12:54.3718010Z shell: /usr/bin/bash -e {0}
2026-10-10T03:12:54.3718153Z env:
2026-10-10T03:12:54.3718273Z   CARGO_HOME: /home/runner/.cargo
2026-10-10T03:12:54.3718433Z   CARGO_INCREMENTAL: 0
2026-10-10T03:12:54.3718560Z   CARGO_TERM_COLOR: always
2026-10-10T03:12:54.3718692Z ##[endgroup]
2026-10-10T03:12:54.4195050Z python3 scripts/check-simd-asm.py --doc --config x86_64 --jobs 1 --report target/asm-reports/x86_64.json
2026-10-10T03:12:55.4119505Z FAIL: workspace member `purrdf-mime` has no site row
2026-10-10T03:12:55.4277700Z make: *** [Makefile:683: simd-asm] Error 1
2026-10-10T03:12:55.4291272Z ##[error]Process completed with exit code 2.
2026-10-10T03:12:55.4340631Z ##[group]Run actions/upload-artifact@043fb46d1a93c77aae656e7c1c64a875d1fc6a0a
2026-10-10T03:12:55.4340845Z with:
2026-10-10T03:12:55.4340964Z   name: asm-diagnostics-x86_64
2026-10-10T03:12:55.4341484Z   path: target/asm-diagnostics/
target/asm-reports/x86_64.json
target/simd-asm/contexts/**/purrdf_core*.s
target/simd-asm/contexts/**/cargo.graph-*.stdout.jsonl
target/simd-asm/contexts/**/cargo.graph-*.stderr.log
target/simd-asm/contexts/**/evidence/*.json

2026-10-10T03:12:55.4342009Z   if-no-files-found: error
2026-10-10T03:12:55.4342141Z   compression-level: 6
2026-10-10T03:12:55.4342262Z   overwrite: false
2026-10-10T03:12:55.4342517Z   include-hidden-files: false
2026-10-10T03:12:55.4342719Z   archive: true
2026-10-10T03:12:55.4342880Z env:
2026-10-10T03:12:55.4342997Z   CARGO_HOME: /home/runner/.cargo
2026-10-10T03:12:55.4343135Z   CARGO_INCREMENTAL: 0
2026-10-10T03:12:55.4343256Z   CARGO_TERM_COLOR: always
2026-10-10T03:12:55.4343382Z ##[endgroup]
2026-10-10T03:12:55.5296175Z Multiple search paths detected. Calculating the least common ancestor of all paths
2026-10-10T03:12:55.5307002Z The least common ancestor is /home/runner/work/purrdf/purrdf/target. This will be the root directory of the artifact
2026-10-10T03:12:55.5307531Z With the provided path, there will be 4 files uploaded
2026-10-10T03:12:55.5307850Z Artifact name is valid!
2026-10-10T03:12:55.5307990Z Root directory input is valid!
2026-10-10T03:12:55.7843983Z Uploading artifact: asm-diagnostics-x86_64.zip
2026-10-10T03:12:55.7872803Z Beginning upload of artifact content to blob storage
2026-10-10T03:12:55.9679634Z Uploaded bytes 1276
2026-10-10T03:12:56.0104986Z Finished uploading artifact content to blob storage!
2026-10-10T03:12:56.0105573Z SHA256 digest of uploaded artifact is f51f5e0631338a3c179954584d40a8fa2a189dbb6ea582732ca6d23da709223b
2026-10-10T03:12:56.0106040Z Finalizing artifact upload
2026-10-10T03:12:56.3287243Z Artifact asm-diagnostics-x86_64 successfully finalized. Artifact ID 11657810954
2026-10-10T03:12:56.3287782Z Artifact asm-diagnostics-x86_64 has been successfully uploaded! Final size is 1276 bytes. Artifact ID is 11657810954
2026-10-10T03:12:56.3290171Z Artifact download URL: https://github.com/Blackcat-Informatics/purrdf/actions/runs/38019747392/artifacts/11657810954
2026-10-10T03:12:56.3422621Z Post job cleanup.
2026-10-10T03:12:56.3963696Z [command]/usr/bin/git version
2026-10-10T03:12:56.3991390Z git version 2.55.0
2026-10-10T03:12:56.4012018Z Temporarily overriding HOME='/home/runner/work/_temp/d8a9a138-5dc9-49b1-81cc-675428fd2fc5' before making global git config changes
2026-10-10T03:12:56.4013100Z Adding repository directory to the temporary git global config as a safe directory
2026-10-10T03:12:56.4015836Z [command]/usr/bin/git config --global --add safe.directory /home/runner/work/purrdf/purrdf
2026-10-10T03:12:56.4038998Z Removing SSH command configuration
2026-10-10T03:12:56.4043103Z [command]/usr/bin/git config --local --name-only --get-regexp core\.sshCommand
2026-10-10T03:12:56.4067493Z [command]/usr/bin/git submodule foreach --recursive sh -c "git config --local --name-only --get-regexp 'core\.sshCommand' && git config --local --unset-all 'core.sshCommand' || :"
2026-10-10T03:12:56.4247279Z Removing HTTP extra header
2026-10-10T03:12:56.4250602Z [command]/usr/bin/git config --local --name-only --get-regexp http\.https\:\/\/github\.com\/\.extraheader
2026-10-10T03:12:56.4274664Z [command]/usr/bin/git submodule foreach --recursive sh -c "git config --local --name-only --get-regexp 'http\.https\:\/\/github\.com\/\.extraheader' && git config --local --unset-all 'http.https://github.com/.extraheader' || :"
2026-10-10T03:12:56.4445508Z Removing includeIf entries pointing to credentials config files
2026-10-10T03:12:56.4449604Z [command]/usr/bin/git config --local --name-only --get-regexp ^includeIf\.gitdir:
2026-10-10T03:12:56.4472253Z [command]/usr/bin/git submodule foreach --recursive git config --local --show-origin --name-only --get-regexp remote.origin.url
2026-10-10T03:12:56.4761272Z Cleaning up orphan processes
2026-10-10T03:12:56.4937734Z ##[warning]Node.js 20 is deprecated. The following actions target Node.js 20 but are being forced to run on Node.js 24: actions/cache@0057852bfaa89a56745cba8c7296529d2fc39830. For more information see: https://github.blog/changelog/2025-09-19-deprecation-of-node-20-on-github-actions-runners/
