2026-10-10T03:59:38.0793844Z Current runner version: '2.337.0'
2026-10-10T03:59:38.0819686Z ##[group]Runner Image Provisioner
2026-10-10T03:59:38.0820627Z Hosted Compute Agent
2026-10-10T03:59:38.0821238Z Version: 20261002.596
2026-10-10T03:59:38.0821952Z Commit: c3d12f3313a95f25162a1503be624f3b0617f8c0
2026-10-10T03:59:38.0822698Z Build Date: 2026-10-02T22:28:27Z
2026-10-10T03:59:38.0823378Z Worker ID: {e333fa7e-f3e6-4d10-bd46-901265db168c}
2026-10-10T03:59:38.0824201Z Region: westus2
2026-10-10T03:59:38.0824761Z Cloud: Azure
2026-10-10T03:59:38.0825576Z ##[endgroup]
2026-10-10T03:59:38.0827205Z ##[group]Operating System
2026-10-10T03:59:38.0827865Z Ubuntu
2026-10-10T03:59:38.0828537Z 24.04.5
2026-10-10T03:59:38.0829061Z LTS
2026-10-10T03:59:38.0829612Z ##[endgroup]
2026-10-10T03:59:38.0830200Z ##[group]Runner Image
2026-10-10T03:59:38.0830800Z Image: ubuntu-24.04
2026-10-10T03:59:38.0831450Z Version: 20261004.327.1
2026-10-10T03:59:38.0832744Z Included Software: https://github.com/actions/runner-images/blob/ubuntu24/20261004.327/images/ubuntu/Ubuntu2404-Readme.md
2026-10-10T03:59:38.0834413Z Image Release: https://github.com/actions/runner-images/releases/tag/ubuntu24%2F20261004.327
2026-10-10T03:59:38.0835844Z ##[endgroup]
2026-10-10T03:59:38.0837185Z ##[group]GITHUB_TOKEN Permissions
2026-10-10T03:59:38.0839175Z Contents: read
2026-10-10T03:59:38.0839899Z Metadata: read
2026-10-10T03:59:38.0840518Z ##[endgroup]
2026-10-10T03:59:38.0842796Z Secret source: Actions
2026-10-10T03:59:38.0843779Z Cache mode: write
2026-10-10T03:59:38.0844488Z Prepare workflow directory
2026-10-10T03:59:38.1268543Z Prepare all required actions
2026-10-10T03:59:38.1341059Z Getting action download info
2026-10-10T03:59:38.4923882Z Download action repository 'actions/checkout@9c091bb21b7c1c1d1991bb908d89e4e9dddfe3e0' (SHA:9c091bb21b7c1c1d1991bb908d89e4e9dddfe3e0)
2026-10-10T03:59:38.5830592Z Download action repository 'dtolnay/rust-toolchain@29eef336d9b2848a0b548edc03f92a220660cdb8' (SHA:29eef336d9b2848a0b548edc03f92a220660cdb8)
2026-10-10T03:59:38.8698632Z Complete job name: cross-arch-riscv64 (determinism-one-worker)
2026-10-10T03:59:38.9478801Z ##[group]Run actions/checkout@9c091bb21b7c1c1d1991bb908d89e4e9dddfe3e0
2026-10-10T03:59:38.9479871Z with:
2026-10-10T03:59:38.9480330Z   persist-credentials: false
2026-10-10T03:59:38.9480899Z   repository: Blackcat-Informatics/purrdf
2026-10-10T03:59:38.9484809Z   token: ***
2026-10-10T03:59:38.9485444Z   ssh-strict: true
2026-10-10T03:59:38.9485911Z   ssh-user: git
2026-10-10T03:59:38.9486341Z   clean: true
2026-10-10T03:59:38.9486799Z   sparse-checkout-cone-mode: true
2026-10-10T03:59:38.9487334Z   fetch-depth: 1
2026-10-10T03:59:38.9487769Z   fetch-tags: false
2026-10-10T03:59:38.9488212Z   show-progress: true
2026-10-10T03:59:38.9488672Z   lfs: false
2026-10-10T03:59:38.9489091Z   submodules: false
2026-10-10T03:59:38.9489552Z   set-safe-directory: true
2026-10-10T03:59:38.9490067Z   allow-unsafe-pr-checkout: false
2026-10-10T03:59:38.9490911Z env:
2026-10-10T03:59:38.9491571Z   CARGO_TARGET_RISCV64GC_UNKNOWN_LINUX_GNU_LINKER: riscv64-linux-gnu-gcc
2026-10-10T03:59:38.9492663Z   CARGO_TARGET_RISCV64GC_UNKNOWN_LINUX_GNU_RUNNER: qemu-riscv64 -L /usr/riscv64-linux-gnu
2026-10-10T03:59:38.9493630Z   DETERMINISM_SERIAL: a_serial_insert_builds_a_different_graph
2026-10-10T03:59:38.9494447Z   DETERMINISM_ONE_WORKER: the_digest_is_identical_under_one_worker
2026-10-10T03:59:38.9496203Z   DETERMINISM_MORE_WORKERS: the_digest_is_identical_under_two_workers the_digest_is_identical_under_four_workers the_digest_is_identical_under_eight_workers
2026-10-10T03:59:38.9497413Z ##[endgroup]
2026-10-10T03:59:39.0518492Z Syncing repository: Blackcat-Informatics/purrdf
2026-10-10T03:59:39.0521817Z ##[group]Getting Git version info
2026-10-10T03:59:39.0523168Z Working directory is '/home/runner/work/purrdf/purrdf'
2026-10-10T03:59:39.0524561Z [command]/usr/bin/git version
2026-10-10T03:59:39.0590980Z git version 2.55.0
2026-10-10T03:59:39.0611540Z ##[endgroup]
2026-10-10T03:59:39.0622474Z Temporarily overriding HOME='/home/runner/work/_temp/1d64a778-95c4-42ce-92db-75679ae6bff8' before making global git config changes
2026-10-10T03:59:39.0624752Z Adding repository directory to the temporary git global config as a safe directory
2026-10-10T03:59:39.0628493Z [command]/usr/bin/git config --global --add safe.directory /home/runner/work/purrdf/purrdf
2026-10-10T03:59:39.0675197Z Deleting the contents of '/home/runner/work/purrdf/purrdf'
2026-10-10T03:59:39.0679360Z ##[group]Determining repository object format
2026-10-10T03:59:39.0680861Z ##[endgroup]
2026-10-10T03:59:39.0681625Z ##[group]Initializing the repository
2026-10-10T03:59:39.0685489Z [command]/usr/bin/git init /home/runner/work/purrdf/purrdf
2026-10-10T03:59:39.0796809Z hint: Using 'master' as the name for the initial branch. This default branch name
2026-10-10T03:59:39.0798462Z hint: will change to "main" in Git 3.0. To configure the initial branch name
2026-10-10T03:59:39.0799571Z hint: to use in all of your new repositories, which will suppress this warning,
2026-10-10T03:59:39.0800783Z hint: call:
2026-10-10T03:59:39.0801497Z hint:
2026-10-10T03:59:39.0802141Z hint: 	git config --global init.defaultBranch <name>
2026-10-10T03:59:39.0803330Z hint:
2026-10-10T03:59:39.0804519Z hint: Names commonly chosen instead of 'master' are 'main', 'trunk' and
2026-10-10T03:59:39.0806494Z hint: 'development'. The just-created branch can be renamed via this command:
2026-10-10T03:59:39.0807384Z hint:
2026-10-10T03:59:39.0807860Z hint: 	git branch -m <name>
2026-10-10T03:59:39.0808402Z hint:
2026-10-10T03:59:39.0809371Z hint: Disable this message with "git config set advice.defaultBranchName false"
2026-10-10T03:59:39.0811165Z Initialized empty Git repository in /home/runner/work/purrdf/purrdf/.git/
2026-10-10T03:59:39.0813055Z [command]/usr/bin/git remote add origin https://github.com/Blackcat-Informatics/purrdf
2026-10-10T03:59:39.0852911Z ##[endgroup]
2026-10-10T03:59:39.0853725Z ##[group]Disabling automatic garbage collection
2026-10-10T03:59:39.0856486Z [command]/usr/bin/git config --local gc.auto 0
2026-10-10T03:59:39.0886247Z ##[endgroup]
2026-10-10T03:59:39.0887535Z ##[group]Setting up auth
2026-10-10T03:59:39.0888396Z Removing SSH command configuration
2026-10-10T03:59:39.0891775Z [command]/usr/bin/git config --local --name-only --get-regexp core\.sshCommand
2026-10-10T03:59:39.0921756Z [command]/usr/bin/git submodule foreach --recursive sh -c "git config --local --name-only --get-regexp 'core\.sshCommand' && git config --local --unset-all 'core.sshCommand' || :"
2026-10-10T03:59:39.1243591Z Removing HTTP extra header
2026-10-10T03:59:39.1249180Z [command]/usr/bin/git config --local --name-only --get-regexp http\.https\:\/\/github\.com\/\.extraheader
2026-10-10T03:59:39.1283123Z [command]/usr/bin/git submodule foreach --recursive sh -c "git config --local --name-only --get-regexp 'http\.https\:\/\/github\.com\/\.extraheader' && git config --local --unset-all 'http.https://github.com/.extraheader' || :"
2026-10-10T03:59:39.1523253Z Removing includeIf entries pointing to credentials config files
2026-10-10T03:59:39.1528180Z [command]/usr/bin/git config --local --name-only --get-regexp ^includeIf\.gitdir:
2026-10-10T03:59:39.1561797Z [command]/usr/bin/git submodule foreach --recursive git config --local --show-origin --name-only --get-regexp remote.origin.url
2026-10-10T03:59:39.1808134Z [command]/usr/bin/git config --file /home/runner/work/_temp/git-credentials-23818752-a368-4668-aaf4-b6bf85357813.config http.https://github.com/.extraheader AUTHORIZATION: basic ***
2026-10-10T03:59:39.1848319Z [command]/usr/bin/git config --local includeIf.gitdir:/home/runner/work/purrdf/purrdf/.git.path /home/runner/work/_temp/git-credentials-23818752-a368-4668-aaf4-b6bf85357813.config
2026-10-10T03:59:39.1880445Z [command]/usr/bin/git config --local includeIf.gitdir:/home/runner/work/purrdf/purrdf/.git/worktrees/*.path /home/runner/work/_temp/git-credentials-23818752-a368-4668-aaf4-b6bf85357813.config
2026-10-10T03:59:39.1916242Z [command]/usr/bin/git config --local includeIf.gitdir:/github/workspace/.git.path /github/runner_temp/git-credentials-23818752-a368-4668-aaf4-b6bf85357813.config
2026-10-10T03:59:39.1949867Z [command]/usr/bin/git config --local includeIf.gitdir:/github/workspace/.git/worktrees/*.path /github/runner_temp/git-credentials-23818752-a368-4668-aaf4-b6bf85357813.config
2026-10-10T03:59:39.1976310Z ##[endgroup]
2026-10-10T03:59:39.1977066Z ##[group]Fetching the repository
2026-10-10T03:59:39.1982811Z [command]/usr/bin/git -c protocol.version=2 fetch --no-tags --prune --no-recurse-submodules --depth=1 origin +eb8f0a5dc7d2b765dd95e3b3bdba4538c9491fbb:refs/remotes/pull/523/merge
2026-10-10T03:59:44.6125069Z From https://github.com/Blackcat-Informatics/purrdf
2026-10-10T03:59:44.6126900Z  * [new ref]           eb8f0a5dc7d2b765dd95e3b3bdba4538c9491fbb -> pull/523/merge
2026-10-10T03:59:44.6130305Z ##[endgroup]
2026-10-10T03:59:44.6131473Z ##[group]Determining the checkout info
2026-10-10T03:59:44.6132771Z ##[endgroup]
2026-10-10T03:59:44.6137351Z [command]/usr/bin/git sparse-checkout disable
2026-10-10T03:59:44.6188414Z [command]/usr/bin/git config --local --unset-all extensions.worktreeConfig
2026-10-10T03:59:44.6218058Z ##[group]Checking out the ref
2026-10-10T03:59:44.6222334Z [command]/usr/bin/git checkout --progress --force refs/remotes/pull/523/merge
2026-10-10T03:59:45.6446419Z Updating files:  61% (11213/18331)
2026-10-10T03:59:45.6693118Z Updating files:  62% (11366/18331)
2026-10-10T03:59:45.6817131Z Updating files:  63% (11549/18331)
2026-10-10T03:59:45.7012316Z Updating files:  64% (11732/18331)
2026-10-10T03:59:45.7077421Z Updating files:  65% (11916/18331)
2026-10-10T03:59:45.7161641Z Updating files:  66% (12099/18331)
2026-10-10T03:59:45.7259182Z Updating files:  67% (12282/18331)
2026-10-10T03:59:45.7458683Z Updating files:  68% (12466/18331)
2026-10-10T03:59:45.7543708Z Updating files:  69% (12649/18331)
2026-10-10T03:59:45.7626952Z Updating files:  70% (12832/18331)
2026-10-10T03:59:45.7693191Z Updating files:  71% (13016/18331)
2026-10-10T03:59:45.7762087Z Updating files:  72% (13199/18331)
2026-10-10T03:59:45.7831483Z Updating files:  73% (13382/18331)
2026-10-10T03:59:45.7899922Z Updating files:  74% (13565/18331)
2026-10-10T03:59:45.7969369Z Updating files:  75% (13749/18331)
2026-10-10T03:59:45.8036293Z Updating files:  76% (13932/18331)
2026-10-10T03:59:45.8104441Z Updating files:  77% (14115/18331)
2026-10-10T03:59:45.8172922Z Updating files:  78% (14299/18331)
2026-10-10T03:59:45.8249876Z Updating files:  79% (14482/18331)
2026-10-10T03:59:45.8313941Z Updating files:  80% (14665/18331)
2026-10-10T03:59:45.8376803Z Updating files:  81% (14849/18331)
2026-10-10T03:59:45.8439031Z Updating files:  82% (15032/18331)
2026-10-10T03:59:45.8528519Z Updating files:  83% (15215/18331)
2026-10-10T03:59:45.8593690Z Updating files:  84% (15399/18331)
2026-10-10T03:59:45.8659992Z Updating files:  85% (15582/18331)
2026-10-10T03:59:45.8728266Z Updating files:  86% (15765/18331)
2026-10-10T03:59:45.8793756Z Updating files:  87% (15948/18331)
2026-10-10T03:59:45.8858557Z Updating files:  88% (16132/18331)
2026-10-10T03:59:45.8954154Z Updating files:  89% (16315/18331)
2026-10-10T03:59:45.9025010Z Updating files:  90% (16498/18331)
2026-10-10T03:59:45.9095687Z Updating files:  91% (16682/18331)
2026-10-10T03:59:45.9165997Z Updating files:  92% (16865/18331)
2026-10-10T03:59:45.9238900Z Updating files:  93% (17048/18331)
2026-10-10T03:59:45.9313443Z Updating files:  94% (17232/18331)
2026-10-10T03:59:45.9388672Z Updating files:  95% (17415/18331)
2026-10-10T03:59:45.9466061Z Updating files:  96% (17598/18331)
2026-10-10T03:59:45.9540790Z Updating files:  97% (17782/18331)
2026-10-10T03:59:45.9619452Z Updating files:  98% (17965/18331)
2026-10-10T03:59:45.9693984Z Updating files:  99% (18148/18331)
2026-10-10T03:59:45.9694734Z Updating files: 100% (18331/18331)
2026-10-10T03:59:45.9697742Z Updating files: 100% (18331/18331), done.
2026-10-10T03:59:45.9885569Z Note: switching to 'refs/remotes/pull/523/merge'.
2026-10-10T03:59:45.9886231Z 
2026-10-10T03:59:45.9964644Z You are in 'detached HEAD' state. You can look around, make experimental
2026-10-10T03:59:45.9966738Z changes and commit them, and you can discard any commits you make in this
2026-10-10T03:59:45.9967676Z state without impacting any branches by switching back to a branch.
2026-10-10T03:59:45.9968222Z 
2026-10-10T03:59:45.9968543Z If you want to create a new branch to retain commits you create, you may
2026-10-10T03:59:45.9969312Z do so (now or later) by using -c with the switch command. Example:
2026-10-10T03:59:45.9969761Z 
2026-10-10T03:59:45.9969920Z   git switch -c <new-branch-name>
2026-10-10T03:59:45.9970133Z 
2026-10-10T03:59:45.9970237Z Or undo this operation with:
2026-10-10T03:59:45.9970432Z 
2026-10-10T03:59:45.9970532Z   git switch -
2026-10-10T03:59:45.9970659Z 
2026-10-10T03:59:45.9970881Z Turn off this advice by setting config variable advice.detachedHead to false
2026-10-10T03:59:45.9971199Z 
2026-10-10T03:59:45.9971608Z HEAD is now at eb8f0a5d Merge db0c0ef158759373f2637d12dcadb01faec58f47 into 3ac169b96bb3589f885565eebd96431795cf4162
2026-10-10T03:59:45.9974030Z ##[endgroup]
2026-10-10T03:59:46.0003363Z [command]/usr/bin/git log -1 --format=%H
2026-10-10T03:59:46.0027322Z eb8f0a5dc7d2b765dd95e3b3bdba4538c9491fbb
2026-10-10T03:59:46.0038934Z ##[group]Removing auth
2026-10-10T03:59:46.0039291Z Removing SSH command configuration
2026-10-10T03:59:46.0043455Z [command]/usr/bin/git config --local --name-only --get-regexp core\.sshCommand
2026-10-10T03:59:46.0078736Z [command]/usr/bin/git submodule foreach --recursive sh -c "git config --local --name-only --get-regexp 'core\.sshCommand' && git config --local --unset-all 'core.sshCommand' || :"
2026-10-10T03:59:46.0318955Z Removing HTTP extra header
2026-10-10T03:59:46.0323179Z [command]/usr/bin/git config --local --name-only --get-regexp http\.https\:\/\/github\.com\/\.extraheader
2026-10-10T03:59:46.0355145Z [command]/usr/bin/git submodule foreach --recursive sh -c "git config --local --name-only --get-regexp 'http\.https\:\/\/github\.com\/\.extraheader' && git config --local --unset-all 'http.https://github.com/.extraheader' || :"
2026-10-10T03:59:46.0593305Z Removing includeIf entries pointing to credentials config files
2026-10-10T03:59:46.0597679Z [command]/usr/bin/git config --local --name-only --get-regexp ^includeIf\.gitdir:
2026-10-10T03:59:46.0625090Z includeif.gitdir:/home/runner/work/purrdf/purrdf/.git.path
2026-10-10T03:59:46.0626265Z includeif.gitdir:/home/runner/work/purrdf/purrdf/.git/worktrees/*.path
2026-10-10T03:59:46.0627093Z includeif.gitdir:/github/workspace/.git.path
2026-10-10T03:59:46.0627795Z includeif.gitdir:/github/workspace/.git/worktrees/*.path
2026-10-10T03:59:46.0635106Z [command]/usr/bin/git config --local --get-all includeif.gitdir:/home/runner/work/purrdf/purrdf/.git.path
2026-10-10T03:59:46.0659373Z /home/runner/work/_temp/git-credentials-23818752-a368-4668-aaf4-b6bf85357813.config
2026-10-10T03:59:46.0668827Z [command]/usr/bin/git config --local --unset includeif.gitdir:/home/runner/work/purrdf/purrdf/.git.path /home/runner/work/_temp/git-credentials-23818752-a368-4668-aaf4-b6bf85357813.config
2026-10-10T03:59:46.0702281Z [command]/usr/bin/git config --local --get-all includeif.gitdir:/home/runner/work/purrdf/purrdf/.git/worktrees/*.path
2026-10-10T03:59:46.0723663Z /home/runner/work/_temp/git-credentials-23818752-a368-4668-aaf4-b6bf85357813.config
2026-10-10T03:59:46.0734247Z [command]/usr/bin/git config --local --unset includeif.gitdir:/home/runner/work/purrdf/purrdf/.git/worktrees/*.path /home/runner/work/_temp/git-credentials-23818752-a368-4668-aaf4-b6bf85357813.config
2026-10-10T03:59:46.0775195Z [command]/usr/bin/git config --local --get-all includeif.gitdir:/github/workspace/.git.path
2026-10-10T03:59:46.0802812Z /github/runner_temp/git-credentials-23818752-a368-4668-aaf4-b6bf85357813.config
2026-10-10T03:59:46.0811171Z [command]/usr/bin/git config --local --unset includeif.gitdir:/github/workspace/.git.path /github/runner_temp/git-credentials-23818752-a368-4668-aaf4-b6bf85357813.config
2026-10-10T03:59:46.0842447Z [command]/usr/bin/git config --local --get-all includeif.gitdir:/github/workspace/.git/worktrees/*.path
2026-10-10T03:59:46.0864192Z /github/runner_temp/git-credentials-23818752-a368-4668-aaf4-b6bf85357813.config
2026-10-10T03:59:46.0872034Z [command]/usr/bin/git config --local --unset includeif.gitdir:/github/workspace/.git/worktrees/*.path /github/runner_temp/git-credentials-23818752-a368-4668-aaf4-b6bf85357813.config
2026-10-10T03:59:46.0906126Z [command]/usr/bin/git submodule foreach --recursive git config --local --show-origin --name-only --get-regexp remote.origin.url
2026-10-10T03:59:46.1135448Z Removing credentials config '/home/runner/work/_temp/git-credentials-23818752-a368-4668-aaf4-b6bf85357813.config'
2026-10-10T03:59:46.1145104Z ##[endgroup]
2026-10-10T03:59:46.1473823Z ##[group]Run dtolnay/rust-toolchain@29eef336d9b2848a0b548edc03f92a220660cdb8
2026-10-10T03:59:46.1474272Z with:
2026-10-10T03:59:46.1474473Z   toolchain: nightly
2026-10-10T03:59:46.1474721Z   targets: riscv64gc-unknown-linux-gnu
2026-10-10T03:59:46.1474984Z env:
2026-10-10T03:59:46.1475647Z   CARGO_TARGET_RISCV64GC_UNKNOWN_LINUX_GNU_LINKER: riscv64-linux-gnu-gcc
2026-10-10T03:59:46.1476216Z   CARGO_TARGET_RISCV64GC_UNKNOWN_LINUX_GNU_RUNNER: qemu-riscv64 -L /usr/riscv64-linux-gnu
2026-10-10T03:59:46.1476735Z   DETERMINISM_SERIAL: a_serial_insert_builds_a_different_graph
2026-10-10T03:59:46.1477156Z   DETERMINISM_ONE_WORKER: the_digest_is_identical_under_one_worker
2026-10-10T03:59:46.1477880Z   DETERMINISM_MORE_WORKERS: the_digest_is_identical_under_two_workers the_digest_is_identical_under_four_workers the_digest_is_identical_under_eight_workers
2026-10-10T03:59:46.1478524Z ##[endgroup]
2026-10-10T03:59:46.1567670Z ##[start-action display=Run : parse toolchain version;id=__dtolnay_rust-toolchain.parse]
2026-10-10T03:59:46.1614058Z ##[group]Run : parse toolchain version
2026-10-10T03:59:46.1614496Z [36;1m: parse toolchain version[0m
2026-10-10T03:59:46.1614800Z [36;1mif [[ -z $toolchain ]]; then[0m
2026-10-10T03:59:46.1615929Z [36;1m  # GitHub does not enforce `required: true` inputs itself. https://github.com/actions/runner/issues/1070[0m
2026-10-10T03:59:46.1616630Z [36;1m  echo "'toolchain' is a required input" >&2[0m
2026-10-10T03:59:46.1616938Z [36;1m  exit 1[0m
2026-10-10T03:59:46.1617281Z [36;1melif [[ $toolchain =~ ^stable' '[0-9]+' '(year|month|week|day)s?' 'ago$ ]]; then[0m
2026-10-10T03:59:46.1617697Z [36;1m  if [[ Linux == macOS ]]; then[0m
2026-10-10T03:59:46.1618231Z [36;1m    echo "toolchain=1.$((($(date -v-$(sed 's/stable \([0-9]*\) \(.\).*/\1\2/' <<< $toolchain) +%s)/60/60/24-16569)/7/6))" >> $GITHUB_OUTPUT[0m
2026-10-10T03:59:46.1618762Z [36;1m  else[0m
2026-10-10T03:59:46.1619181Z [36;1m    echo "toolchain=1.$((($(date --date "${toolchain#stable }" +%s)/60/60/24-16569)/7/6))" >> $GITHUB_OUTPUT[0m
2026-10-10T03:59:46.1619649Z [36;1m  fi[0m
2026-10-10T03:59:46.1619954Z [36;1melif [[ $toolchain =~ ^stable' 'minus' '[0-9]+' 'releases?$ ]]; then[0m
2026-10-10T03:59:46.1620507Z [36;1m  echo "toolchain=1.$((($(date +%s)/60/60/24-16569)/7/6-${toolchain//[^0-9]/}))" >> $GITHUB_OUTPUT[0m
2026-10-10T03:59:46.1620990Z [36;1melif [[ $toolchain =~ ^1\.[0-9]+$ ]]; then[0m
2026-10-10T03:59:46.1621519Z [36;1m  echo "toolchain=1.$((i=${toolchain#1.}, c=($(date +%s)/60/60/24-16569)/7/6, i+9*i*(10*i<=c)+90*i*(100*i<=c)))" >> $GITHUB_OUTPUT[0m
2026-10-10T03:59:46.1622028Z [36;1melse[0m
2026-10-10T03:59:46.1622283Z [36;1m  echo "toolchain=$toolchain" >> $GITHUB_OUTPUT[0m
2026-10-10T03:59:46.1622599Z [36;1mfi[0m
2026-10-10T03:59:46.1875619Z shell: /usr/bin/bash --noprofile --norc -e -o pipefail {0}
2026-10-10T03:59:46.1876064Z env:
2026-10-10T03:59:46.1876440Z   CARGO_TARGET_RISCV64GC_UNKNOWN_LINUX_GNU_LINKER: riscv64-linux-gnu-gcc
2026-10-10T03:59:46.1877135Z   CARGO_TARGET_RISCV64GC_UNKNOWN_LINUX_GNU_RUNNER: qemu-riscv64 -L /usr/riscv64-linux-gnu
2026-10-10T03:59:46.1877763Z   DETERMINISM_SERIAL: a_serial_insert_builds_a_different_graph
2026-10-10T03:59:46.1878279Z   DETERMINISM_ONE_WORKER: the_digest_is_identical_under_one_worker
2026-10-10T03:59:46.1879198Z   DETERMINISM_MORE_WORKERS: the_digest_is_identical_under_two_workers the_digest_is_identical_under_four_workers the_digest_is_identical_under_eight_workers
2026-10-10T03:59:46.1880229Z   toolchain: nightly
2026-10-10T03:59:46.1880483Z ##[endgroup]
2026-10-10T03:59:46.2018099Z ##[end-action id=__dtolnay_rust-toolchain.parse;outcome=success;conclusion=success;duration_ms=44]
2026-10-10T03:59:46.2043141Z ##[start-action display=Run : construct rustup command line;id=__dtolnay_rust-toolchain.flags]
2026-10-10T03:59:46.2073589Z ##[group]Run : construct rustup command line
2026-10-10T03:59:46.2073942Z [36;1m: construct rustup command line[0m
2026-10-10T03:59:46.2074624Z [36;1mecho "targets=$(for t in ${targets//,/ }; do echo -n ' --target' $t; done)" >> $GITHUB_OUTPUT[0m
2026-10-10T03:59:46.2075641Z [36;1mecho "components=$(for c in ${components//,/ }; do echo -n ' --component' $c; done)" >> $GITHUB_OUTPUT[0m
2026-10-10T03:59:46.2076182Z [36;1mecho "downgrade=" >> $GITHUB_OUTPUT[0m
2026-10-10T03:59:46.2135910Z shell: /usr/bin/bash --noprofile --norc -e -o pipefail {0}
2026-10-10T03:59:46.2136293Z env:
2026-10-10T03:59:46.2136614Z   CARGO_TARGET_RISCV64GC_UNKNOWN_LINUX_GNU_LINKER: riscv64-linux-gnu-gcc
2026-10-10T03:59:46.2137204Z   CARGO_TARGET_RISCV64GC_UNKNOWN_LINUX_GNU_RUNNER: qemu-riscv64 -L /usr/riscv64-linux-gnu
2026-10-10T03:59:46.2137725Z   DETERMINISM_SERIAL: a_serial_insert_builds_a_different_graph
2026-10-10T03:59:46.2138159Z   DETERMINISM_ONE_WORKER: the_digest_is_identical_under_one_worker
2026-10-10T03:59:46.2138888Z   DETERMINISM_MORE_WORKERS: the_digest_is_identical_under_two_workers the_digest_is_identical_under_four_workers the_digest_is_identical_under_eight_workers
2026-10-10T03:59:46.2139572Z   targets: riscv64gc-unknown-linux-gnu
2026-10-10T03:59:46.2139851Z   components: 
2026-10-10T03:59:46.2140057Z ##[endgroup]
2026-10-10T03:59:46.2236826Z ##[end-action id=__dtolnay_rust-toolchain.flags;outcome=success;conclusion=success;duration_ms=19]
2026-10-10T03:59:46.2241258Z ##[start-action display=Run : set $CARGO_HOME;id=__dtolnay_rust-toolchain.__run]
2026-10-10T03:59:46.2270066Z ##[group]Run : set $CARGO_HOME
2026-10-10T03:59:46.2270341Z [36;1m: set $CARGO_HOME[0m
2026-10-10T03:59:46.2270668Z [36;1mecho CARGO_HOME=${CARGO_HOME:-"$HOME/.cargo"} >> $GITHUB_ENV[0m
2026-10-10T03:59:46.2330958Z shell: /usr/bin/bash --noprofile --norc -e -o pipefail {0}
2026-10-10T03:59:46.2331321Z env:
2026-10-10T03:59:46.2331639Z   CARGO_TARGET_RISCV64GC_UNKNOWN_LINUX_GNU_LINKER: riscv64-linux-gnu-gcc
2026-10-10T03:59:46.2332186Z   CARGO_TARGET_RISCV64GC_UNKNOWN_LINUX_GNU_RUNNER: qemu-riscv64 -L /usr/riscv64-linux-gnu
2026-10-10T03:59:46.2332735Z   DETERMINISM_SERIAL: a_serial_insert_builds_a_different_graph
2026-10-10T03:59:46.2333164Z   DETERMINISM_ONE_WORKER: the_digest_is_identical_under_one_worker
2026-10-10T03:59:46.2333895Z   DETERMINISM_MORE_WORKERS: the_digest_is_identical_under_two_workers the_digest_is_identical_under_four_workers the_digest_is_identical_under_eight_workers
2026-10-10T03:59:46.2334542Z ##[endgroup]
2026-10-10T03:59:46.2424417Z ##[end-action id=__dtolnay_rust-toolchain.__run;outcome=success;conclusion=success;duration_ms=18]
2026-10-10T03:59:46.2427361Z ##[start-action display=Run : install rustup if needed;id=__dtolnay_rust-toolchain.__run_2]
2026-10-10T03:59:46.2520321Z ##[group]Run : install rustup if needed
2026-10-10T03:59:46.2520643Z [36;1m: install rustup if needed[0m
2026-10-10T03:59:46.2520956Z [36;1mif ! command -v rustup &>/dev/null; then[0m
2026-10-10T03:59:46.2521753Z [36;1m  curl --proto '=https' --tlsv1.2 --retry 10 --retry-connrefused --location --silent --show-error --fail https://sh.rustup.rs | sh -s -- --default-toolchain none -y[0m
2026-10-10T03:59:46.2522531Z [36;1m  echo "$CARGO_HOME/bin" >> $GITHUB_PATH[0m
2026-10-10T03:59:46.2522827Z [36;1mfi[0m
2026-10-10T03:59:46.2583026Z shell: /usr/bin/bash --noprofile --norc -e -o pipefail {0}
2026-10-10T03:59:46.2583391Z env:
2026-10-10T03:59:46.2583712Z   CARGO_TARGET_RISCV64GC_UNKNOWN_LINUX_GNU_LINKER: riscv64-linux-gnu-gcc
2026-10-10T03:59:46.2584468Z   CARGO_TARGET_RISCV64GC_UNKNOWN_LINUX_GNU_RUNNER: qemu-riscv64 -L /usr/riscv64-linux-gnu
2026-10-10T03:59:46.2584985Z   DETERMINISM_SERIAL: a_serial_insert_builds_a_different_graph
2026-10-10T03:59:46.2585574Z   DETERMINISM_ONE_WORKER: the_digest_is_identical_under_one_worker
2026-10-10T03:59:46.2586325Z   DETERMINISM_MORE_WORKERS: the_digest_is_identical_under_two_workers the_digest_is_identical_under_four_workers the_digest_is_identical_under_eight_workers
2026-10-10T03:59:46.2586989Z   CARGO_HOME: /home/runner/.cargo
2026-10-10T03:59:46.2587235Z ##[endgroup]
2026-10-10T03:59:46.2676900Z ##[end-action id=__dtolnay_rust-toolchain.__run_2;outcome=success;conclusion=success;duration_ms=24]
2026-10-10T03:59:46.2681732Z ##[start-action display=Run : install rustup if needed on windows;id=__dtolnay_rust-toolchain.__run_3]
2026-10-10T03:59:46.2689570Z ##[end-action id=__dtolnay_rust-toolchain.__run_3;outcome=skipped;conclusion=skipped;duration_ms=0]
2026-10-10T03:59:46.2693535Z ##[start-action display=rustup toolchain install nightly;id=__dtolnay_rust-toolchain.__run_4]
2026-10-10T03:59:46.2722999Z ##[group]Run rustup toolchain install nightly --target riscv64gc-unknown-linux-gnu --profile minimal --no-self-update
2026-10-10T03:59:46.2723831Z [36;1mrustup toolchain install nightly --target riscv64gc-unknown-linux-gnu --profile minimal --no-self-update[0m
2026-10-10T03:59:46.2783309Z shell: /usr/bin/bash --noprofile --norc -e -o pipefail {0}
2026-10-10T03:59:46.2783671Z env:
2026-10-10T03:59:46.2783992Z   CARGO_TARGET_RISCV64GC_UNKNOWN_LINUX_GNU_LINKER: riscv64-linux-gnu-gcc
2026-10-10T03:59:46.2784565Z   CARGO_TARGET_RISCV64GC_UNKNOWN_LINUX_GNU_RUNNER: qemu-riscv64 -L /usr/riscv64-linux-gnu
2026-10-10T03:59:46.2785086Z   DETERMINISM_SERIAL: a_serial_insert_builds_a_different_graph
2026-10-10T03:59:46.2785911Z   DETERMINISM_ONE_WORKER: the_digest_is_identical_under_one_worker
2026-10-10T03:59:46.2786652Z   DETERMINISM_MORE_WORKERS: the_digest_is_identical_under_two_workers the_digest_is_identical_under_four_workers the_digest_is_identical_under_eight_workers
2026-10-10T03:59:46.2787338Z   CARGO_HOME: /home/runner/.cargo
2026-10-10T03:59:46.2787614Z   RUSTUP_PERMIT_COPY_RENAME: 1
2026-10-10T03:59:46.2787860Z ##[endgroup]
2026-10-10T03:59:46.3278159Z info: syncing channel updates for nightly-x86_64-unknown-linux-gnu
2026-10-10T04:00:16.4343726Z error: could not download file from 'https://static.rust-lang.org/dist/channel-rust-nightly.toml' to '/home/runner/.rustup/tmp/t8koizwicqrf3a54_file.toml': error downloading file: error sending request for url (https://static.rust-lang.org/dist/channel-rust-nightly.toml): client error (Connect): tcp connect error: Connection timed out (os error 110)
2026-10-10T04:00:16.4374670Z ##[error]Process completed with exit code 1.
2026-10-10T04:00:16.4383449Z ##[end-action id=__dtolnay_rust-toolchain.__run_4;outcome=failure;conclusion=failure;duration_ms=30168]
2026-10-10T04:00:16.4392665Z ##[start-action display=Run rustup default nightly;id=__dtolnay_rust-toolchain.__run_5]
2026-10-10T04:00:16.4395621Z ##[end-action id=__dtolnay_rust-toolchain.__run_5;outcome=skipped;conclusion=skipped;duration_ms=0]
2026-10-10T04:00:16.4399517Z ##[start-action display=Run : create cachekey;id=__dtolnay_rust-toolchain.rustc-version]
2026-10-10T04:00:16.4401974Z ##[end-action id=__dtolnay_rust-toolchain.rustc-version;outcome=skipped;conclusion=skipped;duration_ms=0]
2026-10-10T04:00:16.4404091Z ##[start-action display=Run : disable incremental compilation;id=__dtolnay_rust-toolchain.__run_6]
2026-10-10T04:00:16.4406852Z ##[end-action id=__dtolnay_rust-toolchain.__run_6;outcome=skipped;conclusion=skipped;duration_ms=0]
2026-10-10T04:00:16.4408948Z ##[start-action display=Run : enable colors in Cargo output;id=__dtolnay_rust-toolchain.__run_7]
2026-10-10T04:00:16.4411034Z ##[end-action id=__dtolnay_rust-toolchain.__run_7;outcome=skipped;conclusion=skipped;duration_ms=0]
2026-10-10T04:00:16.4415556Z ##[start-action display=Run : enable Cargo sparse registry;id=__dtolnay_rust-toolchain.__run_8]
2026-10-10T04:00:16.4418141Z ##[end-action id=__dtolnay_rust-toolchain.__run_8;outcome=skipped;conclusion=skipped;duration_ms=0]
2026-10-10T04:00:16.4421449Z ##[start-action display=Run : work around spurious network errors in curl 8.0;id=__dtolnay_rust-toolchain.__run_9]
2026-10-10T04:00:16.4423658Z ##[end-action id=__dtolnay_rust-toolchain.__run_9;outcome=skipped;conclusion=skipped;duration_ms=0]
2026-10-10T04:00:16.4427122Z ##[start-action display=Run rustc +nightly --version --verbose;id=__dtolnay_rust-toolchain.__run_10]
2026-10-10T04:00:16.4429273Z ##[end-action id=__dtolnay_rust-toolchain.__run_10;outcome=skipped;conclusion=skipped;duration_ms=0]
2026-10-10T04:00:16.4614055Z Post job cleanup.
2026-10-10T04:00:16.5457173Z [command]/usr/bin/git version
2026-10-10T04:00:16.5494067Z git version 2.55.0
2026-10-10T04:00:16.5532701Z Temporarily overriding HOME='/home/runner/work/_temp/597a5dd3-4355-4333-b1c9-0e915454504c' before making global git config changes
2026-10-10T04:00:16.5534056Z Adding repository directory to the temporary git global config as a safe directory
2026-10-10T04:00:16.5538886Z [command]/usr/bin/git config --global --add safe.directory /home/runner/work/purrdf/purrdf
2026-10-10T04:00:16.5571665Z Removing SSH command configuration
2026-10-10T04:00:16.5578392Z [command]/usr/bin/git config --local --name-only --get-regexp core\.sshCommand
2026-10-10T04:00:16.5614889Z [command]/usr/bin/git submodule foreach --recursive sh -c "git config --local --name-only --get-regexp 'core\.sshCommand' && git config --local --unset-all 'core.sshCommand' || :"
2026-10-10T04:00:16.5848691Z Removing HTTP extra header
2026-10-10T04:00:16.5854164Z [command]/usr/bin/git config --local --name-only --get-regexp http\.https\:\/\/github\.com\/\.extraheader
2026-10-10T04:00:16.5887935Z [command]/usr/bin/git submodule foreach --recursive sh -c "git config --local --name-only --get-regexp 'http\.https\:\/\/github\.com\/\.extraheader' && git config --local --unset-all 'http.https://github.com/.extraheader' || :"
2026-10-10T04:00:16.6124392Z Removing includeIf entries pointing to credentials config files
2026-10-10T04:00:16.6131642Z [command]/usr/bin/git config --local --name-only --get-regexp ^includeIf\.gitdir:
2026-10-10T04:00:16.6166060Z [command]/usr/bin/git submodule foreach --recursive git config --local --show-origin --name-only --get-regexp remote.origin.url
2026-10-10T04:00:16.6539091Z Cleaning up orphan processes
