   Compiling purrdf-lex v3.0.1 (/home/paudley/Active/purrdf/.worktrees/508-sparql-eval-complete-bounded-workspace/crates/lex)
   Compiling purrdf-xsd v3.0.1 (/home/paudley/Active/purrdf/.worktrees/508-sparql-eval-complete-bounded-workspace/crates/xsd)
   Compiling purrdf-iri v3.0.1 (/home/paudley/Active/purrdf/.worktrees/508-sparql-eval-complete-bounded-workspace/crates/iri)
   Compiling purrdf-cdt v3.0.1 (/home/paudley/Active/purrdf/.worktrees/508-sparql-eval-complete-bounded-workspace/crates/cdt)
   Compiling purrdf-core v3.0.1 (/home/paudley/Active/purrdf/.worktrees/508-sparql-eval-complete-bounded-workspace/crates/rdf-core)
    Finished `test` profile [optimized] target(s) in 38.11s
     Running unittests src/lib.rs (/opt/purrdf-508-qualification/build/debug/build/purrdf-core/1c7f8ab4d6fee602/out/purrdf_core-1c7f8ab4d6fee602)

running 1237 tests
test artifact::container::tests::accepts_a_whole_artifact_as_a_section_body ... ok
test artifact::container::tests::accepts_adjacent_distinct_kinds ... ok
test artifact::container::tests::accepts_current_version ... ok
test artifact::container::tests::accepts_an_empty_identity ... ok
test artifact::container::tests::accepts_extreme_kind_tags ... ok
test artifact::container::tests::accepts_single_section ... ok
test artifact::container::tests::accepts_unmodified_bytes_after_a_tampering_test ... ok
test artifact::container::tests::accepts_zero_length_section ... ok
test artifact::container::tests::accepts_payload_beginning_with_magic_bytes ... ok
test artifact::container::tests::accepts_zero_sections ... ok
test artifact::container::tests::build_bytes_is_deterministic ... ok
test artifact::container::tests::container_digest_changes_with_any_byte_of_content ... ok
test artifact::container::tests::insertion_order_does_not_reach_the_bytes ... ok
test artifact::container::tests::identity_mismatch_survives_the_round_trip ... ok
test artifact::container::tests::layout_constants_agree_with_the_documented_tables ... ok
test artifact::container::tests::refuses_appended_bytes ... ok
test artifact::container::tests::refuses_bad_magic ... ok
test artifact::container::tests::refuses_descending_directory_order ... ok
test artifact::container::tests::refuses_duplicate_section ... ok
test artifact::container::tests::refuses_flipped_section_byte ... ok
test artifact::container::tests::refuses_missing_section ... ok
test artifact::container::tests::refuses_non_zero_padding ... ok
test artifact::container::tests::refuses_relocated_section ... ok
test artifact::container::tests::refuses_section_count_mismatch ... ok
test artifact::container::tests::refuses_tampered_container_digest ... ok
test artifact::container::tests::refuses_tampered_identity_region ... ok
test artifact::container::tests::refuses_tampered_trailer_fields ... ok
test artifact::container::tests::refuses_truncated_body ... ok
test artifact::container::tests::refuses_truncated_trailer ... ok
test artifact::container::tests::refuses_unsupported_version ... ok
test artifact::container::tests::round_trip_sections_preserves_bytes ... ok
test artifact::identity::tests::duplicate_labels_stay_distinct_components ... ok
test artifact::identity::tests::empty_identity_round_trips ... ok
test artifact::identity::tests::equal_identities_report_no_mismatch ... ok
test artifact::identity::tests::identity_components_decode_to_what_was_encoded ... ok
test artifact::identity::tests::identity_digest_tracks_every_push ... ok
test artifact::identity::tests::identity_is_injective_across_field_boundaries ... ok
test artifact::identity::tests::identity_mismatch_names_the_component ... ok
test artifact::identity::tests::identity_mismatch_reports_shape_differences ... ok
test artifact::identity::tests::refuses_non_canonical_length_prefix ... ok
test artifact::identity::tests::refuses_non_utf8_label ... ok
test artifact::identity::tests::refuses_truncated_identity ... ok
test artifact::identity::tests::renders_binary_values_as_hex_and_text_as_text ... ok
test backend::tests::each_result_shape_names_its_query_form ... ok
test binding_pattern::tests::absorption_laws ... ok
test binding_pattern::tests::all_free_subsumes_everything_top_subsumes_nothing_else ... ok
test backend::tests::term_factory_interns_all_value_variants ... ok
test binding_pattern::tests::arity2_codes_are_the_canonical_binary_adornments ... ok
test binding_pattern::tests::code_round_trips_arity2 ... ok
test binding_pattern::tests::arity_and_is_bound_agree_with_constructors ... ok
test binding_pattern::tests::code_round_trips_arity3 ... ok
test binding_pattern::tests::bound_position_beyond_arity_panics - should panic ... ok
test binding_pattern::tests::is_all_free_only_when_nothing_bound ... ok
test binding_pattern::tests::from_code_rejects_foreign_chars - should panic ... ok
test binding_pattern::tests::join_is_bound_set_union_and_an_upper_bound ... ok
test binding_pattern::tests::max_arity_is_representable_end_to_end ... ok
test binding_pattern::tests::meet_and_join_are_commutative ... ok
test binding_pattern::tests::meet_arity_mismatch_panics - should panic ... ok
test binding_pattern::tests::join_arity_mismatch_panics - should panic ... ok
test binding_pattern::tests::meet_is_bound_set_intersection_and_a_lower_bound ... ok
test binding_pattern::tests::subsumes_is_antisymmetric ... ok
test binding_pattern::tests::subsumes_is_false_across_arities ... ok
test binding_pattern::tests::subsumes_is_reflexive ... ok
test binding_pattern::tests::subsumes_is_transitive ... ok
test binding_pattern::tests::position_order_does_not_affect_stored_or_observable_state ... ok
test blank_label::tests::a_legal_label_equal_to_an_envelope_is_encoded_away_from_it ... ok
test blank_label::tests::a_marker_token_never_merges_with_the_label_it_names ... ok
test blank_label::tests::a_marker_token_outside_the_image_is_verbatim ... ok
test blank_label::tests::a_token_outside_the_reserved_namespace_is_verbatim ... ok
test blank_label::tests::ascii_sweep_blank_node_label ... ok
test blank_label::tests::ascii_sweep_ncname ... ok
test blank_label::tests::dispatch_via_is_valid_label ... ok
test blank_label::tests::decode_inverts_encode_and_accepts_nothing_else ... ok
test blank_label::tests::encode_output_is_always_legal_under_the_target_alphabet ... ok
test blank_label::tests::encode_is_deterministic_across_runs ... ok
test blank_label::tests::encode_is_injective_over_label_scope_pairs ... ok
test blank_label::tests::every_envelope_is_legal_in_every_alphabet ... ok
test blank_label::tests::legal_prefix_always_yields_a_legal_minted_label ... ok
test blank_label::tests::internal_tables_match_independent_transcription ... ok
test blank_label::tests::structural_blank_node_label ... ok
test blank_label::tests::structural_blank_node_label_prefix ... ok
test blank_label::tests::structural_ncname ... ok
test blank_label::tests::the_dotted_and_marker_family_stays_five_distinct_labels ... ok
test blank_label::tests::the_envelope_is_the_documented_grammar ... ok
test blank_label::tests::rewritten_labels_are_ascii_word_characters_only ... ok
test blank_label::tests::retarget_owned_label_equals_a_direct_encode ... ok
test blank_label::tests::unicode_boundary_accepted_blank_node_label ... ok
test blank_label::tests::unicode_boundary_rejected_blank_node_label ... ok
test blank_label::tests::unscoped_legal_labels_are_borrowed_byte_identically ... ok
test blank_label::tests::xml_text_admits_representable_non_whitespace_and_refuses_the_rest ... ok
test bundle::tests::reject_absolute_path ... ok
test bundle::tests::load_accepts_well_formed_bundle ... ok
test bundle::tests::reject_conflicting_manifests_for_one_unit_iri ... ok
test bundle::tests::reject_digest_mismatch ... ok
test bundle::tests::reject_duplicate_artifact_ids ... ok
test bundle::tests::reject_duplicate_logical_paths ... ok
test bundle::tests::reject_path_traversal ... ok
test bundle::tests::repo_free_recoverability_by_role_path_and_digest ... ok
test bundle::tests::resegmentation_invariance ... ok
test bytes::tests::an_integer_is_reached_exactly_when_it_fits ... ok
test bytes::tests::an_offset_past_the_end_is_refused ... ok
test cdt_blank::tests::a_malformed_embedded_composite_literal_is_refused ... ok
test cdt_blank::tests::a_map_key_never_contributes_a_blank_node ... ok
test cdt_blank::tests::a_no_op_rewrite_borrows ... ok
test cdt_blank::tests::a_non_composite_embedded_literal_stays_opaque ... ok
test cdt_blank::tests::a_non_composite_literal_is_untouched ... ok
test cdt_blank::tests::a_signed_uchar_is_not_an_escape ... ok
test cdt_blank::tests::an_ambient_scope_is_spelled_exactly_as_a_bare_term_would_be ... ok
test cdt_blank::tests::an_ambient_scope_reaches_embedded_literals_without_re_escaping ... ok
test cdt_blank::tests::an_ill_formed_composite_literal_is_refused ... ok
test cdt_blank::tests::an_unsigned_uchar_still_decodes ... ok
test cdt_blank::tests::binding_touches_the_label_tokens_and_nothing_else ... ok
test cdt_blank::tests::direct_nesting_opens_no_new_scope ... ok
test cdt_blank::tests::distinct_labels_stay_distinct ... ok
test cdt_blank::tests::doubly_embedded_labels_are_found ... ok
test cdt_blank::tests::embedded_composite_literal_nesting_opens_no_new_scope ... ok
test cdt_blank::tests::one_label_twice_in_one_literal_names_one_node ... ok
test cdt_blank::tests::only_the_two_composite_datatypes_dispatch ... ok
test cdt_blank::tests::rewriting_can_skolemize_an_embedded_blank ... ok
test cdt_blank::tests::rewriting_renames_every_occurrence ... ok
test cdt_blank::tests::text_binding_is_a_fixpoint ... ok
test cdt_blank::tests::text_ingress_at_the_default_scope_is_a_byte_identity ... ok
test cdt_blank::tests::the_datatype_selects_the_grammar ... ok
test cdt_blank::tests::the_scanner_never_panics_on_hostile_bytes ... ok
test cdt_blank::tests::triple_term_components_are_in_scope ... ok
test collections::tests::a_built_list_walks_back_to_its_members ... ok
test collections::tests::a_list_of_owned_terms_is_built_with_the_rdf_vocabulary ... ok
test collections::tests::a_statement_in_several_graphs_is_one_edge ... ok
test collections::tests::a_well_formed_three_element_list_walks ... ok
test collections::tests::an_rdf_nil_head_is_the_empty_list ... ok
test collections::tests::an_rdf_nil_with_edges_is_refused_and_a_bare_one_is_read ... ok
test collections::tests::cells_typed_rdf_list_and_annotated_still_walk ... ok
test collections::tests::a_cycle_is_refused_with_each_cell_read_once ... ok
test collections::tests::container_member_index_parses_suffix ... ok
test collections::tests::container_members_numeric_order_with_gap ... ok
test collections::tests::convertible_list_cells_keep_a_well_formed_suffix ... ok
test collections::tests::convertible_list_cells_need_a_well_formed_tail ... ok
test collections::tests::convertible_list_cells_stop_at_a_converted_cell ... ok
test collections::tests::convertible_list_cells_walk_back_to_the_head ... ok
test collections::tests::fallible_list_construction_stops_at_the_first_callback_error ... ok
test collections::tests::cyclic_rest_terminates_truncated ... ok
test collections::tests::graph_scoping_isolates_lists ... ok
test collections::tests::iri_named_cells_walk ... ok
test collections::tests::literal_and_triple_term_members_walk ... ok
test collections::tests::malformed_dangling_rest_is_error ... ok
test collections::tests::malformed_missing_first_is_error ... ok
test collections::tests::malformed_multiple_first_is_error ... ok
test collections::tests::members_dispatch_collection_vs_container ... ok
test collections::tests::missing_edges_are_refused_and_the_error_names_the_cell ... ok
test collections::tests::nested_and_blank_members_walk ... ok
test collections::tests::ordered_collection_in_order ... ok
test collections::tests::rdf_list_error_display_and_error ... ok
test collections::tests::rdf_list_walk_counts_without_collecting ... ok
test collections::tests::rdf_list_walk_yields_members_then_one_fault ... ok
test collections::tests::self_cycle_at_head_terminates ... ok
test collections::tests::sole_object_counts_distinct_objects_up_to_two ... ok
test collections::tests::terminator_taxonomy_empty ... ok
test collections::tests::the_walker_reads_any_edge_source_and_counts_a_repeated_edge_once ... ok
test collections::tests::two_rdf_rest_edges_are_refused ... ok
test content_id::tests::accepts_valid_lowercase_hex ... ok
test content_id::tests::is_a_distinct_type_from_content_digest ... ok
test content_id::tests::rejects_non_hex_char ... ok
test content_id::tests::rejects_uppercase_hex ... ok
test content_id::tests::rejects_wrong_length ... ok
test content_id::tests::round_trips_through_hex ... ok
test content_id::tests::scheme_accepts_prefix_ending_in_non_hex_char ... ok
test content_id::tests::scheme_rejects_empty_prefix ... ok
test content_id::tests::scheme_rejects_prefix_ending_in_hex_digit ... ok
test content_store::tests::digest_of_is_stable_and_hex_round_trips ... ok
test content_store::tests::from_hex_rejects_bad_input ... ok
test content_store::tests::insert_checked_accepts_matching_digest ... ok
test content_store::tests::insert_checked_rejects_mismatched_digest ... ok
test content_store::tests::insert_is_idempotent_and_content_addressed ... ok
test content_store::tests::verify_all_passes_for_clean_store ... ok
test cover::tests::a_chain_whose_pieces_share_a_cut_decodes_by_its_declarations ... ok
test cover::tests::a_continuation_cannot_declare_itself_and_a_split_scalar_cannot_be_smuggled ... ok
test cover::tests::a_cover_that_rebuilds_the_wrong_bytes_is_named_by_its_digest ... ok
test cover::tests::a_full_cover_decodes_and_a_missing_span_names_the_uncovered_run ... ok
test cover::tests::a_span_answers_for_its_own_shape_before_the_cover_is_asked ... ok
test cover::tests::an_empty_document_is_a_lawful_graph_of_nothing ... ok
test cover::tests::an_overlap_is_refused_undeclared_and_admitted_declared_even_though_the_bytes_agree_either_way ... ok
test csv::read::source_width_tests::source_rows_cross_u32_without_truncation ... ok
test csv::read::source_width_tests::terminal_source_row_is_issued_once_and_then_refused_before_consumption ... ok
test csv::scan::tests::a_set_of_repeats_is_one_needle_and_padding_never_adds_a_member ... ok
test csv::scan::tests::required_csv_paths_are_available ... ok
test csv::scan::tests::the_selected_kernel_is_among_the_available_ones ... ok
test csv::tests::a_byte_order_mark_is_removed_and_nothing_else_is ... ok
test csv::tests::a_doubled_quote_in_an_unquoted_cell_is_one_quote ... ok
test csv::tests::a_field_is_quoted_only_when_it_must_be ... ok
test csv::tests::a_first_field_that_begins_with_the_comment_prefix_is_quoted ... ok
test csv::tests::a_header_row_is_consumed_by_headers_and_not_yielded_by_records ... ok
test csv::tests::a_quote_inside_an_unquoted_cell_is_refused_beside_its_doubled_neighbour ... ok
test csv::tests::a_quoted_value_holds_delimiters_line_breaks_and_doubled_quotes ... ok
test csv::tests::a_sink_failure_is_an_io_error ... ok
test csv::tests::a_string_record_behaves_as_its_list_of_fields ... ok
test csv::tests::an_empty_line_terminator_is_refused_beside_a_one_byte_terminator ... ok
test csv::tests::an_error_names_its_row_line_column_and_byte ... ok
test csv::tests::an_escape_character_applies_inside_and_outside_quotes ... ok
test csv::tests::an_escape_dialect_writes_escapes ... ok
test csv::tests::an_unequal_record_is_refused_unless_the_dialect_is_flexible ... ok
test csv::tests::an_unterminated_quoted_value_is_refused_beside_the_closed_neighbour ... ok
test csv::tests::bytes_that_are_not_utf8_are_refused_beside_the_ascii_neighbour ... ok
test csv::tests::dialect_bytes_that_the_scanner_cannot_test_are_refused_beside_valid_ones ... ok
test csv::tests::encoding_labels_are_the_utf8_labels_of_the_encoding_standard ... ok
test blank_label::tests::encode_output_is_legal_for_every_scalar_position ... ok
test csv::tests::line_terminators_are_tried_in_the_declared_order ... ok
test csv::tests::read_table_walks_the_csvw_table_algorithm ... ok
test csv::tests::rows_end_at_crlf_or_lf_and_a_lone_cr_is_text ... ok
test csv::tests::text_after_a_closing_quote_is_refused_beside_the_delimiter_neighbour ... ok
test csv::tests::the_field_writer_and_the_text_writer_share_the_quoting_rule ... ok
test csv::tests::the_rfc4180_preset_yields_the_header_row_as_a_record ... ok
test csv::tests::the_sssom_preset_is_tab_delimited_and_flexible ... ok
test csv::tests::trim_removes_unicode_white_space_as_asked ... ok
test csv::tests::without_a_quote_character_quotes_are_text ... ok
test csv::tests::writer_refusals_write_nothing_and_their_neighbours_write ... ok
test dataset_view::term_value_tests::a_present_empty_literal_resolves_to_the_empty_string ... ok
test dataset_view::term_value_tests::an_id_whose_literal_datatype_is_not_an_iri_is_foreign ... ok
test csv::scan::tests::every_kernel_agrees_with_the_per_byte_scan_over_seeded_inputs ... ok
test dataset_view::term_value_tests::the_lookup_error_names_the_foreign_id ... ok
test blank_label::tests::decode_inverts_encode_for_every_scalar_position ... ok
test csv::tests::every_preset_reads_back_what_it_writes ... ok
test dataset_view::tests::a_view_failed_at_first_sample_returns_the_before_checkpoint_error_without_draining ... ok
test dataset_view::tests::a_view_that_faults_during_the_drain_returns_the_after_checkpoint_error_and_drops_the_output ... ok
test dataset_view::tests::an_always_ready_view_publishes ... ok
test dataset_view::tests::graph_match_three_way ... ok
test dataset_view::tests::graph_selector_resolves_against_the_dataset_without_minting ... ok
test dataset_view::tests::objects_of_predicate_is_the_distinct_range_in_scope ... ok
test dataset_view::tests::quads_for_pattern_filters_by_id_and_graph ... ok
test describe::tests::a_reifier_declared_in_another_graph_than_its_reified_triple_is_kept_there ... ok
test describe::tests::absent_subject_yields_empty ... ok
test describe::tests::blank_nodes_expand_transitively ... ok
test describe::tests::blank_annotation_object_is_closed ... ok
test describe::tests::blank_reifier_own_triples_are_closed ... ok
test describe::tests::describes_incoming_triples_symmetrically ... ok
test describe::tests::describes_outgoing_triples ... ok
test describe::tests::each_declaration_harvests_only_its_own_graphs_annotations ... ok
test describe::tests::includes_reifiers_about_the_subject ... ok
test describe::tests::named_node_neighbours_do_not_expand ... ok
test describe::tests::reifier_and_annotation_stay_in_their_source_graph ... ok
test describe::tests::reifier_reifying_multiple_triples_closes_each_binding ... ok
test describe::tests::slice_scope_unions_subjects ... ok
test diagnostic::tests::iri_fields_render_the_existing_english ... ok
test diagnostic::tests::template_drift_is_refused_and_large_arguments_remain_exact ... ok
test distance::binary64_tests::every_double_rounding_row_is_a_witness_and_no_other_row_is ... ok
test distance::binary64_tests::exact_kernels_and_the_norm_equal_the_software_reference_on_witnesses ... ok
test distance::binary64_tests::the_reference_rounds_twice_the_way_the_x87_does ... ok
test distance::reassociated_tests::a_recorded_code_of_another_arithmetic_is_unknown ... ok
test distance::reassociated_tests::a_recorded_narrower_path_computes_its_own_bits ... ok
test distance::reassociated_tests::a_recorded_path_resolves_whenever_the_host_runs_it ... ok
test distance::reassociated_tests::a_recorded_path_whose_feature_is_hidden_is_refused_naming_it ... ok
test distance::reassociated_tests::every_required_dispatch_path_executes ... ok
test distance::reassociated_tests::evidence_text_pinned ... ok
test distance::reassociated_tests::no_substitution_exact_never_fast ... ok
test distance::reassociated_tests::reassociated_bounded_agrees_with_full ... ok
test distance::reassociated_tests::reassociated_deterministic_per_path ... ok
test distance::reassociated_tests::reassociated_overflow_is_nonfinite ... ok
test distance::reassociated_tests::reassociated_refuses_flush_to_zero ... ok
test distance::reassociated_tests::reassociated_resolves_the_path_the_processor_predicts ... ok
test distance::reassociated_tests::reassociated_within_error_bound ... ok
test distance::reassociated_tests::the_portable_path_is_not_dispatched_where_a_named_path_exists - should panic ... ok
test distance::reassociated_tests::the_reassociated_identity_is_pinned ... ok
test distance::shape::tests::a_relevant_feature_changes_the_shape_and_an_irrelevant_one_does_not ... ok
test distance::shape::tests::the_display_names_the_architecture_and_features ... ok
test distance::shape::tests::the_encoder_is_deterministic_and_order_free ... ok
test distance::shape::tests::the_identity_is_deterministic_and_moves_with_every_input ... ok
test distance::shape::tests::the_identity_text_names_the_compiler_cpu_and_level ... ok
test distance::shape::tests::the_table_fits_the_layout ... ok
test distance::shape::tests::this_build_encodes_as_the_encoder_would ... ok
test distance::shape::tests::this_build_records_its_own_identity ... ok
test distance::tests::a_misshapen_matrix_is_refused_and_a_well_shaped_one_is_not ... ok
test distance::tests::bounded_matches_full ... ok
test distance::tests::default_float_environment_resolves ... ok
test distance::tests::every_probe_row_is_distinct_and_names_its_departure ... ok
test distance::tests::every_refusal_renders_a_distinct_sentence ... ok
test distance::binary64_tests::binary64_operations_equal_the_software_reference ... ok
test distance::tests::family_contract_digest_unchanged_by_arithmetic ... ok
test distance::tests::nonfinite_checked_before_bound ... ok
test distance::tests::order_is_the_lane_tree ... ok
test distance::tests::resolve_refuses_every_mxcsr_departure_and_answers_the_default ... ok
test distance::tests::the_default_environment_passes_every_probe_row ... ok
test distance::tests::the_exact_code_resolves_without_avx512f ... ok
test distance::tests::the_exact_identity_is_pinned ... ok
test distance::tests::the_probe_alone_refuses_every_mxcsr_departure ... ok
test fno::tests::emits_function_typing_and_label_langstring ... ok
test fno::tests::expects_is_an_ordered_rdf_list ... ok
test fno::tests::mapping_uses_plain_string_for_implementation_property ... ok
test fno::tests::required_is_an_xsd_boolean_literal ... ok
test fno::tests::returns_is_a_one_element_list ... ok
test fno::tests::to_ntriples_emits_the_document_node ... ok
test governor::tests::every_dimension_label_is_unique_and_stable ... ok
test governor::tests::every_tripped_governor_label_is_unique_and_stable ... ok
test governor::tests::evidence_echoes_its_limits_and_starts_complete ... ok
test governor::tests::page_fault_constructors_still_build_the_expected_stopped_variant ... ok
test governor::tests::paged_limits_projection_leaves_compute_dimensions_unbounded ... ok
test governor::tests::paged_limits_round_trip_through_the_resource_vector ... ok
test governor::tests::precedence_is_a_total_order_over_every_governor ... ok
test governor::tests::resource_vector_unbounded_is_not_bounded_on_any_dimension ... ok
test governor::tests::resource_vector_zero_is_bounded_on_every_dimension ... ok
test governor::tests::saturating_add_does_not_overflow_at_u64_max ... ok
test governor::tests::stop_cause_round_trips_through_page_fault_kind ... ok
test graph::tests::back_edge_to_a_popped_component_does_not_merge ... ok
test graph::tests::chained_components_are_not_merged ... ok
test graph::tests::deep_cycle_does_not_grow_the_call_stack ... ok
test cdt_blank::tests::a_hundred_thousand_deep_label_is_bound_exactly_as_a_shallow_one ... ok
test graph::tests::deep_path_does_not_grow_the_call_stack ... ok
test graph::tests::empty_graph_has_no_components ... ok
test graph::tests::isolated_node_is_its_own_component ... ok
test graph::tests::isolated_nodes_do_not_merge ... ok
test graph::tests::self_loop_is_a_singleton_component ... ok
test graph::tests::simple_cycle_and_an_isolated_node ... ok
test graph::tests::the_component_index_reads_set_rows_and_deep_paths ... ok
test graph::tests::two_disjoint_non_trivial_components ... ok
test graph::tests::whole_graph_is_one_component ... ok
test graph_roles::tests::a_document_without_graph_types_classifies_nothing ... ok
test graph_roles::tests::a_transitive_user_subclass_gives_the_role_and_an_unrelated_class_does_not ... ok
test graph_roles::tests::each_graph_class_gives_its_role_and_another_class_gives_none ... ok
test graph_roles::tests::roles_accumulate_and_only_the_data_graph_role_anchors_nothing ... ok
test hash::tests::packed_fields_preserve_boundaries_presence_and_high_id_bits ... ok
test graph::tests::the_component_index_is_mutual_reachability_in_reverse_topological_order ... ok
test distance::tests::exact_paths_agree_bitwise ... ok
test imports::tests::a_blank_node_header_imports_and_an_untyped_blank_node_does_not ... ok
test imports::tests::a_closure_that_reached_nothing_is_not_copied ... ok
test imports::tests::a_data_graph_alone_anchors_nothing_and_a_data_graph_ontology_does ... ok
test imports::tests::a_declared_shapes_graph_resolves_in_place_and_a_declared_data_graph_does_not ... ok
test imports::tests::a_subject_versioning_an_anchor_imports_and_one_versioning_another_iri_does_not ... ok
test imports::tests::an_entry_nothing_imports_is_unreached ... ok
test imports::tests::an_import_on_a_loaded_iri_counts_and_one_on_another_node_is_data ... ok
test imports::tests::an_imported_documents_imports_are_read_from_its_own_anchors ... ok
test imports::tests::an_ontology_header_imports_and_a_supplied_document_is_merged ... ok
test imports::tests::each_resolution_route_resolves_and_its_neighbour_does_not ... ok
test imports::tests::every_shapes_graph_instance_imports_and_an_unrelated_type_does_not ... ok
test imports::tests::the_importing_graph_conflicts_with_a_version_it_imports ... ok
test imports::tests::the_merge_is_transitive_cycle_safe_and_standardized_apart ... ok
test imports::tests::two_shapes_graphs_in_one_document_are_both_anchored ... ok
test imports::tests::two_versions_of_one_series_conflict_and_two_series_do_not ... ok
test imports::tests::unanchored_imports_are_listed_per_document ... ok
test ir::absolute::tests::absolute_iris_pass ... ok
test ir::absolute::tests::empty_iri_is_a_missing_base_not_an_empty_string ... ok
test ir::absolute::tests::malformed_iris_keep_their_own_diagnostic ... ok
test ir::absolute::tests::relative_references_are_rejected_with_the_shared_code ... ok
test ir::builder::tests::all_term_kinds_match_borrowed_and_stored_hashes ... ok
test ir::builder::tests::blank_scope_distinctness ... ok
test ir::builder::tests::datatype_expansion_equality ... ok
test ir::builder::tests::directional_literal_distinctness ... ok
test ir::builder::tests::freeze_dedupes_annotations ... ok
test ir::builder::tests::freeze_dedupes_quads ... ok
test ir::builder::tests::freeze_keeps_multiple_reifiers_for_one_triple ... ok
test ir::builder::tests::freeze_preserves_named_graphs ... ok
test ir::builder::tests::intern_blank_is_idempotent ... ok
test ir::builder::tests::intern_blank_never_recognized_as_content_id ... ok
test ir::builder::tests::intern_iri_content_id_is_idempotent ... ok
test ir::builder::tests::intern_iri_is_idempotent ... ok
test ir::builder::tests::intern_iri_no_recognition_when_scheme_inactive ... ok
test ir::builder::tests::intern_iri_ordinary_iri_has_no_content_id ... ok
test ir::builder::tests::intern_iri_recognizes_content_id ... ok
test ir::builder::tests::intern_iri_rejects_malformed_suffix_as_ordinary_iri ... ok
test ir::builder::tests::intern_literal_is_idempotent ... ok
test ir::builder::tests::iri_hash_matches_stored_form_across_lengths_and_table_growth ... ok
test ir::builder::tests::lang_tagged_distinct_from_plain ... ok
test ir::builder::tests::language_lowercasing ... ok
test ir::builder::tests::nested_triple_term_structural_identity ... ok
test ir::builder::tests::new_builder_has_no_content_scheme ... ok
test ir::builder::tests::property_idempotence_and_bounded_count ... ok
test ir::builder::tests::push_dataset_carries_reifiers_and_annotations ... ok
test ir::builder::tests::push_dataset_keeps_two_scopes_of_one_label_apart ... ok
test ir::builder::tests::push_dataset_merges_and_dedupes_quads ... ok
test ir::builder::tests::push_dataset_standardizes_apart_blank_nodes ... ok
test ir::builder::tests::the_owned_round_trip_preserves_blank_label_identity ... ok
test ir::builder::tests::validated_builder_type_state_freezes_after_validation ... ok
test ir::builder::tests::with_content_addressing_sets_config ... ok
test ir::bundle::tests::bundle_pairs_dataset_with_envelope ... ok
test ir::bundle::tests::envelope_default_is_empty ... ok
test ir::canon::state::tests::discrete_refinement_uses_one_search_node_and_a_zero_node_budget_refuses ... ok
test ir::canon::state::tests::frozen_canonical_payloads_match_independent_typed_preimages ... ok
test ir::canon::state::tests::genuine_branching_refuses_its_search_budget_and_has_an_admitted_neighbor ... ok
test ir::canon::state::tests::incident_transpositions_match_every_record_and_restore_labels ... ok
test ir::canon::tests::a_flat_reifier_slot_renders_identically_whether_interned_or_literal ... ok
test ir::canon::tests::a_graph_scoped_refusal_does_not_spread_to_a_neighbouring_graph ... ok
test ir::canon::tests::a_literally_asserted_sentinel_row_folds_into_the_flat_annotation_row_it_denotes ... ok
test ir::canon::tests::a_literally_asserted_sentinel_row_folds_into_the_flat_reifier_row_it_denotes ... ok
test ir::canon::tests::a_literally_asserted_sentinel_row_folds_into_the_reifier_it_denotes ... ok
test ir::canon::tests::a_spelled_row_and_the_row_it_spells_canonicalize_identically ... ok
test ir::canon::tests::all_ground_fast_path_sorts_quads ... ok
test ir::canon::tests::annotation_shows_in_canon ... ok
test ir::canon::tests::any_iri_in_the_reserved_namespace_is_refused_not_only_the_two_sentinels ... ok
test ir::canon::tests::blank_count_counts_distinct_including_nested ... ok
test ir::canon::tests::canonical_relabel_covers_a_declaration_only_blank_graph ... ok
test ir::canon::tests::canonical_relabel_is_idempotent_and_isomorphism_preserving ... ok
test ir::canon::tests::canonical_relabel_output_labels_are_exactly_the_c14n_set ... ok
test ir::canon::tests::canonical_relabel_propagates_canonicalization_refusals ... ok
test ir::canon::tests::canonicalization_is_idempotent_over_its_own_output ... ok
test ir::canon::tests::check_admissible_agrees_with_the_canonicalizer_on_both_answers ... ok
test ir::canon::tests::check_admissible_flat_view_refuses_a_view_that_faults_mid_run ... ok
test ir::canon::tests::different_wiring_differs ... ok
test ir::canon::tests::empty_dataset_canonicalizes_to_empty ... ok
test ir::canon::tests::flat_entry_points_refuse_reserved_vocabulary_typed_and_admit_a_neighbouring_iri ... ok
test ir::canon::tests::flat_graph_scope_is_flat_dataset_scope_composed_with_projection ... ok
test ir::canon::tests::flat_presentation_refuses_the_same_near_misses_the_overlay_does ... ok
test ir::canon::tests::graph_scoped_canonicalization_is_idempotent_over_its_own_output ... ok
test ir::canon::tests::graph_scoped_canonicalization_matches_the_named_graph_projection ... ok
test ir::canon::tests::isomorphic_blank_relabeling_is_byte_equal ... ok
test ir::canon::tests::literal_forms_are_verbatim ... ok
test ir::canon::tests::nested_triple_term_symmetry_resolves_deterministically ... ok
test ir::canon::tests::permutations_are_lexicographic_identity_first ... ok
test ir::canon::tests::reifier_count_shows_in_canon ... ok
test ir::canon::tests::reserved_vocabulary_is_reported_ahead_of_the_poison_budget ... ok
test ir::canon::tests::self_loop_canonicalizes ... ok
test ir::canon::tests::symmetric_ring_resolves_deterministically ... ok
test ir::canon::tests::the_flat_dedup_law_covers_all_three_spellings_combined ... ok
test ir::canon::tests::the_flat_dedup_law_covers_sentinel_and_real_predicate_base_quads_without_a_native_row ... ok
test ir::canon::tests::the_flat_dedup_law_emits_a_doubly_spelled_row_exactly_once ... ok
test ir::canon::tests::the_flat_dedup_law_holds_for_sentinel_and_real_predicate_base_quads_in_a_named_graph ... ok
test ir::canon::tests::the_flat_entry_points_are_the_view_core_at_rdfdataset ... ok
test ir::canon::tests::the_flat_presentation_lowers_the_statement_layer_to_ordinary_quads ... ok
test ir::canon::tests::the_fold_is_shape_exact_and_its_near_misses_still_refuse ... ok
test ir::canon::tests::the_overlay_presentation_is_byte_identical_to_its_pre_axis_output ... ok
test ir::canon::tests::the_overlays_own_sentinels_do_not_trip_the_sweep ... ok
test ir::canon::tests::the_profile_identity_and_the_reserved_namespace_are_consistent ... ok
test ir::canon::tests::the_reported_violation_is_the_least_one_not_the_first_encountered ... ok
test ir::canon::tests::the_reserved_namespace_is_refused_in_every_position ... ok
test ir::canon::tests::the_trusted_entry_point_panics_on_reserved_vocabulary - should panic ... ok
test ir::canon::tests::try_canonicalize_flat_view_accepts_both_rdfdataset_and_arc_rdfdataset ... ok
test ir::canon::tests::try_canonicalize_flat_view_refuses_a_view_already_failed_before_the_drain ... ok
test ir::canon::tests::try_canonicalize_flat_view_refuses_a_view_that_faults_mid_run_and_publishes_nothing ... ok
test ir::canon::tests::try_canonicalize_flat_view_refuses_budget_exhaustion_and_a_large_neighbour_stays_green ... ok
test ir::canon::tests::try_flat_digest_view_hashes_the_flat_canonical_document ... ok
test ir::canon::tests::xsd_string_is_bare_and_directional_literal_renders ... ok
test ir::compare::tests::annotation_difference_is_not_isomorphic ... ok
test ir::compare::tests::blank_bijection_same_structure_different_labels_is_isomorphic ... ok
test ir::compare::tests::blank_different_wiring_is_not_isomorphic ... ok
test ir::compare::tests::dataset_diff_reports_counts_and_verdict ... ok
test ir::compare::tests::differing_ground_iri_is_not_isomorphic ... ok
test ir::compare::tests::directional_literal_difference_is_not_isomorphic ... ok
test ir::compare::tests::identical_ground_datasets_are_isomorphic ... ok
test ir::compare::tests::reifier_count_difference_is_not_isomorphic ... ok
test ir::compare::tests::symmetric_ring_relabeled_is_isomorphic ... ok
test ir::compare::tests::two_blanks_relabeled_is_isomorphic ... ok
test ir::cursor::tests::forward_flat_map_bounds_the_live_inner_cursor ... ok
test ir::cursor::tests::forward_flat_map_matches_flat_map_rows_and_bounds ... ok
test ir::cursor::tests::optional_holds_its_rows_or_none ... ok
test ir::dataset::tests::annotation_quads_expose_the_side_table_as_virtual_triples ... ok
test ir::dataset::tests::borrowed_triple_lookup_rejects_foreign_component_ids ... ok
test ir::dataset::tests::chunked_scan_filter_matches_per_row_filter ... ok
test ir::dataset::tests::content_addressing::content_id_lookup_is_stable_across_freeze ... ok
test ir::dataset::tests::content_addressing::content_ids_and_derivation_predicate_round_trip ... ok
test ir::dataset::tests::content_addressing::derivation_predicate_none_when_never_interned ... ok
test ir::dataset::tests::content_addressing::no_content_addressing_configured_is_empty ... ok
test ir::dataset::tests::content_addressing::predecessor_chain_terminates_on_a_cycle ... ok
test ir::dataset::tests::content_addressing::predecessor_chain_walks_a_linear_derivation_chain ... ok
test ir::dataset::tests::content_addressing::predecessors_concurrent_first_build_is_consistent ... ok
test ir::dataset::tests::content_addressing::predecessors_empty_when_no_derivation_predicate_configured ... ok
test ir::dataset::tests::content_addressing::predecessors_of_multiple_predecessors_are_sorted ... ok
test ir::dataset::tests::content_addressing::predecessors_reads_the_predecessor_link_annotation ... ok
test ir::dataset::tests::extend_empty_and_dedup ... ok
test ir::dataset::tests::extend_with_interned_ids_and_into_iterator ... ok
test ir::dataset::tests::frozen_iri_lookup_round_trips_across_lengths_and_table_growth ... ok
test ir::dataset::tests::location_follows_quad_through_freeze_sort ... ok
test ir::dataset::tests::location_lookup_is_sparse_and_binary_searchable ... ok
test ir::dataset::tests::map_ids_rekeys_every_id_column_and_only_those ... ok
test ir::dataset::tests::named_graph_projection::projection_does_not_absorb_another_graphs_statement_layer ... ok
test ir::dataset::tests::named_graph_projection::projection_never_claims_a_default_graph_statement_row ... ok
test ir::dataset::tests::owned_pattern_cursor_pins_and_lazily_reads_dataset ... ok
test ir::dataset::tests::owned_snapshot_carries_content_addressing_forward ... ok
test ir::dataset::tests::property_cardinality_estimate_exact_on_index_prefix ... ok
test ir::dataset::tests::property_cardinality_estimate_upper_bounds_count ... ok
test ir::dataset::tests::property_freeze_quads_count_and_in_range ... ok
test ir::dataset::tests::property_indexed_pattern_matches_linear_scan ... ok
test ir::dataset::tests::quad_ids_match_pushed_quads ... ok
test ir::dataset::tests::reifier_and_annotation_refs_resolve_to_borrowed_terms ... ok
test ir::dataset::tests::reifier_quads_empty_when_no_reifiers ... ok
test ir::dataset::tests::reifier_quads_expose_the_side_table_as_virtual_triples ... ok
test ir::dataset::tests::reifier_quads_of_empty_when_no_reifiers ... ok
test ir::dataset::tests::reifier_quads_of_equals_the_filtered_full_scan ... ok
test ir::dataset::tests::reifier_quads_of_yields_the_frozen_run_in_order ... ok
test ir::dataset::tests::reifiers_of_and_annotations_of ... ok
test ir::dataset::tests::resolve_round_trips_iri ... ok
test ir::dataset::tests::resolve_round_trips_literal_content ... ok
test ir::dataset::tests::term_id_by_value_concurrent_lookup_is_thread_safe ... ok
test ir::dataset::tests::term_id_by_value_disambiguates_same_lexical_different_datatype ... ok
test ir::dataset::tests::term_id_by_value_is_dataset_independent_not_id_based ... ok
test ir::dataset::tests::term_id_by_value_round_trips_every_kind ... ok
test ir::dataset::tests::the_reifier_table_invariant_guard_never_fires_on_a_builder_produced_dataset ... ok
test ir::dataset::tests::union_carries_a_configured_but_unused_derivation_predicate ... ok
test ir::dataset::tests::union_dedupes_shared_quads ... ok
test ir::dataset::tests::union_is_commutative_up_to_isomorphism ... ok
test ir::dataset::tests::union_of_agreeing_content_schemes_carries_addressing_forward ... ok
test ir::dataset::tests::union_of_disagreeing_content_schemes_fabricates_nothing ... ok
test ir::dataset::tests::union_of_single_input_is_isomorphic_to_input ... ok
test ir::dataset::tests::union_preserves_side_tables ... ok
test ir::dataset::tests::union_standardizes_apart_same_label_blanks ... ok
test ir::embedding::contract::tests::dimensions_must_be_strictly_increasing ... ok
test ir::embedding::contract::tests::fixed_contract_is_canonical_and_derives_one_space ... ok
test ir::embedding::contract::tests::matryoshka_dimensions_produce_distinct_spaces ... ok
test ir::embedding::contract::tests::matryoshka_prefix_count_has_no_arbitrary_256_limit ... ok
test ir::embedding::contract::tests::required_and_optional_fields_read_one_canonical_block ... ok
test ir::embedding::contract::tests::subject_projection_is_mandatory ... ok
test ir::embedding::contract::tests::tlv_rejects_unsorted_tags_and_nonzero_padding ... ok
test ir::embedding::error::tests::verify_accepts_the_recorded_digest_and_names_a_mismatch ... ok
test ir::embedding::identity::tests::artifact_root_binds_header_and_directory ... ok
test ir::embedding::identity::tests::domains_separate_equal_payloads ... ok
test ir::embedding::identity::tests::field_lengths_make_the_fold_unambiguous ... ok
test ir::embedding::identity::tests::identity_hex_is_fixed_width_lowercase ... ok
test ir::embedding::identity::tests::target_set_order_is_identity_significant ... ok
test ir::embedding::identity::tests::the_identities_outside_the_artifact_golden_are_frozen ... ok
test ir::embedding::identity::tests::vector_space_binds_dimension_and_postprocessing ... ok
test ir::embedding::metadata::tests::empty_relation_section_has_the_exact_canonical_header ... ok
test ir::embedding::metadata::tests::find_sorted_answers_the_entry_or_names_the_missing_reference ... ok
test ir::embedding::metadata::tests::inline_indexes_assign_instances_in_canonical_id_order ... ok
test ir::embedding::metadata::tests::only_verified_external_purrpck_mints_certified_rdf ... ok
test ir::embedding::metadata::tests::source_certification_is_exact_purrpck_only ... ok
test ir::embedding::metadata::tests::target_encoding_ignores_insertion_order ... ok
test ir::embedding::metadata::tests::typed_metadata_is_deterministic_and_deduplicates_logical_input ... ok
test ir::embedding::target::tests::a_refused_language_tag_names_the_rule_that_refused_it ... ok
test ir::embedding::target::tests::document_and_chunk_verify_external_utf8_content ... ok
test ir::embedding::target::tests::extension_target_payload_digest_is_verified ... ok
test ir::embedding::target::tests::language_tags_use_lowercase_bcp47_shape ... ok
test ir::embedding::target::tests::literal_shape_is_checked_for_targets_and_received_identity_bytes ... ok
test ir::embedding::target::tests::rdf_iris_must_be_absolute_and_well_formed ... ok
test ir::embedding::target::tests::rdf_term_ordinals_are_one_based ... ok
test ir::embedding::target::tests::rdf_triple_terms_and_directional_literals_are_first_class ... ok
test ir::embedding::target::tests::relation_sorting_includes_extension_role_digest ... ok
test ir::embedding::target::tests::retained_and_digest_only_targets_have_the_same_id ... ok
test ir::embedding::target::tests::retained_target_identities_require_the_kind_schema ... ok
test ir::embedding::target::tests::target_sets_sort_and_reject_duplicates ... ok
test ir::embedding::verify::tests::resident_certificate_binds_allocation_range_and_root ... ok
test ir::embedding::verify::tests::vector_space_compatibility_uses_identity_not_dimension ... ok
test ir::embedding::view::tests::both_normalized_f32_reads_divide_as_the_software_reference ... ok
test ir::embedding::view::tests::bulk_effective_f32_decode_matches_the_iterator ... ok
test ir::embedding::view::tests::bulk_f32_decode_matches_the_iterator_at_every_position ... ok
test ir::embedding::view::tests::deterministic_l2_is_allocation_free_and_normative ... ok
test ir::embedding::view::tests::deterministic_l2_rejects_zero_norm ... ok
test ir::embedding::view::tests::embedded_contract_and_index_payload_digests_are_semantic ... ok
test ir::embedding::view::tests::framing_rejects_bad_magic ... ok
test ir::embedding::view::tests::framing_rejects_truncation_before_reading_fields ... ok
test ir::embedding::view::tests::portable_f32_iteration_preserves_signed_zero ... ok
test ir::embedding::view::tests::portable_scalar_iteration_rejects_nonfinite_values ... ok
test ir::embedding::wire::tests::artifact_root_changes_with_a_section ... ok
test ir::embedding::wire::tests::canonical_assembly_sorts_and_aligns_sections ... ok
test ir::embedding::wire::tests::rejects_noncontiguous_matrix_instances ... ok
test ir::embedding::writer::tests::deterministic_l2_rejects_a_zero_prefix ... ok
test ir::embedding::writer::tests::f64_matrix_bits_are_preserved ... ok
test ir::embedding::writer::tests::matrix_content_identity_matches_the_normative_helper ... ok
test ir::embedding::writer::tests::nonfinite_scalars_are_rejected_with_coordinates ... ok
test ir::embedding::writer::tests::projection_digest_matches_normative_raw_helper ... ok
test ir::embedding::writer::tests::streaming_rejects_out_of_order_targets ... ok
test ir::embedding::writer::tests::unordered_and_streaming_writers_emit_identical_bytes ... ok
test ir::event_sink::tests::default_sink_methods_are_noops ... ok
test ir::event_sink::tests::emit_is_complete_and_self_declaring ... ok
test ir::event_sink::tests::emit_preserves_reifier_and_annotation_graph_slots ... ok
test csv::scan::tests::every_kernel_agrees_with_the_per_byte_scan_at_every_alignment_and_length ... ok
test ir::global::tests::a_relative_iri_is_refused_and_leaves_the_dictionary_unchanged ... ok
test ir::global::tests::all_term_kinds_match_borrowed_and_stored_hashes ... ok
test ir::global::tests::blank_scope_participates_in_identity ... ok
test ir::global::tests::cold_validated_reinterning_preserves_composite_registration ... ok
test ir::global::tests::global_term_id_from_index_rejects_u64_max - should panic ... ok
test ir::global::tests::global_term_id_index_round_trips ... ok
test ir::global::tests::intern_is_deterministic_across_runs ... ok
test ir::global::tests::intern_is_idempotent_and_insertion_ordered ... ok
test ir::global::tests::intern_literal_registers_nested_composite_identities_with_their_scopes ... ok
test ir::global::tests::intern_value_registers_composite_blanks_inside_triple_terms ... ok
test ir::global::tests::iri_hash_matches_stored_form_across_lengths_and_table_growth ... ok
test ir::global::tests::new_dictionary_is_empty ... ok
test ir::global::tests::ordinary_literal_ingress_preserves_opaque_bytes_and_insertion_order ... ok
test ir::global::tests::re_interning_an_absolute_iri_is_a_hit_and_reintern_skips_revalidation ... ok
test ir::global::tests::resolve_round_trips_blank ... ok
test ir::global::tests::resolve_round_trips_iri ... ok
test ir::global::tests::resolve_round_trips_language_literal ... ok
test ir::global::tests::resolve_round_trips_triple_with_interned_components ... ok
test ir::global::tests::resolve_round_trips_typed_literal_with_interned_datatype ... ok
test ir::global::tests::ring_fence_term_id_stays_four_bytes ... ok
test ir::global::tests::term_id_by_value_hits_and_misses ... ok
test ir::global::tests::term_id_by_value_matches_intern_for_all_shapes ... ok
test backend::term_walk_tests::a_hundred_thousand_level_value_interns_on_a_128_kib_thread has been running for over 60 seconds
test backend::term_walk_tests::interning_agrees_with_its_recursive_reference_on_generated_values has been running for over 60 seconds
test dataset_view::term_value_tests::every_interned_value_resolves_to_itself has been running for over 60 seconds
test describe::term_walk_tests::resolution_agrees_with_its_recursive_reference_on_generated_terms has been running for over 60 seconds
test imports::term_walk_tests::a_hundred_thousand_level_term_is_rescoped_on_a_128_kib_thread has been running for over 60 seconds
test imports::term_walk_tests::the_walks_agree_with_their_recursive_references_on_generated_terms has been running for over 60 seconds
test ir::global::tests::a_hundred_thousand_level_term_round_trips_on_a_128_kib_thread has been running for over 60 seconds
test ir::global::tests::the_walks_agree_with_their_recursive_references_on_generated_terms has been running for over 60 seconds
error: test failed, to rerun pass `-p purrdf-core --lib`

Caused by:
  process didn't exit successfully: `/opt/purrdf-508-qualification/build/debug/build/purrdf-core/1c7f8ab4d6fee602/out/purrdf_core-1c7f8ab4d6fee602` (signal: 15, SIGTERM: termination signal)
