cargo fmt --all --check
cargo fmt --manifest-path crates/jsonschema/tests/preserve_order_consumer/Cargo.toml --check
cargo clippy --workspace --all-targets --locked -- -D warnings
    Checking purrdf-bench v3.0.1 (/home/paudley/Active/purrdf/.worktrees/508-sparql-eval-complete-bounded-workspace/crates/bench)
    Checking purrdf-envelope-probe v3.0.1 (/home/paudley/Active/purrdf/.worktrees/508-sparql-eval-complete-bounded-workspace/crates/envelope-probe)
    Checking purrdf-cli v3.0.1 (/home/paudley/Active/purrdf/.worktrees/508-sparql-eval-complete-bounded-workspace/crates/cli)
    Checking purrdf-capi v3.0.1 (/home/paudley/Active/purrdf/.worktrees/508-sparql-eval-complete-bounded-workspace/crates/rdf-capi)
    Checking purrdf-wasm v3.0.1 (/home/paudley/Active/purrdf/.worktrees/508-sparql-eval-complete-bounded-workspace/crates/rdf-wasm)
    Checking purrdf-python v3.0.1 (/home/paudley/Active/purrdf/.worktrees/508-sparql-eval-complete-bounded-workspace/bindings/python)
    Checking purrdf v3.0.1 (/home/paudley/Active/purrdf/.worktrees/508-sparql-eval-complete-bounded-workspace/crates/purrdf)
    Checking purrdf-validate v3.0.1 (/home/paudley/Active/purrdf/.worktrees/508-sparql-eval-complete-bounded-workspace/crates/validate)
    Checking purrdf-geo v3.0.1 (/home/paudley/Active/purrdf/.worktrees/508-sparql-eval-complete-bounded-workspace/crates/geo)
    Checking purrdf-slice v3.0.1 (/home/paudley/Active/purrdf/.worktrees/508-sparql-eval-complete-bounded-workspace/crates/slice)
    Checking purrdf-shex v3.0.1 (/home/paudley/Active/purrdf/.worktrees/508-sparql-eval-complete-bounded-workspace/crates/shex)
    Checking purrdf-rdf v3.0.1 (/home/paudley/Active/purrdf/.worktrees/508-sparql-eval-complete-bounded-workspace/crates/rdf)
    Checking purrdf-markdown v3.0.1 (/home/paudley/Active/purrdf/.worktrees/508-sparql-eval-complete-bounded-workspace/crates/markdown)
    Checking purrdf-json v3.0.1 (/home/paudley/Active/purrdf/.worktrees/508-sparql-eval-complete-bounded-workspace/crates/json)
    Checking purrdf-mime v3.0.1 (/home/paudley/Active/purrdf/.worktrees/508-sparql-eval-complete-bounded-workspace/crates/mime)
    Checking purrdf-conformance-kit v3.0.1 (/home/paudley/Active/purrdf/.worktrees/508-sparql-eval-complete-bounded-workspace/crates/conformance-kit)
    Checking purrdf-gts v3.0.1 (/home/paudley/Active/purrdf/.worktrees/508-sparql-eval-complete-bounded-workspace/crates/gts)
    Checking purrdf-retrieval v3.0.1 (/home/paudley/Active/purrdf/.worktrees/508-sparql-eval-complete-bounded-workspace/crates/retrieval)
    Checking purrdf-text v3.0.1 (/home/paudley/Active/purrdf/.worktrees/508-sparql-eval-complete-bounded-workspace/crates/text)
    Checking purrdf-hnsw v3.0.1 (/home/paudley/Active/purrdf/.worktrees/508-sparql-eval-complete-bounded-workspace/crates/hnsw)
    Checking helper-census v3.0.1 (/home/paudley/Active/purrdf/.worktrees/508-sparql-eval-complete-bounded-workspace/crates/helper-census)
    Checking purrdf-datalog v3.0.1 (/home/paudley/Active/purrdf/.worktrees/508-sparql-eval-complete-bounded-workspace/crates/datalog)
    Checking purrdf-columnar v3.0.1 (/home/paudley/Active/purrdf/.worktrees/508-sparql-eval-complete-bounded-workspace/crates/columnar)
    Checking purrdf-jsonschema v3.0.1 (/home/paudley/Active/purrdf/.worktrees/508-sparql-eval-complete-bounded-workspace/crates/jsonschema)
    Checking purrdf-sparql-results v3.0.1 (/home/paudley/Active/purrdf/.worktrees/508-sparql-eval-complete-bounded-workspace/crates/sparql-results)
    Checking purrdf-sparql-algebra v3.0.1 (/home/paudley/Active/purrdf/.worktrees/508-sparql-eval-complete-bounded-workspace/crates/sparql-algebra)
    Checking purrdf-core v3.0.1 (/home/paudley/Active/purrdf/.worktrees/508-sparql-eval-complete-bounded-workspace/crates/rdf-core)
    Checking purrdf-cdt v3.0.1 (/home/paudley/Active/purrdf/.worktrees/508-sparql-eval-complete-bounded-workspace/crates/cdt)
    Checking purrdf-xsd v3.0.1 (/home/paudley/Active/purrdf/.worktrees/508-sparql-eval-complete-bounded-workspace/crates/xsd)
    Finished `dev` profile [optimized + debuginfo] target(s) in 3m 32s
cargo clippy --manifest-path crates/jsonschema/tests/preserve_order_consumer/Cargo.toml --all-targets --locked -- -D warnings
    Checking purrdf-xsd v3.0.1 (/home/paudley/Active/purrdf/.worktrees/508-sparql-eval-complete-bounded-workspace/crates/xsd)
    Checking purrdf-jsonschema v3.0.1 (/home/paudley/Active/purrdf/.worktrees/508-sparql-eval-complete-bounded-workspace/crates/jsonschema)
    Checking purrdf-jsonschema-preserve-order-consumer v0.0.0 (/home/paudley/Active/purrdf/.worktrees/508-sparql-eval-complete-bounded-workspace/crates/jsonschema/tests/preserve_order_consumer)
    Finished `dev` profile [unoptimized + debuginfo] target(s) in 10.25s
cargo check --workspace --lib --tests --locked
    Checking purrdf-xsd v3.0.1 (/home/paudley/Active/purrdf/.worktrees/508-sparql-eval-complete-bounded-workspace/crates/xsd)
    Checking purrdf-cdt v3.0.1 (/home/paudley/Active/purrdf/.worktrees/508-sparql-eval-complete-bounded-workspace/crates/cdt)
    Checking purrdf-gts v3.0.1 (/home/paudley/Active/purrdf/.worktrees/508-sparql-eval-complete-bounded-workspace/crates/gts)
    Checking purrdf-jsonschema v3.0.1 (/home/paudley/Active/purrdf/.worktrees/508-sparql-eval-complete-bounded-workspace/crates/jsonschema)
    Checking purrdf-core v3.0.1 (/home/paudley/Active/purrdf/.worktrees/508-sparql-eval-complete-bounded-workspace/crates/rdf-core)
    Checking purrdf-sparql-algebra v3.0.1 (/home/paudley/Active/purrdf/.worktrees/508-sparql-eval-complete-bounded-workspace/crates/sparql-algebra)
    Checking helper-census v3.0.1 (/home/paudley/Active/purrdf/.worktrees/508-sparql-eval-complete-bounded-workspace/crates/helper-census)
    Checking purrdf-sparql-results v3.0.1 (/home/paudley/Active/purrdf/.worktrees/508-sparql-eval-complete-bounded-workspace/crates/sparql-results)
    Checking purrdf-datalog v3.0.1 (/home/paudley/Active/purrdf/.worktrees/508-sparql-eval-complete-bounded-workspace/crates/datalog)
    Checking purrdf-shex v3.0.1 (/home/paudley/Active/purrdf/.worktrees/508-sparql-eval-complete-bounded-workspace/crates/shex)
    Checking purrdf-markdown v3.0.1 (/home/paudley/Active/purrdf/.worktrees/508-sparql-eval-complete-bounded-workspace/crates/markdown)
    Checking purrdf-columnar v3.0.1 (/home/paudley/Active/purrdf/.worktrees/508-sparql-eval-complete-bounded-workspace/crates/columnar)
    Checking purrdf-mime v3.0.1 (/home/paudley/Active/purrdf/.worktrees/508-sparql-eval-complete-bounded-workspace/crates/mime)
    Checking purrdf-json v3.0.1 (/home/paudley/Active/purrdf/.worktrees/508-sparql-eval-complete-bounded-workspace/crates/json)
    Checking purrdf-sparql-eval v3.0.1 (/home/paudley/Active/purrdf/.worktrees/508-sparql-eval-complete-bounded-workspace/crates/sparql-eval)
    Checking purrdf-conformance-kit v3.0.1 (/home/paudley/Active/purrdf/.worktrees/508-sparql-eval-complete-bounded-workspace/crates/conformance-kit)
    Checking purrdf-entail v3.0.1 (/home/paudley/Active/purrdf/.worktrees/508-sparql-eval-complete-bounded-workspace/crates/entail)
    Checking purrdf-rdf v3.0.1 (/home/paudley/Active/purrdf/.worktrees/508-sparql-eval-complete-bounded-workspace/crates/rdf)
    Checking purrdf-text v3.0.1 (/home/paudley/Active/purrdf/.worktrees/508-sparql-eval-complete-bounded-workspace/crates/text)
    Checking purrdf-hnsw v3.0.1 (/home/paudley/Active/purrdf/.worktrees/508-sparql-eval-complete-bounded-workspace/crates/hnsw)
    Checking purrdf-geo v3.0.1 (/home/paudley/Active/purrdf/.worktrees/508-sparql-eval-complete-bounded-workspace/crates/geo)
    Checking purrdf-retrieval v3.0.1 (/home/paudley/Active/purrdf/.worktrees/508-sparql-eval-complete-bounded-workspace/crates/retrieval)
    Checking purrdf-slice v3.0.1 (/home/paudley/Active/purrdf/.worktrees/508-sparql-eval-complete-bounded-workspace/crates/slice)
    Checking purrdf-bench v3.0.1 (/home/paudley/Active/purrdf/.worktrees/508-sparql-eval-complete-bounded-workspace/crates/bench)
    Checking purrdf-shapes v3.0.1 (/home/paudley/Active/purrdf/.worktrees/508-sparql-eval-complete-bounded-workspace/crates/shapes)
    Checking purrdf-validate v3.0.1 (/home/paudley/Active/purrdf/.worktrees/508-sparql-eval-complete-bounded-workspace/crates/validate)
    Checking purrdf-envelope-probe v3.0.1 (/home/paudley/Active/purrdf/.worktrees/508-sparql-eval-complete-bounded-workspace/crates/envelope-probe)
    Checking purrdf v3.0.1 (/home/paudley/Active/purrdf/.worktrees/508-sparql-eval-complete-bounded-workspace/crates/purrdf)
    Checking purrdf-cli v3.0.1 (/home/paudley/Active/purrdf/.worktrees/508-sparql-eval-complete-bounded-workspace/crates/cli)
    Checking purrdf-sparql-conformance v3.0.1 (/home/paudley/Active/purrdf/.worktrees/508-sparql-eval-complete-bounded-workspace/crates/sparql-conformance)
    Checking purrdf-capi v3.0.1 (/home/paudley/Active/purrdf/.worktrees/508-sparql-eval-complete-bounded-workspace/crates/rdf-capi)
    Checking purrdf-wasm v3.0.1 (/home/paudley/Active/purrdf/.worktrees/508-sparql-eval-complete-bounded-workspace/crates/rdf-wasm)
    Checking purrdf-python v3.0.1 (/home/paudley/Active/purrdf/.worktrees/508-sparql-eval-complete-bounded-workspace/bindings/python)
    Finished `dev` profile [optimized + debuginfo] target(s) in 3m 53s
cargo run -q --locked -p helper-census -- --no-features
python3 scripts/check-toolchain-pin.py
check-toolchain-pin.py: every workflow agrees with the `nightly` pin
python3 scripts/check-toolchain-pin.py --self-test
check-toolchain-pin.py: self-test OK
python3 scripts/check-gate-parity.py --self-test
OK: self-test — the tree as committed has no divergence (the valid neighbour)
OK: self-test — a `make check` gate absent from every workflow is refused
OK: self-test — a ci.yaml gate absent from `make check` is refused
OK: self-test — an exemption whose gate is now in `make check` is refused
OK: self-test — all 7 exemptions are refused when nothing runs them, so a registration cannot hide a gate that runs nowhere
OK: self-test — every registered exemption still describes a real divergence
OK: self-test — a `make` in prose is not a step, and a real step still is
OK: self-test — every target is taken and no flag argument is
OK: self-test — all 8 `on:` spellings are judged correctly, including the two that must NOT be merge-blocking
OK: self-test — a commented-out gate counts on neither side, an active one does
OK: self-test — four spellings of one invocation normalise to one identity
OK: self-test — none of 4 prose shapes reads as an invocation
OK: self-test — all 5 real invocation spellings are seen
OK: self-test — a comment inside the `check` recipe does not end it
OK: self-test — a quoted `#` hides nothing and a real comment still strips
OK: self-test — a continuation joins its own line only
OK: self-test — the same gate with different arguments is refused
OK: self-test — a gate paired in both lists with both argument forms is accepted
OK: self-test — excluded consumer omissions and quoted prose are refused
SELF-TEST PASS
python3 scripts/check-gate-parity.py
OK: all 71 hygiene gates in `make check` also run in a pull-request workflow, and vice versa
python3 scripts/check-stream-chunk.py --self-test
OK: self-test — all 16 written-out chunk sizes are refused
OK: self-test — all 11 named or non-streaming reads are accepted
OK: self-test — all 12 shell shapes are refused, each naming the literal rather than a parse failure
OK: self-test — all 13 named or non-streaming shell reads are accepted
OK: self-test -- a read in an escaped body is reported exactly once
OK: self-test — an embedded finding names its shell line, and a shell-native finding after one keeps its own
OK: self-test — no script writes the chunk size out (the valid neighbour)
SELF-TEST PASS
python3 scripts/check-stream-chunk.py
OK: every streamed read under scripts/ names its chunk size
python3 scripts/check-build-profiles.py --self-test
check-build-profiles.py: self-test OK
python3 scripts/check-build-profiles.py
check-build-profiles.py: 1065 units across 2 gate invocations build at opt-level 3 with debug-assertions and overflow-checks on (44 workspace members)
python3 scripts/check-iri-resolver-singleton.py
OK: RFC 3986 reference resolution lives only in crates/iri/src (3 reasoned non-resolver exemptions)
python3 scripts/check-serializer-rewinds.py --self-test
OK: check-serializer-rewinds self-test
python3 scripts/check-serializer-rewinds.py
OK: no serializer rewinds (24 reasoned exemptions, all live)
cargo run -q --locked -p helper-census -- --python-binding-tests
OK: no Rust test module under bindings/python/src (28 sources scanned)
python3 scripts/check-terminal-predicates.py --self-test
check-terminal-predicates.py: self-test OK
python3 scripts/check-terminal-predicates.py
OK: every scanner's terminals come from crates/lex/src/terminals.rs (1 reasoned exemptions)
python3 scripts/check-thread-locals.py --self-test
OK: self-test — the tree as committed has no divergence (the valid neighbour)
OK: self-test — a `thread_local!` in a comment, a string or build output declares nothing
OK: self-test — a fixture whose every `thread_local!` is listed passes (the neighbour)
OK: self-test — the same fixture with one unlisted `thread_local!` is refused, naming it
OK: self-test — a ledger entry whose static is gone is refused as stale
OK: self-test — a `thread_local!` listed twice is refused
OK: self-test — an empty ledger is refused
python3 scripts/check-thread-locals.py
OK: every `thread_local!` under crates/ is in the interleaving ledger (57 statics)
python3 scripts/check-shapes-parser-drops.py --self-test
check-shapes-parser-drops --self-test: 5 planted drops flagged, 4 clean spellings accepted
python3 scripts/check-shapes-parser-drops.py
check-shapes-parser-drops: 13 files, no silent drop
python3 scripts/check-licenses.py --self-test
SELF-TEST FAIL: the tree as committed is reported as offending:
  crates/lex/src/unicode/case_tables.rs: declares '(MIT OR Apache-2.0 OR MulanPSL-2.0) AND Unicode-3.0', the project offers 'MIT OR Apache-2.0 OR MulanPSL-2.0'
  crates/rdf-core/src/xsd_regex/xpath/compatibility_tables.rs: declares '(MIT OR Apache-2.0 OR MulanPSL-2.0) AND Unicode-3.0', the project offers 'MIT OR Apache-2.0 OR MulanPSL-2.0'
OK: self-test — a first-party file left at a narrower offer is refused
OK: self-test — a fixture repository inside the checkout is refused
OK: self-test — a registration that no longer matches its file is refused
OK: self-test — a registration whose suffix is unchecked is refused
OK: self-test — a published README with no licence section is refused
OK: self-test — a published README with a proper subset of the offer is refused
OK: self-test — a fixture README stating the full offer is accepted
OK: self-test — every published crate README as committed states the full offer
OK: self-test — the expectation follows Cargo.toml (2382 files offend against 'Zlib OR WTFPL'), so it is read rather than restated
OK: self-test — a TOML literal-string license parses instead of crashing
OK: self-test — a complete file is accepted
OK: self-test — a file without `sources` is refused
OK: self-test — `replaced` without the clean-room statement is refused
OK: self-test — the same statement with `replaced` empty is accepted
OK: self-test — a module path that does not exist is refused
OK: self-test — an unknown source kind is refused
SELF-TEST PASS
OK: self-test — all 2 tracked PROVENANCE.toml file(s) follow the schema
SELF-TEST FAIL
make: *** [Makefile:116: check] Error 1
