cargo fmt --all --check
cargo fmt --manifest-path crates/jsonschema/tests/preserve_order_consumer/Cargo.toml --check
cargo clippy --workspace --all-targets --locked -- -D warnings
    Finished `dev` profile [optimized + debuginfo] target(s) in 0.17s
cargo clippy --manifest-path crates/jsonschema/tests/preserve_order_consumer/Cargo.toml --all-targets --locked -- -D warnings
    Finished `dev` profile [unoptimized + debuginfo] target(s) in 0.06s
cargo check --workspace --lib --tests --locked
    Finished `dev` profile [optimized + debuginfo] target(s) in 0.13s
cargo run -q --locked -p helper-census -- --no-features
python3 scripts/check-toolchain-pin.py
check-toolchain-pin.py: every workflow agrees with the `nightly` pin
python3 scripts/check-toolchain-pin.py --self-test
check-toolchain-pin.py: self-test OK
python3 scripts/check-gate-parity.py --self-test
OK: self-test — the tree as committed has no divergence (the valid neighbour)
OK: self-test — a `make check` gate absent from every workflow is refused
OK: self-test — a ci.yaml gate absent from `make check` is refused
OK: self-test — an exemption whose gate is now in `make check` is refused
OK: self-test — all 7 exemptions are refused when nothing runs them, so a registration cannot hide a gate that runs nowhere
OK: self-test — every registered exemption still describes a real divergence
OK: self-test — a `make` in prose is not a step, and a real step still is
OK: self-test — every target is taken and no flag argument is
OK: self-test — all 8 `on:` spellings are judged correctly, including the two that must NOT be merge-blocking
OK: self-test — a commented-out gate counts on neither side, an active one does
OK: self-test — four spellings of one invocation normalise to one identity
OK: self-test — none of 4 prose shapes reads as an invocation
OK: self-test — all 5 real invocation spellings are seen
OK: self-test — a comment inside the `check` recipe does not end it
OK: self-test — a quoted `#` hides nothing and a real comment still strips
OK: self-test — a continuation joins its own line only
OK: self-test — the same gate with different arguments is refused
OK: self-test — a gate paired in both lists with both argument forms is accepted
OK: self-test — excluded consumer omissions and quoted prose are refused
SELF-TEST PASS
python3 scripts/check-gate-parity.py
OK: all 71 hygiene gates in `make check` also run in a pull-request workflow, and vice versa
python3 scripts/check-stream-chunk.py --self-test
OK: self-test — all 16 written-out chunk sizes are refused
OK: self-test — all 11 named or non-streaming reads are accepted
OK: self-test — all 12 shell shapes are refused, each naming the literal rather than a parse failure
OK: self-test — all 13 named or non-streaming shell reads are accepted
OK: self-test -- a read in an escaped body is reported exactly once
OK: self-test — an embedded finding names its shell line, and a shell-native finding after one keeps its own
OK: self-test — no script writes the chunk size out (the valid neighbour)
SELF-TEST PASS
python3 scripts/check-stream-chunk.py
OK: every streamed read under scripts/ names its chunk size
python3 scripts/check-build-profiles.py --self-test
check-build-profiles.py: self-test OK
python3 scripts/check-build-profiles.py
check-build-profiles.py: 1056 units across 2 gate invocations build at opt-level 3 with debug-assertions and overflow-checks on (43 workspace members)
python3 scripts/check-iri-resolver-singleton.py
OK: RFC 3986 reference resolution lives only in crates/iri/src (3 reasoned non-resolver exemptions)
python3 scripts/check-serializer-rewinds.py --self-test
OK: check-serializer-rewinds self-test
python3 scripts/check-serializer-rewinds.py
REWIND: crates/sparql-results/src/json_read.rs:1298: rewind on `scratch.open`: while let Some(open) = scratch.open.pop() {
REWIND: crates/sparql-results/src/json_read.rs:2393: rewind on `solutions.rows`: while let Some(mut row) = solutions.rows.pop() {
REWIND: crates/sparql-results/src/json_read.rs:2394: rewind on `row`: while let Some(term) = row.pop() {
REWIND: crates/sparql-results/src/json_read.rs:2402: rewind on `solutions.variables`: while let Some(variable) = solutions.variables.pop() {

4 rewind(s) on an emitted document. A streaming emitter cannot un-write a drained byte, so this works only while the document stays under the drain window. Decide before emitting, or add a reasoned ALLOWLIST entry naming why the receiver is not output.
make: *** [Makefile:108: check] Error 1
