   Compiling purrdf-lex v3.0.1 (/home/paudley/Active/purrdf/.worktrees/508-sparql-eval-complete-bounded-workspace/crates/lex)
   Compiling purrdf-xsd v3.0.1 (/home/paudley/Active/purrdf/.worktrees/508-sparql-eval-complete-bounded-workspace/crates/xsd)
   Compiling purrdf-iri v3.0.1 (/home/paudley/Active/purrdf/.worktrees/508-sparql-eval-complete-bounded-workspace/crates/iri)
   Compiling purrdf-cdt v3.0.1 (/home/paudley/Active/purrdf/.worktrees/508-sparql-eval-complete-bounded-workspace/crates/cdt)
   Compiling purrdf-core v3.0.1 (/home/paudley/Active/purrdf/.worktrees/508-sparql-eval-complete-bounded-workspace/crates/rdf-core)
    Finished `test` profile [optimized] target(s) in 41.52s
     Running unittests src/lib.rs (/opt/purrdf-508-qualification/build/debug/build/purrdf-core/1c7f8ab4d6fee602/out/purrdf_core-1c7f8ab4d6fee602)

running 14 tests
test describe::tests::absent_subject_yields_empty ... ok
test describe::tests::blank_nodes_expand_transitively ... ok
test describe::tests::a_reifier_declared_in_another_graph_than_its_reified_triple_is_kept_there ... ok
test describe::tests::blank_annotation_object_is_closed ... ok
test describe::tests::describes_incoming_triples_symmetrically ... ok
test describe::tests::full_description_table_replacement_preserves_original_capacity_and_grant ... ok
test describe::tests::describes_outgoing_triples ... ok
test describe::tests::includes_reifiers_about_the_subject ... ok
test describe::tests::named_node_neighbours_do_not_expand ... ok
test describe::tests::reifier_reifying_multiple_triples_closes_each_binding ... ok
test describe::tests::reifier_and_annotation_stay_in_their_source_graph ... ok
test describe::tests::blank_reifier_own_triples_are_closed ... ok
test describe::tests::each_declaration_harvests_only_its_own_graphs_annotations ... ok
test describe::tests::slice_scope_unions_subjects ... ok

test result: ok. 14 passed; 0 failed; 0 ignored; 0 measured; 1228 filtered out; finished in 0.00s

   Compiling purrdf-core v3.0.1 (/home/paudley/Active/purrdf/.worktrees/508-sparql-eval-complete-bounded-workspace/crates/rdf-core)
    Finished `test` profile [optimized] target(s) in 21.65s
     Running tests/native_regex_storage.rs (/opt/purrdf-508-qualification/build/debug/build/purrdf-core/72dc01b710589ee1/out/native_regex_storage-72dc01b710589ee1)

running 31 tests
test compatibility_physical_refusal_and_native_diagnostics_keep_original_accounts ... ok
test compatibility_native_compiler_and_execution_cover_actual_physical_allocations ... ok
test compiler_refusal_precedes_unadmitted_allocation_and_preserves_its_owner ... ok
test diagnostic_capacity_refusal_precedes_allocating_or_publishing_partial_text ... ok
test diagnostic_render_admits_code_and_message_before_each_real_allocation ... ok
test compatibility_refuses_original_non_grammar_constructs_and_keeps_dated_semantics ... ok
test diagnostic_retained_layout_includes_private_presentation_and_location ... ok
test grammar_diagnostics_keep_original_spelling_and_exact_retained_admission ... ok
test matcher_refusal_preserves_the_original_account_before_allocation ... ok
test native_append_reserves_explicit_blank_scopes_against_later_caller_merges ... ok
test native_description_symmetric_duplicate_quads_cover_scratch_growth_and_release ... ok
test native_graph_append_refuses_transactionally_before_copying_the_destination ... ok
test native_graph_append_and_describe_cover_original_buffers_and_preserve_scoped_blanks ... ok
test native_iri_diagnostic_storage_refusal_is_not_a_lexical_failure_or_success ... ok
test native_iri_recognition_preserves_the_exact_resident_law_without_owned_success_text ... ok
test native_iri_dynamic_error_keeps_its_exact_message_and_original_capacity ... ok
test native_string_append_covers_old_and_new_buffers_with_amortized_growth ... ok
test native_scoped_blank_ingress_preserves_identity_refusal_and_original_admission ... ok
test native_string_append_refusal_preserves_original_buffer_and_utf8 ... ok
test owned_program_drop_destroys_all_compiler_storage ... ok
test matcher_peak_and_retained_captures_cover_native_paths ... ok
test replacement_refusals_drop_partial_output_and_keep_both_typed_accounts ... ok
test uchar_expansion_admits_its_real_utf8_capacity_and_preserves_malformed_bytes ... ok
test uchar_expansion_refuses_before_allocation_and_borrowed_input_needs_no_grant ... ok
test percent_output_retains_exact_original_buffer_and_refuses_before_birth ... ok
test compatibility_preserves_nullable_repeat_capture_priority ... ok
test replacement_prices_output_separately_and_releases_every_search_capture ... ok
test compatibility_replacement_preserves_empty_match_suppression_utf8_and_template_law ... ok
test compatibility_preserves_final_newline_anchors_dot_q_x_and_liberal_escapes ... ok
test compiler_peak_and_retained_layout_cover_actual_native_buffers ... ok
test compatibility_preserves_unicode16_simple_fold_properties_names_and_set_order ... ok

test result: ok. 31 passed; 0 failed; 0 ignored; 0 measured; 0 filtered out; finished in 0.18s

   Compiling purrdf-sparql-algebra v3.0.1 (/home/paudley/Active/purrdf/.worktrees/508-sparql-eval-complete-bounded-workspace/crates/sparql-algebra)
   Compiling purrdf-sparql-results v3.0.1 (/home/paudley/Active/purrdf/.worktrees/508-sparql-eval-complete-bounded-workspace/crates/sparql-results)
   Compiling purrdf-datalog v3.0.1 (/home/paudley/Active/purrdf/.worktrees/508-sparql-eval-complete-bounded-workspace/crates/datalog)
   Compiling purrdf-gts v3.0.1 (/home/paudley/Active/purrdf/.worktrees/508-sparql-eval-complete-bounded-workspace/crates/gts)
   Compiling purrdf-columnar v3.0.1 (/home/paudley/Active/purrdf/.worktrees/508-sparql-eval-complete-bounded-workspace/crates/columnar)
   Compiling purrdf-shex v3.0.1 (/home/paudley/Active/purrdf/.worktrees/508-sparql-eval-complete-bounded-workspace/crates/shex)
   Compiling purrdf-markdown v3.0.1 (/home/paudley/Active/purrdf/.worktrees/508-sparql-eval-complete-bounded-workspace/crates/markdown)
   Compiling purrdf-json v3.0.1 (/home/paudley/Active/purrdf/.worktrees/508-sparql-eval-complete-bounded-workspace/crates/json)
   Compiling purrdf-sparql-eval v3.0.1 (/home/paudley/Active/purrdf/.worktrees/508-sparql-eval-complete-bounded-workspace/crates/sparql-eval)
   Compiling purrdf-entail v3.0.1 (/home/paudley/Active/purrdf/.worktrees/508-sparql-eval-complete-bounded-workspace/crates/entail)
   Compiling purrdf-rdf v3.0.1 (/home/paudley/Active/purrdf/.worktrees/508-sparql-eval-complete-bounded-workspace/crates/rdf)
   Compiling purrdf-text v3.0.1 (/home/paudley/Active/purrdf/.worktrees/508-sparql-eval-complete-bounded-workspace/crates/text)
   Compiling purrdf-geo v3.0.1 (/home/paudley/Active/purrdf/.worktrees/508-sparql-eval-complete-bounded-workspace/crates/geo)
   Compiling purrdf-hnsw v3.0.1 (/home/paudley/Active/purrdf/.worktrees/508-sparql-eval-complete-bounded-workspace/crates/hnsw)
   Compiling purrdf-retrieval v3.0.1 (/home/paudley/Active/purrdf/.worktrees/508-sparql-eval-complete-bounded-workspace/crates/retrieval)
   Compiling purrdf-slice v3.0.1 (/home/paudley/Active/purrdf/.worktrees/508-sparql-eval-complete-bounded-workspace/crates/slice)
   Compiling purrdf-shapes v3.0.1 (/home/paudley/Active/purrdf/.worktrees/508-sparql-eval-complete-bounded-workspace/crates/shapes)
   Compiling purrdf-validate v3.0.1 (/home/paudley/Active/purrdf/.worktrees/508-sparql-eval-complete-bounded-workspace/crates/validate)
   Compiling purrdf v3.0.1 (/home/paudley/Active/purrdf/.worktrees/508-sparql-eval-complete-bounded-workspace/crates/purrdf)
   Compiling purrdf-cli v3.0.1 (/home/paudley/Active/purrdf/.worktrees/508-sparql-eval-complete-bounded-workspace/crates/cli)
    Finished `test` profile [optimized] target(s) in 4m 11s
     Running tests/describe_cli.rs (/opt/purrdf-508-qualification/build/debug/build/purrdf-cli/54ffa9ce3c37f47f/out/describe_cli-54ffa9ce3c37f47f)

running 19 tests
test at_least_one_iri_is_required ... ok
test a_malformed_source_is_a_runtime_failure ... ok
test an_absent_subject_is_an_empty_description ... ok
test an_unresolvable_selector_is_refused_and_an_absent_one_is_an_empty_answer ... ok
test base_resolves_relative_iris_while_parsing ... ok
test a_star_incapable_target_records_the_dropped_statement_rows ... ok
test a_description_can_be_written_to_a_pack ... ok
test a_relative_iri_selector_resolves_against_the_base_in_force ... ok
test base_is_never_refused_because_the_iri_selector_always_spends_it ... ok
test several_subjects_are_described_as_one_union ... ok
test the_description_is_a_symmetric_concise_bounded_description ... ok
test jsonld_options_require_a_jsonld_target ... ok
test the_rdf12_statement_layer_is_described ... ok
test a_named_graph_description_is_refused_by_a_single_graph_target ... ok
test stdin_and_stdout_require_explicit_formats ... ok
test describe_agrees_byte_for_byte_with_sparql_describe ... ok
test the_statement_layer_stays_in_the_graph_it_came_from ... ok
test the_verb_needs_no_serialization_incantation_the_query_route_does ... ok
test every_native_source_format_reaches_the_same_description ... ok

test result: ok. 19 passed; 0 failed; 0 ignored; 0 measured; 0 filtered out; finished in 0.05s

   Compiling purrdf-jsonschema v3.0.1 (/home/paudley/Active/purrdf/.worktrees/508-sparql-eval-complete-bounded-workspace/crates/jsonschema)
   Compiling purrdf-rdf v3.0.1 (/home/paudley/Active/purrdf/.worktrees/508-sparql-eval-complete-bounded-workspace/crates/rdf)
    Finished `test` profile [optimized] target(s) in 1.49s
     Running tests/describe_serialize.rs (/opt/purrdf-508-qualification/build/debug/build/purrdf-rdf/3f97156026e2039b/out/describe_serialize-3f97156026e2039b)

running 2 tests
test a_graph_scoped_description_round_trips_through_the_dataset_serializers ... ok
test describe_round_trips_through_every_serializer ... ok

test result: ok. 2 passed; 0 failed; 0 ignored; 0 measured; 0 filtered out; finished in 0.00s

   Compiling purrdf-sparql-eval v3.0.1 (/home/paudley/Active/purrdf/.worktrees/508-sparql-eval-complete-bounded-workspace/crates/sparql-eval)
    Finished `test` profile [optimized] target(s) in 1m 32s
     Running unittests src/lib.rs (/opt/purrdf-508-qualification/build/debug/build/purrdf-sparql-eval/25dde7f7b70bdfd9/out/purrdf_sparql_eval-25dde7f7b70bdfd9)

running 3 tests
test describe_query::tests::describe_unknown_iri_is_empty ... ok
test describe_query::tests::describe_concrete_iri_is_symmetric_cbd ... ok
test describe_query::tests::describe_variable_resolves_where_bindings ... ok

test result: ok. 3 passed; 0 failed; 0 ignored; 0 measured; 1490 filtered out; finished in 0.00s

   Compiling purrdf-sparql-eval v3.0.1 (/home/paudley/Active/purrdf/.worktrees/508-sparql-eval-complete-bounded-workspace/crates/sparql-eval)
    Finished `test` profile [optimized] target(s) in 14.58s
     Running tests/segmented_query.rs (/opt/purrdf-508-qualification/build/debug/build/purrdf-sparql-eval/2acac609d6bb53df/out/segmented_query-2acac609d6bb53df)

running 1 test
test bounded_ask_construct_describe_match_resident_across_public_entries ... ok

test result: ok. 1 passed; 0 failed; 0 ignored; 0 measured; 19 filtered out; finished in 0.01s

   Compiling purrdf-lex v3.0.1 (/home/paudley/Active/purrdf/.worktrees/508-sparql-eval-complete-bounded-workspace/crates/lex)
   Compiling utf8parse v0.2.2
   Compiling colorchoice v1.0.5
   Compiling anstyle v1.0.14
   Compiling is_terminal_polyfill v1.70.2
   Compiling anstyle-query v1.1.5
   Compiling clap_lex v1.1.0
   Compiling syn v2.0.118
   Compiling anstyle-parse v1.0.0
   Compiling strsim v0.11.1
   Compiling purrdf-testkit v3.0.1 (/home/paudley/Active/purrdf/.worktrees/508-sparql-eval-complete-bounded-workspace/crates/testkit)
   Compiling purrdf-alloc-probe v3.0.1 (/home/paudley/Active/purrdf/.worktrees/508-sparql-eval-complete-bounded-workspace/crates/alloc-probe)
   Compiling anstream v1.0.0
   Compiling purrdf-xsd v3.0.1 (/home/paudley/Active/purrdf/.worktrees/508-sparql-eval-complete-bounded-workspace/crates/xsd)
   Compiling purrdf-iri v3.0.1 (/home/paudley/Active/purrdf/.worktrees/508-sparql-eval-complete-bounded-workspace/crates/iri)
   Compiling clap_builder v4.6.0
   Compiling purrdf-cdt v3.0.1 (/home/paudley/Active/purrdf/.worktrees/508-sparql-eval-complete-bounded-workspace/crates/cdt)
   Compiling purrdf-gts v3.0.1 (/home/paudley/Active/purrdf/.worktrees/508-sparql-eval-complete-bounded-workspace/crates/gts)
   Compiling purrdf-core v3.0.1 (/home/paudley/Active/purrdf/.worktrees/508-sparql-eval-complete-bounded-workspace/crates/rdf-core)
   Compiling purrdf-sparql-algebra v3.0.1 (/home/paudley/Active/purrdf/.worktrees/508-sparql-eval-complete-bounded-workspace/crates/sparql-algebra)
   Compiling clap_derive v4.6.1
   Compiling clap v4.6.1
   Compiling purrdf-sparql-results v3.0.1 (/home/paudley/Active/purrdf/.worktrees/508-sparql-eval-complete-bounded-workspace/crates/sparql-results)
   Compiling purrdf-datalog v3.0.1 (/home/paudley/Active/purrdf/.worktrees/508-sparql-eval-complete-bounded-workspace/crates/datalog)
   Compiling purrdf-json v3.0.1 (/home/paudley/Active/purrdf/.worktrees/508-sparql-eval-complete-bounded-workspace/crates/json)
   Compiling purrdf-columnar v3.0.1 (/home/paudley/Active/purrdf/.worktrees/508-sparql-eval-complete-bounded-workspace/crates/columnar)
   Compiling purrdf-shex v3.0.1 (/home/paudley/Active/purrdf/.worktrees/508-sparql-eval-complete-bounded-workspace/crates/shex)
   Compiling purrdf-markdown v3.0.1 (/home/paudley/Active/purrdf/.worktrees/508-sparql-eval-complete-bounded-workspace/crates/markdown)
   Compiling purrdf-sparql-eval v3.0.1 (/home/paudley/Active/purrdf/.worktrees/508-sparql-eval-complete-bounded-workspace/crates/sparql-eval)
   Compiling purrdf-entail v3.0.1 (/home/paudley/Active/purrdf/.worktrees/508-sparql-eval-complete-bounded-workspace/crates/entail)
   Compiling purrdf-rdf v3.0.1 (/home/paudley/Active/purrdf/.worktrees/508-sparql-eval-complete-bounded-workspace/crates/rdf)
   Compiling purrdf-text v3.0.1 (/home/paudley/Active/purrdf/.worktrees/508-sparql-eval-complete-bounded-workspace/crates/text)
   Compiling purrdf-geo v3.0.1 (/home/paudley/Active/purrdf/.worktrees/508-sparql-eval-complete-bounded-workspace/crates/geo)
   Compiling purrdf-hnsw v3.0.1 (/home/paudley/Active/purrdf/.worktrees/508-sparql-eval-complete-bounded-workspace/crates/hnsw)
   Compiling purrdf-retrieval v3.0.1 (/home/paudley/Active/purrdf/.worktrees/508-sparql-eval-complete-bounded-workspace/crates/retrieval)
   Compiling purrdf-slice v3.0.1 (/home/paudley/Active/purrdf/.worktrees/508-sparql-eval-complete-bounded-workspace/crates/slice)
   Compiling purrdf-shapes v3.0.1 (/home/paudley/Active/purrdf/.worktrees/508-sparql-eval-complete-bounded-workspace/crates/shapes)
   Compiling purrdf-validate v3.0.1 (/home/paudley/Active/purrdf/.worktrees/508-sparql-eval-complete-bounded-workspace/crates/validate)
   Compiling purrdf v3.0.1 (/home/paudley/Active/purrdf/.worktrees/508-sparql-eval-complete-bounded-workspace/crates/purrdf)
   Compiling purrdf-cli v3.0.1 (/home/paudley/Active/purrdf/.worktrees/508-sparql-eval-complete-bounded-workspace/crates/cli)
    Finished `release` profile [optimized] target(s) in 8m 49s
     Running tests/describe_cli.rs (/opt/purrdf-508-qualification/build/release/build/purrdf-cli/aac905948d27cc37/out/describe_cli-aac905948d27cc37)

running 19 tests
test at_least_one_iri_is_required ... ok
test an_absent_subject_is_an_empty_description ... ok
test a_malformed_source_is_a_runtime_failure ... ok
test an_unresolvable_selector_is_refused_and_an_absent_one_is_an_empty_answer ... ok
test a_relative_iri_selector_resolves_against_the_base_in_force ... ok
test a_star_incapable_target_records_the_dropped_statement_rows ... ok
test a_description_can_be_written_to_a_pack ... ok
test base_resolves_relative_iris_while_parsing ... ok
test several_subjects_are_described_as_one_union ... ok
test base_is_never_refused_because_the_iri_selector_always_spends_it ... ok
test the_description_is_a_symmetric_concise_bounded_description ... ok
test jsonld_options_require_a_jsonld_target ... ok
test a_named_graph_description_is_refused_by_a_single_graph_target ... ok
test the_rdf12_statement_layer_is_described ... ok
test stdin_and_stdout_require_explicit_formats ... ok
test describe_agrees_byte_for_byte_with_sparql_describe ... ok
test the_verb_needs_no_serialization_incantation_the_query_route_does ... ok
test the_statement_layer_stays_in_the_graph_it_came_from ... ok
test every_native_source_format_reaches_the_same_description ... ok

test result: ok. 19 passed; 0 failed; 0 ignored; 0 measured; 0 filtered out; finished in 0.05s

    Checking purrdf-lex v3.0.1 (/home/paudley/Active/purrdf/.worktrees/508-sparql-eval-complete-bounded-workspace/crates/lex)
    Checking purrdf-xsd v3.0.1 (/home/paudley/Active/purrdf/.worktrees/508-sparql-eval-complete-bounded-workspace/crates/xsd)
    Checking purrdf-iri v3.0.1 (/home/paudley/Active/purrdf/.worktrees/508-sparql-eval-complete-bounded-workspace/crates/iri)
    Checking purrdf-ed25519 v3.0.1 (/home/paudley/Active/purrdf/.worktrees/508-sparql-eval-complete-bounded-workspace/crates/ed25519)
    Checking purrdf-cdt v3.0.1 (/home/paudley/Active/purrdf/.worktrees/508-sparql-eval-complete-bounded-workspace/crates/cdt)
    Checking purrdf-gts v3.0.1 (/home/paudley/Active/purrdf/.worktrees/508-sparql-eval-complete-bounded-workspace/crates/gts)
    Checking purrdf-jsonschema v3.0.1 (/home/paudley/Active/purrdf/.worktrees/508-sparql-eval-complete-bounded-workspace/crates/jsonschema)
    Checking purrdf-core v3.0.1 (/home/paudley/Active/purrdf/.worktrees/508-sparql-eval-complete-bounded-workspace/crates/rdf-core)
    Checking purrdf-sparql-algebra v3.0.1 (/home/paudley/Active/purrdf/.worktrees/508-sparql-eval-complete-bounded-workspace/crates/sparql-algebra)
    Checking helper-census v3.0.1 (/home/paudley/Active/purrdf/.worktrees/508-sparql-eval-complete-bounded-workspace/crates/helper-census)
    Checking purrdf-sparql-results v3.0.1 (/home/paudley/Active/purrdf/.worktrees/508-sparql-eval-complete-bounded-workspace/crates/sparql-results)
    Checking purrdf-datalog v3.0.1 (/home/paudley/Active/purrdf/.worktrees/508-sparql-eval-complete-bounded-workspace/crates/datalog)
    Checking purrdf-shex v3.0.1 (/home/paudley/Active/purrdf/.worktrees/508-sparql-eval-complete-bounded-workspace/crates/shex)
    Checking purrdf-markdown v3.0.1 (/home/paudley/Active/purrdf/.worktrees/508-sparql-eval-complete-bounded-workspace/crates/markdown)
    Checking purrdf-json v3.0.1 (/home/paudley/Active/purrdf/.worktrees/508-sparql-eval-complete-bounded-workspace/crates/json)
    Checking purrdf-columnar v3.0.1 (/home/paudley/Active/purrdf/.worktrees/508-sparql-eval-complete-bounded-workspace/crates/columnar)
    Checking purrdf-sparql-eval v3.0.1 (/home/paudley/Active/purrdf/.worktrees/508-sparql-eval-complete-bounded-workspace/crates/sparql-eval)
    Checking purrdf-conformance-kit v3.0.1 (/home/paudley/Active/purrdf/.worktrees/508-sparql-eval-complete-bounded-workspace/crates/conformance-kit)
    Checking purrdf-entail v3.0.1 (/home/paudley/Active/purrdf/.worktrees/508-sparql-eval-complete-bounded-workspace/crates/entail)
    Checking purrdf-rdf v3.0.1 (/home/paudley/Active/purrdf/.worktrees/508-sparql-eval-complete-bounded-workspace/crates/rdf)
    Checking purrdf-text v3.0.1 (/home/paudley/Active/purrdf/.worktrees/508-sparql-eval-complete-bounded-workspace/crates/text)
    Checking purrdf-hnsw v3.0.1 (/home/paudley/Active/purrdf/.worktrees/508-sparql-eval-complete-bounded-workspace/crates/hnsw)
    Checking purrdf-geo v3.0.1 (/home/paudley/Active/purrdf/.worktrees/508-sparql-eval-complete-bounded-workspace/crates/geo)
    Checking purrdf-retrieval v3.0.1 (/home/paudley/Active/purrdf/.worktrees/508-sparql-eval-complete-bounded-workspace/crates/retrieval)
    Checking purrdf-slice v3.0.1 (/home/paudley/Active/purrdf/.worktrees/508-sparql-eval-complete-bounded-workspace/crates/slice)
    Checking purrdf-bench v3.0.1 (/home/paudley/Active/purrdf/.worktrees/508-sparql-eval-complete-bounded-workspace/crates/bench)
    Checking purrdf-shapes v3.0.1 (/home/paudley/Active/purrdf/.worktrees/508-sparql-eval-complete-bounded-workspace/crates/shapes)
    Checking purrdf-validate v3.0.1 (/home/paudley/Active/purrdf/.worktrees/508-sparql-eval-complete-bounded-workspace/crates/validate)
    Checking purrdf-envelope-probe v3.0.1 (/home/paudley/Active/purrdf/.worktrees/508-sparql-eval-complete-bounded-workspace/crates/envelope-probe)
    Checking purrdf v3.0.1 (/home/paudley/Active/purrdf/.worktrees/508-sparql-eval-complete-bounded-workspace/crates/purrdf)
    Checking purrdf-cli v3.0.1 (/home/paudley/Active/purrdf/.worktrees/508-sparql-eval-complete-bounded-workspace/crates/cli)
    Checking purrdf-sparql-conformance v3.0.1 (/home/paudley/Active/purrdf/.worktrees/508-sparql-eval-complete-bounded-workspace/crates/sparql-conformance)
    Checking purrdf-capi v3.0.1 (/home/paudley/Active/purrdf/.worktrees/508-sparql-eval-complete-bounded-workspace/crates/rdf-capi)
    Checking purrdf-wasm v3.0.1 (/home/paudley/Active/purrdf/.worktrees/508-sparql-eval-complete-bounded-workspace/crates/rdf-wasm)
    Checking purrdf-python v3.0.1 (/home/paudley/Active/purrdf/.worktrees/508-sparql-eval-complete-bounded-workspace/bindings/python)
    Finished `release` profile [optimized] target(s) in 57.13s
    Checking purrdf-lex v3.0.1 (/home/paudley/Active/purrdf/.worktrees/508-sparql-eval-complete-bounded-workspace/crates/lex)
    Checking purrdf-xsd v3.0.1 (/home/paudley/Active/purrdf/.worktrees/508-sparql-eval-complete-bounded-workspace/crates/xsd)
    Checking purrdf-iri v3.0.1 (/home/paudley/Active/purrdf/.worktrees/508-sparql-eval-complete-bounded-workspace/crates/iri)
    Checking purrdf-ed25519 v3.0.1 (/home/paudley/Active/purrdf/.worktrees/508-sparql-eval-complete-bounded-workspace/crates/ed25519)
    Checking purrdf-cdt v3.0.1 (/home/paudley/Active/purrdf/.worktrees/508-sparql-eval-complete-bounded-workspace/crates/cdt)
    Checking purrdf-gts v3.0.1 (/home/paudley/Active/purrdf/.worktrees/508-sparql-eval-complete-bounded-workspace/crates/gts)
    Checking purrdf-jsonschema v3.0.1 (/home/paudley/Active/purrdf/.worktrees/508-sparql-eval-complete-bounded-workspace/crates/jsonschema)
    Checking purrdf-core v3.0.1 (/home/paudley/Active/purrdf/.worktrees/508-sparql-eval-complete-bounded-workspace/crates/rdf-core)
    Checking purrdf-sparql-algebra v3.0.1 (/home/paudley/Active/purrdf/.worktrees/508-sparql-eval-complete-bounded-workspace/crates/sparql-algebra)
    Checking helper-census v3.0.1 (/home/paudley/Active/purrdf/.worktrees/508-sparql-eval-complete-bounded-workspace/crates/helper-census)
    Checking purrdf-sparql-results v3.0.1 (/home/paudley/Active/purrdf/.worktrees/508-sparql-eval-complete-bounded-workspace/crates/sparql-results)
    Checking purrdf-datalog v3.0.1 (/home/paudley/Active/purrdf/.worktrees/508-sparql-eval-complete-bounded-workspace/crates/datalog)
    Checking purrdf-shex v3.0.1 (/home/paudley/Active/purrdf/.worktrees/508-sparql-eval-complete-bounded-workspace/crates/shex)
    Checking purrdf-markdown v3.0.1 (/home/paudley/Active/purrdf/.worktrees/508-sparql-eval-complete-bounded-workspace/crates/markdown)
    Checking purrdf-json v3.0.1 (/home/paudley/Active/purrdf/.worktrees/508-sparql-eval-complete-bounded-workspace/crates/json)
    Checking purrdf-columnar v3.0.1 (/home/paudley/Active/purrdf/.worktrees/508-sparql-eval-complete-bounded-workspace/crates/columnar)
    Checking purrdf-sparql-eval v3.0.1 (/home/paudley/Active/purrdf/.worktrees/508-sparql-eval-complete-bounded-workspace/crates/sparql-eval)
    Checking purrdf-conformance-kit v3.0.1 (/home/paudley/Active/purrdf/.worktrees/508-sparql-eval-complete-bounded-workspace/crates/conformance-kit)
    Checking purrdf-entail v3.0.1 (/home/paudley/Active/purrdf/.worktrees/508-sparql-eval-complete-bounded-workspace/crates/entail)
    Checking purrdf-rdf v3.0.1 (/home/paudley/Active/purrdf/.worktrees/508-sparql-eval-complete-bounded-workspace/crates/rdf)
    Checking purrdf-text v3.0.1 (/home/paudley/Active/purrdf/.worktrees/508-sparql-eval-complete-bounded-workspace/crates/text)
    Checking purrdf-hnsw v3.0.1 (/home/paudley/Active/purrdf/.worktrees/508-sparql-eval-complete-bounded-workspace/crates/hnsw)
    Checking purrdf-geo v3.0.1 (/home/paudley/Active/purrdf/.worktrees/508-sparql-eval-complete-bounded-workspace/crates/geo)
    Checking purrdf-retrieval v3.0.1 (/home/paudley/Active/purrdf/.worktrees/508-sparql-eval-complete-bounded-workspace/crates/retrieval)
    Checking purrdf-slice v3.0.1 (/home/paudley/Active/purrdf/.worktrees/508-sparql-eval-complete-bounded-workspace/crates/slice)
    Checking purrdf-bench v3.0.1 (/home/paudley/Active/purrdf/.worktrees/508-sparql-eval-complete-bounded-workspace/crates/bench)
    Checking purrdf-shapes v3.0.1 (/home/paudley/Active/purrdf/.worktrees/508-sparql-eval-complete-bounded-workspace/crates/shapes)
    Checking purrdf-validate v3.0.1 (/home/paudley/Active/purrdf/.worktrees/508-sparql-eval-complete-bounded-workspace/crates/validate)
    Checking purrdf-envelope-probe v3.0.1 (/home/paudley/Active/purrdf/.worktrees/508-sparql-eval-complete-bounded-workspace/crates/envelope-probe)
    Checking purrdf v3.0.1 (/home/paudley/Active/purrdf/.worktrees/508-sparql-eval-complete-bounded-workspace/crates/purrdf)
    Checking purrdf-cli v3.0.1 (/home/paudley/Active/purrdf/.worktrees/508-sparql-eval-complete-bounded-workspace/crates/cli)
    Checking purrdf-sparql-conformance v3.0.1 (/home/paudley/Active/purrdf/.worktrees/508-sparql-eval-complete-bounded-workspace/crates/sparql-conformance)
    Checking purrdf-capi v3.0.1 (/home/paudley/Active/purrdf/.worktrees/508-sparql-eval-complete-bounded-workspace/crates/rdf-capi)
    Checking purrdf-wasm v3.0.1 (/home/paudley/Active/purrdf/.worktrees/508-sparql-eval-complete-bounded-workspace/crates/rdf-wasm)
    Checking purrdf-python v3.0.1 (/home/paudley/Active/purrdf/.worktrees/508-sparql-eval-complete-bounded-workspace/bindings/python)
    Finished `dev` profile [optimized + debuginfo] target(s) in 58.16s
