    Checking purrdf-lex v3.0.1 (/home/paudley/Active/purrdf/.worktrees/508-sparql-eval-complete-bounded-workspace/crates/lex)
    Checking purrdf-xsd v3.0.1 (/home/paudley/Active/purrdf/.worktrees/508-sparql-eval-complete-bounded-workspace/crates/xsd)
    Checking purrdf-iri v3.0.1 (/home/paudley/Active/purrdf/.worktrees/508-sparql-eval-complete-bounded-workspace/crates/iri)
error[E0282]: type annotations needed for `Nested<walk::tests::Chain, _>`
    --> crates/lex/src/walk.rs:1003:13
     |
1003 |         let owned = Nested::from(Box::new(Chain::End));
     |             ^^^^^   ---------------------------------- type must be known at this point
     |
help: consider giving `owned` an explicit type, where the type for type parameter `C` is specified
     |
1003 |         let owned: Nested<_, C> = Nested::from(Box::new(Chain::End));
     |                  ++++++++++++++

For more information about this error, try `rustc --explain E0282`.
error: could not compile `purrdf-lex` (lib test) due to 1 previous error
warning: build failed, waiting for other jobs to finish...
error[E0004]: non-exhaustive patterns: `LimbScratchError::Capacity { .. }`, `LimbScratchError::Exhausted { .. }` and `LimbScratchError::Retained { .. }` not covered
   --> crates/xsd/src/value.rs:565:39
    |
565 |     let storage_error = |error| match error {
    |                                       ^^^^^ patterns `LimbScratchError::Capacity { .. }`, `LimbScratchError::Exhausted { .. }` and `LimbScratchError::Retained { .. }` not covered
    |
note: `LimbScratchError` defined here
   --> crates/xsd/src/bigint/scratch.rs:14:10
    |
 14 | pub enum LimbScratchError {
    |          ^^^^^^^^^^^^^^^^
 15 |     /// The requested destination exceeds every admitted buffer's capacity.
 16 |     Capacity {
    |     -------- not covered
...
 23 |     Exhausted {
    |     --------- not covered
...
 28 |     Retained {
    |     -------- not covered
    = note: the matched value is of type `LimbScratchError`
help: ensure that all possible cases are being handled by adding a match arm with a wildcard pattern, a match arm with multiple or-patterns as shown, or multiple match arms
    |
567 ~         crate::bigint::LimbScratchError::AllocationFailed => StorageError::AllocationFailed,
568 ~         LimbScratchError::Capacity { .. } | LimbScratchError::Exhausted { .. } | LimbScratchError::Retained { .. } => todo!(),
    |

For more information about this error, try `rustc --explain E0004`.
error: could not compile `purrdf-xsd` (lib) due to 1 previous error
error: could not compile `purrdf-xsd` (lib test) due to 1 previous error
