    Checking purrdf-text v3.0.1 (/home/paudley/Active/purrdf/.worktrees/508-sparql-eval-complete-bounded-workspace/crates/text)
    Checking purrdf-slice v3.0.1 (/home/paudley/Active/purrdf/.worktrees/508-sparql-eval-complete-bounded-workspace/crates/slice)
    Checking purrdf-bench v3.0.1 (/home/paudley/Active/purrdf/.worktrees/508-sparql-eval-complete-bounded-workspace/crates/bench)
    Checking purrdf-rdf v3.0.1 (/home/paudley/Active/purrdf/.worktrees/508-sparql-eval-complete-bounded-workspace/crates/rdf)
    Checking purrdf-json v3.0.1 (/home/paudley/Active/purrdf/.worktrees/508-sparql-eval-complete-bounded-workspace/crates/json)
    Checking purrdf-conformance-kit v3.0.1 (/home/paudley/Active/purrdf/.worktrees/508-sparql-eval-complete-bounded-workspace/crates/conformance-kit)
    Checking purrdf-markdown v3.0.1 (/home/paudley/Active/purrdf/.worktrees/508-sparql-eval-complete-bounded-workspace/crates/markdown)
    Checking purrdf-shapes v3.0.1 (/home/paudley/Active/purrdf/.worktrees/508-sparql-eval-complete-bounded-workspace/crates/shapes)
    Checking purrdf-shex v3.0.1 (/home/paudley/Active/purrdf/.worktrees/508-sparql-eval-complete-bounded-workspace/crates/shex)
    Checking purrdf-retrieval v3.0.1 (/home/paudley/Active/purrdf/.worktrees/508-sparql-eval-complete-bounded-workspace/crates/retrieval)
    Checking purrdf-hnsw v3.0.1 (/home/paudley/Active/purrdf/.worktrees/508-sparql-eval-complete-bounded-workspace/crates/hnsw)
    Checking purrdf-sparql-eval v3.0.1 (/home/paudley/Active/purrdf/.worktrees/508-sparql-eval-complete-bounded-workspace/crates/sparql-eval)
error: redundant clone
   --> crates/hnsw/tests/sparql_e2e.rs:317:23
    |
317 |             full_query.clone(),
    |                       ^^^^^^^^ help: remove this
    |
note: this value is dropped without further use
   --> crates/hnsw/tests/sparql_e2e.rs:317:13
    |
317 |             full_query.clone(),
    |             ^^^^^^^^^^
    = help: for further information visit https://rust-lang.github.io/rust-clippy/main/index.html#redundant_clone
    = note: `-D clippy::redundant-clone` implied by `-D warnings`
    = help: to override `-D warnings` add `#[allow(clippy::redundant_clone)]`

error: used `assert!` to check that a value is empty
   --> crates/hnsw/tests/sparql_e2e.rs:333:17
    |
333 |                 assert!(expected.is_empty());
    |                 ^^^^^^^^^^^^^^^^^^^^^^^^^^^^
    |
    = help: for further information visit https://rust-lang.github.io/rust-clippy/main/index.html#assert_is_empty
    = note: `-D clippy::assert-is-empty` implied by `-D warnings`
    = help: to override `-D warnings` add `#[allow(clippy::assert_is_empty)]`
help: use `assert_eq!` to show the value on failure
    |
333 -                 assert!(expected.is_empty());
333 +                 assert_eq!(expected, [] as [std::vec::Vec<std::option::Option<purrdf_core::TermValue>>; 0]);
    |

error: could not compile `purrdf-hnsw` (test "sparql_e2e") due to 2 previous errors
warning: build failed, waiting for other jobs to finish...
