    Checking purrdf-lex v3.0.1 (/home/paudley/Active/purrdf/.worktrees/508-sparql-eval-complete-bounded-workspace/crates/lex)
    Checking purrdf-iri v3.0.1 (/home/paudley/Active/purrdf/.worktrees/508-sparql-eval-complete-bounded-workspace/crates/iri)
    Checking purrdf-xsd v3.0.1 (/home/paudley/Active/purrdf/.worktrees/508-sparql-eval-complete-bounded-workspace/crates/xsd)
    Checking purrdf-cdt v3.0.1 (/home/paudley/Active/purrdf/.worktrees/508-sparql-eval-complete-bounded-workspace/crates/cdt)
    Checking purrdf-core v3.0.1 (/home/paudley/Active/purrdf/.worktrees/508-sparql-eval-complete-bounded-workspace/crates/rdf-core)
    Checking purrdf-sparql-algebra v3.0.1 (/home/paudley/Active/purrdf/.worktrees/508-sparql-eval-complete-bounded-workspace/crates/sparql-algebra)
    Checking purrdf-sparql-results v3.0.1 (/home/paudley/Active/purrdf/.worktrees/508-sparql-eval-complete-bounded-workspace/crates/sparql-results)
    Checking purrdf-sparql-eval v3.0.1 (/home/paudley/Active/purrdf/.worktrees/508-sparql-eval-complete-bounded-workspace/crates/sparql-eval)
    Checking purrdf-text v3.0.1 (/home/paudley/Active/purrdf/.worktrees/508-sparql-eval-complete-bounded-workspace/crates/text)
error: unused import: `FieldInput`
  --> crates/text/src/index.rs:86:22
   |
86 | use crate::ranking::{FieldInput, FieldInputs, PreparedCorpus, RankingProfile};
   |                      ^^^^^^^^^^
   |
   = note: `-D unused-imports` implied by `-D warnings`
   = help: to override `-D warnings` add `#[allow(unused_imports)]`

error[E0308]: mismatched types
   --> crates/text/src/score.rs:669:17
    |
669 |                 ordinal,
    |                 ^^^^^^^ expected `usize`, found `u32`
    |
help: you can convert a `u32` to a `usize` and panic if the converted value doesn't fit
    |
669 |                 ordinal: ordinal.try_into().unwrap(),
    |                 ++++++++        ++++++++++++++++++++

For more information about this error, try `rustc --explain E0308`.
error: could not compile `purrdf-text` (lib) due to 2 previous errors
warning: build failed, waiting for other jobs to finish...
error: could not compile `purrdf-text` (lib test) due to 2 previous errors
