    Checking purrdf-text v3.0.1 (/home/paudley/Active/purrdf/.worktrees/508-sparql-eval-complete-bounded-workspace/crates/text)
error: wildcard matches only a single variant and will also match any future added variants
   --> crates/text/src/fixed.rs:555:21
    |
555 |                     _ => arithmetic_error(true, "division by zero", workspace),
    |                     ^ help: try: `purrdf_xsd::exact::ExactOperationError::Value(_)`
    |
    = help: for further information visit https://rust-lang.github.io/rust-clippy/main/index.html#match_wildcard_for_single_variants
    = note: `-D clippy::match-wildcard-for-single-variants` implied by `-D warnings`
    = help: to override `-D warnings` add `#[allow(clippy::match_wildcard_for_single_variants)]`

error: used underscore-prefixed binding
  --> crates/text/src/ranking.rs:48:13
   |
48 |             output._allocation = Some(admitted(
   |             ^^^^^^^^^^^^^^^^^^
   |
note: binding is defined here
  --> crates/text/src/ranking.rs:36:5
   |
36 |     _allocation: Option<purrdf_sparql_eval::WorkspaceAllocation>,
   |     ^^^^^^^^^^^^^^^^^^^^^^^^^^^^^^^^^^^^^^^^^^^^^^^^^^^^^^^^^^^^
   = help: for further information visit https://rust-lang.github.io/rust-clippy/main/index.html#used_underscore_binding
   = note: `-D clippy::used-underscore-binding` implied by `-D warnings`
   = help: to override `-D warnings` add `#[allow(clippy::used_underscore_binding)]`

error: could not compile `purrdf-text` (lib) due to 2 previous errors
warning: build failed, waiting for other jobs to finish...
error: could not compile `purrdf-text` (lib test) due to 2 previous errors
