Running as unit: purrdf-mime-metadata-hygiene-1.service
cargo metadata --no-deps --format-version 1 >/dev/null
bash scripts/check-generated.sh --write
   Compiling proc-macro2 v1.0.106
   Compiling purrdf-core v3.0.1 (/home/paudley/Active/purrdf/.worktrees/521-cover-law-generalized-identity-cover/crates/rdf-core)
   Compiling unicode-ident v1.0.24
   Compiling quote v1.0.46
   Compiling purrdf-jsonschema v3.0.1 (/home/paudley/Active/purrdf/.worktrees/521-cover-law-generalized-identity-cover/crates/jsonschema)
   Compiling purrdf-alloc-probe v3.0.1 (/home/paudley/Active/purrdf/.worktrees/521-cover-law-generalized-identity-cover/crates/alloc-probe)
   Compiling syn v2.0.118
   Compiling purrdf-sparql-results v3.0.1 (/home/paudley/Active/purrdf/.worktrees/521-cover-law-generalized-identity-cover/crates/sparql-results)
   Compiling purrdf-sparql-eval v3.0.1 (/home/paudley/Active/purrdf/.worktrees/521-cover-law-generalized-identity-cover/crates/sparql-eval)
   Compiling purrdf-rdf v3.0.1 (/home/paudley/Active/purrdf/.worktrees/521-cover-law-generalized-identity-cover/crates/rdf)
    Finished `dev` profile [optimized + debuginfo] target(s) in 2m 34s
     Running `/opt/.cargo/slots/b935f8b8e06a577b/0/target/debug/examples/gen_loss_matrix rdf`
    Finished `dev` profile [optimized + debuginfo] target(s) in 0.07s
     Running `/opt/.cargo/slots/b935f8b8e06a577b/0/target/debug/examples/gen_loss_matrix transcode`
   Compiling purrdf-datalog v3.0.1 (/home/paudley/Active/purrdf/.worktrees/521-cover-law-generalized-identity-cover/crates/datalog)
   Compiling purrdf-entail v3.0.1 (/home/paudley/Active/purrdf/.worktrees/521-cover-law-generalized-identity-cover/crates/entail)
    Finished `dev` profile [optimized + debuginfo] target(s) in 28.01s
     Running `/opt/.cargo/slots/b935f8b8e06a577b/0/target/debug/examples/gen_rule_inventory`
   Compiling purrdf-core v3.0.1 (/home/paudley/Active/purrdf/.worktrees/521-cover-law-generalized-identity-cover/crates/rdf-core)
    Finished `dev` profile [optimized + debuginfo] target(s) in 0.80s
     Running `/opt/.cargo/slots/b935f8b8e06a577b/0/target/debug/examples/gen_unicode_blocks`
   Compiling digest v0.11.3
   Compiling sha2 v0.11.0
   Compiling purrdf-testkit v3.0.1 (/home/paudley/Active/purrdf/.worktrees/521-cover-law-generalized-identity-cover/crates/testkit)
   Compiling purrdf-lex v3.0.1 (/home/paudley/Active/purrdf/.worktrees/521-cover-law-generalized-identity-cover/crates/lex)
    Finished `dev` profile [optimized + debuginfo] target(s) in 9.26s
     Running `/opt/.cargo/slots/b935f8b8e06a577b/0/target/debug/examples/gen_unicode_tables normalization`
    Finished `dev` profile [optimized + debuginfo] target(s) in 0.07s
     Running `/opt/.cargo/slots/b935f8b8e06a577b/0/target/debug/examples/gen_unicode_tables text`
    Finished `dev` profile [optimized + debuginfo] target(s) in 0.07s
     Running `/opt/.cargo/slots/b935f8b8e06a577b/0/target/debug/examples/gen_unicode_tables idna`
    Finished `dev` profile [optimized + debuginfo] target(s) in 0.06s
     Running `/opt/.cargo/slots/b935f8b8e06a577b/0/target/debug/examples/gen_unicode_tables ecma-properties`
    Finished `dev` profile [optimized + debuginfo] target(s) in 0.06s
     Running `/opt/.cargo/slots/b935f8b8e06a577b/0/target/debug/examples/gen_unicode_tables ecma-ranges`
    Finished `dev` profile [optimized + debuginfo] target(s) in 0.06s
     Running `/opt/.cargo/slots/b935f8b8e06a577b/0/target/debug/examples/gen_unicode_tables xpath`
    Finished `dev` profile [optimized + debuginfo] target(s) in 0.06s
     Running `/opt/.cargo/slots/b935f8b8e06a577b/0/target/debug/examples/gen_unicode_tables xpath-dated-names`
    Finished `dev` profile [optimized + debuginfo] target(s) in 0.06s
     Running `/opt/.cargo/slots/b935f8b8e06a577b/0/target/debug/examples/gen_unicode_tables xpath-dated-blocks`
   Compiling purrdf-lex v3.0.1 (/home/paudley/Active/purrdf/.worktrees/521-cover-law-generalized-identity-cover/crates/lex)
    Finished `dev` profile [optimized + debuginfo] target(s) in 0.63s
     Running `/opt/.cargo/slots/b935f8b8e06a577b/0/target/debug/examples/gen_html_entities`
   Compiling purrdf-lex v3.0.1 (/home/paudley/Active/purrdf/.worktrees/521-cover-law-generalized-identity-cover/crates/lex)
   Compiling purrdf-xsd v3.0.1 (/home/paudley/Active/purrdf/.worktrees/521-cover-law-generalized-identity-cover/crates/xsd)
   Compiling purrdf-iri v3.0.1 (/home/paudley/Active/purrdf/.worktrees/521-cover-law-generalized-identity-cover/crates/iri)
   Compiling purrdf-cdt v3.0.1 (/home/paudley/Active/purrdf/.worktrees/521-cover-law-generalized-identity-cover/crates/cdt)
   Compiling purrdf-core v3.0.1 (/home/paudley/Active/purrdf/.worktrees/521-cover-law-generalized-identity-cover/crates/rdf-core)
   Compiling purrdf-sparql-algebra v3.0.1 (/home/paudley/Active/purrdf/.worktrees/521-cover-law-generalized-identity-cover/crates/sparql-algebra)
   Compiling purrdf-sparql-results v3.0.1 (/home/paudley/Active/purrdf/.worktrees/521-cover-law-generalized-identity-cover/crates/sparql-results)
   Compiling purrdf-sparql-eval v3.0.1 (/home/paudley/Active/purrdf/.worktrees/521-cover-law-generalized-identity-cover/crates/sparql-eval)
   Compiling purrdf-text v3.0.1 (/home/paudley/Active/purrdf/.worktrees/521-cover-law-generalized-identity-cover/crates/text)
    Finished `dev` profile [optimized + debuginfo] target(s) in 11.47s
     Running `/opt/.cargo/slots/b935f8b8e06a577b/0/target/debug/examples/gen_lexicons --check`
cjdict: 315964 -> 315956 entries, 8 collision groups, 4833368 bytes, 64998fa3ecf9f4ed8fa230a7a4e632890bdd7e6dd1620d922c68c5aeee4c715f
thaidict: 26383 -> 26383 entries, 0 collision groups, 620428 bytes, 193fbd2c750ff0404c2aa0c23ca18023f09e70e8fd35521912182b4457674ec0
laodict: 30550 -> 30505 entries, 45 collision groups, 824965 bytes, 6ac62b45dfe409604fd2518ea7c703061ae8f2d947a5fae228417c80fecc999f
khmerdict: 81028 -> 81025 entries, 3 collision groups, 2430900 bytes, 90710c9a661c3b43c13a6ecdc7c56661b2864ba04ae9097ea49ed09c43512e4b
burmesedict: 41120 -> 41120 entries, 0 collision groups, 1362430 bytes, f0fdb5352e8ea4fc11d41140258a6e269baf330510692f07e244a819f77f368a
check-doc-claims: the registry-metadata walk does not reach the manifest of workspace member(s) ['crates/mime'], whose descriptions are published to crates.io. The traversal was narrowed; restore it rather than leaving a crate's front page outside the entailment-overclaim ban
make: *** [Makefile:82: metadata] Error 1
OK: 225 first-party normal edges across 44 members match layers.toml (0 planned edges, 0 planned crates); 6 crates forbid unsafe_code
FAIL: the domain registry table in crates/hash/README.md is not the collected set; run `python3 scripts/check-hash-domains.py --write-readme`
OK: none of the 170 replaced dependencies re-entered the workspace
OK: all 79 external packages are in dependency-ledger.toml with current metrics
Documented claims disagree with their generated source:

  - docs/RELEASE.md: the Trusted Publisher crate list disagrees with scripts/release-crates.sh
    documented: ['purrdf-hash', 'purrdf-stack', 'purrdf-lex', 'purrdf-events', 'purrdf-iri', 'purrdf-xsd', 'purrdf-cdt', 'purrdf-jsonschema', 'purrdf-deflate', 'purrdf-ed25519', 'purrdf-gts', 'purrdf-core', 'purrdf-columnar', 'purrdf-datalog', 'purrdf-entail', 'purrdf-sparql-algebra', 'purrdf-sparql-results', 'purrdf-sparql-eval', 'purrdf-hnsw', 'purrdf-text', 'purrdf-retrieval', 'purrdf-rdf', 'purrdf-markdown', 'purrdf-json', 'purrdf-slice', 'purrdf-shapes', 'purrdf-geo', 'purrdf-shex', 'purrdf-validate', 'purrdf', 'purrdf-wasm']
    release set: ['purrdf-hash', 'purrdf-stack', 'purrdf-lex', 'purrdf-events', 'purrdf-iri', 'purrdf-xsd', 'purrdf-cdt', 'purrdf-jsonschema', 'purrdf-deflate', 'purrdf-ed25519', 'purrdf-gts', 'purrdf-core', 'purrdf-columnar', 'purrdf-datalog', 'purrdf-entail', 'purrdf-sparql-algebra', 'purrdf-sparql-results', 'purrdf-sparql-eval', 'purrdf-hnsw', 'purrdf-text', 'purrdf-retrieval', 'purrdf-rdf', 'purrdf-markdown', 'purrdf-mime', 'purrdf-json', 'purrdf-slice', 'purrdf-shapes', 'purrdf-geo', 'purrdf-shex', 'purrdf-validate', 'purrdf', 'purrdf-wasm']
  - Makefile: expected exactly one publishable-crate-count claim, found 0. The line was reworded, so update the pattern in scripts/check-doc-claims.py rather than leaving it ungated.
    pattern: docs\s+for\s+the\s+(?P<n>\d+)\s+publishable\s+crates
  - .github/workflows/ci.yaml: says 31 publishable crates, but scripts/release-crates.sh names 32
  - docs/book/src/project/releases.md: says 31 publishable crates, but scripts/release-crates.sh names 32

Every number above is restated prose. Fix the prose to match the
generated artifact — do not edit the generated artifact to match
the prose. Regenerate the sources with `make metadata` (rule
inventory) and `python3 scripts/conformance-matrix.py --write-doc`
(conformance matrix).
OK: 32 release crates == the publishable members; the order is a topological order of normal AND dev dependencies (36 in-set dev edges, all backward), so `cargo publish` can verify every crate; the 0-entry unbootstrapped ledger is in-set and in order
OK: six feature-unified shards cover 44 workspace members
OK: version 3.0.1 coherent across crates.io/PyPI/npm; release lane publishes all 32 publishable crates.
check-spec-attribution: no unqualified specification attributions.
OK: none of the 18321 tracked paths begins a component with '-', contains a character that does not render as what it is (a control, an invisible format character, a line separator), begins or ends a component with whitespace, or collides with another tracked path under Unicode normalisation or case folding
FAIL: isomorphic shim group shim:aa42b1e8b93b353e is sanctioned by no variant or [[distinct]] row: purrdf_json::profile::Vocabulary::standard, purrdf_markdown::profile::Vocabulary::standard, purrdf_mime::profile::Vocabulary::standard
FAIL: [[distinct]] shim [purrdf_json::profile::Vocabulary::standard, purrdf_markdown::profile::Vocabulary::standard]: STALE, no current shim group has exactly these members; remove or correct the row
          Finished with result: exit-code
Main processes terminated with: code=exited, status=1/FAILURE
               Service runtime: 5min 9.500s
             CPU time consumed: 1min 6.407s
                   Memory peak: 273.2M (swap: 0B)
