   Compiling purrdf-text v3.0.1 (/home/paudley/Active/purrdf/.worktrees/482-text-rank-inputs-past-query-terms-max/crates/text)
    Finished `test` profile [optimized] target(s) in 2.35s
     Running tests/scoring.rs (/opt/purrdf-text-ranking-qualification/build/debug/build/purrdf-text/e9fdb5b57bff0c4f/out/scoring-e9fdb5b57bff0c4f)

running 20 tests
test a_partition_filter_selects_without_changing_any_rank ... ok
test a_bound_rank_selects_that_rank ... ok
test a_bound_rank_applies_to_every_admitted_partition ... ok
test a_needle_analyzing_to_zero_terms ... ok
test an_out_of_range_rank_yields_nothing ... ok
test bm25_matches_a_hand_computed_golden ... ok
test an_unknown_partition_scores_nothing ... ok
test equal_scores_are_broken_by_document_id_deterministically ... ok
test each_term_contribution_matches_the_hand_computation ... ok
test explaining_an_unknown_document_is_a_data_error ... ok
test explain_reports_a_term_the_document_does_not_hold ... ok
test matched_counts_distinct_needle_terms_present ... ok
test order_by_score_and_order_by_rank_can_disagree_under_rounding ... ok
test rank_is_per_partition_not_global ... ok
test statistics_are_not_pooled_across_partitions ... ok
test explain_contributions_sum_exactly_to_the_score ... ok
test the_published_text_identities_are_frozen ... ok
test two_independently_built_indexes_rank_identically ... ok
test bounded_heap_equals_the_full_sort_prefix ... ok
test score_is_a_pure_function_of_index_and_needle ... ok

test result: ok. 20 passed; 0 failed; 0 ignored; 0 measured; 0 filtered out; finished in 0.01s

