    Checking purrdf-entail v3.0.1 (/home/paudley/Active/purrdf/.worktrees/476-owl-2-dl-close-the-four-ledgered-w3c/crates/entail)
    Checking purrdf-shapes v3.0.1 (/home/paudley/Active/purrdf/.worktrees/476-owl-2-dl-close-the-four-ledgered-w3c/crates/shapes)
error[E0425]: cannot find value `RDF_FIRST` in this scope
    --> crates/entail/src/owl_dl/mod.rs:1318:42
     |
1318 |                 let first = b.intern_iri(RDF_FIRST);
     |                                          ^^^^^^^^^ not found in this scope
     |
help: consider importing this constant through its public re-export
     |
1159 +     use crate::vocab::RDF_FIRST;
     |

error[E0425]: cannot find value `RDF_REST` in this scope
    --> crates/entail/src/owl_dl/mod.rs:1319:41
     |
1319 |                 let rest = b.intern_iri(RDF_REST);
     |                                         ^^^^^^^^ not found in this scope
     |
help: consider importing this constant through its public re-export
     |
1159 +     use crate::vocab::RDF_REST;
     |

error[E0425]: cannot find value `RDF_NIL` in this scope
    --> crates/entail/src/owl_dl/mod.rs:1320:40
     |
1320 |                 let nil = b.intern_iri(RDF_NIL);
     |                                        ^^^^^^^ not found in this scope
     |
help: consider importing this constant through its public re-export
     |
1159 +     use crate::vocab::RDF_NIL;
     |

error: used `assert!` to check that a value is empty
    --> crates/entail/tests/reasoner.rs:1890:5
     |
1890 |     assert!(certificate.boundaries().is_empty());
     |     ^^^^^^^^^^^^^^^^^^^^^^^^^^^^^^^^^^^^^^^^^^^^
     |
     = help: for further information visit https://rust-lang.github.io/rust-clippy/main/index.html#assert_is_empty
     = note: `-D clippy::assert-is-empty` implied by `-D warnings`
     = help: to override `-D warnings` add `#[allow(clippy::assert_is_empty)]`
help: use `assert_eq!` to show the value on failure
     |
1890 -     assert!(certificate.boundaries().is_empty());
1890 +     assert_eq!(certificate.boundaries(), []);
     |

error: could not compile `purrdf-entail` (test "reasoner") due to 1 previous error
warning: build failed, waiting for other jobs to finish...
    Checking purrdf-xsd v3.0.1 (/home/paudley/Active/purrdf/.worktrees/476-owl-2-dl-close-the-four-ledgered-w3c/crates/xsd)
For more information about this error, try `rustc --explain E0425`.
error: could not compile `purrdf-entail` (lib test) due to 3 previous errors
error: this parameter is a mutable reference but is not used mutably
    --> crates/shapes/src/schema_surface.rs:1860:19
     |
1860 |     fn list_items(&mut self, head: &Term, owner: &str) -> Result<Vec<Term>, SchemaCompileError> {
     |                   ^----^^^^
     |                    |
     |                    help: consider removing this `mut`
     |
     = help: for further information visit https://rust-lang.github.io/rust-clippy/main/index.html#needless_pass_by_ref_mut
     = note: `-D clippy::needless-pass-by-ref-mut` implied by `-D warnings`
     = help: to override `-D warnings` add `#[allow(clippy::needless_pass_by_ref_mut)]`

error: could not compile `purrdf-shapes` (lib) due to 1 previous error
error: could not compile `purrdf-shapes` (lib test) due to 1 previous error
