Running as unit: purrdf-cover-mime-native-4.service
   Compiling purrdf-mime v3.0.1 (/home/paudley/Active/purrdf/.worktrees/521-cover-law-generalized-identity-cover/crates/mime)
    Finished `test` profile [optimized] target(s) in 12.41s
     Running tests/byte_cover.rs (/opt/.cargo/slots/b935f8b8e06a577b/0/build/debug/build/purrdf-core/74c92439bb584317/out/byte_cover-74c92439bb584317)

running 5 tests
test opaque_identity_covers_every_octet_and_empty_content ... ok
test emitted_byte_continuations_obey_original_refusal_neighbors ... ok
test span_references_prove_content_before_returning_any_window ... ok
test byte_law_has_frozen_identity_and_order_independent_reconstruction ... ok
test delimited_records_preserve_separator_bytes_and_empty_multiplicity ... ok

test result: ok. 5 passed; 0 failed; 0 ignored; 0 measured; 0 filtered out; finished in 0.00s

     Running tests/lossless.rs (/opt/.cargo/slots/b935f8b8e06a577b/0/build/debug/build/purrdf-mime/7f7338a0da687471/out/lossless-7f7338a0da687471)

running 11 tests
test altered_model_and_different_profile_refuse_publication ... ok
test original_octets_and_repeated_folded_headers_survive ... ok
test real_sparql_sees_repeated_occurrences_in_original_order ... ok
test conflicting_headers_and_encoded_words_are_explicit ... ok
test caller_limits_are_exact_neighbors_and_no_depth_cap_is_inserted ... FAILED
test transfer_decoding_is_exact_and_content_identity_ignores_filenames ... ok
test malformed_source_is_typed_without_a_repair ... ok
test broken_transfers_refuse_payload_but_preserve_original_cover ... ok
test adjacent_delimiters_and_missing_closures_preserve_ranges ... ok
test nested_multipart_keeps_parent_crlf_and_original_structure ... ok
test graph_mutations_refuse_before_source_bytes_escape ... ok

failures:

---- caller_limits_are_exact_neighbors_and_no_depth_cap_is_inserted stdout ----
thread 'caller_limits_are_exact_neighbors_and_no_depth_cap_is_inserted' panicked at crates/mime/tests/lossless.rs:254:5:
assertion failed: matches!(analyze(SourceDocument { id: "urn:example:message", bytes: &bytes },
    &refused), Err(MimeError::Limit { resource: "depth", limit: 256 }))


failures:
    caller_limits_are_exact_neighbors_and_no_depth_cap_is_inserted

test result: FAILED. 10 passed; 1 failed; 0 ignored; 0 measured; 0 filtered out; finished in 0.00s

error: test failed, to rerun pass `-p purrdf-mime --test lossless`
          Finished with result: exit-code
Main processes terminated with: code=exited, status=101/n/a
               Service runtime: 12.561s
             CPU time consumed: 96ms
                   Memory peak: 9M (swap: 0B)
