   Compiling inout v0.2.2
   Compiling cmov v0.5.4
   Compiling cpubits v0.1.1
   Compiling fastrand v2.4.1
   Compiling twox-hash v2.1.2
   Compiling cipher v0.5.2
   Compiling aead v0.6.1
   Compiling structured-zstd v0.0.49
   Compiling ctutils v0.4.2
   Compiling ctr v0.10.1
   Compiling aes v0.9.3
   Compiling universal-hash v0.6.1
   Compiling getrandom v0.3.4
   Compiling polyval v0.7.3
   Compiling purrdf-sparql-results v3.0.1 (/home/paudley/Active/purrdf/.worktrees/499-entailment-prepare-schema-invariant/crates/sparql-results)
   Compiling purrdf-sparql-algebra v3.0.1 (/home/paudley/Active/purrdf/.worktrees/499-entailment-prepare-schema-invariant/crates/sparql-algebra)
   Compiling ghash v0.6.0
   Compiling aes-gcm v0.11.1
   Compiling purrdf-ed25519 v3.0.1 (/home/paudley/Active/purrdf/.worktrees/499-entailment-prepare-schema-invariant/crates/ed25519)
   Compiling visual-hashing v1.0.0
   Compiling purrdf-gts v3.0.1 (/home/paudley/Active/purrdf/.worktrees/499-entailment-prepare-schema-invariant/crates/gts)
   Compiling purrdf-sparql-eval v3.0.1 (/home/paudley/Active/purrdf/.worktrees/499-entailment-prepare-schema-invariant/crates/sparql-eval)
   Compiling purrdf-rdf v3.0.1 (/home/paudley/Active/purrdf/.worktrees/499-entailment-prepare-schema-invariant/crates/rdf)
   Compiling purrdf-slice v3.0.1 (/home/paudley/Active/purrdf/.worktrees/499-entailment-prepare-schema-invariant/crates/slice)
   Compiling purrdf-shapes v3.0.1 (/home/paudley/Active/purrdf/.worktrees/499-entailment-prepare-schema-invariant/crates/shapes)
   Compiling purrdf-validate v3.0.1 (/home/paudley/Active/purrdf/.worktrees/499-entailment-prepare-schema-invariant/crates/validate)
    Finished `test` profile [optimized] target(s) in 6m 25s
     Running unittests src/lib.rs (/opt/purrdf-schema-499-qualification/build/debug/build/purrdf-validate/084045befaa094c2/out/purrdf_validate-084045befaa094c2)

running 1 test
test regime::schema_vectors::tests::seal_schema_vectors ... ok

test result: ok. 1 passed; 0 failed; 0 ignored; 0 measured; 200 filtered out; finished in 0.00s

