    Blocking waiting for file lock on package cache
    Blocking waiting for file lock on package cache
   Compiling typenum v1.20.1
   Compiling purrdf-hash v3.0.1 (/home/paudley/Active/purrdf/.worktrees/472-turtle-writer-deep-blank-node-chains/crates/hash)
   Compiling hybrid-array v0.4.15
   Compiling cpufeatures v0.3.0
   Compiling purrdf-lex v3.0.1 (/home/paudley/Active/purrdf/.worktrees/472-turtle-writer-deep-blank-node-chains/crates/lex)
   Compiling crypto-common v0.2.2
   Compiling block-buffer v0.12.1
   Compiling cfg-if v1.0.4
   Compiling const-oid v0.10.2
   Compiling digest v0.11.3
   Compiling regex-syntax v0.8.11
   Compiling sha2 v0.11.0
   Compiling purrdf-events v3.0.1 (/home/paudley/Active/purrdf/.worktrees/472-turtle-writer-deep-blank-node-chains/crates/rdf-events)
   Compiling regex-automata v0.4.14
   Compiling libc v0.2.186
   Compiling regex v1.12.4
   Compiling purrdf-deflate v3.0.1 (/home/paudley/Active/purrdf/.worktrees/472-turtle-writer-deep-blank-node-chains/crates/deflate)
   Compiling purrdf-core v3.0.1 (/home/paudley/Active/purrdf/.worktrees/472-turtle-writer-deep-blank-node-chains/crates/rdf-core)
   Compiling hashbrown v0.17.1
   Compiling purrdf-stack v3.0.1 (/home/paudley/Active/purrdf/.worktrees/472-turtle-writer-deep-blank-node-chains/crates/stack)
   Compiling purrdf-testkit v3.0.1 (/home/paudley/Active/purrdf/.worktrees/472-turtle-writer-deep-blank-node-chains/crates/testkit)
   Compiling purrdf-alloc-probe v3.0.1 (/home/paudley/Active/purrdf/.worktrees/472-turtle-writer-deep-blank-node-chains/crates/alloc-probe)
   Compiling crossbeam-utils v0.8.21
   Compiling inout v0.2.2
   Compiling cmov v0.5.4
   Compiling ctutils v0.4.2
   Compiling crossbeam-epoch v0.9.18
   Compiling cpubits v0.1.1
   Compiling rayon-core v1.13.0
   Compiling crossbeam-deque v0.8.6
   Compiling universal-hash v0.6.1
   Compiling cipher v0.5.2
   Compiling polyval v0.7.3
   Compiling either v1.16.0
   Compiling getrandom v0.3.4
   Compiling rayon v1.12.0
   Compiling ghash v0.6.0
   Compiling ctr v0.10.1
   Compiling aes v0.9.3
   Compiling aead v0.6.1
   Compiling twox-hash v2.1.2
   Compiling fastrand v2.4.1
   Compiling structured-zstd v0.0.49
   Compiling aes-gcm v0.11.1
   Compiling purrdf-ed25519 v3.0.1 (/home/paudley/Active/purrdf/.worktrees/472-turtle-writer-deep-blank-node-chains/crates/ed25519)
   Compiling visual-hashing v1.0.0
   Compiling proc-macro2 v1.0.106
   Compiling quote v1.0.46
   Compiling unicode-ident v1.0.24
   Compiling syn v2.0.118
   Compiling purrdf-iri v3.0.1 (/home/paudley/Active/purrdf/.worktrees/472-turtle-writer-deep-blank-node-chains/crates/iri)
   Compiling purrdf-xsd v3.0.1 (/home/paudley/Active/purrdf/.worktrees/472-turtle-writer-deep-blank-node-chains/crates/xsd)
   Compiling purrdf-cdt v3.0.1 (/home/paudley/Active/purrdf/.worktrees/472-turtle-writer-deep-blank-node-chains/crates/cdt)
   Compiling purrdf-gts v3.0.1 (/home/paudley/Active/purrdf/.worktrees/472-turtle-writer-deep-blank-node-chains/crates/gts)
   Compiling purrdf-sparql-algebra v3.0.1 (/home/paudley/Active/purrdf/.worktrees/472-turtle-writer-deep-blank-node-chains/crates/sparql-algebra)
   Compiling purrdf-jsonschema v3.0.1 (/home/paudley/Active/purrdf/.worktrees/472-turtle-writer-deep-blank-node-chains/crates/jsonschema)
   Compiling purrdf-sparql-results v3.0.1 (/home/paudley/Active/purrdf/.worktrees/472-turtle-writer-deep-blank-node-chains/crates/sparql-results)
   Compiling purrdf-sparql-eval v3.0.1 (/home/paudley/Active/purrdf/.worktrees/472-turtle-writer-deep-blank-node-chains/crates/sparql-eval)
error[E0599]: no method named `expect` found for enum `ir::term::TermValue` in the current scope
   --> crates/rdf-core/src/turtle_render.rs:208:54
    |
208 |              format!("{:?}", dataset.term_value(*id).expect("interned blank")))
    |                                                      ^^^^^^ method not found in `ir::term::TermValue`
    |
   ::: crates/rdf-core/src/ir/term.rs:365:1
    |
365 | pub enum TermValue {
    | ------------------ method `expect` not found for this enum

error[E0599]: no method named `expect` found for enum `ir::term::TermValue` in the current scope
   --> crates/rdf-core/src/turtle_render.rs:873:52
    |
873 |             format!("{:?}", dataset.term_value(id).expect("interned object"))
    |                                                    ^^^^^^ method not found in `ir::term::TermValue`
    |
   ::: crates/rdf-core/src/ir/term.rs:365:1
    |
365 | pub enum TermValue {
    | ------------------ method `expect` not found for this enum

error: unused import: `DatasetView`
  --> crates/rdf-core/src/turtle_render.rs:32:13
   |
32 | use crate::{DatasetView, FastMap, FastSet, RdfDataset, TermId, TermRef};
   |             ^^^^^^^^^^^
   |
   = note: `-D unused-imports` implied by `-D warnings`
   = help: to override `-D warnings` add `#[allow(unused_imports)]`

For more information about this error, try `rustc --explain E0599`.
error: could not compile `purrdf-core` (lib test) due to 3 previous errors
warning: build failed, waiting for other jobs to finish...
