Running as unit: purrdf-cover-mime-native-3.service
   Compiling purrdf-mime v3.0.1 (/home/paudley/Active/purrdf/.worktrees/521-cover-law-generalized-identity-cover/crates/mime)
   Compiling purrdf-rdf v3.0.1 (/home/paudley/Active/purrdf/.worktrees/521-cover-law-generalized-identity-cover/crates/rdf)
error: missing documentation for the crate
   --> crates/mime/tests/lossless.rs:4:1
    |
  4 | / use purrdf_mime::{
  5 | |     Limits, MimeError, ProblemKind, Profile, SourceDocument, Vocabulary, analyze, decode_document,
  6 | |     project,
  7 | | };
...   |
386 | |     real_sparql_sees_repeated_occurrences_in_original_order,
387 | | );
    | |__^
    |
    = note: `-D missing-docs` implied by `-D warnings`
    = help: to override `-D warnings` add `#[allow(missing_docs)]`

error: could not compile `purrdf-mime` (test "lossless") due to 1 previous error
          Finished with result: exit-code
Main processes terminated with: code=exited, status=101/n/a
               Service runtime: 55.895s
             CPU time consumed: 116ms
                   Memory peak: 8.8M (swap: 0B)
