   Compiling wasm-bindgen-shared v0.2.125
   Compiling proc-macro2 v1.0.106
   Compiling unicode-ident v1.0.24
   Compiling purrdf-hash v3.0.1 (/home/paudley/Active/purrdf/.worktrees/514-datalog-never-derive-declarations/crates/hash)
   Compiling typenum v1.20.1
   Compiling quote v1.0.46
   Compiling crossbeam-utils v0.8.21
   Compiling rustversion v1.0.22
   Compiling purrdf-lex v3.0.1 (/home/paudley/Active/purrdf/.worktrees/514-datalog-never-derive-declarations/crates/lex)
   Compiling regex-syntax v0.8.11
   Compiling hybrid-array v0.4.15
   Compiling cfg-if v1.0.4
   Compiling const-oid v0.10.2
   Compiling crypto-common v0.2.2
   Compiling block-buffer v0.12.1
   Compiling crossbeam-epoch v0.9.18
   Compiling digest v0.11.3
   Compiling syn v2.0.118
   Compiling bumpalo v3.20.3
   Compiling rayon-core v1.13.0
   Compiling wasm-bindgen v0.2.125
   Compiling sha2 v0.11.0
   Compiling crossbeam-deque v0.8.6
   Compiling regex-automata v0.4.14
   Compiling purrdf-events v3.0.1 (/home/paudley/Active/purrdf/.worktrees/514-datalog-never-derive-declarations/crates/rdf-events)
   Compiling purrdf-core v3.0.1 (/home/paudley/Active/purrdf/.worktrees/514-datalog-never-derive-declarations/crates/rdf-core)
   Compiling wasm-bindgen-macro-support v0.2.125
   Compiling regex v1.12.4
   Compiling purrdf-deflate v3.0.1 (/home/paudley/Active/purrdf/.worktrees/514-datalog-never-derive-declarations/crates/deflate)
   Compiling either v1.16.0
   Compiling hashbrown v0.17.1
   Compiling once_cell v1.21.4
   Compiling rayon v1.12.0
   Compiling purrdf-alloc-probe v3.0.1 (/home/paudley/Active/purrdf/.worktrees/514-datalog-never-derive-declarations/crates/alloc-probe)
   Compiling wasm-bindgen-macro v0.2.125
   Compiling purrdf-testkit v3.0.1 (/home/paudley/Active/purrdf/.worktrees/514-datalog-never-derive-declarations/crates/testkit)
   Compiling purrdf-iri v3.0.1 (/home/paudley/Active/purrdf/.worktrees/514-datalog-never-derive-declarations/crates/iri)
   Compiling purrdf-xsd v3.0.1 (/home/paudley/Active/purrdf/.worktrees/514-datalog-never-derive-declarations/crates/xsd)
   Compiling purrdf-cdt v3.0.1 (/home/paudley/Active/purrdf/.worktrees/514-datalog-never-derive-declarations/crates/cdt)
   Compiling purrdf-datalog v3.0.1 (/home/paudley/Active/purrdf/.worktrees/514-datalog-never-derive-declarations/crates/datalog)
    Finished `test` profile [optimized] target(s) in 35.60s
     Running tests/never_derive.rs (/opt/purrdf-foundation-qualification/build/wasm32-unknown-unknown/debug/build/purrdf-datalog/3fca8e4e6baa732f/out/never_derive-3fca8e4e6baa732f.wasm)

running 9 tests
test direct_and_transitive_refusals_name_authored_paths ... ok
test unrelated_deception_structure_executes_and_asserted_intent_stays_readable ... ok
test every_authority_survives_union_and_reused_program_admission ... ok
test existential_conjunctive_disjunctive_heads_cannot_bypass_admission ... ok
test wildcard_absent_protected_symbol_is_explicitly_undecidable ... ok
test cached_acceptance_and_refusal_bind_all_policy_sources ... ok
test cyclic_dependencies_and_empty_heads_have_total_decisions ... ok
test scheduled_and_chase_safe_programs_really_produce_structural_witnesses ... ok
test negative_reads_and_opaque_guards_do_not_exempt_protected_heads ... ok

test result: ok. 9 passed; 0 failed; 0 ignored; 0 measured; 0 filtered out; finished in 0.02s

