    Checking purrdf-xsd v3.0.1 (/home/paudley/Active/purrdf/.worktrees/508-sparql-eval-complete-bounded-workspace/crates/xsd)
error[E0004]: non-exhaustive patterns: `datatype::XsdDatatype::DateTimeStamp` not covered
   --> crates/xsd/src/value.rs:604:11
    |
604 |     match datatype {
    |           ^^^^^^^^ pattern `datatype::XsdDatatype::DateTimeStamp` not covered
    |
note: `datatype::XsdDatatype` defined here
   --> crates/xsd/src/datatype.rs:145:10
    |
145 | pub enum XsdDatatype {
    |          ^^^^^^^^^^^
...
189 |     DateTimeStamp,
    |     ------------- not covered
    = note: the matched value is of type `datatype::XsdDatatype`
help: ensure that all possible cases are being handled by adding a match arm with a wildcard pattern or an explicit pattern as shown
    |
668 ~         | D::Double => Err(StorageError::SizeOverflow),
669 ~         datatype::XsdDatatype::DateTimeStamp => todo!(),
    |

For more information about this error, try `rustc --explain E0004`.
error: could not compile `purrdf-xsd` (lib test) due to 1 previous error
warning: build failed, waiting for other jobs to finish...
error: could not compile `purrdf-xsd` (lib) due to 1 previous error
