    Blocking waiting for file lock on package cache
   Compiling typenum v1.20.1
   Compiling purrdf-hash v3.0.1 (/home/paudley/Active/purrdf/.worktrees/499-entailment-prepare-schema-invariant/crates/hash)
   Compiling cfg-if v1.0.4
   Compiling const-oid v0.10.2
   Compiling purrdf-events v3.0.1 (/home/paudley/Active/purrdf/.worktrees/499-entailment-prepare-schema-invariant/crates/rdf-events)
   Compiling regex-syntax v0.8.11
   Compiling purrdf-lex v3.0.1 (/home/paudley/Active/purrdf/.worktrees/499-entailment-prepare-schema-invariant/crates/lex)
   Compiling purrdf-deflate v3.0.1 (/home/paudley/Active/purrdf/.worktrees/499-entailment-prepare-schema-invariant/crates/deflate)
   Compiling hybrid-array v0.4.15
   Compiling purrdf-core v3.0.1 (/home/paudley/Active/purrdf/.worktrees/499-entailment-prepare-schema-invariant/crates/rdf-core)
   Compiling crypto-common v0.2.2
   Compiling block-buffer v0.12.1
   Compiling regex-automata v0.4.14
   Compiling purrdf-iri v3.0.1 (/home/paudley/Active/purrdf/.worktrees/499-entailment-prepare-schema-invariant/crates/iri)
   Compiling purrdf-xsd v3.0.1 (/home/paudley/Active/purrdf/.worktrees/499-entailment-prepare-schema-invariant/crates/xsd)
   Compiling digest v0.11.3
   Compiling sha2 v0.11.0
   Compiling wasm-bindgen-shared v0.2.125
   Compiling crossbeam-utils v0.8.21
   Compiling regex v1.12.4
   Compiling hashbrown v0.17.1
   Compiling proc-macro2 v1.0.106
   Compiling unicode-ident v1.0.24
   Compiling quote v1.0.46
   Compiling rustversion v1.0.22
   Compiling crossbeam-epoch v0.9.18
   Compiling rayon-core v1.13.0
   Compiling crossbeam-deque v0.8.6
   Compiling syn v2.0.118
   Compiling bumpalo v3.20.3
   Compiling either v1.16.0
   Compiling wasm-bindgen v0.2.125
   Compiling rayon v1.12.0
   Compiling wasm-bindgen-macro-support v0.2.125
   Compiling once_cell v1.21.4
   Compiling inout v0.2.2
   Compiling cmov v0.5.4
   Compiling cpubits v0.1.1
   Compiling ctutils v0.4.2
   Compiling purrdf-stack v3.0.1 (/home/paudley/Active/purrdf/.worktrees/499-entailment-prepare-schema-invariant/crates/stack)
   Compiling universal-hash v0.6.1
   Compiling cipher v0.5.2
   Compiling polyval v0.7.3
   Compiling fastrand v2.4.1
   Compiling wasm-bindgen-macro v0.2.125
   Compiling twox-hash v2.1.2
   Compiling ghash v0.6.0
   Compiling structured-zstd v0.0.49
   Compiling ctr v0.10.1
   Compiling aes v0.9.3
   Compiling aead v0.6.1
   Compiling purrdf-ed25519 v3.0.1 (/home/paudley/Active/purrdf/.worktrees/499-entailment-prepare-schema-invariant/crates/ed25519)
   Compiling visual-hashing v1.0.0
   Compiling aes-gcm v0.11.1
   Compiling purrdf-testkit v3.0.1 (/home/paudley/Active/purrdf/.worktrees/499-entailment-prepare-schema-invariant/crates/testkit)
   Compiling purrdf-cdt v3.0.1 (/home/paudley/Active/purrdf/.worktrees/499-entailment-prepare-schema-invariant/crates/cdt)
   Compiling purrdf-gts v3.0.1 (/home/paudley/Active/purrdf/.worktrees/499-entailment-prepare-schema-invariant/crates/gts)
   Compiling purrdf-sparql-algebra v3.0.1 (/home/paudley/Active/purrdf/.worktrees/499-entailment-prepare-schema-invariant/crates/sparql-algebra)
   Compiling purrdf-sparql-results v3.0.1 (/home/paudley/Active/purrdf/.worktrees/499-entailment-prepare-schema-invariant/crates/sparql-results)
   Compiling purrdf-datalog v3.0.1 (/home/paudley/Active/purrdf/.worktrees/499-entailment-prepare-schema-invariant/crates/datalog)
   Compiling purrdf-markdown v3.0.1 (/home/paudley/Active/purrdf/.worktrees/499-entailment-prepare-schema-invariant/crates/markdown)
   Compiling purrdf-shex v3.0.1 (/home/paudley/Active/purrdf/.worktrees/499-entailment-prepare-schema-invariant/crates/shex)
   Compiling purrdf-mime v3.0.1 (/home/paudley/Active/purrdf/.worktrees/499-entailment-prepare-schema-invariant/crates/mime)
   Compiling purrdf-sparql-eval v3.0.1 (/home/paudley/Active/purrdf/.worktrees/499-entailment-prepare-schema-invariant/crates/sparql-eval)
   Compiling purrdf-columnar v3.0.1 (/home/paudley/Active/purrdf/.worktrees/499-entailment-prepare-schema-invariant/crates/columnar)
   Compiling purrdf-json v3.0.1 (/home/paudley/Active/purrdf/.worktrees/499-entailment-prepare-schema-invariant/crates/json)
   Compiling purrdf-entail v3.0.1 (/home/paudley/Active/purrdf/.worktrees/499-entailment-prepare-schema-invariant/crates/entail)
   Compiling purrdf-rdf v3.0.1 (/home/paudley/Active/purrdf/.worktrees/499-entailment-prepare-schema-invariant/crates/rdf)
   Compiling purrdf-text v3.0.1 (/home/paudley/Active/purrdf/.worktrees/499-entailment-prepare-schema-invariant/crates/text)
   Compiling purrdf-geo v3.0.1 (/home/paudley/Active/purrdf/.worktrees/499-entailment-prepare-schema-invariant/crates/geo)
   Compiling purrdf-hnsw v3.0.1 (/home/paudley/Active/purrdf/.worktrees/499-entailment-prepare-schema-invariant/crates/hnsw)
   Compiling purrdf-retrieval v3.0.1 (/home/paudley/Active/purrdf/.worktrees/499-entailment-prepare-schema-invariant/crates/retrieval)
   Compiling purrdf-slice v3.0.1 (/home/paudley/Active/purrdf/.worktrees/499-entailment-prepare-schema-invariant/crates/slice)
   Compiling purrdf-shapes v3.0.1 (/home/paudley/Active/purrdf/.worktrees/499-entailment-prepare-schema-invariant/crates/shapes)
   Compiling purrdf-validate v3.0.1 (/home/paudley/Active/purrdf/.worktrees/499-entailment-prepare-schema-invariant/crates/validate)
   Compiling purrdf v3.0.1 (/home/paudley/Active/purrdf/.worktrees/499-entailment-prepare-schema-invariant/crates/purrdf)
   Compiling purrdf-wasm v3.0.1 (/home/paudley/Active/purrdf/.worktrees/499-entailment-prepare-schema-invariant/crates/rdf-wasm)
    Finished `test` profile [optimized] target(s) in 8m 07s
Dataset wasm getters preserve bigint identities above 2^53 and mutation advances exactly
Exchange wasm bigint identities settle exactly above 2^53, reject wrapping inputs and refuse exhaustion
Identity ABI receipt: target/identity-transport-receipts/1ee11f62869a45a43c8c54b51bad326f62cd1135875ffdff2dbab2be748946f1.json
