   Compiling typenum v1.20.1
   Compiling purrdf-hash v3.0.1 (/home/paudley/Active/purrdf/.worktrees/499-entailment-prepare-schema-invariant/crates/hash)
   Compiling cfg-if v1.0.4
   Compiling const-oid v0.10.2
   Compiling purrdf-events v3.0.1 (/home/paudley/Active/purrdf/.worktrees/499-entailment-prepare-schema-invariant/crates/rdf-events)
   Compiling regex-syntax v0.8.11
   Compiling purrdf-core v3.0.1 (/home/paudley/Active/purrdf/.worktrees/499-entailment-prepare-schema-invariant/crates/rdf-core)
   Compiling hashbrown v0.17.1
   Compiling purrdf-lex v3.0.1 (/home/paudley/Active/purrdf/.worktrees/499-entailment-prepare-schema-invariant/crates/lex)
   Compiling purrdf-deflate v3.0.1 (/home/paudley/Active/purrdf/.worktrees/499-entailment-prepare-schema-invariant/crates/deflate)
   Compiling crossbeam-utils v0.8.21
   Compiling wasm-bindgen-shared v0.2.125
   Compiling proc-macro2 v1.0.106
   Compiling unicode-ident v1.0.24
   Compiling crossbeam-epoch v0.9.18
   Compiling quote v1.0.46
   Compiling rayon-core v1.13.0
   Compiling crossbeam-deque v0.8.6
   Compiling hybrid-array v0.4.15
   Compiling rustversion v1.0.22
   Compiling crypto-common v0.2.2
   Compiling block-buffer v0.12.1
   Compiling regex-automata v0.4.14
   Compiling either v1.16.0
   Compiling purrdf-iri v3.0.1 (/home/paudley/Active/purrdf/.worktrees/499-entailment-prepare-schema-invariant/crates/iri)
   Compiling digest v0.11.3
   Compiling purrdf-xsd v3.0.1 (/home/paudley/Active/purrdf/.worktrees/499-entailment-prepare-schema-invariant/crates/xsd)
   Compiling sha2 v0.11.0
   Compiling rayon v1.12.0
   Compiling syn v2.0.118
   Compiling bumpalo v3.20.3
   Compiling wasm-bindgen-macro-support v0.2.125
   Compiling wasm-bindgen v0.2.125
   Compiling regex v1.12.4
   Compiling wasm-bindgen-macro v0.2.125
   Compiling inout v0.2.2
   Compiling purrdf-cdt v3.0.1 (/home/paudley/Active/purrdf/.worktrees/499-entailment-prepare-schema-invariant/crates/cdt)
   Compiling cmov v0.5.4
   Compiling once_cell v1.21.4
   Compiling cpubits v0.1.1
   Compiling ctutils v0.4.2
   Compiling purrdf-stack v3.0.1 (/home/paudley/Active/purrdf/.worktrees/499-entailment-prepare-schema-invariant/crates/stack)
   Compiling cipher v0.5.2
   Compiling purrdf-sparql-algebra v3.0.1 (/home/paudley/Active/purrdf/.worktrees/499-entailment-prepare-schema-invariant/crates/sparql-algebra)
   Compiling universal-hash v0.6.1
   Compiling polyval v0.7.3
   Compiling twox-hash v2.1.2
   Compiling fastrand v2.4.1
   Compiling ghash v0.6.0
   Compiling structured-zstd v0.0.49
   Compiling aes v0.9.3
   Compiling ctr v0.10.1
   Compiling aead v0.6.1
   Compiling aes-gcm v0.11.1
   Compiling purrdf-ed25519 v3.0.1 (/home/paudley/Active/purrdf/.worktrees/499-entailment-prepare-schema-invariant/crates/ed25519)
   Compiling visual-hashing v1.0.0
   Compiling purrdf-gts v3.0.1 (/home/paudley/Active/purrdf/.worktrees/499-entailment-prepare-schema-invariant/crates/gts)
   Compiling purrdf-sparql-results v3.0.1 (/home/paudley/Active/purrdf/.worktrees/499-entailment-prepare-schema-invariant/crates/sparql-results)
   Compiling purrdf-datalog v3.0.1 (/home/paudley/Active/purrdf/.worktrees/499-entailment-prepare-schema-invariant/crates/datalog)
   Compiling purrdf-columnar v3.0.1 (/home/paudley/Active/purrdf/.worktrees/499-entailment-prepare-schema-invariant/crates/columnar)
   Compiling purrdf-mime v3.0.1 (/home/paudley/Active/purrdf/.worktrees/499-entailment-prepare-schema-invariant/crates/mime)
   Compiling purrdf-shex v3.0.1 (/home/paudley/Active/purrdf/.worktrees/499-entailment-prepare-schema-invariant/crates/shex)
   Compiling purrdf-sparql-eval v3.0.1 (/home/paudley/Active/purrdf/.worktrees/499-entailment-prepare-schema-invariant/crates/sparql-eval)
   Compiling purrdf-markdown v3.0.1 (/home/paudley/Active/purrdf/.worktrees/499-entailment-prepare-schema-invariant/crates/markdown)
   Compiling purrdf-json v3.0.1 (/home/paudley/Active/purrdf/.worktrees/499-entailment-prepare-schema-invariant/crates/json)
   Compiling purrdf-entail v3.0.1 (/home/paudley/Active/purrdf/.worktrees/499-entailment-prepare-schema-invariant/crates/entail)
   Compiling purrdf-rdf v3.0.1 (/home/paudley/Active/purrdf/.worktrees/499-entailment-prepare-schema-invariant/crates/rdf)
   Compiling purrdf-text v3.0.1 (/home/paudley/Active/purrdf/.worktrees/499-entailment-prepare-schema-invariant/crates/text)
   Compiling purrdf-geo v3.0.1 (/home/paudley/Active/purrdf/.worktrees/499-entailment-prepare-schema-invariant/crates/geo)
   Compiling purrdf-hnsw v3.0.1 (/home/paudley/Active/purrdf/.worktrees/499-entailment-prepare-schema-invariant/crates/hnsw)
   Compiling purrdf-retrieval v3.0.1 (/home/paudley/Active/purrdf/.worktrees/499-entailment-prepare-schema-invariant/crates/retrieval)
   Compiling purrdf-slice v3.0.1 (/home/paudley/Active/purrdf/.worktrees/499-entailment-prepare-schema-invariant/crates/slice)
   Compiling purrdf-shapes v3.0.1 (/home/paudley/Active/purrdf/.worktrees/499-entailment-prepare-schema-invariant/crates/shapes)
   Compiling purrdf-validate v3.0.1 (/home/paudley/Active/purrdf/.worktrees/499-entailment-prepare-schema-invariant/crates/validate)
   Compiling purrdf v3.0.1 (/home/paudley/Active/purrdf/.worktrees/499-entailment-prepare-schema-invariant/crates/purrdf)
   Compiling purrdf-wasm v3.0.1 (/home/paudley/Active/purrdf/.worktrees/499-entailment-prepare-schema-invariant/crates/rdf-wasm)
    Finished `release` profile [optimized] target(s) in 10m 01s
cp crates/rdf-wasm/js/src/purrdf_jspi.mjs crates/rdf-wasm/js/pkg/purrdf_jspi.mjs
wasm-opt -Oz \
	--enable-bulk-memory --enable-nontrapping-float-to-int \
	--enable-sign-ext --enable-mutable-globals --enable-simd \
	-o crates/rdf-wasm/js/pkg/purrdf_wasm_bg.wasm crates/rdf-wasm/js/pkg/purrdf_wasm_bg.wasm
cargo run -p wasm-link --release --locked -- crates/rdf-wasm/js/pkg/purrdf_wasm_bg.wasm
   Compiling leb128fmt v0.1.0
   Compiling wasm-encoder v0.259.0
   Compiling wasm-link v3.0.1 (/home/paudley/Active/purrdf/.worktrees/499-entailment-prepare-schema-invariant/crates/wasm-link)
    Finished `release` profile [optimized] target(s) in 0.63s
     Running `/opt/purrdf-schema-499-qualification/target/release/wasm-link crates/rdf-wasm/js/pkg/purrdf_wasm_bg.wasm`
OK: wasm-link linked crates/rdf-wasm/js/pkg/purrdf_wasm_bg.wasm: stack pointer is global 0 (exported as purrdf_stack_pointer); purrdf_jspi_suspend is function 28, called only from $suspend (function 11125), which 1 call site(s) reach; 52 other import(s) behind trampolines with 408 reference(s) routed; purrdf_jspi_run wrapped by function 11150 (region top appended as its last parameter); 402 exported function(s) behind the poison gate (359 trapping, 43 inert release function(s); globals idle=3, poisoned=4, active=5, parked=6, outbound=7); validated under ["mutable-globals", "nontrapping-float-to-int", "sign-ext", "bulk-memory", "simd"]
OK: verified 158891 SIMD opcode(s) present in the optimized wasm artifact
OK: purrdf npm package built (crates/rdf-wasm/js/pkg/)
cd crates/rdf-wasm/js && npm ci --ignore-scripts --no-audit --no-fund && npm run check

added 3 packages in 511ms

> @blackcatinformatics/purrdf@3.0.1 check
> npm run typecheck && npm test && npm run smoke:pack


> @blackcatinformatics/purrdf@3.0.1 typecheck
> tsc -p tsconfig.types.json


> @blackcatinformatics/purrdf@3.0.1 test
> node --test tests/*.test.mjs

✔ queryGoverned computes MEDIAN through aggregateNamespace (69.47837ms)
✔ omitting aggregateNamespace leaves the ten names unregistered, with the existing typed error (1.709339ms)
✔ updateGoverned reaches MEDIAN from a DELETE/INSERT WHERE nested SELECT (19.836488ms)
✔ an ungoverned entry refuses aggregateNamespace rather than ignoring it (0.834296ms)
✔ queryEntailmentGoverned computes MEDIAN through aggregateNamespace over an entailed closure (86.465622ms)
✔ omitting aggregateNamespace leaves queryEntailmentGoverned's statistical set unregistered (2.613803ms)
✔ three interleaved async queries resume out of order and all answer correctly (126.595384ms)
✔ a deep sync query during a suspension is answered (110.803077ms)
✔ jobs suspended inside a property path's walk scope, interleaved with each other and with synchronous paths, all answer their synchronous baselines (963.935175ms)
✔ an async job started from inside a sync callback runs and returns (19.591605ms)
✔ a request as deep as the synchronous lane evaluates answers on a job's region, frames that never poll included (763030.776104ms)
✔ admitted nesting answers or is refused on a job's region exactly as on the synchronous lane, and the instance is not poisoned (592.224873ms)
ℹ admitted nesting endpoints: {"synchronous":235,"job":235}
✔ a FILTER nested 10 000 parentheses deep answers what one pair answers, on both lanes (5.905238ms)
✔ nesting answers on the asynchronous lane as deep as the job's stacks hold it, and is the synchronous lane's refusal past that (177.905719ms)
✔ a trap poisons every entry point of the instance, and jobs that fault without trapping poison nothing (368.154618ms)
✔ beginAsync beyond maxConcurrentJobs is refused (12.683196ms)
✔ every sync-suite query answers identically through queryAsync, eight at a time, yielding at every poll (4349.315106ms)
✔ every corpus query's asynchronous job stays inside the top quarter of its stack region (10.767764ms)
✔ explainQueryAsync on a SERVICE-free query is byte-identical to explainQuery (88.24955ms)
✔ explainQueryAsync explains a SERVICE join over the host's answer; the synchronous twin refuses it (64.572854ms)
✔ SERVICE SILENT under explainQueryAsync: a failing resolver is the join identity, as on queryAsync (5.488179ms)
✔ a CPU-heavy explainQueryAsync yields to the event loop; the synchronous twin does not (3732.081633ms)
✔ an AbortSignal aborted mid-explain rejects with the abort reason (48.858415ms)
✔ a deadline stops explainQueryAsync as it stops the other ungoverned twins (46.69684ms)
✔ a parse error rejects with the synchronous twin's words (1.643962ms)
✔ async SHACL twins return exactly their synchronous twins' results on core and SHACL-SPARQL fixtures, conforming and not (909.360357ms)
✔ the change, entailment and product twins return their synchronous twins' values (94.466757ms)
✔ a refused product rejects with the synchronous twin's ShaclProductRefusal, dimension and all (5.155278ms)
✔ a SERVICE in a SHACL-SPARQL target is refused on both lanes and no host handler is asked; the local target answers (8.662846ms)
✔ the shapes-graph arguments reach the job exactly as they reach the synchronous twin (12.347798ms)
✔ a heavy validation with no SPARQL in it yields to the event loop; the synchronous twin does not (789.790047ms)
✔ a signal stops a SHACL validation: its reason, a timeout, and an already-aborted signal (705.980348ms)
✔ concurrent SHACL validations suspended at every poll, interleaved with synchronous validations, all answer their synchronous baselines (1479.928072ms)
✔ two concurrent jobs issuing the same request without deadlines share one host call (69.46823ms)
✔ a job stopped while it waits abandons only itself; the host's signal waits for the other job (13.663179ms)
✔ the host's signal aborts once every job waiting on the call has been stopped (4.283574ms)
✔ the same request under SERVICE and SERVICE SILENT is two host calls, each told its own silent (2.668642ms)
✔ a different cell ceiling is its own host call; the same ceiling is shared (6.422352ms)
✔ a job whose deadline is later than the in-flight call's is its own call; an earlier one shares it (4.036972ms)
✔ a job without a deadline never joins a call bounded by one; a job with one joins an unbounded call (8.236238ms)
✔ a short-deadline job's timed-out call is never a SILENT failure for a job with a longer deadline (3.265824ms)
✔ one job asks the host once for a request it repeats; sequential jobs each ask (24.908129ms)
✔ jobs sharing a call each abandon it at their request's timeout, and the call aborts when the last leaves (34.907395ms)
✔ host-effect deadlines settle in otherwise idle Node, with every timer released (2086.28338ms)
✔ a 20,000-level SERVICE term can be walked, cloned, compared and dropped without poisoning (311.522755ms)
✔ queryAsync joins remote bindings with local rows (131.740653ms)
✔ a delayed promise is awaited, not raced (56.189ms)
✔ a transport failure is a thrown error without SILENT (15.513305ms)
✔ a transport failure is the join identity under SILENT (4.667813ms)
✔ a resolver that throws fails its invocation: the join identity under SILENT, recorded as a fault; native-sparql-host-fault without (50.792639ms)
✔ a host denial with no catalog installed fails the query, is the identity under SILENT, and never invents a catalog cause (20.596005ms)
✔ a catalog denies an endpoint it does not list, before any host call (26.961978ms)
✔ SERVICE SILENT with a resolver still forwards the request (18.08253ms)
✔ a variable endpoint bound by VALUES resolves per row (15.461106ms)
✔ an endpoint variable nothing binds is refused, under SILENT too (9.128922ms)
✔ SERVICE SILENT with no source, or with an endpoint that is not an IRI, is the join identity on both lanes (18.142607ms)
✔ a group join binding the endpoint on its right answers as the left-bound form (13.346218ms)
✔ a variable endpoint some solution cannot name refuses the query before any request, in either row order (3.334102ms)
✔ a variable endpoint bound by an OPTIONAL, group join or MINUS left side is asked once per endpoint (3.319023ms)
✔ SILENT swallows one variable endpoint's failure for that endpoint only (3.369261ms)
✔ a nested SERVICE is forwarded inside the outer request text (0.842936ms)
✔ queryAsync without resolveService fails like the sync path (0.900564ms)
✔ synchronous query methods are unchanged (19.840097ms)
✔ every async twin evaluates (157.462978ms)
✔ a yielding job lets a setTimeout(…, 0) timer another party scheduled fire between its turns; a job that never yields does not (445.786225ms)
✔ AbortSignal cancels a running query (58.658648ms)
✔ a resolver that ignores ctx.signal still cancels promptly (522.768585ms)
✔ deadlineMs spans the awaited SERVICE time (122.864784ms)
✔ maxRemoteRequests governs async SERVICE dispatch (1.467507ms)
✔ maxIntermediateCells bounds the decoded remote answer (6.271206ms)
✔ an unconfigured cell ceiling never reaches the resolver as the metering sentinel (1.308841ms)
✔ LOAD resolves through resolveLoad (7.949597ms)
✔ LOAD without resolveLoad fails unless SILENT (0.971582ms)
✔ LOAD: a host policy denial reads distinctly from a catalog capability denial, and LOAD SILENT loads nothing over either (1.061939ms)
✔ LOAD redirect: every hop is resolved and authorized in Rust, with its own profile's headers (1.292902ms)
✔ a LOAD parse error is the LOAD's decode failure (0.762728ms)
✔ INSERT WHERE federates through resolveService (1.774018ms)
✔ dataset mutation during an async update is refused (1.683071ms)
✔ commitUpdate refuses a different dataset (0.484475ms)
✔ queries see a snapshot; mutation during a query is allowed (0.67312ms)
✔ refusal pair: an update begun while another update of the dataset is in flight is refused; a sequential one applies (1.254623ms)
✔ hasAsyncQueries reports JSPI (0.084017ms)
✔ async methods hard-fail without JSPI (100.111871ms)
✔ governor vectors: service transport cases certify identically on the async lane (4.984973ms)
✔ refusal pair: yieldEveryPolls -1 is refused, 0 yields at every poll (8.586898ms)
✔ a job's stack region is the size of the module's own shadow stack (0.595682ms)
✔ refusal pair: a failure kind "nope" is a host fault the request reports, "denied" is a denial; SILENT answers both with the join identity (1.752309ms)
✔ refusal pair: mediaType text/x-unknown fails the LOAD, text/turtle loads (0.598423ms)
✔ refusal pair: the cancel option is refused, signal is accepted (0.546024ms)
✔ refusal pair: a localServices value that is not a Dataset is refused; a Dataset serves, and stays the caller's (0.70296ms)
✔ refusal pair: a catalog that is not a ServiceCatalog is refused; a ServiceCatalog governs, and stays usable (1.153286ms)
✔ refusal pair: a profile timeout no JavaScript timer can honour is refused; the longest one is accepted (0.165395ms)
✔ a job's memo keeps rows only: a repeated request whose first answer failed asks again (3.149878ms)
✔ a fresh engine keeps scope: two same-label blanks in different scopes stay distinct (116.980946ms)
✔ blankScope = "merge" drops the scope: the same blanks become one node (0.964262ms)
✔ the mode is per engine, and can be set back to keep (2.543265ms)
✔ a value that is not a mode throws with the options code and leaves the mode alone (5.278325ms)
✔ an unscoped blank and an IRI are the same under both modes (2.087919ms)
✔ the dataset's own quads are not affected by the option (1.120667ms)
✔ an asynchronous job takes the mode in force when it begins (31.193335ms)
✔ typed scoped blanks retain identity through insertion, serialization and parsing (32.934263ms)
✔ SparqlProtocolRequest reads an operation and its dataset parameters (20.676633ms)
✔ SparqlProtocolRequest reads an update's USING and USING NAMED parameters in request order (2.822547ms)
✔ refusal pair: a protocol refusal is a typed Error with name, status and parameter (1.557945ms)
✔ refusal pair: effectiveText refuses a malformed operation, not a well-formed one (0.959612ms)
✔ the negotiated twin serializes by Accept and names the formats a dataset needs (56.19054ms)
✔ refusal pair: accept is refused by every twin but the negotiated one (26.242649ms)
✔ refusal pair: the service resolver refuses an option it would ignore; its own options build (5.907226ms)
✔ refusal pair: cache options are all-or-nothing (0.566644ms)
✔ refusal pair: a bindings key must be an origin (0.714029ms)
✔ a request to a bound origin goes through its binding; any other through fetch (7.760422ms)
✔ headers are sent protocol first, then the profile's, then the credential (0.833925ms)
✔ the effect's headers are the catalog profile's, then its credential, end to end (38.883548ms)
✔ a request is abandoned when the query abandons it: at its profile's timeout, a transport failure SILENT absorbs; the prompt neighbour answers (65.983533ms)
✔ a non-2xx answer is a transport failure and its body is cancelled, unread (5.733622ms)
✔ a transport failure fails a query, and SERVICE SILENT swallows it (13.299719ms)
✔ SERVICE redirect: a 302 to an unlisted origin is a transport failure, never fetched; SILENT matches the endpoint being down (3.263464ms)
✔ SERVICE redirect: a 307 is never followed — no body or header ever reaches the Location (8.749523ms)
✔ SERVICE redirect: an opaque-redirect response is also a transport failure, its Location withheld (0.554504ms)
✔ the cache answers a repeated cacheable request, and a different request is a miss (27.053806ms)
✔ refusal pair: a request the job marks not cacheable never touches the cache; a cacheable one is cached (27.153952ms)
✔ the job marks a request carrying a credential not cacheable, end to end (19.892946ms)
✔ refusal pair: a cache whose match or put rejects fails the request as a transport failure; a healthy cache answers (20.45098ms)
✔ a failed cache call fails a plain SERVICE and is the join identity under SERVICE SILENT, recorded (22.171989ms)
✔ refusal pair: the load resolver refuses an option it would ignore; its own options build (0.66402ms)
✔ one LOAD hop sends the job's Accept, User-Agent and headers, and answers the document (1.081199ms)
✔ refusal pair: a LOAD the catalog does not authorize is denied before any fetch; an authorized one is fetched with its profile (22.952067ms)
✔ a LOAD response without a Content-Type is a transport failure; with one it loads (6.667524ms)
✔ a redirect is handed back to the job, never followed; an opaque one withholds its Location (1.122547ms)
✔ LOAD redirect: a redirect to an unlisted origin is denied, and the unlisted origin is never fetched (1.514216ms)
✔ LOAD redirect: the valid neighbour — a redirect to a listed origin loads, and a relative IRI resolves against the final URL (4.296204ms)
✔ LOAD redirect: a redirect loop fails as typed transport after exactly five hops; four hops load (9.787653ms)
✔ LOAD redirect: the redirected origin's own profile headers are sent, never the source's (7.344704ms)
✔ refusal pair: handleSparqlRequest requires governors with deadlineMs (11.698797ms)
✔ every request form answers (12.694207ms)
✔ each Accept is answered in its format, byte for byte what queryRaw writes (45.856624ms)
✔ refusal pair: 406 before evaluation, and after it for named graphs (19.031952ms)
✔ refusal pair: protocol refusals are 400/405/415 problems; the valid neighbour is 200 (12.378207ms)
✔ dataset parameters are honoured, and without them the query's own dataset answers (43.097065ms)
✔ the operation text is parsed exactly once on the request path: effectiveText runs only to splice dataset parameters (7.452761ms)
✔ refusal pair: maxRequestBytes must be a positive integer when given; without it, 1 MiB is the default (3.764269ms)
✔ refusal pair: a body over maxRequestBytes is a 413, by Content-Length, by streaming past it with none, or with a lying smaller one; the valid neighbour answers at exactly the limit (14.444026ms)
✔ a deterministic ceiling is a 422 carrying its dimension; the unbounded neighbour is 200 (22.043453ms)
✔ a deadline or a cancelled request is a 503 without Retry-After, not a 422 (42.687407ms)
✔ refusal pair: a SERVICE no resolver reaches is a 500 with its engine code and a correlation id; with a resolver it answers 200 (11.863672ms)
✔ refusal pair: an unbound SERVICE ?e is a 400 with the engine's refusal; a host fault stays a sanitized 500 (16.916813ms)
✔ refusal pair: a resolveService that throws is a 500 with a correlation id, never the exception's own words; a healthy resolver is the 200 neighbour and the hook is never called for it (8.869969ms)
✔ SERVICE SILENT over a resolveService bug is the join identity, a 200 whose body never carries the bug's words, and the bug still reaches onInternalError under a correlation id; the neighbour is a genuine typed transport failure, which never touches the hook (3.43098ms)
✔ the default onInternalError hook writes one console.error line carrying the original error and the correlation id (1.589613ms)
✔ an onInternalError that throws synchronously still yields the sanitized 500 with a correlation id and no secret, and its failure reaches console.error (3.73657ms)
✔ an onInternalError that returns a rejecting promise still yields the sanitized 500 with a correlation id and no secret, and its failure reaches console.error (3.782889ms)
✔ valid neighbour: a non-throwing onInternalError (sync, and async-resolving) is called exactly once and console.error is never called (6.642935ms)
✔ an unexpected exception anywhere else in the adapter is also a 500 with a correlation id, never a bare rejection (2.029811ms)
✔ the catalog denies an unlisted endpoint before any fetch; a listed one is fetched (2.406519ms)
✔ refusal pair: a SERVICE the catalog denies is a 403 with its engine code and none of the catalog's configuration; an endpoint the same catalog allows answers 200 (6.101411ms)
✔ refusal pair: a SERVICE the resolver's own policy denies is a 403 with its engine code and none of the resolver's words; a request it allows answers 200 (6.256526ms)
✔ refusal pair: a SERVICE endpoint that answers an HTTP error is a 502 with its engine code and none of its words; an allowed endpoint that answers is 200 (3.325503ms)
✔ refusal pair: a SERVICE whose transport throws is a 502 with its engine code and none of the exception's words; an allowed endpoint that answers is 200 (7.266706ms)
✔ refusal pair: a LOAD the catalog denies is a 403 and one whose fetch fails a 502, each with its engine code and none of its words; an allowed, answering source is 204 (10.368726ms)
✔ refusal pair: an operation this endpoint misconfigured is a 500 InternalError with a correlation id, never the error class name; the configured neighbour answers 200 (2.660562ms)
✔ refusal pair: the first stack guard keeps its status, code and words; the shallow neighbour answers 200 (596.040924ms)
✔ a federated query runs end to end through a service binding (1.69989ms)
✔ CORS: preflight, echo and Vary with cors; no CORS header and a 405 OPTIONS without (2.025581ms)
✔ a poisoned instance still answers every request with the sanitized 500 and a correlation id (128.626014ms)
✔ an engine starts at eighteen digits truncated toward zero (92.056868ms)
✔ exact answers a terminating quotient and leaves a non-terminating one unbound (3.216136ms)
✔ a rounded policy rounds in its named direction (3.533926ms)
✔ an unreadable policy is refused and the previous one stays in force (2.302502ms)
✔ the policy reaches the governed, update and entailment entries (242.848702ms)
✔ governed evidence counts each absorbed expression error by its F&O code (11.267939ms)
✔ an asynchronous job takes the policy and reports its expression errors (17.920804ms)
✔ the README and the book say the remote endpoint's CORS policy governs a browser host (14.64346ms)
✔ the book's recipes are the README's, byte for byte (1.222514ms)
✔ the resolveService recipe joins the remote rows, and reports a network failure as transport (268.301514ms)
✔ the Worker recipe answers a SPARQL Protocol request with the joined results (107.514574ms)
✔ parse resolves a relative IRI against the supplied base (30.242282ms)
✔ parse without a base refuses a relative IRI with the shared code (1.679411ms)
✔ parse rejects a base that is not an absolute IRI (0.387819ms)
✔ an in-document base wins over the supplied one (0.69681ms)
✔ serializeConfigured carries the document base into JSON-LD (39.899739ms)
✔ serializeWithContext carries the same document base (8.18819ms)
✔ serializeConfigured rejects a base that is not an absolute IRI (2.143387ms)
✔ omitting the egress base leaves the document absolute (1.109567ms)
✔ serialize emits the base declaration, with a no-base control (0.896634ms)
✔ serialize to a base-incapable format stays absolute rather than throwing (0.305921ms)
✔ serialize rejects a base that is not an absolute IRI (0.239463ms)
✔ serialize without a base is byte-identical to omitting the argument (0.219114ms)
✔ serialize keeps the RDF 1.2 statement layer under a base (3.911695ms)
✔ a format with no triple-term surface fails closed rather than dropping rows (0.914803ms)
✔ entailCheckProofGoldenVectors runs the committed proof artifact ON WASM (228.700966ms)
✔ an answer nobody recorded is never presented as verified ON WASM (38.620147ms)
✔ the session records proofs only when asked ON WASM (11.762144ms)
✔ entailCheckGoldenVectors runs the committed tri-host artifact ON WASM (189.149568ms)
✔ an inconsistent input is refused WITH its certificate ON WASM (27.189872ms)
✔ every golden case is byte-identical across the wasm/JS boundary (78.549584ms)
✔ entailMaterialize's evaluation limits refuse naming this host's arguments (34.350452ms)
✔ entailMaterialize and entailConsistency close over the import table (24.608277ms)
✔ the conclusion-directed services take the evaluation limits, naming this host's argument (34.326893ms)
✔ entailMaterialize closes under rdfs and always returns a report (9.702866ms)
✔ entailMaterialize under simple is the identity closure (0.464816ms)
✔ entailMaterialize is byte-stable across repeated calls (29.780086ms)
✔ entailMaterialize rejects an unknown regime, naming the accepted set (0.371689ms)
✔ entailMaterialize materializes every regime spelling (23.886159ms)
✔ a rule document belongs to rif alone and is refused elsewhere (0.32456ms)
✔ entailMaterialize rejects a malformed document (never a silent empty closure) (2.73102ms)
✔ entailMaterialize throws on a reserved-vocabulary closure, naming it (0.3547ms)
✔ entailMaterialize still closes an ordinary document neighbouring the reserved one (1.871705ms)
✔ the rule inventories are the specification tables, and the gap is measurable (21.839728ms)
✔ the rule inventories reject an unknown regime, naming the accepted set (2.327762ms)
✔ entailExtensions names what this build adds beyond the specification table (12.28695ms)
✔ entailConsistency decides consistency ON WASM, with its certificate (0.615162ms)
✔ entailClassify reaches the full subsumption hierarchy ON WASM (0.559453ms)
✔ entailRealize reaches the individuals' entailed types ON WASM (2.353151ms)
✔ entailInstances retrieves instances for a class the schema never asserts them of ON WASM (0.469976ms)
✔ entailEntails decides an axiom entailed nowhere by assertion ON WASM (0.413038ms)
✔ entailEntails answers unknown (never false) on an exhausted budget ON WASM (2.077429ms)
✔ entailProfile certifies the most restrictive profile first ON WASM (3.433399ms)
✔ entailExtractModule extracts a locality module as canonical N-Quads ON WASM (0.492316ms)
✔ entailExtractModule rejects an unknown method, naming the accepted set (0.187835ms)
✔ entailJustify finds a minimal entailing subset ON WASM (3.430889ms)
✔ entailExplainConclusion derives a chase conclusion never asserted ON WASM (29.879813ms)
✔ the existential refusal is per conclusion, not per regime ON WASM (11.953599ms)
✔ every DL reasoning service is reachable from the package root, not only ./pkg/ (0.204694ms)
✔ every conclusion-directed entailment service is reachable from the package root (20.841988ms)
✔ a variable in PREDICATE position is projected like any other (7.959816ms)
✔ a conclusion nothing derives has no warrant, and says so (5.947205ms)
✔ the two regimes defined by a missing input are refused by name (0.603772ms)
✔ webont-imports-011 answers from its own premise, owl:imports intact (46.696199ms)
✔ an unsupplied import throws by name rather than reasoning without it (2.760949ms)
✔ the import arrays are parallel, and a length mismatch is refused (8.8605ms)
✔ a malformed import table is refused by entry (4.488658ms)
✔ wasm_entail_premise_iris: the three services honour premiseIris (1.241253ms)
✔ literal(value, { language, direction }) builds an RDF 1.2 directional literal (2.39079ms)
✔ Dataset.from and DataFactory.dataset build chainable datasets from quads (8.905648ms)
✔ Dataset#toStream is the instance form of datasetToStream (1.70755ms)
✔ an ungoverned query is unchanged: same rows, and no governor vocabulary reaches it (105.96519ms)
✔ an ungoverned entry refuses a governor option rather than ignoring it (1.056119ms)
✔ queryGoverned with no ceiling completes and still hands back a receipt (0.946853ms)
✔ queryEntailmentGoverned carries the query outcome and closure report together (102.115722ms)
✔ queryEntailmentGoverned closes over the dataset's owl:imports table (59.407226ms)
✔ queryEntailmentGoverned takes the closure's evaluation limits, naming its own option (54.463131ms)
✔ queryEntailmentGoverned exposes a closure stop without an answer or report (1.847156ms)
✔ the evidence maps are keyed by the engine's own dimension vocabulary (5.727732ms)
✔ the answer cap is inclusive: cap == answer size completes (4.310713ms)
✔ the answer cap is inclusive: cap == answer size - 1 exhausts and certifies what it reached (1.486126ms)
✔ a zero fuel ceiling trips on the first charged unit of work (3.319732ms)
✔ a fuel ceiling large enough to cover the query completes it (1.312252ms)
✔ a zero wall deadline trips on the first stop poll inside the real wasm module (2.190656ms)
✔ a non-zero wall deadline trips a query it cannot cover, so the wasm clock advances (63.165226ms)
✔ the same query completes when the wall deadline is not the binding constraint (2.351291ms)
✔ a cancelled token stops the query as an outcome and survives the call (3.621974ms)
✔ an uncancelled token leaves the query complete (0.855285ms)
✔ cancellation outranks a deadline when both fire at the same point (2.72254ms)
✔ every governor trip is a returned outcome, not a throw (15.527494ms)
✔ a ceiling the planner's estimate already exceeds is REFUSED, and reports an estimate rather than a measurement (1.108347ms)
✔ the scratch ceiling binds a value-constructing query and leaves a plain one alone (0.861205ms)
✔ a genuine query error still throws — a trip is not the only outcome shape (10.449914ms)
✔ a negative ceiling is refused rather than wrapping into an unreachable one (1.095128ms)
✔ the answer cap counts RDF 1.2 triple-term solutions like any other (6.45019ms)
✔ the answer cap counts RDF 1.2 reifier statements in a CONSTRUCT answer sequence (1.786597ms)
✔ a governed UPDATE that fits its budget applies and reports a receipt (14.537823ms)
✔ a tripped UPDATE applies NOTHING and leaves the dataset byte-identical (7.51744ms)
✔ a cancelled token stops an UPDATE as an outcome (2.01973ms)
✔ updateGoverned refuses maxAnswers rather than ignoring a ceiling the caller set (0.414468ms)
✔ explainQuery renders the charge ledger a budget is sized from (1.975192ms)
✔ dataset identities and mutation generations use exact bigint transport (38.296276ms)
✔ isomorphic() is true for the same graph under blank-node relabeling (9.245829ms)
✔ isomorphic() is false for a structurally different graph (0.445526ms)
✔ canonicalize() is stable and identifies isomorphic graphs byte-for-byte (2.667341ms)
✔ canonicalize() throws on a reserved-vocabulary IRI, naming it, rather than aborting (1.01247ms)
✔ an ordinary IRI neighbouring the reserved namespace still canonicalizes (3.473318ms)
✔ configured Dataset serialization reuses compiled contexts (93.34994ms)
✔ configured graph results and YAML schema headers use the same engine (75.227942ms)
✔ closed options fail before output (4.158707ms)
✔ frozen lexical capability inventory accounts for every file (5.244567ms)
✔ every frozen JSON string vector crosses the package decoder (138.875664ms)
✔ every JSON code unit and surrogate pair matches the frozen answer digest (13903.718401ms)
✔ every unreserved percent vector crosses SPARQL ENCODE_FOR_URI (7627.933931ms)
✔ every frozen string escape preserves its consumed-prefix boundary (52.534429ms)
✔ every UCHAR scalar and refusal matches the frozen answer digests (11141.829205ms)
✔ parsePackument accepts the npm 11 array response (8.749143ms)
✔ parsePackument accepts the npm 12 package-name map (2.225564ms)
✔ parsePackument rejects zero or multiple package records (5.067481ms)
✔ parsePackument rejects a malformed package record (0.304831ms)
✔ missingPackedFiles accepts a tarball holding every promised path (5.016363ms)
✔ missingPackedFiles names a files entry npm silently omitted (7.635826ms)
✔ missingPackedFiles names an exports target the tarball lacks (0.299432ms)
✔ missingPackedFiles refuses a pack record without a file list (0.179955ms)
✔ missingPackedFiles accepts nested contents of an explicit directory promise (0.148755ms)
✔ missingPackedFiles refuses an empty directory marker (0.174125ms)
✔ missingPackedFiles refuses a directory prefix lookalike (0.107427ms)
✔ missingPackedFiles keeps exact file promises strict (0.085697ms)
✔ missingPackedFiles never turns an export target into a directory promise (3.699921ms)
✔ a panic in a synchronous call poisons every entry point, and typed errors poison nothing (507.564181ms)
✔ a refused query carries sparql-parse-lex on both lanes (19.039721ms)
✔ a refused query carries sparql-parse-syntax on both lanes (5.997364ms)
✔ a refused query carries sparql-parse-unsupported on both lanes (5.227527ms)
✔ a refused query carries sparql-parse-iri on both lanes (1.67945ms)
✔ a refused query carries sparql-parse-cdt-arity on both lanes (1.586603ms)
✔ a relative IRI without a base names its typed cause (0.580173ms)
✔ a refused update carries its typed presentation on both lanes (8.561198ms)
✔ a failure without a typed presentation carries none; the valid neighbour answers (21.869818ms)
✔ projection archive matches the shared Rust/Python bytes (228.892061ms)
✔ write-only profiles and mismatched tagged config fail explicitly (5.027382ms)
✔ all research-object profiles execute through the shared WASM carrier (198.350738ms)
✔ DCAT RDF executes deterministically and remains write-only through WASM (50.75808ms)
✔ VoID executes deterministically and remains write-only through WASM (11.58381ms)
✔ attached RO-Crate matches the cross-host archive through generated WASM (9.89863ms)
✔ SELECT returns SPARQL Results JSON bindings (102.459183ms)
✔ SELECT over the default graph does not see named-graph triples (0.742158ms)
✔ ASK returns a boolean result document (0.6852ms)
✔ QueryEngine SELECT returns typed package-root bindings (1.985972ms)
✔ NOW and RAND read the live JavaScript clock and entropy on wasm (2.957273ms)
✔ QueryEngine SELECT rows are a single-owner stream (0.586782ms)
✔ QueryEngine query routes ASK and graph results into discriminated objects (1.632272ms)
✔ QueryEngine raw serialization supports result and graph formats (3.149658ms)
✔ CONSTRUCT returns Turtle (4.988874ms)
✔ a malformed query throws, never a silent empty result (8.250758ms)
✔ a SERVICE clause hard-fails offline (no resolver in the browser) (1.593753ms)
✔ QueryEngine UPDATE mutates atomically and LOAD hard-fails without a resolver (8.124491ms)
✔ queryRaw provenanceNamespace populates and round-trips through JSON (2.192595ms)
✔ queryRaw provenanceNamespace populates and round-trips through XML (4.060691ms)
✔ omitting provenanceNamespace emits pure W3C output (2.198825ms)
✔ a lone provenanceNamespace half is refused (0.402998ms)
✔ serialize supports JSON-LD (the docs 'copy as' transcode surface) (7.076743ms)
✔ the default query() format never returns an empty string for a named-graph CONSTRUCT (1.767199ms)
✔ the default query() format is still Turtle for a default-graph CONSTRUCT (0.555893ms)
✔ an explicit single-graph format throws for a named-graph CONSTRUCT (7.882749ms)
✔ an explicit quad-capable format carries a named-graph CONSTRUCT (0.812896ms)
✔ an explicit single-graph format still serializes a default-graph CONSTRUCT (1.077078ms)
✔ the default query() format carries a named-graph DESCRIBE instead of emptying it (2.761609ms)
✔ an explicit single-graph format throws for a named-graph DESCRIBE (11.545961ms)
✔ serializeWithLoss reports the named-graph rows a single-graph syntax drops (4.216476ms)
✔ SERVICE SILENT and LOAD SILENT succeed with nothing fetched (6.584477ms)
✔ nesting answers on the synchronous lane as deep as its stacks hold it, and is a typed refusal past that (142.557096ms)
✔ on the synchronous lane the deepest answer and the first refusal are neighbours (265.40444ms)
✔ a FILTER nested 10 000 parentheses deep answers what one pair answers, and the engine answers afterwards (3.019212ms)
✔ nested LATERAL answers on the synchronous lane as deep as the lane holds it, one level more is a typed refusal, and the engine answers afterwards (269.287886ms)
✔ nested FILTER NOT EXISTS answers on the synchronous lane as deep as its stack evaluates it, and one level more is a typed refusal (1341.875482ms)
✔ a pattern nested past the dataset's triple terms answers nothing, and its stored-depth neighbour matches (2.302013ms)
✔ inserting a triple term past the dataset's limit is the dataset's typed refusal, and 16 levels insert (0.857355ms)
✔ a synchronous failure carries its code; the well-formed neighbour answers (0.531674ms)
✔ the synchronous and asynchronous lanes answer and refuse identically (8.012125ms)
✔ a snapshot is an independent dataset with its own identity (0.939702ms)
✔ every results alias has the same bytes through all raw format APIs (95.184686ms)
✔ every governed twin exposes metered and explicit no-ceiling execution (339.063087ms)
✔ no-ceiling execution preserves cancellation and refuses ignored options (59.046067ms)
✔ strict JSON options refuse repeated members and arrays with diagnostic pointers (4.930835ms)
✔ generated host Reflect.get preserves throwing getter refusal (0.545313ms)
✔ version() returns the crate semver (8.83423ms)
✔ DataFactory builds RDF/JS terms (4.961924ms)
✔ literal() refuses a non-tag where the caller named it (4.43861ms)
✔ polymorphic literal(value, datatype) dispatches to a typed literal (0.433957ms)
✔ parse → serialize → reparse round-trips N-Triples (16.844766ms)
✔ expanded JSON-LD and YAML-LD wasm bytes are frozen (19.568226ms)
✔ DatasetCore add/has/delete/match/iterate (11.036816ms)
✔ DatasetCore.add/delete chain (RDF/JS return-this) (0.444027ms)
✔ DatasetCore.match treats a Variable as a wildcard (RDF/JS idiom) (0.372489ms)
✔ RDF-1.2 wedge — directional literal round-trips through N-Quads (4.229166ms)
✔ RDF-1.2 wedge — quoted-triple term round-trips through N-Quads (3.167517ms)
✔ Sink streams quads into a dataset (1.428068ms)
✔ datasetToStream → streamToDataset round-trips via the Sink (0.511035ms)
✔ an unsupported format is a rejected error (3.962474ms)
✔ RDF-1.2 — directional literal: .datatype.value derives rdf:dirLangString (0.268902ms)
✔ RDF-1.2 — directional literal: in-memory add/has without serialize round-trip (0.283182ms)
✔ RDF-1.2 — directional literal: parse then factory-built has() (cross-path) (1.37179ms)
✔ Term.equals(null) returns false (RDF/JS spec) (0.117766ms)
✔ Term.equals(undefined) returns false (RDF/JS spec) (0.049188ms)
✔ Term.equals sanity: same term is true, different term is false (0.147385ms)
✔ Quad.equals(null) returns false (RDF/JS spec) (0.065268ms)
✔ Quad.equals(undefined) returns false (RDF/JS spec) (0.050719ms)
✔ Quad.equals sanity: same quad is true, different quad is false (0.150906ms)
✔ Term.equals does not consume its argument (0.062478ms)
✔ Quad.equals does not consume its argument (0.146416ms)
✔ serialize refuses what serializeWithLoss projects, for a star-incapable target (19.281884ms)
✔ serializeWithLoss counts the declared empty graphs a target cannot write (85.85876ms)
✔ a sink receives the same bytes serialize returns (153.140865ms)
✔ a sink that throws aborts instead of truncating (28.637319ms)
✔ an object without write is refused rather than silently producing nothing (0.765407ms)
✔ SHA-3 built-ins reach their published FIPS 202 digests through the wasm module (133.620167ms)
✔ SEP-0008's underscored spelling reaches the same digests through the wasm module (0.997491ms)
✔ SHA-3 digests survive the typed QueryEngine.select surface (4.869767ms)
✔ the SHA-3 hyphen is part of the name, and a spaced hyphen still subtracts (5.642555ms)
✔ wasm_shacl_import_unresolved: shaclValidateToSarif rejects an unresolved owl:imports with the typed ShaclImportError (33.599563ms)
✔ wasm_shacl_import_unresolved: shaclValidateChangesToSarif rejects an unresolved owl:imports with the typed ShaclImportError (13.863963ms)
✔ wasm_shacl_import_unresolved: shaclEntail rejects an unresolved owl:imports with the typed ShaclImportError (1.01872ms)
✔ wasm_shacl_import_unresolved: shaclApplyRules rejects an unresolved owl:imports with the typed ShaclImportError (6.82979ms)
✔ wasm_shacl_import_unresolved: shaclEvalNodeExpr rejects an unresolved owl:imports with the typed ShaclImportError (13.590392ms)
✔ wasm_shacl_import_unresolved: shaclLintShapes rejects an unresolved owl:imports with the typed ShaclImportError (3.001832ms)
✔ wasm_shacl_import_unresolved: shaclPackProduct rejects an unresolved owl:imports with the typed ShaclImportError (30.954911ms)
✔ wasm_shacl_import_supplied: every entry point applies a supplied import (405.285483ms)
✔ wasm_shacl_import_declared_in_place: an ontology declared in place resolves the import, and its neighbour does not (5.212707ms)
✔ wasm_shacl_import_unreached_entry: a table entry nothing imports is refused, and a reached one is not (3.093159ms)
✔ wasm_shacl_import_array_lengths: import arrays of different lengths are refused, never truncated (0.463936ms)
✔ wasm_shacl_import_prefix_idiom: SHACL's prefix idiom resolves with no table, and a header import does not (51.539017ms)
✔ shaclPackProduct -> shaclProductValidateToSarif round trips to the SAME verdict shaclValidateToSarif reaches (84.343315ms)
✔ shaclProductExplain reports well-formed identity/format fields without admitting the product (6.040543ms)
✔ shaclProductCertify succeeds on a genuine product (5.08762ms)
✔ shaclProductValidateToSarifRebuild validates and agrees with the admit path (5.784481ms)
✔ *Expecting variants accept the product's own identity digest (6.337194ms)
✔ *Expecting variants refuse a product bound to a DIFFERENT identity digest, with a neighbouring valid case beside it (3.331132ms)
✔ a corrupted product is refused as a ShaclProductRefusal carrying its dimension label across the boundary, with a valid neighbour beside it (1.543175ms)
✔ wasm_shacl_shapes_graph: shapesGraph-001 through shaclValidateToSarif (232.816176ms)
✔ wasm_shacl_shapes_graph: the change path, a packed product and lint carry it (279.933653ms)
✔ wasm_shacl_shapes_graph: a relative shapes graph with no base is refused (2.526726ms)
✔ wasm_rules_shapes_graph: shaclApplyRules and shaclEntail pre-bind $shapesGraph (37.1313ms)
✔ shaclValidateToSarif emits SARIF 2.1.0 with a violation (159.881896ms)
✔ shaclValidateToSarif rejects malformed shapes (never a silent pass) (3.491757ms)
✔ wasm_shacl_conformance_disallows: shaclValidateToSarif honours conformanceDisallows (12.890912ms)
✔ wasm_shacl_shapes_graph_well_formed: the SARIF run states sh:shapesGraphWellFormed (166.650308ms)
✔ wasm_shacl_subclass_of_in_shapes_graph: shaclValidateToSarif honours subClassOfInShapesGraph (9.487032ms)
✔ wasm_shacl_sparql_expr_declaration: shaclValidateToSarif evaluates sh:sparqlExpr beside its vocabulary declaration (80.577615ms)
✔ wasm_shacl_message_languages: shaclValidateToSarif carries every message with its language (1.387099ms)
✔ shaclEntail materializes the inferred triple and keeps the base fact (21.378602ms)
✔ wasm_shacl_mandatory_diagnostics: every run reports an empty sh:in list, beside the verdict (4.905576ms)
✔ shaclValidateChangesToSarif validates the change and reports its scope (6.998985ms)
✔ shaclValidateChangesToSarif honours the retract half (1.284083ms)
✔ shaclValidateChangesToSarif reports an unbounded footprint rather than guessing (23.774252ms)
✔ shaclValidateChangesToSarif rejects a malformed change document (1.102768ms)
✔ wasm_shacl_apply_rules: shaclApplyRules writes the inference graph, its proof, and honours the round limit (170.177115ms)
✔ wasm_shacl_eval_node_expr: shaclEvalNodeExpr evaluates one expression node, natively and with a scope (7.116891ms)
✔ shaclEvalNodeExpr reports the mandatory diagnostic as { rule, shape }, and none for the neighbour (1.878325ms)
✔ wasm_shacl_eval_node_expr_selectors: shaclEvalNodeExpr names an anonymous expression by a walk and inline as Turtle (6.785051ms)
✔ wasm_shacl_lint_shapes: shaclLintShapes certifies the declaration-bearing graph clean and reports a malformed one (182.307209ms)
✔ wasm_shacl_apply_rules: the wasm32 default stored-fact limit refuses a 70,000-triple copy, naming maxStoredFacts, and admits it when raised (3232.422732ms)
✔ wasm_shacl_entail_limits: shaclEntail takes the four rule-evaluation limits, names its own arguments, and materializes the closure when they are raised (6.243697ms)
✔ wasm_shacl_check_rules: shaclCheckRules checks a SPARQL 1.2 RL rule set to a level and evaluates nothing (1.69233ms)
✔ a trap that is not a panic, in a synchronous call, poisons every entry point (362.062962ms)
✔ installAsync requires every linker global by name, and the runtime reads the gate as the linker defines it (22.673724ms)
✔ a module with no stack region to give installs without the asynchronous lane, refusing with the module's own error (6.357693ms)
✔ visualization APIs preserve RDF 1.2 statement semantics (89.817623ms)
✔ visualization modes share the same model (16.851585ms)
✔ cross-graph reifier roles survive graph selection without leaking occurrences (12.322878ms)
✔ an integer past i128 has its exact canonical lexical form (3.438969ms)
✔ a long decimal has its exact canonical lexical form (0.953022ms)
✔ a malformed lexical has no canonical form, and its well-formed neighbour does (0.235683ms)
✔ long integers compare exactly (1.129637ms)
✔ malformed and incomparable values have no order, and their neighbours do (0.412667ms)
✔ a SPARQL sum past i128 returns its exact lexical form (30.869704ms)
ℹ tests 439
ℹ suites 0
ℹ pass 439
ℹ fail 0
ℹ cancelled 0
ℹ skipped 0
ℹ todo 0
ℹ duration_ms 765780.806271

> @blackcatinformatics/purrdf@3.0.1 smoke:pack
> node tests/pack-smoke.mjs

npm tarball: 6787958 bytes
npm unpacked: 21169161 bytes
npm entries: 152

added 1 package in 603ms
OK: packed tarball smoke passed for blackcatinformatics-purrdf-3.0.1.tgz
./scripts/check-wasm-dataset-identity.sh
mktemp: failed to create directory via template ‘/home/paudley/Active/purrdf/.worktrees/499-entailment-prepare-schema-invariant/target/identity-transport.XXXXXX’: No such file or directory
make: *** [Makefile:871: wasm-pkg-test] Error 1
