   Compiling purrdf-hash v3.0.1 (/home/paudley/Active/purrdf/.worktrees/452-owl-propertychainaxiom-is-a-property/crates/hash)
   Compiling typenum v1.20.1
   Compiling wasm-bindgen-shared v0.2.125
   Compiling crossbeam-utils v0.8.21
   Compiling proc-macro2 v1.0.106
   Compiling unicode-ident v1.0.24
   Compiling quote v1.0.46
   Compiling purrdf-lex v3.0.1 (/home/paudley/Active/purrdf/.worktrees/452-owl-propertychainaxiom-is-a-property/crates/lex)
   Compiling hybrid-array v0.4.15
   Compiling block-buffer v0.12.1
   Compiling crypto-common v0.2.2
   Compiling rustversion v1.0.22
   Compiling regex-syntax v0.8.11
   Compiling cfg-if v1.0.4
   Compiling const-oid v0.10.2
   Compiling digest v0.11.3
   Compiling crossbeam-epoch v0.9.18
   Compiling rayon-core v1.13.0
   Compiling crossbeam-deque v0.8.6
   Compiling regex-automata v0.4.14
   Compiling syn v2.0.118
   Compiling sha2 v0.11.0
   Compiling purrdf-core v3.0.1 (/home/paudley/Active/purrdf/.worktrees/452-owl-propertychainaxiom-is-a-property/crates/rdf-core)
   Compiling bumpalo v3.20.3
   Compiling purrdf-events v3.0.1 (/home/paudley/Active/purrdf/.worktrees/452-owl-propertychainaxiom-is-a-property/crates/rdf-events)
   Compiling regex v1.12.4
   Compiling wasm-bindgen-macro-support v0.2.125
   Compiling wasm-bindgen v0.2.125
   Compiling purrdf-deflate v3.0.1 (/home/paudley/Active/purrdf/.worktrees/452-owl-propertychainaxiom-is-a-property/crates/deflate)
   Compiling either v1.16.0
   Compiling hashbrown v0.17.1
   Compiling rayon v1.12.0
   Compiling wasm-bindgen-macro v0.2.125
   Compiling once_cell v1.21.4
   Compiling purrdf-alloc-probe v3.0.1 (/home/paudley/Active/purrdf/.worktrees/452-owl-propertychainaxiom-is-a-property/crates/alloc-probe)
   Compiling purrdf-stack v3.0.1 (/home/paudley/Active/purrdf/.worktrees/452-owl-propertychainaxiom-is-a-property/crates/stack)
   Compiling purrdf-testkit v3.0.1 (/home/paudley/Active/purrdf/.worktrees/452-owl-propertychainaxiom-is-a-property/crates/testkit)
   Compiling purrdf-xsd v3.0.1 (/home/paudley/Active/purrdf/.worktrees/452-owl-propertychainaxiom-is-a-property/crates/xsd)
   Compiling purrdf-iri v3.0.1 (/home/paudley/Active/purrdf/.worktrees/452-owl-propertychainaxiom-is-a-property/crates/iri)
   Compiling purrdf-cdt v3.0.1 (/home/paudley/Active/purrdf/.worktrees/452-owl-propertychainaxiom-is-a-property/crates/cdt)
   Compiling purrdf-datalog v3.0.1 (/home/paudley/Active/purrdf/.worktrees/452-owl-propertychainaxiom-is-a-property/crates/datalog)
   Compiling purrdf-entail v3.0.1 (/home/paudley/Active/purrdf/.worktrees/452-owl-propertychainaxiom-is-a-property/crates/entail)
    Finished `test` profile [optimized] target(s) in 1m 07s
     Running tests/regular_role_chains.rs (/opt/.cargo/slots/1e00e87a12d7031b/0/build/wasm32-unknown-unknown/debug/build/purrdf-entail/b853416d725f1aa8/out/regular_role_chains-b853416d725f1aa8.wasm)

running 14 tests
test all_nine_consumer_shapes_are_exact_and_contradictions_are_detected ... ok
test inverse_heads_nested_dependencies_and_simple_equivalence_cycles ... ok
test universal_obligations_clash_after_recursive_paths_and_blocking ... ok
test cyclic_existentials_with_role_obligations_have_a_finite_blocking_closure ... ok
test printed_order_counterexample_and_inverse_endpoint_typo_do_not_pass ... ok
test literal_recursive_endpoint_is_not_replaced_by_an_equivalent_name ... ok
test recorded_chain_consequence_replays_against_the_original_rbox ... ok
test chain_derived_types_reach_all_query_services_and_materialization ... ok
test fixed_top_is_universal_and_bottom_chain_clashes ... ok
test fixed_top_aliases_without_a_chain_reach_query_only_individuals ... ok
test non_simple_characteristics_and_malformed_chain_lists_hard_refuse ... ok
test role_language_work_exhaustion_is_unknown_never_a_consistency_proof ... ok
test cancelling_an_existing_regular_role_owner_cannot_publish_a_decision ... ok
test nominal_merges_and_simple_functionality_preserve_role_obligations ... ok

test result: ok. 14 passed; 0 failed; 0 ignored; 0 measured; 0 filtered out; finished in 0.04s

