2026-10-10T09:17:44.3883891Z Current runner version: '2.337.0'
2026-10-10T09:17:44.3908263Z ##[group]Runner Image Provisioner
2026-10-10T09:17:44.3909156Z Hosted Compute Agent
2026-10-10T09:17:44.3909767Z Version: 20261002.596
2026-10-10T09:17:44.3910445Z Commit: c3d12f3313a95f25162a1503be624f3b0617f8c0
2026-10-10T09:17:44.3911175Z Build Date: 2026-10-02T22:28:27Z
2026-10-10T09:17:44.3911928Z Worker ID: {b7dd206f-171c-482c-9a51-0d1f498e5d4c}
2026-10-10T09:17:44.3912663Z Region: westus2
2026-10-10T09:17:44.3913229Z Cloud: Azure
2026-10-10T09:17:44.3913796Z ##[endgroup]
2026-10-10T09:17:44.3915427Z ##[group]Operating System
2026-10-10T09:17:44.3916072Z Ubuntu
2026-10-10T09:17:44.3916687Z 24.04.5
2026-10-10T09:17:44.3917230Z LTS
2026-10-10T09:17:44.3917774Z ##[endgroup]
2026-10-10T09:17:44.3918335Z ##[group]Runner Image
2026-10-10T09:17:44.3918980Z Image: ubuntu-24.04
2026-10-10T09:17:44.3919611Z Version: 20261004.327.1
2026-10-10T09:17:44.3920847Z Included Software: https://github.com/actions/runner-images/blob/ubuntu24/20261004.327/images/ubuntu/Ubuntu2404-Readme.md
2026-10-10T09:17:44.3922509Z Image Release: https://github.com/actions/runner-images/releases/tag/ubuntu24%2F20261004.327
2026-10-10T09:17:44.3923508Z ##[endgroup]
2026-10-10T09:17:44.3924643Z ##[group]GITHUB_TOKEN Permissions
2026-10-10T09:17:44.3926692Z Contents: read
2026-10-10T09:17:44.3927396Z Metadata: read
2026-10-10T09:17:44.3927953Z ##[endgroup]
2026-10-10T09:17:44.3930009Z Secret source: Actions
2026-10-10T09:17:44.3931008Z Cache mode: write
2026-10-10T09:17:44.3931705Z Prepare workflow directory
2026-10-10T09:17:44.4315955Z Prepare all required actions
2026-10-10T09:17:44.4362792Z Getting action download info
2026-10-10T09:17:44.7949595Z Download action repository 'actions/checkout@9c091bb21b7c1c1d1991bb908d89e4e9dddfe3e0' (SHA:9c091bb21b7c1c1d1991bb908d89e4e9dddfe3e0)
2026-10-10T09:17:44.9055327Z Download action repository 'dtolnay/rust-toolchain@29eef336d9b2848a0b548edc03f92a220660cdb8' (SHA:29eef336d9b2848a0b548edc03f92a220660cdb8)
2026-10-10T09:17:45.0730387Z Download action repository 'actions/cache@0057852bfaa89a56745cba8c7296529d2fc39830' (SHA:0057852bfaa89a56745cba8c7296529d2fc39830)
2026-10-10T09:17:45.1687710Z Download action repository 'actions/upload-artifact@043fb46d1a93c77aae656e7c1c64a875d1fc6a0a' (SHA:043fb46d1a93c77aae656e7c1c64a875d1fc6a0a)
2026-10-10T09:17:45.3837996Z Complete job name: simd-asm-config (wasm32-simd128)
2026-10-10T09:17:45.4664354Z ##[group]Run actions/checkout@9c091bb21b7c1c1d1991bb908d89e4e9dddfe3e0
2026-10-10T09:17:45.4665810Z with:
2026-10-10T09:17:45.4666311Z   persist-credentials: false
2026-10-10T09:17:45.4666911Z   repository: Blackcat-Informatics/purrdf
2026-10-10T09:17:45.4671032Z   token: ***
2026-10-10T09:17:45.4671490Z   ssh-strict: true
2026-10-10T09:17:45.4671955Z   ssh-user: git
2026-10-10T09:17:45.4672409Z   clean: true
2026-10-10T09:17:45.4672885Z   sparse-checkout-cone-mode: true
2026-10-10T09:17:45.4673438Z   fetch-depth: 1
2026-10-10T09:17:45.4673900Z   fetch-tags: false
2026-10-10T09:17:45.4674369Z   show-progress: true
2026-10-10T09:17:45.4674865Z   lfs: false
2026-10-10T09:17:45.4675498Z   submodules: false
2026-10-10T09:17:45.4675988Z   set-safe-directory: true
2026-10-10T09:17:45.4676538Z   allow-unsafe-pr-checkout: false
2026-10-10T09:17:45.4677380Z ##[endgroup]
2026-10-10T09:17:45.5707316Z Syncing repository: Blackcat-Informatics/purrdf
2026-10-10T09:17:45.5709599Z ##[group]Getting Git version info
2026-10-10T09:17:45.5710386Z Working directory is '/home/runner/work/purrdf/purrdf'
2026-10-10T09:17:45.5711455Z [command]/usr/bin/git version
2026-10-10T09:17:45.5768872Z git version 2.55.0
2026-10-10T09:17:45.5789822Z ##[endgroup]
2026-10-10T09:17:45.5800794Z Temporarily overriding HOME='/home/runner/work/_temp/68e22089-6d14-43a3-8575-9c07879bd5fb' before making global git config changes
2026-10-10T09:17:45.5802688Z Adding repository directory to the temporary git global config as a safe directory
2026-10-10T09:17:45.5805640Z [command]/usr/bin/git config --global --add safe.directory /home/runner/work/purrdf/purrdf
2026-10-10T09:17:45.5851606Z Deleting the contents of '/home/runner/work/purrdf/purrdf'
2026-10-10T09:17:45.5854820Z ##[group]Determining repository object format
2026-10-10T09:17:45.5856622Z ##[endgroup]
2026-10-10T09:17:45.5857490Z ##[group]Initializing the repository
2026-10-10T09:17:45.5860884Z [command]/usr/bin/git init /home/runner/work/purrdf/purrdf
2026-10-10T09:17:45.5962590Z hint: Using 'master' as the name for the initial branch. This default branch name
2026-10-10T09:17:45.5964210Z hint: will change to "main" in Git 3.0. To configure the initial branch name
2026-10-10T09:17:45.5966219Z hint: to use in all of your new repositories, which will suppress this warning,
2026-10-10T09:17:45.5967813Z hint: call:
2026-10-10T09:17:45.5968775Z hint:
2026-10-10T09:17:45.5969966Z hint: 	git config --global init.defaultBranch <name>
2026-10-10T09:17:45.5971447Z hint:
2026-10-10T09:17:45.5972765Z hint: Names commonly chosen instead of 'master' are 'main', 'trunk' and
2026-10-10T09:17:45.5974714Z hint: 'development'. The just-created branch can be renamed via this command:
2026-10-10T09:17:45.5976629Z hint:
2026-10-10T09:17:45.5977612Z hint: 	git branch -m <name>
2026-10-10T09:17:45.5978688Z hint:
2026-10-10T09:17:45.5980013Z hint: Disable this message with "git config set advice.defaultBranchName false"
2026-10-10T09:17:45.5982053Z Initialized empty Git repository in /home/runner/work/purrdf/purrdf/.git/
2026-10-10T09:17:45.5985848Z [command]/usr/bin/git remote add origin https://github.com/Blackcat-Informatics/purrdf
2026-10-10T09:17:45.6026941Z ##[endgroup]
2026-10-10T09:17:45.6028572Z ##[group]Disabling automatic garbage collection
2026-10-10T09:17:45.6030078Z [command]/usr/bin/git config --local gc.auto 0
2026-10-10T09:17:45.6063784Z ##[endgroup]
2026-10-10T09:17:45.6065996Z ##[group]Setting up auth
2026-10-10T09:17:45.6067111Z Removing SSH command configuration
2026-10-10T09:17:45.6070173Z [command]/usr/bin/git config --local --name-only --get-regexp core\.sshCommand
2026-10-10T09:17:45.6103415Z [command]/usr/bin/git submodule foreach --recursive sh -c "git config --local --name-only --get-regexp 'core\.sshCommand' && git config --local --unset-all 'core.sshCommand' || :"
2026-10-10T09:17:45.6428953Z Removing HTTP extra header
2026-10-10T09:17:45.6434306Z [command]/usr/bin/git config --local --name-only --get-regexp http\.https\:\/\/github\.com\/\.extraheader
2026-10-10T09:17:45.6473636Z [command]/usr/bin/git submodule foreach --recursive sh -c "git config --local --name-only --get-regexp 'http\.https\:\/\/github\.com\/\.extraheader' && git config --local --unset-all 'http.https://github.com/.extraheader' || :"
2026-10-10T09:17:45.6682789Z Removing includeIf entries pointing to credentials config files
2026-10-10T09:17:45.6689059Z [command]/usr/bin/git config --local --name-only --get-regexp ^includeIf\.gitdir:
2026-10-10T09:17:45.6721293Z [command]/usr/bin/git submodule foreach --recursive git config --local --show-origin --name-only --get-regexp remote.origin.url
2026-10-10T09:17:45.6941469Z [command]/usr/bin/git config --file /home/runner/work/_temp/git-credentials-f21343e4-d04b-47d5-8a3a-c74d8d497d74.config http.https://github.com/.extraheader AUTHORIZATION: basic ***
2026-10-10T09:17:45.6978164Z [command]/usr/bin/git config --local includeIf.gitdir:/home/runner/work/purrdf/purrdf/.git.path /home/runner/work/_temp/git-credentials-f21343e4-d04b-47d5-8a3a-c74d8d497d74.config
2026-10-10T09:17:45.7009756Z [command]/usr/bin/git config --local includeIf.gitdir:/home/runner/work/purrdf/purrdf/.git/worktrees/*.path /home/runner/work/_temp/git-credentials-f21343e4-d04b-47d5-8a3a-c74d8d497d74.config
2026-10-10T09:17:45.7047226Z [command]/usr/bin/git config --local includeIf.gitdir:/github/workspace/.git.path /github/runner_temp/git-credentials-f21343e4-d04b-47d5-8a3a-c74d8d497d74.config
2026-10-10T09:17:45.7077835Z [command]/usr/bin/git config --local includeIf.gitdir:/github/workspace/.git/worktrees/*.path /github/runner_temp/git-credentials-f21343e4-d04b-47d5-8a3a-c74d8d497d74.config
2026-10-10T09:17:45.7105369Z ##[endgroup]
2026-10-10T09:17:45.7106455Z ##[group]Fetching the repository
2026-10-10T09:17:45.7113721Z [command]/usr/bin/git -c protocol.version=2 fetch --no-tags --prune --no-recurse-submodules --depth=1 origin +fa11992a2e1e6f4b56e94e48e0e7797508d32146:refs/remotes/pull/526/merge
2026-10-10T09:17:50.3308836Z From https://github.com/Blackcat-Informatics/purrdf
2026-10-10T09:17:50.3309939Z  * [new ref]           fa11992a2e1e6f4b56e94e48e0e7797508d32146 -> pull/526/merge
2026-10-10T09:17:50.3313111Z ##[endgroup]
2026-10-10T09:17:50.3313876Z ##[group]Determining the checkout info
2026-10-10T09:17:50.3315263Z ##[endgroup]
2026-10-10T09:17:50.3319608Z [command]/usr/bin/git sparse-checkout disable
2026-10-10T09:17:50.3373423Z [command]/usr/bin/git config --local --unset-all extensions.worktreeConfig
2026-10-10T09:17:50.3402220Z ##[group]Checking out the ref
2026-10-10T09:17:50.3405991Z [command]/usr/bin/git checkout --progress --force refs/remotes/pull/526/merge
2026-10-10T09:17:51.3655724Z Updating files:  60% (11155/18365)
2026-10-10T09:17:51.3718961Z Updating files:  61% (11203/18365)
2026-10-10T09:17:51.3956312Z Updating files:  62% (11387/18365)
2026-10-10T09:17:51.4077639Z Updating files:  63% (11570/18365)
2026-10-10T09:17:51.4279638Z Updating files:  64% (11754/18365)
2026-10-10T09:17:51.4345328Z Updating files:  65% (11938/18365)
2026-10-10T09:17:51.4423694Z Updating files:  66% (12121/18365)
2026-10-10T09:17:51.4504078Z Updating files:  67% (12305/18365)
2026-10-10T09:17:51.4575218Z Updating files:  68% (12489/18365)
2026-10-10T09:17:51.4640753Z Updating files:  69% (12672/18365)
2026-10-10T09:17:51.4703156Z Updating files:  70% (12856/18365)
2026-10-10T09:17:51.4770395Z Updating files:  71% (13040/18365)
2026-10-10T09:17:51.4837486Z Updating files:  72% (13223/18365)
2026-10-10T09:17:51.4904167Z Updating files:  73% (13407/18365)
2026-10-10T09:17:51.4971872Z Updating files:  74% (13591/18365)
2026-10-10T09:17:51.5037760Z Updating files:  75% (13774/18365)
2026-10-10T09:17:51.5102902Z Updating files:  76% (13958/18365)
2026-10-10T09:17:51.5168572Z Updating files:  77% (14142/18365)
2026-10-10T09:17:51.5235426Z Updating files:  78% (14325/18365)
2026-10-10T09:17:51.5312878Z Updating files:  79% (14509/18365)
2026-10-10T09:17:51.5377632Z Updating files:  80% (14692/18365)
2026-10-10T09:17:51.5440899Z Updating files:  81% (14876/18365)
2026-10-10T09:17:51.5505573Z Updating files:  82% (15060/18365)
2026-10-10T09:17:51.5594051Z Updating files:  83% (15243/18365)
2026-10-10T09:17:51.5659081Z Updating files:  84% (15427/18365)
2026-10-10T09:17:51.5725280Z Updating files:  85% (15611/18365)
2026-10-10T09:17:51.5794017Z Updating files:  86% (15794/18365)
2026-10-10T09:17:51.5860185Z Updating files:  87% (15978/18365)
2026-10-10T09:17:51.5922532Z Updating files:  88% (16162/18365)
2026-10-10T09:17:51.6015713Z Updating files:  89% (16345/18365)
2026-10-10T09:17:51.6084009Z Updating files:  90% (16529/18365)
2026-10-10T09:17:51.6152676Z Updating files:  91% (16713/18365)
2026-10-10T09:17:51.6224304Z Updating files:  92% (16896/18365)
2026-10-10T09:17:51.6295563Z Updating files:  93% (17080/18365)
2026-10-10T09:17:51.6366160Z Updating files:  94% (17264/18365)
2026-10-10T09:17:51.6440837Z Updating files:  95% (17447/18365)
2026-10-10T09:17:51.6516729Z Updating files:  96% (17631/18365)
2026-10-10T09:17:51.6593045Z Updating files:  97% (17815/18365)
2026-10-10T09:17:51.6673410Z Updating files:  98% (17998/18365)
2026-10-10T09:17:51.6747733Z Updating files:  99% (18182/18365)
2026-10-10T09:17:51.6748252Z Updating files: 100% (18365/18365)
2026-10-10T09:17:51.6748753Z Updating files: 100% (18365/18365), done.
2026-10-10T09:17:51.6926214Z Note: switching to 'refs/remotes/pull/526/merge'.
2026-10-10T09:17:51.6926739Z 
2026-10-10T09:17:51.6927180Z You are in 'detached HEAD' state. You can look around, make experimental
2026-10-10T09:17:51.6928189Z changes and commit them, and you can discard any commits you make in this
2026-10-10T09:17:51.6928874Z state without impacting any branches by switching back to a branch.
2026-10-10T09:17:51.6929274Z 
2026-10-10T09:17:51.6929869Z If you want to create a new branch to retain commits you create, you may
2026-10-10T09:17:51.6930499Z do so (now or later) by using -c with the switch command. Example:
2026-10-10T09:17:51.6930852Z 
2026-10-10T09:17:51.6930998Z   git switch -c <new-branch-name>
2026-10-10T09:17:51.6931241Z 
2026-10-10T09:17:51.6931400Z Or undo this operation with:
2026-10-10T09:17:51.6931633Z 
2026-10-10T09:17:51.6931748Z   git switch -
2026-10-10T09:17:51.6931917Z 
2026-10-10T09:17:51.6932207Z Turn off this advice by setting config variable advice.detachedHead to false
2026-10-10T09:17:51.6932647Z 
2026-10-10T09:17:51.6933143Z HEAD is now at fa11992a Merge 19114389a01b7df04fcffe4d268d65361c8278dd into 291513809a3bf3a2fc65881d86afb7cd34d716ea
2026-10-10T09:17:51.6959706Z ##[endgroup]
2026-10-10T09:17:51.7029194Z [command]/usr/bin/git log -1 --format=%H
2026-10-10T09:17:51.7067471Z fa11992a2e1e6f4b56e94e48e0e7797508d32146
2026-10-10T09:17:51.7086089Z ##[group]Removing auth
2026-10-10T09:17:51.7086560Z Removing SSH command configuration
2026-10-10T09:17:51.7087256Z [command]/usr/bin/git config --local --name-only --get-regexp core\.sshCommand
2026-10-10T09:17:51.7120796Z [command]/usr/bin/git submodule foreach --recursive sh -c "git config --local --name-only --get-regexp 'core\.sshCommand' && git config --local --unset-all 'core.sshCommand' || :"
2026-10-10T09:17:51.7358025Z Removing HTTP extra header
2026-10-10T09:17:51.7362026Z [command]/usr/bin/git config --local --name-only --get-regexp http\.https\:\/\/github\.com\/\.extraheader
2026-10-10T09:17:51.7392563Z [command]/usr/bin/git submodule foreach --recursive sh -c "git config --local --name-only --get-regexp 'http\.https\:\/\/github\.com\/\.extraheader' && git config --local --unset-all 'http.https://github.com/.extraheader' || :"
2026-10-10T09:17:51.7623351Z Removing includeIf entries pointing to credentials config files
2026-10-10T09:17:51.7627774Z [command]/usr/bin/git config --local --name-only --get-regexp ^includeIf\.gitdir:
2026-10-10T09:17:51.7653746Z includeif.gitdir:/home/runner/work/purrdf/purrdf/.git.path
2026-10-10T09:17:51.7654572Z includeif.gitdir:/home/runner/work/purrdf/purrdf/.git/worktrees/*.path
2026-10-10T09:17:51.7655014Z includeif.gitdir:/github/workspace/.git.path
2026-10-10T09:17:51.7655928Z includeif.gitdir:/github/workspace/.git/worktrees/*.path
2026-10-10T09:17:51.7663840Z [command]/usr/bin/git config --local --get-all includeif.gitdir:/home/runner/work/purrdf/purrdf/.git.path
2026-10-10T09:17:51.7688371Z /home/runner/work/_temp/git-credentials-f21343e4-d04b-47d5-8a3a-c74d8d497d74.config
2026-10-10T09:17:51.7698366Z [command]/usr/bin/git config --local --unset includeif.gitdir:/home/runner/work/purrdf/purrdf/.git.path /home/runner/work/_temp/git-credentials-f21343e4-d04b-47d5-8a3a-c74d8d497d74.config
2026-10-10T09:17:51.7757327Z [command]/usr/bin/git config --local --get-all includeif.gitdir:/home/runner/work/purrdf/purrdf/.git/worktrees/*.path
2026-10-10T09:17:51.7758696Z /home/runner/work/_temp/git-credentials-f21343e4-d04b-47d5-8a3a-c74d8d497d74.config
2026-10-10T09:17:51.7776659Z [command]/usr/bin/git config --local --unset includeif.gitdir:/home/runner/work/purrdf/purrdf/.git/worktrees/*.path /home/runner/work/_temp/git-credentials-f21343e4-d04b-47d5-8a3a-c74d8d497d74.config
2026-10-10T09:17:51.7821725Z [command]/usr/bin/git config --local --get-all includeif.gitdir:/github/workspace/.git.path
2026-10-10T09:17:51.7840537Z /github/runner_temp/git-credentials-f21343e4-d04b-47d5-8a3a-c74d8d497d74.config
2026-10-10T09:17:51.7848611Z [command]/usr/bin/git config --local --unset includeif.gitdir:/github/workspace/.git.path /github/runner_temp/git-credentials-f21343e4-d04b-47d5-8a3a-c74d8d497d74.config
2026-10-10T09:17:51.7883533Z [command]/usr/bin/git config --local --get-all includeif.gitdir:/github/workspace/.git/worktrees/*.path
2026-10-10T09:17:51.7905135Z /github/runner_temp/git-credentials-f21343e4-d04b-47d5-8a3a-c74d8d497d74.config
2026-10-10T09:17:51.7914009Z [command]/usr/bin/git config --local --unset includeif.gitdir:/github/workspace/.git/worktrees/*.path /github/runner_temp/git-credentials-f21343e4-d04b-47d5-8a3a-c74d8d497d74.config
2026-10-10T09:17:51.7945287Z [command]/usr/bin/git submodule foreach --recursive git config --local --show-origin --name-only --get-regexp remote.origin.url
2026-10-10T09:17:51.8172186Z Removing credentials config '/home/runner/work/_temp/git-credentials-f21343e4-d04b-47d5-8a3a-c74d8d497d74.config'
2026-10-10T09:17:51.8181047Z ##[endgroup]
2026-10-10T09:17:51.8498114Z ##[group]Run dtolnay/rust-toolchain@29eef336d9b2848a0b548edc03f92a220660cdb8
2026-10-10T09:17:51.8498532Z with:
2026-10-10T09:17:51.8498728Z   toolchain: nightly
2026-10-10T09:17:51.8499030Z   targets: wasm32-unknown-unknown, aarch64-unknown-linux-gnu
2026-10-10T09:17:51.8499364Z ##[endgroup]
2026-10-10T09:17:51.8591244Z ##[start-action display=Run : parse toolchain version;id=__dtolnay_rust-toolchain.parse]
2026-10-10T09:17:51.8633720Z ##[group]Run : parse toolchain version
2026-10-10T09:17:51.8634070Z [36;1m: parse toolchain version[0m
2026-10-10T09:17:51.8634364Z [36;1mif [[ -z $toolchain ]]; then[0m
2026-10-10T09:17:51.8634897Z [36;1m  # GitHub does not enforce `required: true` inputs itself. https://github.com/actions/runner/issues/1070[0m
2026-10-10T09:17:51.8635687Z [36;1m  echo "'toolchain' is a required input" >&2[0m
2026-10-10T09:17:51.8635978Z [36;1m  exit 1[0m
2026-10-10T09:17:51.8636343Z [36;1melif [[ $toolchain =~ ^stable' '[0-9]+' '(year|month|week|day)s?' 'ago$ ]]; then[0m
2026-10-10T09:17:51.8636754Z [36;1m  if [[ Linux == macOS ]]; then[0m
2026-10-10T09:17:51.8637273Z [36;1m    echo "toolchain=1.$((($(date -v-$(sed 's/stable \([0-9]*\) \(.\).*/\1\2/' <<< $toolchain) +%s)/60/60/24-16569)/7/6))" >> $GITHUB_OUTPUT[0m
2026-10-10T09:17:51.8637787Z [36;1m  else[0m
2026-10-10T09:17:51.8638201Z [36;1m    echo "toolchain=1.$((($(date --date "${toolchain#stable }" +%s)/60/60/24-16569)/7/6))" >> $GITHUB_OUTPUT[0m
2026-10-10T09:17:51.8638667Z [36;1m  fi[0m
2026-10-10T09:17:51.8638968Z [36;1melif [[ $toolchain =~ ^stable' 'minus' '[0-9]+' 'releases?$ ]]; then[0m
2026-10-10T09:17:51.8639504Z [36;1m  echo "toolchain=1.$((($(date +%s)/60/60/24-16569)/7/6-${toolchain//[^0-9]/}))" >> $GITHUB_OUTPUT[0m
2026-10-10T09:17:51.8639958Z [36;1melif [[ $toolchain =~ ^1\.[0-9]+$ ]]; then[0m
2026-10-10T09:17:51.8640478Z [36;1m  echo "toolchain=1.$((i=${toolchain#1.}, c=($(date +%s)/60/60/24-16569)/7/6, i+9*i*(10*i<=c)+90*i*(100*i<=c)))" >> $GITHUB_OUTPUT[0m
2026-10-10T09:17:51.8640972Z [36;1melse[0m
2026-10-10T09:17:51.8641211Z [36;1m  echo "toolchain=$toolchain" >> $GITHUB_OUTPUT[0m
2026-10-10T09:17:51.8641506Z [36;1mfi[0m
2026-10-10T09:17:51.9040616Z shell: /usr/bin/bash --noprofile --norc -e -o pipefail {0}
2026-10-10T09:17:51.9040994Z env:
2026-10-10T09:17:51.9041201Z   toolchain: nightly
2026-10-10T09:17:51.9041434Z ##[endgroup]
2026-10-10T09:17:51.9174570Z ##[end-action id=__dtolnay_rust-toolchain.parse;outcome=success;conclusion=success;duration_ms=58]
2026-10-10T09:17:51.9197732Z ##[start-action display=Run : construct rustup command line;id=__dtolnay_rust-toolchain.flags]
2026-10-10T09:17:51.9222628Z ##[group]Run : construct rustup command line
2026-10-10T09:17:51.9222957Z [36;1m: construct rustup command line[0m
2026-10-10T09:17:51.9223418Z [36;1mecho "targets=$(for t in ${targets//,/ }; do echo -n ' --target' $t; done)" >> $GITHUB_OUTPUT[0m
2026-10-10T09:17:51.9224056Z [36;1mecho "components=$(for c in ${components//,/ }; do echo -n ' --component' $c; done)" >> $GITHUB_OUTPUT[0m
2026-10-10T09:17:51.9224556Z [36;1mecho "downgrade=" >> $GITHUB_OUTPUT[0m
2026-10-10T09:17:51.9283932Z shell: /usr/bin/bash --noprofile --norc -e -o pipefail {0}
2026-10-10T09:17:51.9284311Z env:
2026-10-10T09:17:51.9284584Z   targets: wasm32-unknown-unknown, aarch64-unknown-linux-gnu
2026-10-10T09:17:51.9284916Z   components: 
2026-10-10T09:17:51.9285356Z ##[endgroup]
2026-10-10T09:17:51.9382543Z ##[end-action id=__dtolnay_rust-toolchain.flags;outcome=success;conclusion=success;duration_ms=18]
2026-10-10T09:17:51.9386068Z ##[start-action display=Run : set $CARGO_HOME;id=__dtolnay_rust-toolchain.__run]
2026-10-10T09:17:51.9410208Z ##[group]Run : set $CARGO_HOME
2026-10-10T09:17:51.9410468Z [36;1m: set $CARGO_HOME[0m
2026-10-10T09:17:51.9410782Z [36;1mecho CARGO_HOME=${CARGO_HOME:-"$HOME/.cargo"} >> $GITHUB_ENV[0m
2026-10-10T09:17:51.9472428Z shell: /usr/bin/bash --noprofile --norc -e -o pipefail {0}
2026-10-10T09:17:51.9472771Z ##[endgroup]
2026-10-10T09:17:51.9562518Z ##[end-action id=__dtolnay_rust-toolchain.__run;outcome=success;conclusion=success;duration_ms=17]
2026-10-10T09:17:51.9564618Z ##[start-action display=Run : install rustup if needed;id=__dtolnay_rust-toolchain.__run_2]
2026-10-10T09:17:51.9622870Z ##[group]Run : install rustup if needed
2026-10-10T09:17:51.9623171Z [36;1m: install rustup if needed[0m
2026-10-10T09:17:51.9623462Z [36;1mif ! command -v rustup &>/dev/null; then[0m
2026-10-10T09:17:51.9624218Z [36;1m  curl --proto '=https' --tlsv1.2 --retry 10 --retry-connrefused --location --silent --show-error --fail https://sh.rustup.rs | sh -s -- --default-toolchain none -y[0m
2026-10-10T09:17:51.9624973Z [36;1m  echo "$CARGO_HOME/bin" >> $GITHUB_PATH[0m
2026-10-10T09:17:51.9625564Z [36;1mfi[0m
2026-10-10T09:17:51.9686462Z shell: /usr/bin/bash --noprofile --norc -e -o pipefail {0}
2026-10-10T09:17:51.9686791Z env:
2026-10-10T09:17:51.9686992Z   CARGO_HOME: /home/runner/.cargo
2026-10-10T09:17:51.9687248Z ##[endgroup]
2026-10-10T09:17:51.9772634Z ##[end-action id=__dtolnay_rust-toolchain.__run_2;outcome=success;conclusion=success;duration_ms=20]
2026-10-10T09:17:51.9776613Z ##[start-action display=Run : install rustup if needed on windows;id=__dtolnay_rust-toolchain.__run_3]
2026-10-10T09:17:51.9782452Z ##[end-action id=__dtolnay_rust-toolchain.__run_3;outcome=skipped;conclusion=skipped;duration_ms=0]
2026-10-10T09:17:51.9786137Z ##[start-action display=rustup toolchain install nightly;id=__dtolnay_rust-toolchain.__run_4]
2026-10-10T09:17:51.9810560Z ##[group]Run rustup toolchain install nightly --target wasm32-unknown-unknown --target aarch64-unknown-linux-gnu --profile minimal --no-self-update
2026-10-10T09:17:51.9811586Z [36;1mrustup toolchain install nightly --target wasm32-unknown-unknown --target aarch64-unknown-linux-gnu --profile minimal --no-self-update[0m
2026-10-10T09:17:51.9873542Z shell: /usr/bin/bash --noprofile --norc -e -o pipefail {0}
2026-10-10T09:17:51.9873883Z env:
2026-10-10T09:17:51.9874081Z   CARGO_HOME: /home/runner/.cargo
2026-10-10T09:17:51.9874352Z   RUSTUP_PERMIT_COPY_RENAME: 1
2026-10-10T09:17:51.9874588Z ##[endgroup]
2026-10-10T09:17:52.0386013Z info: syncing channel updates for nightly-x86_64-unknown-linux-gnu
2026-10-10T09:17:52.1935787Z info: latest update on 2026-10-10 for version 1.101.0-nightly (32dba69d6 2026-10-09)
2026-10-10T09:17:52.1936758Z info: downloading 5 components
2026-10-10T09:18:03.1413832Z 
2026-10-10T09:18:03.1480334Z   nightly-x86_64-unknown-linux-gnu installed - rustc 1.101.0-nightly (32dba69d6 2026-10-09)
2026-10-10T09:18:03.1480807Z 
2026-10-10T09:18:03.1544752Z ##[end-action id=__dtolnay_rust-toolchain.__run_4;outcome=success;conclusion=success;duration_ms=11175]
2026-10-10T09:18:03.1550931Z ##[start-action display=Run rustup default nightly;id=__dtolnay_rust-toolchain.__run_5]
2026-10-10T09:18:03.1572232Z ##[group]Run rustup default nightly
2026-10-10T09:18:03.1572533Z [36;1mrustup default nightly[0m
2026-10-10T09:18:03.1632634Z shell: /usr/bin/bash --noprofile --norc -e -o pipefail {0}
2026-10-10T09:18:03.1632989Z env:
2026-10-10T09:18:03.1633187Z   CARGO_HOME: /home/runner/.cargo
2026-10-10T09:18:03.1633443Z ##[endgroup]
2026-10-10T09:18:03.1749874Z info: using existing install for nightly-x86_64-unknown-linux-gnu
2026-10-10T09:18:03.1756061Z info: default toolchain set to nightly-x86_64-unknown-linux-gnu
2026-10-10T09:18:03.1756368Z 
2026-10-10T09:18:03.1816713Z   nightly-x86_64-unknown-linux-gnu unchanged - rustc 1.101.0-nightly (32dba69d6 2026-10-09)
2026-10-10T09:18:03.1818039Z info: note that the toolchain 'nightly-x86_64-unknown-linux-gnu' is currently in use (overridden by '/home/runner/work/purrdf/purrdf/rust-toolchain.toml')
2026-10-10T09:18:03.1819165Z 
2026-10-10T09:18:03.1832530Z ##[end-action id=__dtolnay_rust-toolchain.__run_5;outcome=success;conclusion=success;duration_ms=28]
2026-10-10T09:18:03.1837140Z ##[start-action display=Run : create cachekey;id=__dtolnay_rust-toolchain.rustc-version]
2026-10-10T09:18:03.1857267Z ##[group]Run : create cachekey
2026-10-10T09:18:03.1857714Z [36;1m: create cachekey[0m
2026-10-10T09:18:03.1858226Z [36;1mDATE=$(rustc +nightly --version --verbose | sed -ne 's/^commit-date: \(20[0-9][0-9]\)-\([01][0-9]\)-\([0-3][0-9]\)$/\1\2\3/p')[0m
2026-10-10T09:18:03.1858884Z [36;1mHASH=$(rustc +nightly --version --verbose | sed -ne 's/^commit-hash: //p')[0m
2026-10-10T09:18:03.1859390Z [36;1mecho "cachekey=$(echo $DATE$HASH | head -c12)" >> $GITHUB_OUTPUT[0m
2026-10-10T09:18:03.1915730Z shell: /usr/bin/bash --noprofile --norc -e -o pipefail {0}
2026-10-10T09:18:03.1916068Z env:
2026-10-10T09:18:03.1916265Z   CARGO_HOME: /home/runner/.cargo
2026-10-10T09:18:03.1916517Z ##[endgroup]
2026-10-10T09:18:03.2230684Z ##[end-action id=__dtolnay_rust-toolchain.rustc-version;outcome=success;conclusion=success;duration_ms=39]
2026-10-10T09:18:03.2233291Z ##[start-action display=Run : disable incremental compilation;id=__dtolnay_rust-toolchain.__run_6]
2026-10-10T09:18:03.2253845Z ##[group]Run : disable incremental compilation
2026-10-10T09:18:03.2254197Z [36;1m: disable incremental compilation[0m
2026-10-10T09:18:03.2254523Z [36;1mif [ -z "${CARGO_INCREMENTAL+set}" ]; then[0m
2026-10-10T09:18:03.2254856Z [36;1m  echo CARGO_INCREMENTAL=0 >> $GITHUB_ENV[0m
2026-10-10T09:18:03.2255415Z [36;1mfi[0m
2026-10-10T09:18:03.2315377Z shell: /usr/bin/bash --noprofile --norc -e -o pipefail {0}
2026-10-10T09:18:03.2315717Z env:
2026-10-10T09:18:03.2315913Z   CARGO_HOME: /home/runner/.cargo
2026-10-10T09:18:03.2316158Z ##[endgroup]
2026-10-10T09:18:03.2393813Z ##[end-action id=__dtolnay_rust-toolchain.__run_6;outcome=success;conclusion=success;duration_ms=15]
2026-10-10T09:18:03.2396357Z ##[start-action display=Run : enable colors in Cargo output;id=__dtolnay_rust-toolchain.__run_7]
2026-10-10T09:18:03.2415369Z ##[group]Run : enable colors in Cargo output
2026-10-10T09:18:03.2415717Z [36;1m: enable colors in Cargo output[0m
2026-10-10T09:18:03.2416025Z [36;1mif [ -z "${CARGO_TERM_COLOR+set}" ]; then[0m
2026-10-10T09:18:03.2416368Z [36;1m  echo CARGO_TERM_COLOR=always >> $GITHUB_ENV[0m
2026-10-10T09:18:03.2416652Z [36;1mfi[0m
2026-10-10T09:18:03.2469859Z shell: /usr/bin/bash --noprofile --norc -e -o pipefail {0}
2026-10-10T09:18:03.2470187Z env:
2026-10-10T09:18:03.2470384Z   CARGO_HOME: /home/runner/.cargo
2026-10-10T09:18:03.2470634Z   CARGO_INCREMENTAL: 0
2026-10-10T09:18:03.2470842Z ##[endgroup]
2026-10-10T09:18:03.2549128Z ##[end-action id=__dtolnay_rust-toolchain.__run_7;outcome=success;conclusion=success;duration_ms=15]
2026-10-10T09:18:03.2553561Z ##[start-action display=Run : enable Cargo sparse registry;id=__dtolnay_rust-toolchain.__run_8]
2026-10-10T09:18:03.2573485Z ##[group]Run : enable Cargo sparse registry
2026-10-10T09:18:03.2573807Z [36;1m: enable Cargo sparse registry[0m
2026-10-10T09:18:03.2574177Z [36;1m# implemented in 1.66, stabilized in 1.68, made default in 1.70[0m
2026-10-10T09:18:03.2574886Z [36;1mif [ -z "${CARGO_REGISTRIES_CRATES_IO_PROTOCOL+set}" -o -f "/home/runner/work/_temp"/.implicit_cargo_registries_crates_io_protocol ]; then[0m
2026-10-10T09:18:03.2575938Z [36;1m  if rustc +nightly --version --verbose | grep -q '^release: 1\.6[89]\.'; then[0m
2026-10-10T09:18:03.2576511Z [36;1m    touch "/home/runner/work/_temp"/.implicit_cargo_registries_crates_io_protocol || true[0m
2026-10-10T09:18:03.2577080Z [36;1m    echo CARGO_REGISTRIES_CRATES_IO_PROTOCOL=sparse >> $GITHUB_ENV[0m
2026-10-10T09:18:03.2577592Z [36;1m  elif rustc +nightly --version --verbose | grep -q '^release: 1\.6[67]\.'; then[0m
2026-10-10T09:18:03.2578170Z [36;1m    touch "/home/runner/work/_temp"/.implicit_cargo_registries_crates_io_protocol || true[0m
2026-10-10T09:18:03.2578843Z [36;1m    echo CARGO_REGISTRIES_CRATES_IO_PROTOCOL=git >> $GITHUB_ENV[0m
2026-10-10T09:18:03.2579194Z [36;1m  fi[0m
2026-10-10T09:18:03.2579381Z [36;1mfi[0m
2026-10-10T09:18:03.2632539Z shell: /usr/bin/bash --noprofile --norc -e -o pipefail {0}
2026-10-10T09:18:03.2632886Z env:
2026-10-10T09:18:03.2633086Z   CARGO_HOME: /home/runner/.cargo
2026-10-10T09:18:03.2633496Z   CARGO_INCREMENTAL: 0
2026-10-10T09:18:03.2633727Z   CARGO_TERM_COLOR: always
2026-10-10T09:18:03.2633949Z ##[endgroup]
2026-10-10T09:18:03.2925358Z ##[end-action id=__dtolnay_rust-toolchain.__run_8;outcome=success;conclusion=success;duration_ms=37]
2026-10-10T09:18:03.2929771Z ##[start-action display=Run : work around spurious network errors in curl 8.0;id=__dtolnay_rust-toolchain.__run_9]
2026-10-10T09:18:03.2951470Z ##[group]Run : work around spurious network errors in curl 8.0
2026-10-10T09:18:03.2952021Z [36;1m: work around spurious network errors in curl 8.0[0m
2026-10-10T09:18:03.2952744Z [36;1m# https://rust-lang.zulipchat.com/#narrow/stream/246057-t-cargo/topic/timeout.20investigation[0m
2026-10-10T09:18:03.2953498Z [36;1mif rustc +nightly --version --verbose | grep -q '^release: 1\.7[01]\.'; then[0m
2026-10-10T09:18:03.2954115Z [36;1m  echo CARGO_HTTP_MULTIPLEXING=false >> $GITHUB_ENV[0m
2026-10-10T09:18:03.2954510Z [36;1mfi[0m
2026-10-10T09:18:03.3014906Z shell: /usr/bin/bash --noprofile --norc -e -o pipefail {0}
2026-10-10T09:18:03.3015596Z env:
2026-10-10T09:18:03.3015984Z   CARGO_HOME: /home/runner/.cargo
2026-10-10T09:18:03.3016325Z   CARGO_INCREMENTAL: 0
2026-10-10T09:18:03.3016661Z   CARGO_TERM_COLOR: always
2026-10-10T09:18:03.3016990Z ##[endgroup]
2026-10-10T09:18:03.3224536Z ##[end-action id=__dtolnay_rust-toolchain.__run_9;outcome=success;conclusion=success;duration_ms=29]
2026-10-10T09:18:03.3229118Z ##[start-action display=Run rustc +nightly --version --verbose;id=__dtolnay_rust-toolchain.__run_10]
2026-10-10T09:18:03.3249403Z ##[group]Run rustc +nightly --version --verbose
2026-10-10T09:18:03.3249761Z [36;1mrustc +nightly --version --verbose[0m
2026-10-10T09:18:03.3308354Z shell: /usr/bin/bash --noprofile --norc -e -o pipefail {0}
2026-10-10T09:18:03.3308687Z env:
2026-10-10T09:18:03.3308903Z   CARGO_HOME: /home/runner/.cargo
2026-10-10T09:18:03.3309158Z   CARGO_INCREMENTAL: 0
2026-10-10T09:18:03.3309374Z   CARGO_TERM_COLOR: always
2026-10-10T09:18:03.3309597Z ##[endgroup]
2026-10-10T09:18:03.3480985Z rustc 1.101.0-nightly (32dba69d6 2026-10-09)
2026-10-10T09:18:03.3481500Z binary: rustc
2026-10-10T09:18:03.3481936Z commit-hash: 32dba69d69c5b10ea89a4042de8d0619f7756203
2026-10-10T09:18:03.3482489Z commit-date: 2026-10-09
2026-10-10T09:18:03.3482873Z host: x86_64-unknown-linux-gnu
2026-10-10T09:18:03.3483286Z release: 1.101.0-nightly
2026-10-10T09:18:03.3484255Z LLVM version: 23.1.3
2026-10-10T09:18:03.3496824Z ##[end-action id=__dtolnay_rust-toolchain.__run_10;outcome=success;conclusion=success;duration_ms=26]
2026-10-10T09:18:03.3555663Z ##[group]Run echo "identity=$(rustc -vV | sha256sum | cut -d ' ' -f 1)" >> "$GITHUB_OUTPUT"
2026-10-10T09:18:03.3556304Z [36;1mecho "identity=$(rustc -vV | sha256sum | cut -d ' ' -f 1)" >> "$GITHUB_OUTPUT"[0m
2026-10-10T09:18:03.3612560Z shell: /usr/bin/bash -e {0}
2026-10-10T09:18:03.3612806Z env:
2026-10-10T09:18:03.3613001Z   CARGO_HOME: /home/runner/.cargo
2026-10-10T09:18:03.3613253Z   CARGO_INCREMENTAL: 0
2026-10-10T09:18:03.3613466Z   CARGO_TERM_COLOR: always
2026-10-10T09:18:03.3613681Z ##[endgroup]
2026-10-10T09:18:03.4194507Z info: syncing channel updates for nightly-x86_64-unknown-linux-gnu
2026-10-10T09:18:03.5390528Z info: latest update on 2026-10-10 for version 1.101.0-nightly (32dba69d6 2026-10-09)
2026-10-10T09:18:03.5516005Z info: component rust-std for target aarch64-unknown-linux-gnu is up to date
2026-10-10T09:18:03.5517035Z info: component rust-std for target wasm32-unknown-unknown is up to date
2026-10-10T09:18:03.5520310Z info: downloading 2 components
2026-10-10T09:18:04.3485861Z ##[group]Run actions/cache@0057852bfaa89a56745cba8c7296529d2fc39830
2026-10-10T09:18:04.3486449Z with:
2026-10-10T09:18:04.3486651Z   path: target/simd-asm
2026-10-10T09:18:04.3487663Z   key: simd-asm-v1-Linux-wasm32-simd128-79086a41205ab6601c6642cbbd1d206f828e2c01c1b0a73ad173de72f75697d2-5e5a78b7d5324ff9d162101690ceafff0ebb0d444914d4d57dd5a9ea69f5bbcc-fa11992a2e1e6f4b56e94e48e0e7797508d32146
2026-10-10T09:18:04.3489319Z   restore-keys: simd-asm-v1-Linux-wasm32-simd128-79086a41205ab6601c6642cbbd1d206f828e2c01c1b0a73ad173de72f75697d2-5e5a78b7d5324ff9d162101690ceafff0ebb0d444914d4d57dd5a9ea69f5bbcc-

2026-10-10T09:18:04.3490223Z   enableCrossOsArchive: false
2026-10-10T09:18:04.3490476Z   fail-on-cache-miss: false
2026-10-10T09:18:04.3490700Z   lookup-only: false
2026-10-10T09:18:04.3490903Z   save-always: false
2026-10-10T09:18:04.3491090Z env:
2026-10-10T09:18:04.3491295Z   CARGO_HOME: /home/runner/.cargo
2026-10-10T09:18:04.3491547Z   CARGO_INCREMENTAL: 0
2026-10-10T09:18:04.3491807Z   CARGO_TERM_COLOR: always
2026-10-10T09:18:04.3492034Z ##[endgroup]
2026-10-10T09:18:04.4519186Z (node:2577) [DEP0040] DeprecationWarning: The `punycode` module is deprecated. Please use a userland alternative instead.
2026-10-10T09:18:04.4520125Z (Use `node --trace-deprecation ...` to show where the warning was created)
2026-10-10T09:18:04.6986587Z Cache not found for input keys: simd-asm-v1-Linux-wasm32-simd128-79086a41205ab6601c6642cbbd1d206f828e2c01c1b0a73ad173de72f75697d2-5e5a78b7d5324ff9d162101690ceafff0ebb0d444914d4d57dd5a9ea69f5bbcc-fa11992a2e1e6f4b56e94e48e0e7797508d32146, simd-asm-v1-Linux-wasm32-simd128-79086a41205ab6601c6642cbbd1d206f828e2c01c1b0a73ad173de72f75697d2-5e5a78b7d5324ff9d162101690ceafff0ebb0d444914d4d57dd5a9ea69f5bbcc-
2026-10-10T09:18:04.7093207Z ##[group]Run sudo apt-get update
2026-10-10T09:18:04.7093534Z [36;1msudo apt-get update[0m
2026-10-10T09:18:04.7093859Z [36;1msudo apt-get install -y --no-install-recommends \[0m
2026-10-10T09:18:04.7094279Z [36;1m  clang llvm gcc-aarch64-linux-gnu libc6-dev-arm64-cross[0m
2026-10-10T09:18:04.7154051Z shell: /usr/bin/bash -e {0}
2026-10-10T09:18:04.7154298Z env:
2026-10-10T09:18:04.7154495Z   CARGO_HOME: /home/runner/.cargo
2026-10-10T09:18:04.7154755Z   CARGO_INCREMENTAL: 0
2026-10-10T09:18:04.7155243Z   CARGO_TERM_COLOR: always
2026-10-10T09:18:04.7155494Z ##[endgroup]
2026-10-10T09:18:04.7920960Z Get:1 file:/etc/apt/apt-mirrors.txt Mirrorlist [144 B]
2026-10-10T09:18:04.8252342Z Hit:2 http://azure.archive.ubuntu.com/ubuntu noble InRelease
2026-10-10T09:18:04.8253730Z Get:6 https://packages.microsoft.com/ubuntu/24.04/prod noble InRelease [3600 B]
2026-10-10T09:18:04.8268085Z Get:3 http://azure.archive.ubuntu.com/ubuntu noble-updates InRelease [126 kB]
2026-10-10T09:18:04.8356483Z Get:4 http://azure.archive.ubuntu.com/ubuntu noble-backports InRelease [126 kB]
2026-10-10T09:18:04.8383858Z Get:5 http://azure.archive.ubuntu.com/ubuntu noble-security InRelease [126 kB]
2026-10-10T09:18:04.9499739Z Get:7 https://packages.microsoft.com/ubuntu/24.04/prod noble/main all Packages [640 B]
2026-10-10T09:18:04.9586114Z Get:8 https://packages.microsoft.com/ubuntu/24.04/prod noble/main amd64 Packages [548 kB]
2026-10-10T09:18:04.9650989Z Get:9 https://packages.microsoft.com/ubuntu/24.04/prod noble/main armhf Packages [12.3 kB]
2026-10-10T09:18:04.9672197Z Get:10 https://packages.microsoft.com/ubuntu/24.04/prod noble/main arm64 Packages [492 kB]
2026-10-10T09:18:04.9999629Z Get:11 http://azure.archive.ubuntu.com/ubuntu noble-updates/main amd64 Packages [1375 kB]
2026-10-10T09:18:05.0147911Z Get:12 http://azure.archive.ubuntu.com/ubuntu noble-updates/main Translation-en [306 kB]
2026-10-10T09:18:05.0183761Z Get:13 http://azure.archive.ubuntu.com/ubuntu noble-updates/universe amd64 Packages [1702 kB]
2026-10-10T09:18:05.0305977Z Get:14 http://azure.archive.ubuntu.com/ubuntu noble-updates/universe Translation-en [342 kB]
2026-10-10T09:18:05.0406132Z Get:15 http://azure.archive.ubuntu.com/ubuntu noble-updates/restricted amd64 Packages [1761 kB]
2026-10-10T09:18:05.0535732Z Get:16 http://azure.archive.ubuntu.com/ubuntu noble-updates/restricted Translation-en [401 kB]
2026-10-10T09:18:05.0566325Z Get:17 http://azure.archive.ubuntu.com/ubuntu noble-updates/multiverse amd64 Packages [55.0 kB]
2026-10-10T09:18:05.0583914Z Get:18 http://azure.archive.ubuntu.com/ubuntu noble-updates/multiverse Translation-en [14.3 kB]
2026-10-10T09:18:05.1366591Z Get:19 http://azure.archive.ubuntu.com/ubuntu noble-security/main amd64 Packages [1121 kB]
2026-10-10T09:18:05.1417194Z Get:20 http://azure.archive.ubuntu.com/ubuntu noble-security/main Translation-en [228 kB]
2026-10-10T09:18:05.1883690Z Get:21 http://azure.archive.ubuntu.com/ubuntu noble-security/universe amd64 Packages [1220 kB]
2026-10-10T09:18:05.1956118Z Get:22 http://azure.archive.ubuntu.com/ubuntu noble-security/universe Translation-en [245 kB]
2026-10-10T09:18:05.1980780Z Get:23 http://azure.archive.ubuntu.com/ubuntu noble-security/restricted amd64 Packages [1669 kB]
2026-10-10T09:18:05.2076204Z Get:24 http://azure.archive.ubuntu.com/ubuntu noble-security/restricted Translation-en [383 kB]
2026-10-10T09:18:05.2105578Z Get:25 http://azure.archive.ubuntu.com/ubuntu noble-security/multiverse amd64 Packages [49.8 kB]
2026-10-10T09:18:05.2120085Z Get:26 http://azure.archive.ubuntu.com/ubuntu noble-security/multiverse Translation-en [12.4 kB]
2026-10-10T09:18:07.9042857Z Fetched 12.3 MB in 1s (9808 kB/s)
2026-10-10T09:18:08.7567683Z Reading package lists...
2026-10-10T09:18:08.7875543Z Reading package lists...
2026-10-10T09:18:08.9497105Z Building dependency tree...
2026-10-10T09:18:08.9504436Z Reading state information...
2026-10-10T09:18:09.0822493Z The following additional packages will be installed:
2026-10-10T09:18:09.0823924Z   binutils-aarch64-linux-gnu cpp-13-aarch64-linux-gnu cpp-aarch64-linux-gnu
2026-10-10T09:18:09.0824940Z   gcc-13-aarch64-linux-gnu gcc-13-aarch64-linux-gnu-base gcc-13-cross-base
2026-10-10T09:18:09.0828485Z   gcc-14-cross-base libasan8-arm64-cross libatomic1-arm64-cross
2026-10-10T09:18:09.0829283Z   libc6-arm64-cross libgcc-13-dev-arm64-cross libgcc-s1-arm64-cross
2026-10-10T09:18:09.0830109Z   libgomp1-arm64-cross libhwasan0-arm64-cross libitm1-arm64-cross
2026-10-10T09:18:09.0830917Z   liblsan0-arm64-cross libstdc++6-arm64-cross libtsan2-arm64-cross
2026-10-10T09:18:09.0831780Z   libubsan1-arm64-cross linux-libc-dev-arm64-cross llvm-runtime
2026-10-10T09:18:09.0835331Z Suggested packages:
2026-10-10T09:18:09.0835867Z   binutils-doc gcc-13-locales cpp-13-doc cpp-doc gcc-13-doc manpages-dev
2026-10-10T09:18:09.0836510Z   gdb-aarch64-linux-gnu gcc-doc
2026-10-10T09:18:09.1093546Z The following NEW packages will be installed:
2026-10-10T09:18:09.1094274Z   binutils-aarch64-linux-gnu clang cpp-13-aarch64-linux-gnu
2026-10-10T09:18:09.1095386Z   cpp-aarch64-linux-gnu gcc-13-aarch64-linux-gnu gcc-13-aarch64-linux-gnu-base
2026-10-10T09:18:09.1096294Z   gcc-13-cross-base gcc-14-cross-base gcc-aarch64-linux-gnu
2026-10-10T09:18:09.1097115Z   libasan8-arm64-cross libatomic1-arm64-cross libc6-arm64-cross
2026-10-10T09:18:09.1097993Z   libc6-dev-arm64-cross libgcc-13-dev-arm64-cross libgcc-s1-arm64-cross
2026-10-10T09:18:09.1106306Z   libgomp1-arm64-cross libhwasan0-arm64-cross libitm1-arm64-cross
2026-10-10T09:18:09.1107188Z   liblsan0-arm64-cross libstdc++6-arm64-cross libtsan2-arm64-cross
2026-10-10T09:18:09.1107810Z   libubsan1-arm64-cross linux-libc-dev-arm64-cross llvm llvm-runtime
2026-10-10T09:18:09.1269043Z 0 upgraded, 25 newly installed, 0 to remove and 23 not upgraded.
2026-10-10T09:18:09.1269693Z Need to get 45.2 MB of archives.
2026-10-10T09:18:09.1270285Z After this operation, 168 MB of additional disk space will be used.
2026-10-10T09:18:09.1270982Z Get:1 file:/etc/apt/apt-mirrors.txt Mirrorlist [144 B]
2026-10-10T09:18:09.2899155Z Get:2 http://azure.archive.ubuntu.com/ubuntu noble/universe amd64 clang amd64 1:18.0-59~exp2 [5846 B]
2026-10-10T09:18:09.3616766Z Get:3 http://azure.archive.ubuntu.com/ubuntu noble-updates/main amd64 gcc-13-aarch64-linux-gnu-base amd64 13.3.0-6ubuntu2~24.04.1cross1 [51.9 kB]
2026-10-10T09:18:09.5477963Z Get:4 http://azure.archive.ubuntu.com/ubuntu noble-updates/main amd64 cpp-13-aarch64-linux-gnu amd64 13.3.0-6ubuntu2~24.04.1cross1 [10.8 MB]
2026-10-10T09:18:10.2320128Z Get:5 http://azure.archive.ubuntu.com/ubuntu noble/main amd64 cpp-aarch64-linux-gnu amd64 4:13.2.0-7ubuntu1 [5332 B]
2026-10-10T09:18:10.3034600Z Get:6 http://azure.archive.ubuntu.com/ubuntu noble-updates/main amd64 binutils-aarch64-linux-gnu amd64 2.42-4ubuntu2.10 [3711 kB]
2026-10-10T09:18:10.4500572Z Get:7 http://azure.archive.ubuntu.com/ubuntu noble-updates/main amd64 gcc-13-cross-base all 13.3.0-6ubuntu2~24.04.1cross1 [46.5 kB]
2026-10-10T09:18:10.5218697Z Get:8 http://azure.archive.ubuntu.com/ubuntu noble-updates/main amd64 gcc-14-cross-base all 14.2.0-4ubuntu2~24.04.1cross1 [46.1 kB]
2026-10-10T09:18:10.5936127Z Get:9 http://azure.archive.ubuntu.com/ubuntu noble/main amd64 libc6-arm64-cross all 2.39-0ubuntu8cross1 [1197 kB]
2026-10-10T09:18:10.6739168Z Get:10 http://azure.archive.ubuntu.com/ubuntu noble-updates/main amd64 libgcc-s1-arm64-cross all 14.2.0-4ubuntu2~24.04.1cross1 [61.9 kB]
2026-10-10T09:18:10.7460465Z Get:11 http://azure.archive.ubuntu.com/ubuntu noble-updates/main amd64 libgomp1-arm64-cross all 14.2.0-4ubuntu2~24.04.1cross1 [110 kB]
2026-10-10T09:18:10.8182847Z Get:12 http://azure.archive.ubuntu.com/ubuntu noble-updates/main amd64 libitm1-arm64-cross all 14.2.0-4ubuntu2~24.04.1cross1 [31.1 kB]
2026-10-10T09:18:10.8913190Z Get:13 http://azure.archive.ubuntu.com/ubuntu noble-updates/main amd64 libatomic1-arm64-cross all 14.2.0-4ubuntu2~24.04.1cross1 [11.5 kB]
2026-10-10T09:18:10.9627539Z Get:14 http://azure.archive.ubuntu.com/ubuntu noble-updates/main amd64 libasan8-arm64-cross all 14.2.0-4ubuntu2~24.04.1cross1 [524 kB]
2026-10-10T09:18:11.0377067Z Get:15 http://azure.archive.ubuntu.com/ubuntu noble-updates/main amd64 liblsan0-arm64-cross all 14.2.0-4ubuntu2~24.04.1cross1 [238 kB]
2026-10-10T09:18:11.1110371Z Get:16 http://azure.archive.ubuntu.com/ubuntu noble-updates/main amd64 libtsan2-arm64-cross all 14.2.0-4ubuntu2~24.04.1cross1 [500 kB]
2026-10-10T09:18:11.1870306Z Get:17 http://azure.archive.ubuntu.com/ubuntu noble-updates/main amd64 libstdc++6-arm64-cross all 14.2.0-4ubuntu2~24.04.1cross1 [659 kB]
2026-10-10T09:18:11.2631953Z Get:18 http://azure.archive.ubuntu.com/ubuntu noble-updates/main amd64 libubsan1-arm64-cross all 14.2.0-4ubuntu2~24.04.1cross1 [219 kB]
2026-10-10T09:18:11.3369351Z Get:19 http://azure.archive.ubuntu.com/ubuntu noble-updates/main amd64 libhwasan0-arm64-cross all 14.2.0-4ubuntu2~24.04.1cross1 [304 kB]
2026-10-10T09:18:11.4103719Z Get:20 http://azure.archive.ubuntu.com/ubuntu noble-updates/main amd64 libgcc-13-dev-arm64-cross all 13.3.0-6ubuntu2~24.04.1cross1 [2616 kB]
2026-10-10T09:18:11.5020439Z Get:21 http://azure.archive.ubuntu.com/ubuntu noble-updates/main amd64 gcc-13-aarch64-linux-gnu amd64 13.3.0-6ubuntu2~24.04.1cross1 [21.1 MB]
2026-10-10T09:18:12.0397000Z Get:22 http://azure.archive.ubuntu.com/ubuntu noble/main amd64 gcc-aarch64-linux-gnu amd64 4:13.2.0-7ubuntu1 [1210 B]
2026-10-10T09:18:12.1108777Z Get:23 http://azure.archive.ubuntu.com/ubuntu noble/universe amd64 llvm-runtime amd64 1:18.0-59~exp2 [5496 B]
2026-10-10T09:18:12.1826223Z Get:24 http://azure.archive.ubuntu.com/ubuntu noble/universe amd64 llvm amd64 1:18.0-59~exp2 [4146 B]
2026-10-10T09:18:12.2540187Z Get:25 http://azure.archive.ubuntu.com/ubuntu noble/main amd64 linux-libc-dev-arm64-cross all 6.8.0-25.25cross1 [1375 kB]
2026-10-10T09:18:12.3555757Z Get:26 http://azure.archive.ubuntu.com/ubuntu noble/main amd64 libc6-dev-arm64-cross all 2.39-0ubuntu8cross1 [1629 kB]
2026-10-10T09:18:12.6394508Z Fetched 45.2 MB in 3s (13.8 MB/s)
2026-10-10T09:18:12.6610288Z Selecting previously unselected package clang.
2026-10-10T09:18:12.6881131Z (Reading database ... 
2026-10-10T09:18:12.6881452Z (Reading database ... 5%
2026-10-10T09:18:12.6881716Z (Reading database ... 10%
2026-10-10T09:18:12.6881967Z (Reading database ... 15%
2026-10-10T09:18:12.6882218Z (Reading database ... 20%
2026-10-10T09:18:12.6882460Z (Reading database ... 25%
2026-10-10T09:18:12.6883240Z (Reading database ... 30%
2026-10-10T09:18:12.6883670Z (Reading database ... 35%
2026-10-10T09:18:12.6884082Z (Reading database ... 40%
2026-10-10T09:18:12.6884396Z (Reading database ... 45%
2026-10-10T09:18:12.6885477Z (Reading database ... 50%
2026-10-10T09:18:12.6932123Z (Reading database ... 55%
2026-10-10T09:18:12.7588231Z (Reading database ... 60%
2026-10-10T09:18:13.0033688Z (Reading database ... 65%
2026-10-10T09:18:13.1660853Z (Reading database ... 70%
2026-10-10T09:18:13.3662110Z (Reading database ... 75%
2026-10-10T09:18:13.4706452Z (Reading database ... 80%
2026-10-10T09:18:13.6251408Z (Reading database ... 85%
2026-10-10T09:18:13.7662161Z (Reading database ... 90%
2026-10-10T09:18:13.9270726Z (Reading database ... 95%
2026-10-10T09:18:13.9271345Z (Reading database ... 100%
2026-10-10T09:18:13.9272144Z (Reading database ... 203191 files and directories currently installed.)
2026-10-10T09:18:13.9314841Z Preparing to unpack .../00-clang_1%3a18.0-59~exp2_amd64.deb ...
2026-10-10T09:18:13.9345761Z Unpacking clang (1:18.0-59~exp2) ...
2026-10-10T09:18:13.9558016Z Selecting previously unselected package gcc-13-aarch64-linux-gnu-base:amd64.
2026-10-10T09:18:13.9681423Z Preparing to unpack .../01-gcc-13-aarch64-linux-gnu-base_13.3.0-6ubuntu2~24.04.1cross1_amd64.deb ...
2026-10-10T09:18:13.9687751Z Unpacking gcc-13-aarch64-linux-gnu-base:amd64 (13.3.0-6ubuntu2~24.04.1cross1) ...
2026-10-10T09:18:13.9886911Z Selecting previously unselected package cpp-13-aarch64-linux-gnu.
2026-10-10T09:18:14.0007503Z Preparing to unpack .../02-cpp-13-aarch64-linux-gnu_13.3.0-6ubuntu2~24.04.1cross1_amd64.deb ...
2026-10-10T09:18:14.0034301Z Unpacking cpp-13-aarch64-linux-gnu (13.3.0-6ubuntu2~24.04.1cross1) ...
2026-10-10T09:18:14.1372020Z Selecting previously unselected package cpp-aarch64-linux-gnu.
2026-10-10T09:18:14.1495702Z Preparing to unpack .../03-cpp-aarch64-linux-gnu_4%3a13.2.0-7ubuntu1_amd64.deb ...
2026-10-10T09:18:14.1504181Z Unpacking cpp-aarch64-linux-gnu (4:13.2.0-7ubuntu1) ...
2026-10-10T09:18:14.1691974Z Selecting previously unselected package binutils-aarch64-linux-gnu.
2026-10-10T09:18:14.1815593Z Preparing to unpack .../04-binutils-aarch64-linux-gnu_2.42-4ubuntu2.10_amd64.deb ...
2026-10-10T09:18:14.1851608Z Unpacking binutils-aarch64-linux-gnu (2.42-4ubuntu2.10) ...
2026-10-10T09:18:14.3125971Z Selecting previously unselected package gcc-13-cross-base.
2026-10-10T09:18:14.3252053Z Preparing to unpack .../05-gcc-13-cross-base_13.3.0-6ubuntu2~24.04.1cross1_all.deb ...
2026-10-10T09:18:14.3258451Z Unpacking gcc-13-cross-base (13.3.0-6ubuntu2~24.04.1cross1) ...
2026-10-10T09:18:14.3437659Z Selecting previously unselected package gcc-14-cross-base.
2026-10-10T09:18:14.3560611Z Preparing to unpack .../06-gcc-14-cross-base_14.2.0-4ubuntu2~24.04.1cross1_all.deb ...
2026-10-10T09:18:14.3567262Z Unpacking gcc-14-cross-base (14.2.0-4ubuntu2~24.04.1cross1) ...
2026-10-10T09:18:14.3750738Z Selecting previously unselected package libc6-arm64-cross.
2026-10-10T09:18:14.3872824Z Preparing to unpack .../07-libc6-arm64-cross_2.39-0ubuntu8cross1_all.deb ...
2026-10-10T09:18:14.3879475Z Unpacking libc6-arm64-cross (2.39-0ubuntu8cross1) ...
2026-10-10T09:18:14.4214002Z Selecting previously unselected package libgcc-s1-arm64-cross.
2026-10-10T09:18:14.4337133Z Preparing to unpack .../08-libgcc-s1-arm64-cross_14.2.0-4ubuntu2~24.04.1cross1_all.deb ...
2026-10-10T09:18:14.4343743Z Unpacking libgcc-s1-arm64-cross (14.2.0-4ubuntu2~24.04.1cross1) ...
2026-10-10T09:18:14.4524873Z Selecting previously unselected package libgomp1-arm64-cross.
2026-10-10T09:18:14.4645999Z Preparing to unpack .../09-libgomp1-arm64-cross_14.2.0-4ubuntu2~24.04.1cross1_all.deb ...
2026-10-10T09:18:14.4652261Z Unpacking libgomp1-arm64-cross (14.2.0-4ubuntu2~24.04.1cross1) ...
2026-10-10T09:18:14.4844561Z Selecting previously unselected package libitm1-arm64-cross.
2026-10-10T09:18:14.4976218Z Preparing to unpack .../10-libitm1-arm64-cross_14.2.0-4ubuntu2~24.04.1cross1_all.deb ...
2026-10-10T09:18:14.4977227Z Unpacking libitm1-arm64-cross (14.2.0-4ubuntu2~24.04.1cross1) ...
2026-10-10T09:18:14.5166167Z Selecting previously unselected package libatomic1-arm64-cross.
2026-10-10T09:18:14.5287330Z Preparing to unpack .../11-libatomic1-arm64-cross_14.2.0-4ubuntu2~24.04.1cross1_all.deb ...
2026-10-10T09:18:14.5293502Z Unpacking libatomic1-arm64-cross (14.2.0-4ubuntu2~24.04.1cross1) ...
2026-10-10T09:18:14.5471857Z Selecting previously unselected package libasan8-arm64-cross.
2026-10-10T09:18:14.5592106Z Preparing to unpack .../12-libasan8-arm64-cross_14.2.0-4ubuntu2~24.04.1cross1_all.deb ...
2026-10-10T09:18:14.5598499Z Unpacking libasan8-arm64-cross (14.2.0-4ubuntu2~24.04.1cross1) ...
2026-10-10T09:18:14.5877045Z Selecting previously unselected package liblsan0-arm64-cross.
2026-10-10T09:18:14.5998066Z Preparing to unpack .../13-liblsan0-arm64-cross_14.2.0-4ubuntu2~24.04.1cross1_all.deb ...
2026-10-10T09:18:14.6003876Z Unpacking liblsan0-arm64-cross (14.2.0-4ubuntu2~24.04.1cross1) ...
2026-10-10T09:18:14.6216483Z Selecting previously unselected package libtsan2-arm64-cross.
2026-10-10T09:18:14.6336594Z Preparing to unpack .../14-libtsan2-arm64-cross_14.2.0-4ubuntu2~24.04.1cross1_all.deb ...
2026-10-10T09:18:14.6342770Z Unpacking libtsan2-arm64-cross (14.2.0-4ubuntu2~24.04.1cross1) ...
2026-10-10T09:18:14.6601275Z Selecting previously unselected package libstdc++6-arm64-cross.
2026-10-10T09:18:14.6722041Z Preparing to unpack .../15-libstdc++6-arm64-cross_14.2.0-4ubuntu2~24.04.1cross1_all.deb ...
2026-10-10T09:18:14.6729388Z Unpacking libstdc++6-arm64-cross (14.2.0-4ubuntu2~24.04.1cross1) ...
2026-10-10T09:18:14.7186043Z Selecting previously unselected package libubsan1-arm64-cross.
2026-10-10T09:18:14.7308492Z Preparing to unpack .../16-libubsan1-arm64-cross_14.2.0-4ubuntu2~24.04.1cross1_all.deb ...
2026-10-10T09:18:14.7315514Z Unpacking libubsan1-arm64-cross (14.2.0-4ubuntu2~24.04.1cross1) ...
2026-10-10T09:18:14.7524093Z Selecting previously unselected package libhwasan0-arm64-cross.
2026-10-10T09:18:14.7645936Z Preparing to unpack .../17-libhwasan0-arm64-cross_14.2.0-4ubuntu2~24.04.1cross1_all.deb ...
2026-10-10T09:18:14.7652550Z Unpacking libhwasan0-arm64-cross (14.2.0-4ubuntu2~24.04.1cross1) ...
2026-10-10T09:18:14.7882676Z Selecting previously unselected package libgcc-13-dev-arm64-cross.
2026-10-10T09:18:14.8003995Z Preparing to unpack .../18-libgcc-13-dev-arm64-cross_13.3.0-6ubuntu2~24.04.1cross1_all.deb ...
2026-10-10T09:18:14.8011703Z Unpacking libgcc-13-dev-arm64-cross (13.3.0-6ubuntu2~24.04.1cross1) ...
2026-10-10T09:18:14.8851502Z Selecting previously unselected package gcc-13-aarch64-linux-gnu.
2026-10-10T09:18:14.8977734Z Preparing to unpack .../19-gcc-13-aarch64-linux-gnu_13.3.0-6ubuntu2~24.04.1cross1_amd64.deb ...
2026-10-10T09:18:14.9003597Z Unpacking gcc-13-aarch64-linux-gnu (13.3.0-6ubuntu2~24.04.1cross1) ...
2026-10-10T09:18:15.1426903Z Selecting previously unselected package gcc-aarch64-linux-gnu.
2026-10-10T09:18:15.1539587Z Preparing to unpack .../20-gcc-aarch64-linux-gnu_4%3a13.2.0-7ubuntu1_amd64.deb ...
2026-10-10T09:18:15.1546122Z Unpacking gcc-aarch64-linux-gnu (4:13.2.0-7ubuntu1) ...
2026-10-10T09:18:15.1742045Z Selecting previously unselected package llvm-runtime:amd64.
2026-10-10T09:18:15.1866041Z Preparing to unpack .../21-llvm-runtime_1%3a18.0-59~exp2_amd64.deb ...
2026-10-10T09:18:15.1872096Z Unpacking llvm-runtime:amd64 (1:18.0-59~exp2) ...
2026-10-10T09:18:15.2071948Z Selecting previously unselected package llvm.
2026-10-10T09:18:15.2197167Z Preparing to unpack .../22-llvm_1%3a18.0-59~exp2_amd64.deb ...
2026-10-10T09:18:15.2226188Z Unpacking llvm (1:18.0-59~exp2) ...
2026-10-10T09:18:15.2493272Z Selecting previously unselected package linux-libc-dev-arm64-cross.
2026-10-10T09:18:15.2616537Z Preparing to unpack .../23-linux-libc-dev-arm64-cross_6.8.0-25.25cross1_all.deb ...
2026-10-10T09:18:15.2623149Z Unpacking linux-libc-dev-arm64-cross (6.8.0-25.25cross1) ...
2026-10-10T09:18:15.4227083Z Selecting previously unselected package libc6-dev-arm64-cross.
2026-10-10T09:18:15.4356156Z Preparing to unpack .../24-libc6-dev-arm64-cross_2.39-0ubuntu8cross1_all.deb ...
2026-10-10T09:18:15.4362181Z Unpacking libc6-dev-arm64-cross (2.39-0ubuntu8cross1) ...
2026-10-10T09:18:15.5720383Z Setting up binutils-aarch64-linux-gnu (2.42-4ubuntu2.10) ...
2026-10-10T09:18:15.5738713Z Setting up gcc-14-cross-base (14.2.0-4ubuntu2~24.04.1cross1) ...
2026-10-10T09:18:15.5756319Z Setting up clang (1:18.0-59~exp2) ...
2026-10-10T09:18:15.5949827Z Setting up gcc-13-cross-base (13.3.0-6ubuntu2~24.04.1cross1) ...
2026-10-10T09:18:15.5966556Z Setting up llvm-runtime:amd64 (1:18.0-59~exp2) ...
2026-10-10T09:18:15.5981984Z Setting up libc6-arm64-cross (2.39-0ubuntu8cross1) ...
2026-10-10T09:18:15.6001647Z Setting up llvm (1:18.0-59~exp2) ...
2026-10-10T09:18:15.6018930Z Setting up libitm1-arm64-cross (14.2.0-4ubuntu2~24.04.1cross1) ...
2026-10-10T09:18:15.6036863Z Setting up linux-libc-dev-arm64-cross (6.8.0-25.25cross1) ...
2026-10-10T09:18:15.6054092Z Setting up gcc-13-aarch64-linux-gnu-base:amd64 (13.3.0-6ubuntu2~24.04.1cross1) ...
2026-10-10T09:18:15.6071605Z Setting up libgcc-s1-arm64-cross (14.2.0-4ubuntu2~24.04.1cross1) ...
2026-10-10T09:18:15.6088851Z Setting up libatomic1-arm64-cross (14.2.0-4ubuntu2~24.04.1cross1) ...
2026-10-10T09:18:15.6108677Z Setting up liblsan0-arm64-cross (14.2.0-4ubuntu2~24.04.1cross1) ...
2026-10-10T09:18:15.6126050Z Setting up libgomp1-arm64-cross (14.2.0-4ubuntu2~24.04.1cross1) ...
2026-10-10T09:18:15.6143406Z Setting up cpp-13-aarch64-linux-gnu (13.3.0-6ubuntu2~24.04.1cross1) ...
2026-10-10T09:18:15.6162054Z Setting up libhwasan0-arm64-cross (14.2.0-4ubuntu2~24.04.1cross1) ...
2026-10-10T09:18:15.6180352Z Setting up libc6-dev-arm64-cross (2.39-0ubuntu8cross1) ...
2026-10-10T09:18:15.6197983Z Setting up libstdc++6-arm64-cross (14.2.0-4ubuntu2~24.04.1cross1) ...
2026-10-10T09:18:15.6215378Z Setting up cpp-aarch64-linux-gnu (4:13.2.0-7ubuntu1) ...
2026-10-10T09:18:15.6234817Z Setting up libasan8-arm64-cross (14.2.0-4ubuntu2~24.04.1cross1) ...
2026-10-10T09:18:15.6252302Z Setting up libtsan2-arm64-cross (14.2.0-4ubuntu2~24.04.1cross1) ...
2026-10-10T09:18:15.6270900Z Setting up libubsan1-arm64-cross (14.2.0-4ubuntu2~24.04.1cross1) ...
2026-10-10T09:18:15.6289007Z Setting up libgcc-13-dev-arm64-cross (13.3.0-6ubuntu2~24.04.1cross1) ...
2026-10-10T09:18:15.6306897Z Setting up gcc-13-aarch64-linux-gnu (13.3.0-6ubuntu2~24.04.1cross1) ...
2026-10-10T09:18:15.6328694Z Setting up gcc-aarch64-linux-gnu (4:13.2.0-7ubuntu1) ...
2026-10-10T09:18:15.6348626Z Processing triggers for man-db (2.12.0-4build2) ...
2026-10-10T09:18:15.6366926Z Not building database; man-db/auto-update is not 'true'.
2026-10-10T09:18:15.6378207Z Processing triggers for libc-bin (2.39-0ubuntu8.9) ...
2026-10-10T09:18:16.2933352Z 
2026-10-10T09:18:16.2933922Z Running kernel seems to be up-to-date.
2026-10-10T09:18:16.2934370Z 
2026-10-10T09:18:16.2934569Z No services need to be restarted.
2026-10-10T09:18:16.2934929Z 
2026-10-10T09:18:16.2935372Z No containers need to be restarted.
2026-10-10T09:18:16.2935748Z 
2026-10-10T09:18:16.2936000Z No user sessions are running outdated binaries.
2026-10-10T09:18:16.2936447Z 
2026-10-10T09:18:16.2936849Z No VM guests are running outdated hypervisor (qemu) binaries on this host.
2026-10-10T09:18:17.1032654Z ##[group]Run mkdir -p target/asm-diagnostics
2026-10-10T09:18:17.1033057Z [36;1mmkdir -p target/asm-diagnostics[0m
2026-10-10T09:18:17.1033407Z [36;1mrustc -vV > target/asm-diagnostics/compiler.txt[0m
2026-10-10T09:18:17.1033852Z [36;1mgit rev-parse HEAD 'HEAD^{tree}' > target/asm-diagnostics/checkout.txt[0m
2026-10-10T09:18:17.1034369Z [36;1mgit status --porcelain=v1 > target/asm-diagnostics/source-status.txt[0m
2026-10-10T09:18:17.1034818Z [36;1mtest ! -s target/asm-diagnostics/source-status.txt[0m
2026-10-10T09:18:17.1035566Z [36;1msha256sum Makefile Cargo.toml Cargo.lock rust-toolchain.toml \[0m
2026-10-10T09:18:17.1036033Z [36;1m  scripts/check-simd-asm.py scripts/simd_asm_runtime.py \[0m
2026-10-10T09:18:17.1036488Z [36;1m  scripts/simd-asm-manifest.toml docs/design/purrdf-simd.md \[0m
2026-10-10T09:18:17.1036902Z [36;1m  > target/asm-diagnostics/inputs.sha256[0m
2026-10-10T09:18:17.1102398Z shell: /usr/bin/bash -e {0}
2026-10-10T09:18:17.1102657Z env:
2026-10-10T09:18:17.1102899Z   CARGO_HOME: /home/runner/.cargo
2026-10-10T09:18:17.1103162Z   CARGO_INCREMENTAL: 0
2026-10-10T09:18:17.1103379Z   CARGO_TERM_COLOR: always
2026-10-10T09:18:17.1103599Z ##[endgroup]
2026-10-10T09:18:17.5917210Z ##[group]Run # Bound scalar WASM compilation through the existing Cargo job budget.
2026-10-10T09:18:17.5917802Z [36;1m# Bound scalar WASM compilation through the existing Cargo job budget.[0m
2026-10-10T09:18:17.5918258Z [36;1m# Other configurations keep their current scheduling.[0m
2026-10-10T09:18:17.5918611Z [36;1mif [ "wasm32-simd128" = wasm32 ]; then[0m
2026-10-10T09:18:17.5918893Z [36;1m  export CARGO_BUILD_JOBS=2[0m
2026-10-10T09:18:17.5919137Z [36;1mfi[0m
2026-10-10T09:18:17.5919586Z [36;1mmake simd-asm SIMD_ASM_ARGS="--config wasm32-simd128 --jobs 1 --report target/asm-reports/wasm32-simd128.json"[0m
2026-10-10T09:18:17.5982447Z shell: /usr/bin/bash -e {0}
2026-10-10T09:18:17.5982698Z env:
2026-10-10T09:18:17.5982898Z   CARGO_HOME: /home/runner/.cargo
2026-10-10T09:18:17.5983152Z   CARGO_INCREMENTAL: 0
2026-10-10T09:18:17.5983365Z   CARGO_TERM_COLOR: always
2026-10-10T09:18:17.5983582Z ##[endgroup]
2026-10-10T09:18:17.6692169Z python3 scripts/check-simd-asm.py --doc --config wasm32-simd128 --jobs 1 --report target/asm-reports/wasm32-simd128.json
2026-10-10T09:18:20.3851169Z == wasm32-simd128: 4 Cargo jobs
2026-10-10T09:18:20.3857577Z == wasm32-simd128 graph 0: /home/runner/work/purrdf/purrdf/target/simd-asm/contexts/f0c675edd9c19714fd434e0106eb0f166ce88d918f6dae68849cfac7a92f8953/cargo.graph-0.stderr.log
2026-10-10T09:23:40.1547116Z == wasm32-simd128 graph 1: /home/runner/work/purrdf/purrdf/target/simd-asm/contexts/f0c675edd9c19714fd434e0106eb0f166ce88d918f6dae68849cfac7a92f8953/cargo.graph-1.stderr.log
2026-10-10T09:24:21.7133803Z FAIL: `lex.terminals-in-ranges` [table] on wasm32-simd128: no function of crate `purrdf_iri` has `purrdf_iri::parse::scan` in its path -- the symbol was renamed or inlined away, and the evidence with it
2026-10-10T09:24:21.7136527Z `xsd.whitespace` [collapse simd128] on wasm32-simd128: `purrdf_xsd::simple::normalize_whitespace_collapse` has 0 vector ops, below the floor of 2
2026-10-10T09:24:21.7138377Z `xsd.whitespace` [collapse simd128] on wasm32-simd128: `purrdf_xsd::simple::normalize_whitespace_collapse` lacks the required `i8x16.eq`
2026-10-10T09:24:21.7140147Z `xsd.whitespace` [collapse simd128] on wasm32-simd128: `purrdf_xsd::simple::normalize_whitespace_collapse` lacks the required `v128.any_true`
2026-10-10T09:24:21.7141994Z `xsd.whitespace` [collapse simd128] on wasm32-simd128: `purrdf_xsd::simple::normalize_whitespace_collapse` has 0 vector ops, below the floor of 2
2026-10-10T09:24:21.7143820Z `xsd.whitespace` [collapse simd128] on wasm32-simd128: `purrdf_xsd::simple::normalize_whitespace_collapse` lacks the required `i8x16.eq`
2026-10-10T09:24:21.7145709Z `xsd.whitespace` [collapse simd128] on wasm32-simd128: `purrdf_xsd::simple::normalize_whitespace_collapse` lacks the required `v128.any_true`
2026-10-10T09:24:21.7148083Z `eval.aggregate-fold` [step] on wasm32-simd128: no function of crate `purrdf_sparql_eval` has `<purrdf_sparql_eval::modifier::NumericFold>::step_xsd` in its path -- the symbol was renamed or inlined away, and the evidence with it
2026-10-10T09:24:21.7150983Z `eval.aggregate-fold` [combine] on wasm32-simd128: no function of crate `purrdf_sparql_eval` has `<purrdf_sparql_eval::modifier::NumericFold>::combine_owned` in its path -- the symbol was renamed or inlined away, and the evidence with it
2026-10-10T09:24:21.7153764Z `hnsw.search-build` [search] on wasm32-simd128: no function of crate `purrdf_hnsw` has `purrdf_hnsw::search::search_layer::<purrdf_core::distance::Exact>` in its path -- the symbol was renamed or inlined away, and the evidence with it
2026-10-10T09:24:21.7156999Z `hnsw.search-build` [search reassociated] on wasm32-simd128: no function of crate `purrdf_hnsw` has `purrdf_hnsw::search::search_layer::<purrdf_core::distance::Reassociated>` in its path -- the symbol was renamed or inlined away, and the evidence with it
2026-10-10T09:24:21.7160842Z `hnsw.distance-cache` on wasm32-simd128: no function of crate `purrdf_hnsw` has `purrdf_hnsw::search::search_layer::<purrdf_core::distance::Exact>` in its path -- the symbol was renamed or inlined away, and the evidence with it
2026-10-10T09:24:21.7163847Z `facade.multimodal-read` [text lookup] on wasm32-simd128: no function of crate `purrdf_text` has `<purrdf_text::relation::TextSearchRelation>::holdings` in its path -- the symbol was renamed or inlined away, and the evidence with it
2026-10-10T09:24:21.8711216Z make: *** [Makefile:683: simd-asm] Error 1
2026-10-10T09:24:21.8727679Z ##[error]Process completed with exit code 2.
2026-10-10T09:24:21.8802652Z ##[group]Run actions/upload-artifact@043fb46d1a93c77aae656e7c1c64a875d1fc6a0a
2026-10-10T09:24:21.8803073Z with:
2026-10-10T09:24:21.8803286Z   name: asm-diagnostics-wasm32-simd128
2026-10-10T09:24:21.8804328Z   path: target/asm-diagnostics/
target/asm-reports/wasm32-simd128.json
target/simd-asm/contexts/**/purrdf_core*.s
target/simd-asm/contexts/**/cargo.graph-*.stdout.jsonl
target/simd-asm/contexts/**/cargo.graph-*.stderr.log
target/simd-asm/contexts/**/evidence/*.json

2026-10-10T09:24:21.8805810Z   if-no-files-found: error
2026-10-10T09:24:21.8806058Z   compression-level: 6
2026-10-10T09:24:21.8806277Z   overwrite: false
2026-10-10T09:24:21.8806486Z   include-hidden-files: false
2026-10-10T09:24:21.8806716Z   archive: true
2026-10-10T09:24:21.8806904Z env:
2026-10-10T09:24:21.8807089Z   CARGO_HOME: /home/runner/.cargo
2026-10-10T09:24:21.8807333Z   CARGO_INCREMENTAL: 0
2026-10-10T09:24:21.8807537Z   CARGO_TERM_COLOR: always
2026-10-10T09:24:21.8807747Z ##[endgroup]
2026-10-10T09:24:22.2441921Z Multiple search paths detected. Calculating the least common ancestor of all paths
2026-10-10T09:24:22.2445779Z The least common ancestor is /home/runner/work/purrdf/purrdf/target. This will be the root directory of the artifact
2026-10-10T09:24:22.2446416Z With the provided path, there will be 80 files uploaded
2026-10-10T09:24:22.2451080Z Artifact name is valid!
2026-10-10T09:24:22.2451475Z Root directory input is valid!
2026-10-10T09:24:22.5995605Z Uploading artifact: asm-diagnostics-wasm32-simd128.zip
2026-10-10T09:24:22.6056987Z Beginning upload of artifact content to blob storage
2026-10-10T09:24:23.9618435Z Uploaded bytes 2648771
2026-10-10T09:24:24.0370431Z Finished uploading artifact content to blob storage!
2026-10-10T09:24:24.0371623Z SHA256 digest of uploaded artifact is 345e98c1cf30a5ed837755f71290b68be8e447d9138b94a63a1f0dba4e85f340
2026-10-10T09:24:24.0372830Z Finalizing artifact upload
2026-10-10T09:24:24.4705732Z Artifact asm-diagnostics-wasm32-simd128 successfully finalized. Artifact ID 11665357990
2026-10-10T09:24:24.4707093Z Artifact asm-diagnostics-wasm32-simd128 has been successfully uploaded! Final size is 2648771 bytes. Artifact ID is 11665357990
2026-10-10T09:24:24.4710792Z Artifact download URL: https://github.com/Blackcat-Informatics/purrdf/actions/runs/38040854016/artifacts/11665357990
2026-10-10T09:24:24.4911608Z Post job cleanup.
2026-10-10T09:24:24.5740917Z [command]/usr/bin/git version
2026-10-10T09:24:24.5778158Z git version 2.55.0
2026-10-10T09:24:24.5811926Z Temporarily overriding HOME='/home/runner/work/_temp/e135a5a9-e942-4bea-84cc-7321c1b6bf4f' before making global git config changes
2026-10-10T09:24:24.5812817Z Adding repository directory to the temporary git global config as a safe directory
2026-10-10T09:24:24.5819325Z [command]/usr/bin/git config --global --add safe.directory /home/runner/work/purrdf/purrdf
2026-10-10T09:24:24.5849770Z Removing SSH command configuration
2026-10-10T09:24:24.5856300Z [command]/usr/bin/git config --local --name-only --get-regexp core\.sshCommand
2026-10-10T09:24:24.5890255Z [command]/usr/bin/git submodule foreach --recursive sh -c "git config --local --name-only --get-regexp 'core\.sshCommand' && git config --local --unset-all 'core.sshCommand' || :"
2026-10-10T09:24:24.6120591Z Removing HTTP extra header
2026-10-10T09:24:24.6124822Z [command]/usr/bin/git config --local --name-only --get-regexp http\.https\:\/\/github\.com\/\.extraheader
2026-10-10T09:24:24.6154279Z [command]/usr/bin/git submodule foreach --recursive sh -c "git config --local --name-only --get-regexp 'http\.https\:\/\/github\.com\/\.extraheader' && git config --local --unset-all 'http.https://github.com/.extraheader' || :"
2026-10-10T09:24:24.6382923Z Removing includeIf entries pointing to credentials config files
2026-10-10T09:24:24.6388376Z [command]/usr/bin/git config --local --name-only --get-regexp ^includeIf\.gitdir:
2026-10-10T09:24:24.6418360Z [command]/usr/bin/git submodule foreach --recursive git config --local --show-origin --name-only --get-regexp remote.origin.url
2026-10-10T09:24:24.6779112Z Cleaning up orphan processes
2026-10-10T09:24:24.7056017Z ##[warning]Node.js 20 is deprecated. The following actions target Node.js 20 but are being forced to run on Node.js 24: actions/cache@0057852bfaa89a56745cba8c7296529d2fc39830. For more information see: https://github.blog/changelog/2025-09-19-deprecation-of-node-20-on-github-actions-runners/
