   Compiling purrdf-entail v3.0.1 (/home/paudley/Active/purrdf/.worktrees/452-owl-propertychainaxiom-is-a-property/crates/entail)
    Finished `test` profile [optimized] target(s) in 35.58s
     Running tests/regular_role_chains.rs (/opt/.cargo/slots/1e00e87a12d7031b/0/build/debug/build/purrdf-entail/806846aa0c139a3c/out/regular_role_chains-806846aa0c139a3c)

running 16 tests
test literal_recursive_endpoint_is_not_replaced_by_an_equivalent_name ... ok
test printed_order_counterexample_and_inverse_endpoint_typo_do_not_pass ... ok
test top_outside_the_rbox_retains_universal_semantics_and_source_refusal_spelling ... ok
test cancelling_an_existing_regular_role_owner_cannot_publish_a_decision ... ok
test role_language_work_exhaustion_is_unknown_never_a_consistency_proof ... ok
test cyclic_existentials_with_role_obligations_have_a_finite_blocking_closure ... ok
test non_simple_characteristics_and_malformed_chain_lists_hard_refuse ... ok
test fixed_top_is_universal_and_bottom_chain_clashes ... ok
test inverse_heads_nested_dependencies_and_simple_equivalence_cycles ... ok
test fixed_top_aliases_without_a_chain_reach_query_only_individuals ... ok
test universal_obligations_clash_after_recursive_paths_and_blocking ... ok
test recorded_chain_consequence_replays_against_the_original_rbox ... ok
test nominal_merges_and_simple_functionality_preserve_role_obligations ... ok
test chain_derived_types_reach_all_query_services_and_materialization ... ok
test all_nine_consumer_shapes_are_exact_and_contradictions_are_detected ... ok
test stopping_during_regular_role_reads_never_publishes_a_completed_answer ... ok

test result: ok. 16 passed; 0 failed; 0 ignored; 0 measured; 0 filtered out; finished in 0.01s

