   Compiling purrdf-entail v3.0.1 (/home/paudley/Active/purrdf/.worktrees/452-owl-propertychainaxiom-is-a-property/crates/entail)
    Finished `test` profile [optimized] target(s) in 23.75s
     Running tests/regular_role_chains.rs (/opt/.cargo/slots/1e00e87a12d7031b/0/build/debug/build/purrdf-entail/806846aa0c139a3c/out/regular_role_chains-806846aa0c139a3c)

running 14 tests
test cyclic_existentials_with_role_obligations_have_a_finite_blocking_closure ... ok
test universal_obligations_clash_after_recursive_paths_and_blocking ... ok
test literal_recursive_endpoint_is_not_replaced_by_an_equivalent_name ... ok
test printed_order_counterexample_and_inverse_endpoint_typo_do_not_pass ... ok
test inverse_heads_nested_dependencies_and_simple_equivalence_cycles ... ok
test fixed_top_is_universal_and_bottom_chain_clashes ... ok
test recorded_chain_consequence_replays_against_the_original_rbox ... ok
test non_simple_characteristics_and_malformed_chain_lists_hard_refuse ... ok
test fixed_top_aliases_without_a_chain_reach_query_only_individuals ... ok
test role_language_work_exhaustion_is_unknown_never_a_consistency_proof ... ok
test cancelling_an_existing_regular_role_owner_cannot_publish_a_decision ... ok
test nominal_merges_and_simple_functionality_preserve_role_obligations ... ok
test chain_derived_types_reach_all_query_services_and_materialization ... ok
test all_nine_consumer_shapes_are_exact_and_contradictions_are_detected ... ok

test result: ok. 14 passed; 0 failed; 0 ignored; 0 measured; 0 filtered out; finished in 0.00s

    Finished `test` profile [optimized] target(s) in 0.17s
   Doc-tests purrdf_entail

running 24 tests
test crates/entail/src/entails/imports.rs - entails::imports::rif_resolver (line 116) ... ok
test crates/entail/src/calculus/mod.rs - calculus::calculus_program (line 478) ... ok
test crates/entail/src/entails/mod.rs - entails::entails (line 1048) ... ok
test crates/entail/src/entails/warrant.rs - entails::warrant::verify (line 731) ... ok
test crates/entail/src/explain.rs - explain::explain_conclusion (line 531) ... ok
test crates/entail/src/entails/mod.rs - entails::certain_answers (line 623) ... ok
test crates/entail/src/lib.rs - Materialization (line 279) ... ok
test crates/entail/src/reasoner/mod.rs - reasoner::Reasoner (line 141) ... ok
test crates/entail/src/explain.rs - explain::justify (line 799) ... ok
test crates/entail/src/reasoner/mod.rs - reasoner::Reasoner::proof_context (line 455) ... ok
test crates/entail/src/reasoner/module.rs - reasoner::module::extract_module (line 230) ... ok
test crates/entail/src/reasoner/module.rs - reasoner::module::extract_module_with_proofs (line 274) ... ok
test crates/entail/src/reasoner/profile.rs - reasoner::profile::profile (line 222) ... ok
test crates/entail/src/report.rs - report::Completeness::for_regime (line 202) ... ok
test crates/entail/src/report.rs - report::Completeness::for_run (line 242) ... ok
test crates/entail/src/report.rs - report::ReasoningReport::new (line 1190) ... ok
test crates/entail/src/report.rs - report::ReasoningReport::with_boundary (line 1437) ... ok
test crates/entail/src/rules.rs - rules::RuleId::is_extension (line 122) ... ok
test crates/entail/src/rules.rs - rules::extensions (line 888) ... ok
test crates/entail/src/rules.rs - rules::implemented (line 830) ... ok
test crates/entail/src/rules.rs - rules::rules (line 787) ... ok
test crates/entail/src/lib.rs - materialize (line 792) ... ok
test crates/entail/src/report.rs - report::ReasoningReport::extensions (line 1527) ... ok
test crates/entail/src/report.rs - report::TerminationCertificate (line 94) ... ok

test result: ok. 24 passed; 0 failed; 0 ignored; 0 measured; 0 filtered out; finished in 0.03s

all doctests ran in 1.00s; merged doctests compilation took 0.97s
    Checking purrdf-entail v3.0.1 (/home/paudley/Active/purrdf/.worktrees/452-owl-propertychainaxiom-is-a-property/crates/entail)
    Finished `dev` profile [optimized + debuginfo] target(s) in 7.49s
