    Checking purrdf-sparql-eval v3.0.1 (/home/paudley/Active/purrdf/.worktrees/508-sparql-eval-complete-bounded-workspace/crates/sparql-eval)
    Checking purrdf-rdf v3.0.1 (/home/paudley/Active/purrdf/.worktrees/508-sparql-eval-complete-bounded-workspace/crates/rdf)
    Checking purrdf-text v3.0.1 (/home/paudley/Active/purrdf/.worktrees/508-sparql-eval-complete-bounded-workspace/crates/text)
    Checking purrdf-hnsw v3.0.1 (/home/paudley/Active/purrdf/.worktrees/508-sparql-eval-complete-bounded-workspace/crates/hnsw)
    Checking purrdf-geo v3.0.1 (/home/paudley/Active/purrdf/.worktrees/508-sparql-eval-complete-bounded-workspace/crates/geo)
    Checking purrdf-retrieval v3.0.1 (/home/paudley/Active/purrdf/.worktrees/508-sparql-eval-complete-bounded-workspace/crates/retrieval)
error: unused import: `FallibleDatasetView`
  --> crates/text/tests/bounded_text_focus.rs:10:5
   |
10 |     FallibleDatasetView, QuadIds, RdfDataset, RdfDatasetBuilder, SegmentedBuildLimits,
   |     ^^^^^^^^^^^^^^^^^^^
   |
   = note: `-D unused-imports` implied by `-D warnings`
   = help: to override `-D warnings` add `#[allow(unused_imports)]`

error[E0599]: no method named `read_error` found for struct `purrdf_core::SegmentedSession` in the current scope
   --> crates/text/tests/bounded_text_focus.rs:207:28
    |
207 |             assert!(source.read_error().is_none());
    |                            ^^^^^^^^^^ method not found in `purrdf_core::SegmentedSession`
    |
   ::: crates/rdf-core/src/dataset_view.rs:546:8
    |
546 |     fn read_error(&self) -> Option<Self::ReadError> {
    |        ---------- the method is available for `purrdf_core::SegmentedSession` here
    |
    = help: items from traits can only be used if the trait is in scope
help: trait `DatasetView` which provides `read_error` is implemented but not in scope; perhaps you want to import it
    |
  6 + use purrdf_core::DatasetView;
    |

For more information about this error, try `rustc --explain E0599`.
error: could not compile `purrdf-text` (test "bounded_text_focus") due to 2 previous errors
warning: build failed, waiting for other jobs to finish...
    Checking purrdf-slice v3.0.1 (/home/paudley/Active/purrdf/.worktrees/508-sparql-eval-complete-bounded-workspace/crates/slice)
    Checking purrdf-bench v3.0.1 (/home/paudley/Active/purrdf/.worktrees/508-sparql-eval-complete-bounded-workspace/crates/bench)
    Checking purrdf-json v3.0.1 (/home/paudley/Active/purrdf/.worktrees/508-sparql-eval-complete-bounded-workspace/crates/json)
    Checking purrdf-conformance-kit v3.0.1 (/home/paudley/Active/purrdf/.worktrees/508-sparql-eval-complete-bounded-workspace/crates/conformance-kit)
    Checking purrdf-shapes v3.0.1 (/home/paudley/Active/purrdf/.worktrees/508-sparql-eval-complete-bounded-workspace/crates/shapes)
    Checking purrdf-markdown v3.0.1 (/home/paudley/Active/purrdf/.worktrees/508-sparql-eval-complete-bounded-workspace/crates/markdown)
    Checking purrdf-shex v3.0.1 (/home/paudley/Active/purrdf/.worktrees/508-sparql-eval-complete-bounded-workspace/crates/shex)
    Checking purrdf-validate v3.0.1 (/home/paudley/Active/purrdf/.worktrees/508-sparql-eval-complete-bounded-workspace/crates/validate)
    Checking purrdf-envelope-probe v3.0.1 (/home/paudley/Active/purrdf/.worktrees/508-sparql-eval-complete-bounded-workspace/crates/envelope-probe)
    Checking purrdf v3.0.1 (/home/paudley/Active/purrdf/.worktrees/508-sparql-eval-complete-bounded-workspace/crates/purrdf)
    Checking purrdf-cli v3.0.1 (/home/paudley/Active/purrdf/.worktrees/508-sparql-eval-complete-bounded-workspace/crates/cli)
    Checking purrdf-sparql-conformance v3.0.1 (/home/paudley/Active/purrdf/.worktrees/508-sparql-eval-complete-bounded-workspace/crates/sparql-conformance)
    Checking purrdf-capi v3.0.1 (/home/paudley/Active/purrdf/.worktrees/508-sparql-eval-complete-bounded-workspace/crates/rdf-capi)
    Checking purrdf-wasm v3.0.1 (/home/paudley/Active/purrdf/.worktrees/508-sparql-eval-complete-bounded-workspace/crates/rdf-wasm)
    Checking purrdf-python v3.0.1 (/home/paudley/Active/purrdf/.worktrees/508-sparql-eval-complete-bounded-workspace/bindings/python)
