    Blocking waiting for file lock on package cache
    Blocking waiting for file lock on package cache
    Blocking waiting for file lock on package cache
   Compiling purrdf-core v3.0.1 (/home/paudley/Active/purrdf/.worktrees/387-blank-scope-investigation/crates/rdf-core)
    Finished `test` profile [optimized] target(s) in 19.83s
     Running unittests src/lib.rs (/opt/.cargo/slots/2b79b067da2bb563/0/build/debug/build/purrdf-core/7f5c7ffc4f90d92b/out/purrdf_core-7f5c7ffc4f90d92b)

running 1124 tests
test artifact::container::tests::accepts_a_whole_artifact_as_a_section_body ... ok
test artifact::container::tests::accepts_an_empty_identity ... ok
test artifact::container::tests::accepts_adjacent_distinct_kinds ... ok
test artifact::container::tests::accepts_current_version ... ok
test artifact::container::tests::accepts_extreme_kind_tags ... ok
test artifact::container::tests::accepts_unmodified_bytes_after_a_tampering_test ... ok
test artifact::container::tests::accepts_payload_beginning_with_magic_bytes ... ok
test artifact::container::tests::accepts_zero_length_section ... ok
test artifact::container::tests::accepts_zero_sections ... ok
test artifact::container::tests::accepts_single_section ... ok
test artifact::container::tests::build_bytes_is_deterministic ... ok
test artifact::container::tests::container_digest_changes_with_any_byte_of_content ... ok
test artifact::container::tests::identity_mismatch_survives_the_round_trip ... ok
test artifact::container::tests::insertion_order_does_not_reach_the_bytes ... ok
test artifact::container::tests::layout_constants_agree_with_the_documented_tables ... ok
test artifact::container::tests::refuses_appended_bytes ... ok
test artifact::container::tests::refuses_bad_magic ... ok
test artifact::container::tests::refuses_descending_directory_order ... ok
test artifact::container::tests::refuses_duplicate_section ... ok
test artifact::container::tests::refuses_flipped_section_byte ... ok
test artifact::container::tests::refuses_missing_section ... ok
test artifact::container::tests::refuses_non_zero_padding ... ok
test artifact::container::tests::refuses_relocated_section ... ok
test artifact::container::tests::refuses_section_count_mismatch ... ok
test artifact::container::tests::refuses_tampered_container_digest ... ok
test artifact::container::tests::refuses_tampered_identity_region ... ok
test artifact::container::tests::refuses_tampered_trailer_fields ... ok
test artifact::container::tests::refuses_truncated_body ... ok
test artifact::container::tests::refuses_truncated_trailer ... ok
test artifact::container::tests::refuses_unsupported_version ... ok
test artifact::container::tests::round_trip_sections_preserves_bytes ... ok
test artifact::identity::tests::duplicate_labels_stay_distinct_components ... ok
test artifact::identity::tests::empty_identity_round_trips ... ok
test artifact::identity::tests::equal_identities_report_no_mismatch ... ok
test artifact::identity::tests::identity_components_decode_to_what_was_encoded ... ok
test artifact::identity::tests::identity_digest_tracks_every_push ... ok
test artifact::identity::tests::identity_is_injective_across_field_boundaries ... ok
test artifact::identity::tests::identity_mismatch_names_the_component ... ok
test artifact::identity::tests::refuses_non_canonical_length_prefix ... ok
test artifact::identity::tests::identity_mismatch_reports_shape_differences ... ok
test artifact::identity::tests::refuses_non_utf8_label ... ok
test artifact::identity::tests::refuses_truncated_identity ... ok
test artifact::identity::tests::renders_binary_values_as_hex_and_text_as_text ... ok
test backend::tests::each_result_shape_names_its_query_form ... ok
test binding_pattern::tests::absorption_laws ... ok
test binding_pattern::tests::all_free_subsumes_everything_top_subsumes_nothing_else ... ok
test binding_pattern::tests::arity2_codes_are_the_canonical_binary_adornments ... ok
test binding_pattern::tests::arity_and_is_bound_agree_with_constructors ... ok
test backend::tests::term_factory_interns_all_value_variants ... ok
test binding_pattern::tests::code_round_trips_arity2 ... ok
test binding_pattern::tests::code_round_trips_arity3 ... ok
test binding_pattern::tests::is_all_free_only_when_nothing_bound ... ok
test binding_pattern::tests::bound_position_beyond_arity_panics - should panic ... ok
test binding_pattern::tests::from_code_rejects_foreign_chars - should panic ... ok
test binding_pattern::tests::join_arity_mismatch_panics - should panic ... ok
test binding_pattern::tests::join_is_bound_set_union_and_an_upper_bound ... ok
test binding_pattern::tests::meet_arity_mismatch_panics - should panic ... ok
test binding_pattern::tests::max_arity_is_representable_end_to_end ... ok
test binding_pattern::tests::subsumes_is_reflexive ... ok
test binding_pattern::tests::subsumes_is_antisymmetric ... ok
test blank_label::tests::a_legal_label_equal_to_an_envelope_is_encoded_away_from_it ... ok
test blank_label::tests::a_marker_token_never_merges_with_the_label_it_names ... ok
test blank_label::tests::a_token_outside_the_reserved_namespace_is_verbatim ... ok
test binding_pattern::tests::position_order_does_not_affect_stored_or_observable_state ... ok
test binding_pattern::tests::subsumes_is_transitive ... ok
test binding_pattern::tests::meet_is_bound_set_intersection_and_a_lower_bound ... ok
test blank_label::tests::ascii_sweep_blank_node_label ... ok
test blank_label::tests::ascii_sweep_ncname ... ok
test binding_pattern::tests::subsumes_is_false_across_arities ... ok
test binding_pattern::tests::meet_and_join_are_commutative ... ok
test blank_label::tests::dispatch_via_is_valid_label ... ok
test blank_label::tests::a_marker_token_outside_the_image_is_verbatim ... ok
test blank_label::tests::decode_inverts_encode_and_accepts_nothing_else ... ok
test blank_label::tests::encode_output_is_always_legal_under_the_target_alphabet ... ok
test blank_label::tests::legal_prefix_always_yields_a_legal_minted_label ... ok
test blank_label::tests::every_envelope_is_legal_in_every_alphabet ... ok
test blank_label::tests::encode_is_deterministic_across_runs ... ok
test blank_label::tests::encode_is_injective_over_label_scope_pairs ... ok
test blank_label::tests::structural_blank_node_label ... ok
test blank_label::tests::internal_tables_match_independent_transcription ... ok
test blank_label::tests::structural_blank_node_label_prefix ... ok
test blank_label::tests::structural_ncname ... ok
test blank_label::tests::the_dotted_and_marker_family_stays_five_distinct_labels ... ok
test blank_label::tests::rewritten_labels_are_ascii_word_characters_only ... ok
test blank_label::tests::the_envelope_is_the_documented_grammar ... ok
test blank_label::tests::unicode_boundary_accepted_blank_node_label ... ok
test blank_label::tests::unicode_boundary_rejected_blank_node_label ... ok
test blank_label::tests::retarget_owned_label_equals_a_direct_encode ... ok
test blank_label::tests::unscoped_legal_labels_are_borrowed_byte_identically ... ok
test blank_label::tests::xml_text_admits_representable_non_whitespace_and_refuses_the_rest ... ok
test bundle::tests::reject_absolute_path ... ok
test bundle::tests::load_accepts_well_formed_bundle ... ok
test bundle::tests::reject_conflicting_manifests_for_one_unit_iri ... ok
test bundle::tests::reject_digest_mismatch ... ok
test bundle::tests::reject_duplicate_artifact_ids ... ok
test bundle::tests::reject_duplicate_logical_paths ... ok
test bundle::tests::reject_path_traversal ... ok
test bundle::tests::repo_free_recoverability_by_role_path_and_digest ... ok
test bundle::tests::resegmentation_invariance ... ok
test bytes::tests::an_integer_is_reached_exactly_when_it_fits ... ok
test bytes::tests::an_offset_past_the_end_is_refused ... ok
test cdt_blank::tests::a_malformed_embedded_composite_literal_is_refused ... ok
test cdt_blank::tests::a_map_key_never_contributes_a_blank_node ... ok
test cdt_blank::tests::a_no_op_rewrite_borrows ... ok
test cdt_blank::tests::a_non_composite_embedded_literal_stays_opaque ... ok
test cdt_blank::tests::an_ambient_scope_is_spelled_exactly_as_a_bare_term_would_be ... ok
test cdt_blank::tests::a_non_composite_literal_is_untouched ... ok
test backend::term_walk_tests::interning_agrees_with_its_recursive_reference_on_generated_values ... ok
test cdt_blank::tests::an_unsigned_uchar_still_decodes ... ok
test cdt_blank::tests::an_ambient_scope_reaches_embedded_literals_without_re_escaping ... ok
test cdt_blank::tests::an_ill_formed_composite_literal_is_refused ... ok
test cdt_blank::tests::distinct_labels_stay_distinct ... ok
test cdt_blank::tests::a_signed_uchar_is_not_an_escape ... ok
test cdt_blank::tests::doubly_embedded_labels_are_found ... ok
test cdt_blank::tests::embedded_composite_literal_nesting_opens_no_new_scope ... ok
test cdt_blank::tests::one_label_twice_in_one_literal_names_one_node ... ok
test cdt_blank::tests::only_the_two_composite_datatypes_dispatch ... ok
test cdt_blank::tests::binding_touches_the_label_tokens_and_nothing_else ... ok
test cdt_blank::tests::rewriting_can_skolemize_an_embedded_blank ... ok
test cdt_blank::tests::rewriting_renames_every_occurrence ... ok
test cdt_blank::tests::text_ingress_at_the_default_scope_is_a_byte_identity ... ok
test cdt_blank::tests::text_binding_is_a_fixpoint ... ok
test cdt_blank::tests::the_datatype_selects_the_grammar ... ok
test cdt_blank::tests::the_scanner_never_panics_on_hostile_bytes ... ok
test cdt_blank::tests::direct_nesting_opens_no_new_scope ... ok
test cdt_blank::tests::triple_term_components_are_in_scope ... ok
test collections::tests::a_built_list_walks_back_to_its_members ... ok
test collections::tests::a_list_of_owned_terms_is_built_with_the_rdf_vocabulary ... ok
test collections::tests::a_statement_in_several_graphs_is_one_edge ... ok
test collections::tests::an_rdf_nil_head_is_the_empty_list ... ok
test collections::tests::a_well_formed_three_element_list_walks ... ok
test collections::tests::an_rdf_nil_with_edges_is_refused_and_a_bare_one_is_read ... ok
test collections::tests::cells_typed_rdf_list_and_annotated_still_walk ... ok
test collections::tests::container_member_index_parses_suffix ... ok
test collections::tests::a_cycle_is_refused_with_each_cell_read_once ... ok
test collections::tests::container_members_numeric_order_with_gap ... ok
test collections::tests::convertible_list_cells_keep_a_well_formed_suffix ... ok
test collections::tests::convertible_list_cells_need_a_well_formed_tail ... ok
test collections::tests::convertible_list_cells_stop_at_a_converted_cell ... ok
test collections::tests::convertible_list_cells_walk_back_to_the_head ... ok
test collections::tests::cyclic_rest_terminates_truncated ... ok
test collections::tests::fallible_list_construction_stops_at_the_first_callback_error ... ok
test collections::tests::graph_scoping_isolates_lists ... ok
test collections::tests::iri_named_cells_walk ... ok
test collections::tests::literal_and_triple_term_members_walk ... ok
test collections::tests::malformed_dangling_rest_is_error ... ok
test collections::tests::malformed_missing_first_is_error ... ok
test collections::tests::malformed_multiple_first_is_error ... ok
test collections::tests::members_dispatch_collection_vs_container ... ok
test collections::tests::missing_edges_are_refused_and_the_error_names_the_cell ... ok
test collections::tests::nested_and_blank_members_walk ... ok
test collections::tests::ordered_collection_in_order ... ok
test collections::tests::rdf_list_error_display_and_error ... ok
test collections::tests::rdf_list_walk_counts_without_collecting ... ok
test collections::tests::rdf_list_walk_yields_members_then_one_fault ... ok
test collections::tests::terminator_taxonomy_empty ... ok
test collections::tests::sole_object_counts_distinct_objects_up_to_two ... ok
test collections::tests::self_cycle_at_head_terminates ... ok
test collections::tests::the_walker_reads_any_edge_source_and_counts_a_repeated_edge_once ... ok
test content_id::tests::is_a_distinct_type_from_content_digest ... ok
test content_id::tests::accepts_valid_lowercase_hex ... ok
test content_id::tests::rejects_non_hex_char ... ok
test content_id::tests::rejects_uppercase_hex ... ok
test content_id::tests::rejects_wrong_length ... ok
test collections::tests::two_rdf_rest_edges_are_refused ... ok
test content_id::tests::round_trips_through_hex ... ok
test content_id::tests::scheme_accepts_prefix_ending_in_non_hex_char ... ok
test content_id::tests::scheme_rejects_empty_prefix ... ok
test content_id::tests::scheme_rejects_prefix_ending_in_hex_digit ... ok
test content_store::tests::digest_of_is_stable_and_hex_round_trips ... ok
test content_store::tests::from_hex_rejects_bad_input ... ok
test content_store::tests::insert_checked_accepts_matching_digest ... ok
test content_store::tests::insert_checked_rejects_mismatched_digest ... ok
test content_store::tests::insert_is_idempotent_and_content_addressed ... ok
test content_store::tests::verify_all_passes_for_clean_store ... ok
test cover::tests::a_chain_whose_pieces_share_a_cut_decodes_by_its_declarations ... ok
test cover::tests::a_continuation_cannot_declare_itself_and_a_split_scalar_cannot_be_smuggled ... ok
test cover::tests::a_cover_that_rebuilds_the_wrong_bytes_is_named_by_its_digest ... ok
test cover::tests::a_full_cover_decodes_and_a_missing_span_names_the_uncovered_run ... ok
test cover::tests::a_span_answers_for_its_own_shape_before_the_cover_is_asked ... ok
test csv::read::source_width_tests::source_rows_cross_u32_without_truncation ... ok
test csv::read::source_width_tests::terminal_source_row_is_issued_once_and_then_refused_before_consumption ... ok
test csv::scan::tests::a_set_of_repeats_is_one_needle_and_padding_never_adds_a_member ... ok
test cover::tests::an_empty_document_is_a_lawful_graph_of_nothing ... ok
test cover::tests::an_overlap_is_refused_undeclared_and_admitted_declared_even_though_the_bytes_agree_either_way ... ok
test csv::scan::tests::the_selected_kernel_is_among_the_available_ones ... ok
test csv::tests::a_doubled_quote_in_an_unquoted_cell_is_one_quote ... ok
test csv::tests::a_first_field_that_begins_with_the_comment_prefix_is_quoted ... ok
test csv::tests::a_field_is_quoted_only_when_it_must_be ... ok
test csv::tests::a_quoted_value_holds_delimiters_line_breaks_and_doubled_quotes ... ok
test csv::scan::tests::required_csv_paths_are_available ... ok
test csv::tests::a_quote_inside_an_unquoted_cell_is_refused_beside_its_doubled_neighbour ... ok
test csv::tests::a_string_record_behaves_as_its_list_of_fields ... ok
test csv::tests::a_byte_order_mark_is_removed_and_nothing_else_is ... ok
test csv::tests::an_empty_line_terminator_is_refused_beside_a_one_byte_terminator ... ok
test csv::tests::a_header_row_is_consumed_by_headers_and_not_yielded_by_records ... ok
test csv::tests::an_error_names_its_row_line_column_and_byte ... ok
test csv::tests::a_sink_failure_is_an_io_error ... ok
test csv::tests::an_escape_dialect_writes_escapes ... ok
test csv::tests::an_unterminated_quoted_value_is_refused_beside_the_closed_neighbour ... ok
test csv::tests::an_escape_character_applies_inside_and_outside_quotes ... ok
test csv::tests::an_unequal_record_is_refused_unless_the_dialect_is_flexible ... ok
test csv::tests::bytes_that_are_not_utf8_are_refused_beside_the_ascii_neighbour ... ok
test csv::tests::encoding_labels_are_the_utf8_labels_of_the_encoding_standard ... ok
test csv::tests::dialect_bytes_that_the_scanner_cannot_test_are_refused_beside_valid_ones ... ok
test csv::tests::line_terminators_are_tried_in_the_declared_order ... ok
test csv::tests::read_table_walks_the_csvw_table_algorithm ... ok
test csv::tests::rows_end_at_crlf_or_lf_and_a_lone_cr_is_text ... ok
test csv::tests::text_after_a_closing_quote_is_refused_beside_the_delimiter_neighbour ... ok
test csv::tests::the_field_writer_and_the_text_writer_share_the_quoting_rule ... ok
test csv::tests::the_rfc4180_preset_yields_the_header_row_as_a_record ... ok
test csv::tests::the_sssom_preset_is_tab_delimited_and_flexible ... ok
test csv::tests::trim_removes_unicode_white_space_as_asked ... ok
test csv::tests::without_a_quote_character_quotes_are_text ... ok
test csv::tests::writer_refusals_write_nothing_and_their_neighbours_write ... ok
test dataset_view::term_value_tests::a_present_empty_literal_resolves_to_the_empty_string ... ok
test dataset_view::term_value_tests::an_id_whose_literal_datatype_is_not_an_iri_is_foreign ... ok
test dataset_view::term_value_tests::the_lookup_error_names_the_foreign_id ... ok
test dataset_view::tests::a_view_failed_at_first_sample_returns_the_before_checkpoint_error_without_draining ... ok
test dataset_view::tests::a_view_that_faults_during_the_drain_returns_the_after_checkpoint_error_and_drops_the_output ... ok
test dataset_view::tests::an_always_ready_view_publishes ... ok
test dataset_view::tests::graph_match_three_way ... ok
test dataset_view::tests::graph_selector_resolves_against_the_dataset_without_minting ... ok
test dataset_view::tests::objects_of_predicate_is_the_distinct_range_in_scope ... ok
test dataset_view::tests::quads_for_pattern_filters_by_id_and_graph ... ok
test dataset_view::term_value_tests::every_interned_value_resolves_to_itself ... ok
test describe::tests::absent_subject_yields_empty ... ok
test describe::tests::a_reifier_declared_in_another_graph_than_its_reified_triple_is_kept_there ... ok
test describe::tests::blank_nodes_expand_transitively ... ok
test describe::tests::blank_reifier_own_triples_are_closed ... ok
test describe::tests::blank_annotation_object_is_closed ... ok
test describe::tests::describes_incoming_triples_symmetrically ... ok
test describe::tests::describes_outgoing_triples ... ok
test describe::tests::each_declaration_harvests_only_its_own_graphs_annotations ... ok
test describe::tests::named_node_neighbours_do_not_expand ... ok
test describe::tests::includes_reifiers_about_the_subject ... ok
test describe::tests::slice_scope_unions_subjects ... ok
test describe::tests::reifier_and_annotation_stay_in_their_source_graph ... ok
test describe::tests::reifier_reifying_multiple_triples_closes_each_binding ... ok
test diagnostic::tests::template_drift_is_refused_and_large_arguments_remain_exact ... ok
test distance::binary64_tests::every_double_rounding_row_is_a_witness_and_no_other_row_is ... ok
test distance::binary64_tests::the_reference_rounds_twice_the_way_the_x87_does ... ok
test diagnostic::tests::iri_fields_render_the_existing_english ... ok
test distance::reassociated_tests::a_recorded_code_of_another_arithmetic_is_unknown ... ok
test distance::reassociated_tests::a_recorded_narrower_path_computes_its_own_bits ... ok
test distance::reassociated_tests::a_recorded_path_resolves_whenever_the_host_runs_it ... ok
test distance::reassociated_tests::a_recorded_path_whose_feature_is_hidden_is_refused_naming_it ... ok
test distance::reassociated_tests::no_substitution_exact_never_fast ... ok
test distance::reassociated_tests::evidence_text_pinned ... ok
test distance::reassociated_tests::reassociated_overflow_is_nonfinite ... ok
test distance::reassociated_tests::reassociated_refuses_flush_to_zero ... ok
test distance::reassociated_tests::reassociated_bounded_agrees_with_full ... ok
test describe::term_walk_tests::resolution_agrees_with_its_recursive_reference_on_generated_terms ... ok
test distance::reassociated_tests::the_reassociated_identity_is_pinned ... ok
test distance::reassociated_tests::the_portable_path_is_not_dispatched_where_a_named_path_exists - should panic ... ok
test distance::reassociated_tests::reassociated_resolves_the_path_the_processor_predicts ... ok
test distance::shape::tests::the_table_fits_the_layout ... ok
test distance::tests::default_float_environment_resolves ... ok
test distance::shape::tests::a_relevant_feature_changes_the_shape_and_an_irrelevant_one_does_not ... ok
test distance::shape::tests::this_build_records_its_own_identity ... ok
test distance::shape::tests::this_build_encodes_as_the_encoder_would ... ok
test distance::binary64_tests::exact_kernels_and_the_norm_equal_the_software_reference_on_witnesses ... ok
test distance::tests::every_refusal_renders_a_distinct_sentence ... ok
test distance::tests::a_misshapen_matrix_is_refused_and_a_well_shaped_one_is_not ... ok
test distance::shape::tests::the_identity_is_deterministic_and_moves_with_every_input ... ok
test distance::tests::family_contract_digest_unchanged_by_arithmetic ... ok
test distance::shape::tests::the_display_names_the_architecture_and_features ... ok
test distance::tests::order_is_the_lane_tree ... ok
test distance::tests::resolve_refuses_every_mxcsr_departure_and_answers_the_default ... ok
test distance::tests::the_default_environment_passes_every_probe_row ... ok
test distance::shape::tests::the_encoder_is_deterministic_and_order_free ... ok
test distance::tests::the_exact_identity_is_pinned ... ok
test distance::shape::tests::the_identity_text_names_the_compiler_cpu_and_level ... ok
test distance::tests::the_probe_alone_refuses_every_mxcsr_departure ... ok
test fno::tests::expects_is_an_ordered_rdf_list ... ok
test fno::tests::mapping_uses_plain_string_for_implementation_property ... ok
test fno::tests::required_is_an_xsd_boolean_literal ... ok
test fno::tests::to_ntriples_emits_the_document_node ... ok
test distance::tests::the_exact_code_resolves_without_avx512f ... ok
test governor::tests::every_dimension_label_is_unique_and_stable ... ok
test fno::tests::returns_is_a_one_element_list ... ok
test distance::tests::every_probe_row_is_distinct_and_names_its_departure ... ok
test governor::tests::every_tripped_governor_label_is_unique_and_stable ... ok
test governor::tests::evidence_echoes_its_limits_and_starts_complete ... ok
test governor::tests::paged_limits_round_trip_through_the_resource_vector ... ok
test governor::tests::precedence_is_a_total_order_over_every_governor ... ok
test governor::tests::resource_vector_unbounded_is_not_bounded_on_any_dimension ... ok
test governor::tests::resource_vector_zero_is_bounded_on_every_dimension ... ok
test governor::tests::saturating_add_does_not_overflow_at_u64_max ... ok
test distance::tests::bounded_matches_full ... ok
test governor::tests::stop_cause_round_trips_through_page_fault_kind ... ok
test graph::tests::back_edge_to_a_popped_component_does_not_merge ... ok
test graph::tests::chained_components_are_not_merged ... ok
test governor::tests::page_fault_constructors_still_build_the_expected_stopped_variant ... ok
test distance::tests::nonfinite_checked_before_bound ... ok
test graph::tests::empty_graph_has_no_components ... ok
test graph::tests::isolated_node_is_its_own_component ... ok
test graph::tests::isolated_nodes_do_not_merge ... ok
test graph::tests::self_loop_is_a_singleton_component ... ok
test graph::tests::simple_cycle_and_an_isolated_node ... ok
test governor::tests::paged_limits_projection_leaves_compute_dimensions_unbounded ... ok
test graph::tests::two_disjoint_non_trivial_components ... ok
test graph::tests::whole_graph_is_one_component ... ok
test blank_label::tests::decode_inverts_encode_for_every_scalar_position ... ok
test graph_roles::tests::a_document_without_graph_types_classifies_nothing ... ok
test graph_roles::tests::a_transitive_user_subclass_gives_the_role_and_an_unrelated_class_does_not ... ok
test graph_roles::tests::each_graph_class_gives_its_role_and_another_class_gives_none ... ok
test fno::tests::emits_function_typing_and_label_langstring ... ok
test graph_roles::tests::roles_accumulate_and_only_the_data_graph_role_anchors_nothing ... ok
test hash::tests::packed_fields_preserve_boundaries_presence_and_high_id_bits ... ok
test imports::tests::an_import_on_a_loaded_iri_counts_and_one_on_another_node_is_data ... ok
test imports::tests::an_entry_nothing_imports_is_unreached ... ok
test imports::tests::the_importing_graph_conflicts_with_a_version_it_imports ... ok
test imports::tests::every_shapes_graph_instance_imports_and_an_unrelated_type_does_not ... ok
test imports::tests::the_merge_is_transitive_cycle_safe_and_standardized_apart ... ok
test imports::tests::a_closure_that_reached_nothing_is_not_copied ... ok
test ir::absolute::tests::malformed_iris_keep_their_own_diagnostic ... ok
test ir::absolute::tests::relative_references_are_rejected_with_the_shared_code ... ok
test imports::tests::each_resolution_route_resolves_and_its_neighbour_does_not ... ok
test ir::builder::tests::blank_scope_distinctness ... ok
test imports::tests::two_shapes_graphs_in_one_document_are_both_anchored ... ok
test ir::builder::tests::datatype_expansion_equality ... ok
test ir::builder::tests::directional_literal_distinctness ... ok
test ir::builder::tests::all_term_kinds_match_borrowed_and_stored_hashes ... ok
test blank_label::tests::encode_output_is_legal_for_every_scalar_position ... ok
test ir::builder::tests::freeze_dedupes_annotations ... ok
test ir::builder::tests::freeze_dedupes_quads ... ok
test ir::builder::tests::freeze_preserves_named_graphs ... ok
test ir::builder::tests::intern_blank_is_idempotent ... ok
test imports::tests::unanchored_imports_are_listed_per_document ... ok
test ir::builder::tests::intern_blank_never_recognized_as_content_id ... ok
test ir::builder::tests::intern_iri_content_id_is_idempotent ... ok
test ir::builder::tests::intern_iri_is_idempotent ... ok
test imports::tests::two_versions_of_one_series_conflict_and_two_series_do_not ... ok
test ir::builder::tests::intern_iri_no_recognition_when_scheme_inactive ... ok
test ir::builder::tests::intern_iri_ordinary_iri_has_no_content_id ... ok
test ir::builder::tests::intern_iri_recognizes_content_id ... ok
test ir::absolute::tests::absolute_iris_pass ... ok
test ir::builder::tests::intern_literal_is_idempotent ... ok
test ir::builder::tests::intern_iri_rejects_malformed_suffix_as_ordinary_iri ... ok
test ir::builder::tests::lang_tagged_distinct_from_plain ... ok
test ir::builder::tests::language_lowercasing ... ok
test ir::builder::tests::nested_triple_term_structural_identity ... ok
test ir::builder::tests::new_builder_has_no_content_scheme ... ok
test imports::tests::an_ontology_header_imports_and_a_supplied_document_is_merged ... ok
test imports::tests::an_imported_documents_imports_are_read_from_its_own_anchors ... ok
test ir::builder::tests::iri_hash_matches_stored_form_across_lengths_and_table_growth ... ok
test ir::builder::tests::push_dataset_carries_reifiers_and_annotations ... ok
test ir::builder::tests::push_dataset_keeps_two_scopes_of_one_label_apart ... ok
test imports::tests::a_blank_node_header_imports_and_an_untyped_blank_node_does_not ... ok
test imports::tests::a_data_graph_alone_anchors_nothing_and_a_data_graph_ontology_does ... ok
test ir::builder::tests::the_owned_round_trip_preserves_blank_label_identity ... ok
test imports::tests::a_subject_versioning_an_anchor_imports_and_one_versioning_another_iri_does_not ... ok
test ir::builder::tests::freeze_keeps_multiple_reifiers_for_one_triple ... ok
test ir::builder::tests::push_dataset_merges_and_dedupes_quads ... ok
test ir::builder::tests::push_dataset_standardizes_apart_blank_nodes ... ok
test ir::builder::tests::validated_builder_type_state_freezes_after_validation ... ok
test ir::absolute::tests::empty_iri_is_a_missing_base_not_an_empty_string ... ok
test ir::canon::tests::a_graph_scoped_refusal_does_not_spread_to_a_neighbouring_graph ... ok
test ir::canon::tests::a_literally_asserted_sentinel_row_folds_into_the_flat_annotation_row_it_denotes ... ok
test ir::builder::tests::with_content_addressing_sets_config ... ok
test imports::tests::a_declared_shapes_graph_resolves_in_place_and_a_declared_data_graph_does_not ... ok
test ir::canon::tests::a_literally_asserted_sentinel_row_folds_into_the_flat_reifier_row_it_denotes ... ok
test ir::canon::tests::all_ground_fast_path_sorts_quads ... ok
test ir::canon::tests::annotation_shows_in_canon ... ok
test ir::canon::tests::any_iri_in_the_reserved_namespace_is_refused_not_only_the_two_sentinels ... ok
test ir::canon::tests::a_flat_reifier_slot_renders_identically_whether_interned_or_literal ... ok
test ir::canon::tests::blank_count_counts_distinct_including_nested ... ok
test ir::canon::tests::a_literally_asserted_sentinel_row_folds_into_the_reifier_it_denotes ... ok
test ir::bundle::tests::bundle_pairs_dataset_with_envelope ... ok
test ir::bundle::tests::envelope_default_is_empty ... ok
test csv::tests::every_preset_reads_back_what_it_writes ... ok
test csv::scan::tests::every_kernel_agrees_with_the_per_byte_scan_over_seeded_inputs ... ok
test ir::canon::tests::canonical_relabel_covers_a_declaration_only_blank_graph ... ok
test ir::canon::tests::a_spelled_row_and_the_row_it_spells_canonicalize_identically ... ok
test ir::canon::tests::flat_presentation_refuses_the_same_near_misses_the_overlay_does ... ok
test ir::canon::tests::flat_graph_scope_is_flat_dataset_scope_composed_with_projection ... ok
test ir::canon::tests::canonical_relabel_propagates_canonicalization_refusals ... ok
test ir::canon::tests::canonical_relabel_output_labels_are_exactly_the_c14n_set ... ok
test ir::canon::tests::canonical_relabel_is_idempotent_and_isomorphism_preserving ... ok
test ir::canon::tests::check_admissible_agrees_with_the_canonicalizer_on_both_answers ... ok
test ir::canon::tests::check_admissible_flat_view_refuses_a_view_that_faults_mid_run ... ok
test ir::canon::tests::canonicalization_is_idempotent_over_its_own_output ... ok
test ir::canon::tests::empty_dataset_canonicalizes_to_empty ... ok
test ir::canon::tests::different_wiring_differs ... ok
test ir::canon::tests::graph_scoped_canonicalization_is_idempotent_over_its_own_output ... ok
test ir::canon::tests::permutations_are_lexicographic_identity_first ... ok
test ir::canon::tests::graph_scoped_canonicalization_matches_the_named_graph_projection ... ok
test ir::canon::tests::isomorphic_blank_relabeling_is_byte_equal ... ok
test ir::canon::tests::reifier_count_shows_in_canon ... ok
test ir::canon::tests::reserved_vocabulary_is_reported_ahead_of_the_poison_budget ... ok
test ir::canon::tests::literal_forms_are_verbatim ... ok
test ir::canon::tests::self_loop_canonicalizes ... ok
test ir::canon::tests::the_flat_dedup_law_covers_all_three_spellings_combined ... ok
test ir::canon::tests::nested_triple_term_symmetry_resolves_deterministically ... ok
test ir::canon::tests::the_flat_dedup_law_covers_sentinel_and_real_predicate_base_quads_without_a_native_row ... ok
test ir::canon::tests::flat_entry_points_refuse_reserved_vocabulary_typed_and_admit_a_neighbouring_iri ... ok
test ir::canon::tests::the_flat_dedup_law_emits_a_doubly_spelled_row_exactly_once ... ok
test ir::canon::tests::the_overlay_presentation_is_byte_identical_to_its_pre_axis_output ... ok
test ir::canon::tests::the_overlays_own_sentinels_do_not_trip_the_sweep ... ok
test ir::canon::tests::the_profile_identity_and_the_reserved_namespace_are_consistent ... ok
test ir::canon::tests::the_flat_entry_points_are_the_view_core_at_rdfdataset ... ok
test ir::canon::tests::symmetric_ring_resolves_deterministically ... ok
test ir::canon::tests::the_flat_dedup_law_holds_for_sentinel_and_real_predicate_base_quads_in_a_named_graph ... ok
test ir::canon::tests::the_reported_violation_is_the_least_one_not_the_first_encountered ... ok
test ir::canon::tests::the_flat_presentation_lowers_the_statement_layer_to_ordinary_quads ... ok
test ir::canon::tests::the_reserved_namespace_is_refused_in_every_position ... ok
test imports::term_walk_tests::the_walks_agree_with_their_recursive_references_on_generated_terms ... ok
test ir::canon::tests::try_canonicalize_flat_view_accepts_both_rdfdataset_and_arc_rdfdataset ... ok
test ir::canon::tests::try_canonicalize_flat_view_refuses_a_view_already_failed_before_the_drain ... ok
test ir::canon::tests::try_canonicalize_flat_view_refuses_a_view_that_faults_mid_run_and_publishes_nothing ... ok
test ir::compare::tests::blank_different_wiring_is_not_isomorphic ... ok
test ir::compare::tests::dataset_diff_reports_counts_and_verdict ... ok
test ir::canon::tests::the_trusted_entry_point_panics_on_reserved_vocabulary - should panic ... ok
test ir::compare::tests::differing_ground_iri_is_not_isomorphic ... ok
test distance::reassociated_tests::reassociated_within_error_bound ... ok
test ir::canon::tests::the_fold_is_shape_exact_and_its_near_misses_still_refuse ... ok
test ir::compare::tests::identical_ground_datasets_are_isomorphic ... ok
test ir::compare::tests::reifier_count_difference_is_not_isomorphic ... ok
test ir::dataset::tests::annotation_quads_expose_the_side_table_as_virtual_triples ... ok
test ir::compare::tests::symmetric_ring_relabeled_is_isomorphic ... ok
test ir::compare::tests::two_blanks_relabeled_is_isomorphic ... ok
test ir::dataset::tests::borrowed_triple_lookup_rejects_foreign_component_ids ... ok
test ir::dataset::tests::content_addressing::content_ids_and_derivation_predicate_round_trip ... ok
test ir::dataset::tests::content_addressing::content_id_lookup_is_stable_across_freeze ... ok
test ir::dataset::tests::content_addressing::derivation_predicate_none_when_never_interned ... ok
test ir::dataset::tests::content_addressing::predecessor_chain_terminates_on_a_cycle ... ok
test ir::dataset::tests::content_addressing::predecessor_chain_walks_a_linear_derivation_chain ... ok
test ir::dataset::tests::content_addressing::predecessors_empty_when_no_derivation_predicate_configured ... ok
test ir::dataset::tests::content_addressing::predecessors_of_multiple_predecessors_are_sorted ... ok
test ir::dataset::tests::content_addressing::predecessors_reads_the_predecessor_link_annotation ... ok
test ir::dataset::tests::extend_empty_and_dedup ... ok
test ir::dataset::tests::extend_with_interned_ids_and_into_iterator ... ok
test ir::dataset::tests::location_follows_quad_through_freeze_sort ... ok
test ir::canon::tests::try_flat_digest_view_hashes_the_flat_canonical_document ... ok
test ir::dataset::tests::location_lookup_is_sparse_and_binary_searchable ... ok
test ir::dataset::tests::map_ids_rekeys_every_id_column_and_only_those ... ok
test ir::dataset::tests::frozen_iri_lookup_round_trips_across_lengths_and_table_growth ... ok
test ir::canon::tests::xsd_string_is_bare_and_directional_literal_renders ... ok
test ir::dataset::tests::named_graph_projection::projection_never_claims_a_default_graph_statement_row ... ok
test ir::dataset::tests::named_graph_projection::projection_does_not_absorb_another_graphs_statement_layer ... ok
test ir::dataset::tests::owned_pattern_cursor_pins_and_lazily_reads_dataset ... ok
test ir::dataset::tests::owned_snapshot_carries_content_addressing_forward ... ok
test ir::compare::tests::annotation_difference_is_not_isomorphic ... ok
test ir::dataset::tests::content_addressing::no_content_addressing_configured_is_empty ... ok
test ir::compare::tests::directional_literal_difference_is_not_isomorphic ... ok
test ir::dataset::tests::reifier_quads_empty_when_no_reifiers ... ok
test ir::dataset::tests::reifier_and_annotation_refs_resolve_to_borrowed_terms ... ok
test ir::dataset::tests::reifier_quads_of_empty_when_no_reifiers ... ok
test ir::dataset::tests::reifier_quads_expose_the_side_table_as_virtual_triples ... ok
test ir::dataset::tests::reifier_quads_of_equals_the_filtered_full_scan ... ok
test ir::dataset::tests::reifier_quads_of_yields_the_frozen_run_in_order ... ok
test ir::dataset::tests::reifiers_of_and_annotations_of ... ok
test ir::compare::tests::blank_bijection_same_structure_different_labels_is_isomorphic ... ok
test ir::dataset::tests::quad_ids_match_pushed_quads ... ok
test ir::dataset::tests::content_addressing::predecessors_concurrent_first_build_is_consistent ... ok
test ir::dataset::tests::resolve_round_trips_iri ... ok
test ir::dataset::tests::resolve_round_trips_literal_content ... ok
test ir::dataset::tests::term_id_by_value_disambiguates_same_lexical_different_datatype ... ok
test ir::dataset::tests::term_id_by_value_is_dataset_independent_not_id_based ... ok
test ir::dataset::tests::term_id_by_value_round_trips_every_kind ... ok
test ir::dataset::tests::the_reifier_table_invariant_guard_never_fires_on_a_builder_produced_dataset ... ok
test ir::dataset::tests::union_dedupes_shared_quads ... ok
test ir::dataset::tests::union_is_commutative_up_to_isomorphism ... ok
test ir::dataset::tests::union_of_disagreeing_content_schemes_fabricates_nothing ... ok
test ir::dataset::tests::union_of_agreeing_content_schemes_carries_addressing_forward ... ok
test ir::embedding::contract::tests::fixed_contract_is_canonical_and_derives_one_space ... ok
test distance::reassociated_tests::every_required_dispatch_path_executes ... ok
test ir::embedding::contract::tests::matryoshka_dimensions_produce_distinct_spaces ... ok
test ir::embedding::contract::tests::subject_projection_is_mandatory ... ok
test ir::embedding::contract::tests::tlv_rejects_unsorted_tags_and_nonzero_padding ... ok
test ir::embedding::error::tests::verify_accepts_the_recorded_digest_and_names_a_mismatch ... ok
test ir::dataset::tests::union_of_single_input_is_isomorphic_to_input ... ok
test ir::embedding::contract::tests::matryoshka_prefix_count_has_no_arbitrary_256_limit ... ok
test ir::dataset::tests::union_preserves_side_tables ... ok
test ir::embedding::identity::tests::artifact_root_binds_header_and_directory ... ok
test ir::dataset::tests::union_standardizes_apart_same_label_blanks ... ok
test ir::embedding::identity::tests::domains_separate_equal_payloads ... ok
test ir::embedding::identity::tests::field_lengths_make_the_fold_unambiguous ... ok
test ir::embedding::identity::tests::identity_hex_is_fixed_width_lowercase ... ok
test ir::embedding::identity::tests::target_set_order_is_identity_significant ... ok
test ir::embedding::identity::tests::the_identities_outside_the_artifact_golden_are_frozen ... ok
test ir::embedding::contract::tests::dimensions_must_be_strictly_increasing ... ok
test ir::embedding::metadata::tests::find_sorted_answers_the_entry_or_names_the_missing_reference ... ok
test ir::embedding::metadata::tests::inline_indexes_assign_instances_in_canonical_id_order ... ok
test ir::builder::tests::property_idempotence_and_bounded_count ... ok
test ir::embedding::metadata::tests::only_verified_external_purrpck_mints_certified_rdf ... ok
test ir::embedding::metadata::tests::source_certification_is_exact_purrpck_only ... ok
test ir::embedding::metadata::tests::target_encoding_ignores_insertion_order ... ok
test ir::embedding::target::tests::a_refused_language_tag_names_the_rule_that_refused_it ... ok
test ir::embedding::metadata::tests::typed_metadata_is_deterministic_and_deduplicates_logical_input ... ok
test ir::embedding::contract::tests::required_and_optional_fields_read_one_canonical_block ... ok
test ir::embedding::metadata::tests::empty_relation_section_has_the_exact_canonical_header ... ok
test ir::embedding::target::tests::document_and_chunk_verify_external_utf8_content ... ok
test ir::embedding::target::tests::extension_target_payload_digest_is_verified ... ok
test ir::embedding::target::tests::language_tags_use_lowercase_bcp47_shape ... ok
test ir::embedding::target::tests::literal_shape_is_checked_for_targets_and_received_identity_bytes ... ok
test ir::embedding::target::tests::rdf_iris_must_be_absolute_and_well_formed ... ok
test ir::embedding::target::tests::rdf_term_ordinals_are_one_based ... ok
test ir::embedding::target::tests::relation_sorting_includes_extension_role_digest ... ok
test ir::embedding::target::tests::retained_target_identities_require_the_kind_schema ... ok
test ir::embedding::verify::tests::resident_certificate_binds_allocation_range_and_root ... ok
test ir::embedding::verify::tests::vector_space_compatibility_uses_identity_not_dimension ... ok
test ir::embedding::view::tests::both_normalized_f32_reads_divide_as_the_software_reference ... ok
test ir::embedding::view::tests::bulk_effective_f32_decode_matches_the_iterator ... ok
test ir::embedding::identity::tests::vector_space_binds_dimension_and_postprocessing ... ok
test ir::dataset::tests::property_cardinality_estimate_exact_on_index_prefix ... ok
test ir::embedding::view::tests::deterministic_l2_rejects_zero_norm ... ok
test ir::dataset::tests::term_id_by_value_concurrent_lookup_is_thread_safe ... ok
test ir::embedding::target::tests::rdf_triple_terms_and_directional_literals_are_first_class ... ok
test ir::embedding::target::tests::target_sets_sort_and_reject_duplicates ... ok
test ir::embedding::target::tests::retained_and_digest_only_targets_have_the_same_id ... ok
test ir::embedding::view::tests::embedded_contract_and_index_payload_digests_are_semantic ... ok
test ir::embedding::view::tests::framing_rejects_bad_magic ... ok
test ir::embedding::view::tests::framing_rejects_truncation_before_reading_fields ... ok
test ir::embedding::view::tests::portable_f32_iteration_preserves_signed_zero ... ok
test ir::embedding::view::tests::portable_scalar_iteration_rejects_nonfinite_values ... ok
test ir::embedding::wire::tests::canonical_assembly_sorts_and_aligns_sections ... ok
test ir::embedding::wire::tests::rejects_noncontiguous_matrix_instances ... ok
test ir::dataset::tests::property_cardinality_estimate_upper_bounds_count ... ok
test ir::dataset::tests::property_freeze_quads_count_and_in_range ... ok
test ir::dataset::tests::property_indexed_pattern_matches_linear_scan ... ok
test ir::embedding::view::tests::deterministic_l2_is_allocation_free_and_normative ... ok
test ir::embedding::writer::tests::deterministic_l2_rejects_a_zero_prefix ... ok
test ir::embedding::wire::tests::artifact_root_changes_with_a_section ... ok
test ir::embedding::writer::tests::nonfinite_scalars_are_rejected_with_coordinates ... ok
test ir::embedding::writer::tests::f64_matrix_bits_are_preserved ... ok
test distance::reassociated_tests::reassociated_deterministic_per_path ... ok
test ir::embedding::writer::tests::projection_digest_matches_normative_raw_helper ... ok
test ir::embedding::writer::tests::streaming_rejects_out_of_order_targets ... ok
test ir::event_sink::tests::default_sink_methods_are_noops ... ok
test ir::event_sink::tests::emit_is_complete_and_self_declaring ... ok
test ir::event_sink::tests::emit_preserves_reifier_and_annotation_graph_slots ... ok
test ir::embedding::writer::tests::unordered_and_streaming_writers_emit_identical_bytes ... ok
test ir::global::tests::a_relative_iri_is_refused_and_leaves_the_dictionary_unchanged ... ok
test ir::global::tests::global_term_id_index_round_trips ... ok
test ir::global::tests::global_term_id_from_index_rejects_u64_max - should panic ... ok
test ir::global::tests::intern_is_deterministic_across_runs ... ok
test ir::global::tests::intern_is_idempotent_and_insertion_ordered ... ok
test ir::global::tests::intern_value_registers_composite_blanks_inside_triple_terms ... ok
test ir::global::tests::new_dictionary_is_empty ... ok
test ir::global::tests::ordinary_literal_ingress_preserves_opaque_bytes_and_insertion_order ... ok
test ir::embedding::writer::tests::matrix_content_identity_matches_the_normative_helper ... ok
test ir::global::tests::resolve_round_trips_blank ... ok
test ir::global::tests::iri_hash_matches_stored_form_across_lengths_and_table_growth ... ok
test ir::global::tests::resolve_round_trips_iri ... ok
test ir::global::tests::resolve_round_trips_language_literal ... ok
test ir::global::tests::resolve_round_trips_triple_with_interned_components ... ok
test ir::global::tests::resolve_round_trips_typed_literal_with_interned_datatype ... ok
test ir::global::tests::all_term_kinds_match_borrowed_and_stored_hashes ... ok
test ir::global::tests::intern_literal_registers_nested_composite_identities_with_their_scopes ... ok
test ir::global::tests::re_interning_an_absolute_iri_is_a_hit_and_reintern_skips_revalidation ... ok
test ir::ingest::tests::close_default_or_unopened_scope_is_error ... ok
test ir::ingest::tests::closed_scope_reference_is_error ... ok
test ir::ingest::tests::cancellation_does_not_freeze ... ok
test ir::ingest::tests::cyclic_triple_term_is_error ... ok
test ir::ingest::tests::default_matches_new_initial_state ... ok
test ir::ingest::tests::forward_reference_resolves_at_finish ... ok
test ir::ingest::tests::nesting_bound_is_enforced ... ok
test ir::ingest::tests::never_opened_scope_reference_is_error ... ok
test ir::global::tests::ring_fence_term_id_stays_four_bytes ... ok
test ir::global::tests::blank_scope_participates_in_identity ... ok
test ir::global::tests::term_id_by_value_hits_and_misses ... ok
test ir::global::tests::term_id_by_value_matches_intern_for_all_shapes ... ok
test ir::ingest::tests::redeclaration_in_one_scope_is_error ... ok
test ir::ingest::tests::unresolved_id_at_finish_is_error ... ok
test ir::ingest::tests::round_trip_replay_preserves_reifier_and_annotation_graph_scope ... ok
test ir::ingest::tests::round_trip_replay_into_sink_equals_original ... ok
test ir::mutable::delta_view::tests::snapshot_rejects_invalid_delta_positions_before_exposing_a_view ... ok
test ir::mutable::delta_view::tests::rdf12_tables_deduplicate_overlaps_and_keep_graphs_and_direction ... ok
test ir::mutable::delta_view::tests::snapshot_shares_base_and_isolates_suppression_reinsertion_and_new_terms ... ok
test ir::mutable::tests::base_value_of_agrees_with_term_value_on_every_literal_shape ... ok
test ir::ingest::tests::object_safe_erased_drive_path ... ok
test ir::mutable::delta_view::tests::changed_quads_names_every_row_the_rdf12_overlay_moves_on_or_off_the_surface ... ok
test ir::mutable::tests::blank_identity_visit_retains_suppressed_and_removed_nested_values ... ok
test ir::mutable::tests::contains_and_pattern_reflect_effective_set ... ok
test ir::mutable::tests::freeze_carries_base_quad_locations ... ok
test ir::mutable::tests::freeze_empty_mutation_equals_base_quads ... ok
test ir::mutable::tests::insert_existing_base_quad_is_noop ... ok
test ir::mutable::tests::freeze_round_trip_quads_reifiers_annotations ... ok
test ir::mutable::tests::named_graph_quads_round_trip ... ok
test ir::mutable::tests::quads_for_pattern_matches_delta_only_named_graph ... ok
test ir::mutable::tests::rule1_insert_of_suppressed_base_unsuppresses ... ok
test ir::mutable::tests::freeze_replays_delta_insertions_in_call_order_across_fresh_datasets ... ok
test ir::mutable::term_walk_tests::the_walks_agree_with_their_recursive_references_on_generated_terms ... ok
test ir::mutable::delta_view::tests::indexed_patterns_match_complete_scan_for_shared_and_delta_ids ... ok
test ir::global::tests::the_walks_agree_with_their_recursive_references_on_generated_terms ... ok
test ir::import::term_walk_tests::the_lookup_and_the_import_agree_with_their_recursive_references ... ok
test ir::mutable::tests::rule2_remove_of_delta_added_drops_from_added ... ok
test ir::mutable::tests::rule3_remove_of_base_quad_creates_suppression ... ok
test ir::mutable::tests::should_compact_signals_on_churn ... ok
test ir::mutable::tests::two_branches_mutate_independently ... ok
test ir::pack::bits::tests::bit_vec_set_len_grows_and_truncates ... ok
test ir::pack::bits::tests::bits_for_boundaries ... ok
test ir::pack::bits::tests::delta_list_empty ... ok
test ir::pack::bits::tests::delta_list_round_trip ... ok
test ir::pack::bits::tests::from_values_packs_at_the_width_of_the_maximum ... ok
test ir::pack::bits::tests::int_vector_all_ones_bits ... ok
test ir::mutable::tests::rule4_reinsert_after_removal_both_orders ... ok
test ir::pack::bits::tests::int_vector_empty ... ok
test ir::pack::bits::tests::int_vector_single_element ... ok
test ir::pack::bits::tests::int_vector_width_64 ... ok
test ir::pack::bits::tests::int_vector_width_zero ... ok
test ir::pack::bits::tests::mark_last_range_reads_each_group_between_its_boundary_bits ... ok
test ir::pack::bits::tests::rank_select_all_ones ... ok
test ir::pack::bits::tests::rank_select_all_zeros ... ok
test ir::pack::bits::tests::rank_select_empty ... ok
test ir::pack::bits::tests::rank_select_ref_rejects_truncated_input ... ok
test ir::pack::bits::tests::rank_select_serialization_round_trip ... ok
test ir::pack::bits::tests::select_in_word_accepts_the_last_rank ... ok
test ir::pack::bits::tests::select_in_byte_table_matches_the_bits ... ok
test ir::pack::bits::tests::select_in_word_refuses_a_rank_at_the_popcount - should panic ... ok
test ir::pack::bits::tests::select_in_word_edge_words ... ok
test ir::pack::bits::tests::select_in_word_refuses_any_rank_of_zero - should panic ... ok
test ir::pack::bits::tests::varint_read_past_end_is_truncated ... ok
test ir::pack::bits::tests::varint_round_trip_edge_values ... ok
test ir::pack::bits::tests::zigzag_round_trip_edge_values ... ok
test ir::pack::certify::tests::pack_digest_debug_and_display_agree_with_to_hex ... ok
test ir::pack::container::tests::assemble_places_sections_on_8_byte_boundaries ... ok
test ir::pack::container::tests::capability_flags_all_off_and_all_on ... ok
test ir::pack::bits::tests::int_vector_all_zeros ... ok
test ir::pack::bits::tests::rank_select_boundaries_and_first_last_set_bit ... ok
test ir::pack::container::tests::capability_flags_round_trip ... ok
test ir::pack::bits::tests::property_select_in_word_matches_bitwise ... ok
test ir::pack::dict::tests::absent_value_yields_none ... ok
test ir::pack::dict::tests::decoding_leaves_non_iri_records_alone ... ok
test ir::pack::container::tests::header_and_directory_constants_agree ... ok
test ir::pack::dict::tests::decoding_a_relative_iri_record_is_refused_with_the_shared_code ... ok
test ir::pack::bits::tests::int_vector_cross_word_width ... ok
test ir::pack::dict::tests::a_value_used_as_both_subject_and_object_gets_one_id ... ok
test ir::pack::dict::tests::decoding_rejects_inconsistent_literal_components ... ok
test ir::pack::dict::tests::blank_round_trips_with_scope ... ok
test ir::pack::bits::tests::property_int_vector_round_trips ... ok
test ir::pack::dict::tests::decoding_accepts_canonical_nested_forward_references ... ok
test ir::pack::dict::tests::canonical_admission_does_not_expand_shared_triple_trees ... ok
test ir::pack::dict::tests::annotation_only_predicate_and_object_get_unified_ids_via_side_table_closure ... ok
test ir::pack::dict::tests::decoding_rejects_noncanonical_language_tags ... ok
test ir::pack::dict::tests::dict_bytes_round_trip_via_encoded_dict ... ok
test ir::pack::bits::tests::int_vector_ref_rejects_bad_width ... ok
test ir::pack::bits::tests::int_vector_ref_rejects_truncated_input ... ok
test ir::pack::dict::tests::decoding_requires_strict_canonical_order_for_every_term_kind ... ok
test ir::pack::dict::tests::empty_dataset_yields_empty_dictionary ... ok
test ir::pack::dict::tests::every_distinct_value_gets_exactly_one_id ... ok
test ir::pack::dict::tests::graph_only_term_gets_a_unified_id ... ok
test ir::pack::dict::tests::iri_round_trips ... ok
test ir::pack::dict::tests::literal_kinds_round_trip ... ok
test ir::pack::dict::tests::graph_name_that_is_also_subject_keeps_its_existing_id ... ok
test ir::pack::dict::tests::rdf_reifies_predicate_gets_unified_id_when_reifiers_present ... ok
test ir::pack::dict::tests::pure_predicate_resolves_via_id_by_value ... ok
test ir::pack::dict::tests::reifier_only_term_gets_unified_id_via_side_table_closure ... ok
test ir::pack::dict::tests::validate_references_accepts_a_triple_whose_object_is_a_later_triple ... ok
test ir::pack::dict::tests::triple_term_round_trips_recursively ... ok
test ir::pack::dict::tests::validate_references_accepts_nesting_at_the_depth_ceiling ... ok
test ir::pack::dict::tests::validate_references_rejects_a_self_referential_triple_term ... ok
test ir::pack::dict::tests::the_depth_search_agrees_with_its_recursive_reference_on_generated_graphs ... ok
test ir::pack::dict::tests::validate_references_rejects_nesting_past_the_depth_ceiling ... ok
test ir::pack::side::tests::annotations_of_with_graph_matches_source ... ok
test ir::pack::side::tests::capabilities_match_source_for_the_fixture ... ok
test ir::pack::side::tests::from_bytes_rejects_bad_version ... ok
test ir::pack::side::tests::from_bytes_rejects_an_unsorted_reifier_column ... ok
test ir::pack::dict::tests::validate_references_rejects_a_mutually_cyclic_triple_pair ... ok
test ir::pack::side::tests::empty_dataset_yields_empty_side_tables ... ok
test ir::pack::triples::tests::absent_unified_id_yields_no_rows ... ok
test ir::pack::triples::tests::cardinality_upper_bound_never_undershoots_actual_rows ... ok
test ir::pack::side::tests::annotation_quads_matches_source ... ok
test ir::pack::triples::tests::multi_predicate_subject_groups_boundaries_correctly ... ok
test ir::pack::triples::tests::empty_default_graph_with_only_named_graph_quads ... ok
test ir::pack::side::tests::from_bytes_rejects_truncated_input ... ok
test ir::pack::side::tests::reifier_quads_of_equals_the_filtered_full_scan ... ok
test ir::pack::triples::tests::single_subject_single_predicate_single_object_partition ... ok
test ir::pack::triples::tests::sum_int_vector_returns_none_on_overflow ... ok
test ir::pack::triples::tests::from_bytes_rejects_truncated_input ... ok
test ir::pack::view::tests::pack_id_join_key_atoms_are_disjoint ... ok
test ir::pack::view::tests::pack_id_new_rejects_zero ... ok
test ir::pack::triples::tests::to_bytes_round_trips_via_from_bytes ... ok
test ir::paged::admission::tests::default_graph_bound_skips_when_page_has_no_default_rows_and_admits_when_it_does ... ok
test ir::paged::admission::tests::named_graph_bound_skips_a_term_known_only_as_a_subject_and_admits_a_graph_the_page_owns_rows_in ... ok
test ir::paged::admission::tests::graph_match_any_never_skips_on_the_graph_axis ... ok
test ir::pack::view::tests::pack_id_niche_matches_global_term_id ... ok
test ir::paged::admission::tests::predicate_bound_skips_when_term_never_a_predicate_and_admits_when_it_is ... ok
test ir::paged::admission::tests::named_graph_bound_skips_when_page_owns_no_rows_in_it_and_admits_when_it_does ... ok
test ir::paged::query::tests::debug_is_non_blocking_and_has_no_operational_side_effects ... ok
test ir::paged::graph_index::tests::derive_materializes_no_page ... ok
test ir::paged::graph_index::tests::derive_indexes_every_stream_and_declared_empty_graphs ... ok
test ir::paged::summary::tests::every_under_count_changes_the_digest ... ok
test ir::pack::triples::tests::sum_int_vector_returns_some_correct_sum_when_not_overflowing ... ok
test ir::paged::admission::tests::object_bound_skips_when_term_never_an_object_and_admits_when_it_is ... ok
test ir::pack::triples::tests::predicate_object_probe_of_the_shorter_list_equals_the_merge_intersect ... ok
test ir::pack::side::tests::annotations_of_with_graph_empty_for_unknown_reifier ... ok
test ir::paged::graph_index::tests::derive_survives_compaction_and_page_subsetting ... ok
test ir::paged::summary::tests::sealing_the_same_page_twice_yields_the_same_digest ... ok
test ir::pipeline_bundle::core_tests::a_clone_taken_before_accumulate_keeps_its_own_memo ... ok
test ir::paged::admission::tests::subject_bound_skips_when_term_never_a_subject_and_admits_when_it_is ... ok
test ir::paged::summary::tests::moving_one_row_between_graphs_changes_the_digest ... ok
test ir::pack::side::tests::reifier_quads_matches_source ... ok
test ir::pack::side::tests::round_trip_is_byte_deterministic ... ok
test ir::paged::summary::tests::page_summary_matches_an_independent_recount ... ok
test ir::pipeline_bundle::core_tests::the_pipeline_root_is_frozen ... ok
test ir::pipeline_bundle::core_tests::the_pipeline_root_names_every_iri_graph_including_a_declared_empty_one ... ok
test ir::pipeline_bundle::core_tests::the_root_discriminates_a_declaration_the_bundle_digest_cannot_see ... ok
test ir::pipeline_bundle::core_tests::the_residue_leaf_separates_the_default_graph_from_a_blank_named_one ... ok
test ir::pipeline_bundle::core_tests::containment_refuses_each_layer_and_admits_the_single_graph_twin ... ok
test ir::pipeline_bundle::residue_graph_seam_tests::residue_annotation_rows_for_one_graph_rebuild_only_the_page_that_holds_them ... ok
test ir::pipeline_bundle::residue_graph_seam_tests::residue_drops_an_iri_named_graph_and_keeps_the_neighbouring_blank_named_one ... ok
test ir::pipeline_bundle::residue_graph_seam_tests::residue_graph_seam_matches_the_filtered_stream_on_a_flat_carrier ... ok
test ir::pipeline_bundle::residue_graph_seam_tests::residue_default_graph_rows_rebuild_only_the_default_graph_page ... ok
test ir::pipeline_bundle::tests::accumulate_disturbing_a_pinned_graph_hard_fails ... ok
test ir::pipeline_bundle::tests::accumulate_named_graph_is_additive_and_pins ... ok
test ir::pipeline_bundle::residue_graph_seam_tests::residue_reifier_rows_for_one_graph_rebuild_only_the_page_that_holds_them ... ok
test ir::pipeline_bundle::tests::digest_excludes_runtime_ids_public_projection_only ... ok
test ir::pipeline_bundle::tests::digest_is_sensitive_to_a_blob ... ok
test ir::pipeline_bundle::tests::accumulating_a_graphs_statement_layer_leaves_a_pinned_graph_alone ... ok
test ir::pipeline_bundle::tests::digest_is_sensitive_to_the_dataset ... ok
test ir::pipeline_bundle::tests::digest_is_sensitive_to_a_lookaside_resource ... ok
test ir::pipeline_bundle::tests::digest_is_sensitive_to_the_public_provenance ... ok
test ir::pipeline_bundle::tests::digest_is_stable_across_handle_attach_and_detach ... ok
test ir::pipeline_bundle::tests::graph_digest_distinguishes_graphs_and_is_isolated ... ok
test ir::pipeline_bundle::tests::pin_handle_matching_digest_succeeds ... ok
test ir::pipeline_bundle::tests::graph_digest_ignores_another_graphs_statement_layer ... ok
test ir::skolem::tests::coalescing_rewrite_keeps_locations_on_the_deduplicated_row ... ok
test ir::skolem::tests::decoding_rejects_everything_outside_the_canonical_image ... ok
test ir::skolem::tests::deskolemize_leaves_foreign_genid_authorities_untouched ... ok
test ir::skolem::tests::deskolemize_refuses_a_decode_that_collides_with_a_live_blank ... ok
test ir::segmented::build::certification_tests::recomputed_hashes_cannot_certify_a_false_dictionary_fence ... ok
test ir::segmented::build::certification_tests::recomputed_hashes_cannot_certify_an_underpriced_owned_term ... ok
test ir::skolem::tests::deskolemize_refuses_a_genid_in_predicate_or_datatype_position ... ok
test ir::segmented::build::certification_tests::recomputed_hashes_cannot_certify_false_pruning_bounds ... ok
test ir::skolem::tests::encoding_round_trips_through_decoding ... ok
test ir::skolem::tests::deskolemize_refuses_a_malformed_genid_under_our_authority ... ok
test ir::segmented::build::certification_tests::recomputed_hashes_cannot_certify_foreign_quad_references ... ok
test ir::embedding::view::tests::bulk_f32_decode_matches_the_iterator_at_every_position ... ok
test ir::skolem::tests::escape_label_bytes_golden_and_round_trip ... ok
test ir::skolem::tests::encoding_is_injective_on_a_hostile_pair_set ... ok
test ir::skolem::tests::hostile_authorities_are_refused_by_both_operations ... ok
test ir::skolem::tests::rewrites_carry_content_addressing_and_predecessors_forward ... ok
test ir::skolem::tests::skolemize_refuses_a_dataset_already_carrying_our_genid_space ... ok
test ir::skolem::tests::skolemize_is_deterministic ... ok
test ir::pack::dict::tests::predicate_that_is_also_object_shares_one_unified_id ... ok
test ir::skolem::tests::rewrites_of_a_dataset_without_content_addressing_fabricate_nothing ... ok
test ir::skolem::tests::the_rewrite_preserves_quad_source_locations ... ok
test ir::skolem::tests::skolemize_and_canonical_relabel_both_preserve_isomorphism_class ... ok
test ir::skolem::tests::skolemize_then_deskolemize_is_the_identity_on_a_hostile_dataset ... ok
test ir::pack::dict::tests::rdf_reifies_absent_when_no_reifiers ... ok
test ir::pipeline_bundle::tests::new_bundle_exposes_parts_and_empty_handles ... ok
test ir::pipeline_bundle::tests::pin_handle_mismatched_digest_hard_fails ... ok
test ir::term::conversion_tests::a_blank_node_keeps_its_scope_through_the_owned_model ... ok
test ir::term::conversion_tests::a_non_default_scope_takes_every_label_verbatim ... ok
test ir::term::conversion_tests::a_non_iri_predicate_is_refused_and_an_iri_predicate_is_not ... ok
test ir::term::conversion_tests::an_owned_literal_lowers_to_its_interned_identity ... ok
test ir::term::tests::blank_scope_default_is_zero ... ok
test ir::term::tests::canonical_bytes_agrees_with_to_canonical_bytes_and_appends ... ok
test ir::term::tests::canonical_bytes_distinguishes_absent_options_from_empty_ones ... ok
test ir::term::tests::canonical_bytes_distinguishes_every_direction_state ... ok
test ir::term::tests::canonical_bytes_frames_lengths_so_boundaries_cannot_slide ... ok
test ir::term::tests::canonical_bytes_golden_encoding_is_pinned ... ok
test ir::term::tests::canonical_bytes_includes_blank_scope ... ok
test ir::term::tests::canonical_bytes_separates_kinds_that_share_a_spelling ... ok
test ir::term::tests::canonical_bytes_separates_triple_terms_from_flat_sequences ... ok
test ir::term::tests::datatype_constants_are_the_expected_iris ... ok
test ir::term::tests::interned_literal_equality_includes_direction ... ok
test ir::term::tests::push_arena_str_appends_and_answers_the_range_it_occupies ... ok
test ir::term::tests::qualify_label_default_scope_is_verbatim ... ok
test ir::term::tests::qualify_label_envelopes_scoped_and_reserved_labels ... ok
test ir::term::tests::qualify_label_is_injective_over_label_scope_pairs ... ok
test ir::term::tests::term_id_from_index_rejects_u32_max - should panic ... ok
test ir::term::tests::term_id_index_round_trips ... ok
test ir::term::tests::term_id_option_uses_the_nonzero_niche ... ok
test ir::term::tests::unqualify_label_leaves_unencoded_labels_verbatim ... ok
test ir::term::tests::unqualify_label_rejects_envelopes_outside_the_encoder_image ... ok
test ir::term::tests::unqualify_label_inverts_qualify_label_for_every_label_and_scope ... ok
test ir::term_walk::tests::blank_identity_visit_preserves_nested_order_scopes_and_occurrences ... ok
test ir::term_walk::tests::blank_identity_visit_sees_embedded_triples_and_typed_composites ... ok
test ir::term_walk::tests::blank_identity_visit_stops_at_first_embedded_match ... ok
test ir::term_walk::tests::fold_term_resolves_a_stored_triple_term_bottom_up ... ok
test ir::term::conversion_tests::computed_literals_are_canonical ... ok
test ir::term::conversion_tests::the_order_distinguishes_direction_and_scope_and_ties_equal_terms ... ok
test ir::term::tests::unqualify_label_inverts_qualify_label_over_an_exhaustive_short_alphabet ... ok
test ir::term::conversion_tests::only_the_implied_datatype_is_left_implicit ... ok
test ir::skolem::term_walk_tests::the_rewrite_and_the_survey_agree_with_their_recursive_references ... ok
test ir::validate::tests::a_triple_term_subject_is_refused_with_the_reason_of_its_position ... ok
test ir::pack::bits::tests::select_in_word_matches_bitwise_on_seeded_words ... ok
test ir::validate::tests::freeze_err_on_literal_predicate ... ok
test ir::term::tests::property_canonical_bytes_is_injective ... ok
test ir::term::tests::property_canonical_bytes_is_position_independent ... ok
test ir::validate::tests::freeze_err_on_literal_graph_name ... ok
test ir::validate::tests::freeze_err_on_cyclic_triple_term ... ok
test ir::validate::tests::freeze_err_on_literal_subject ... ok
test ir::validate::tests::freeze_err_on_out_of_range_term_id ... ok
test ir::term::conversion_tests::the_conversions_agree_with_their_recursive_references_on_generated_terms ... ok
test ir::validate::tests::freeze_err_on_reifier_target_not_triple ... ok
test ir::validate::tests::freeze_err_on_too_deep_acyclic_nesting ... ok
test ir::validate::tests::freeze_err_on_triple_term_subject ... ok
test ir::validate::tests::nesting_bound_is_the_same_interned_outermost_first ... ok
test distance::binary64_tests::binary64_operations_equal_the_software_reference ... ok
test ir::validate::tests::freeze_ok_on_well_formed_quad ... ok
test ir::validate::tests::nesting_is_bounded_whatever_order_the_chain_was_interned_in ... ok
test ir::validate::tests::freeze_ok_on_deep_acyclic_nesting ... ok
test loss::tests::assert_ledger_complete_panics_on_missing_code - should panic ... ok
test loss::tests::check_ledger_complete_flags_missing_code ... ok
test loss::tests::check_ledger_complete_passes_when_all_expected_codes_present ... ok
test loss::tests::check_ledger_complete_flags_unexpected_extra_code ... ok
test loss::tests::directions_are_correct ... ok
test lookaside::tests::reasoning_and_relational_core_kinds_round_trip ... ok
test loss::tests::check_ledger_sound_passes_for_a_known_contract_ledger ... ok
test loss::tests::check_ledger_sound_flags_out_of_profile_code ... ok
test loss::tests::every_recorded_loss_is_intentional ... ok
test lookaside::tests::resources_of_kind_filters_by_new_variants ... ok
test loss::tests::generated_artifact_has_not_drifted ... ok
test loss::tests::graph_and_tabular_projection_contracts_are_closed_and_registered ... ok
test ir::dataset::tests::chunked_scan_filter_matches_per_row_filter ... ok
test lookaside::tests::suppression_targets_decodes_known_kinds_and_skips_the_rest ... ok
test loss::tests::all_intentional_codes_present ... ok
test loss::tests::assert_ledger_sound_panics_on_out_of_profile_code - should panic ... ok
test loss::tests::is_empty_reflects_contents ... ok
test loss::tests::json_escape_spelling_is_pinned ... ok
test loss::tests::okf_direction_profiles_are_closed_and_registered ... ok
test loss::tests::pair_loss_identity_is_empty ... ok
test loss::tests::pair_loss_known_lossy_pairs ... ok
test loss::tests::pair_loss_panics_on_projection_source - should panic ... ok
test loss::tests::profile_for_json_schema_graphql_is_closed ... ok
test loss::tests::profile_for_json_schema_linkml_is_closed ... ok
test loss::tests::profile_for_json_schema_pydantic_is_closed ... ok
test loss::tests::profile_for_json_schema_typescript_is_closed ... ok
test loss::tests::profile_for_shacl_json_schema_includes_sparql ... ok
test loss::tests::profile_for_trig_turtle_includes_named_graph_dropped ... ok
test loss::tests::registered_pairs_includes_json_schema_graphql ... ok
test loss::tests::registered_pairs_includes_json_schema_linkml ... ok
test loss::tests::rdf_gts_loss_matrix_json_is_deterministic_across_calls ... ok
test loss::tests::json_is_structurally_valid ... ok
test loss::tests::loss_matrix_json_deterministic ... ok
test loss::tests::loss_matrix_json_pairs_match_registered_pairs ... ok
test loss::tests::json_escapes_control_characters ... ok
test loss::tests::registered_pairs_includes_json_schema_typescript ... ok
test loss::tests::registered_pairs_includes_json_schema_pydantic ... ok
test loss::tests::registered_pairs_includes_shacl_json_schema ... ok
test loss::tests::registered_pairs_order_is_stable_across_calls ... ok
test loss::tests::render_computes_intentional_false_for_out_of_profile_code ... ok
test loss::tests::render_is_deterministic ... ok
test loss::tests::research_object_direction_profiles_are_closed_and_registered ... ok
test loss::tests::runtime_ledger_records_owned_entries_with_location ... ok
test loss::tests::schema_shacl_contract_rejects_unknown_source - should panic ... ok
test loss::tests::schema_shacl_profiles_are_closed_and_registered ... ok
test loss::tests::transcode_matrix_includes_every_schema_shacl_pair ... ok
test graph::tests::the_component_index_reads_set_rows_and_deep_paths ... ok
test model::tests::display_for_rdfterm_matches_canonical_emit ... ok
test loss::tests::transcode_matrix_includes_every_research_object_direction ... ok
test loss::tests::transcode_matrix_includes_json_schema_graphql_pair ... ok
test loss::tests::transcode_matrix_includes_shacl_json_schema_pair ... ok
test model::tests::malformed_language_tags_are_refused_with_the_grammars_own_code ... ok
test model::tests::shape_failures_keep_the_literal_shape_code ... ok
test model::tests::well_formed_language_tags_are_still_admitted ... ok
test loss::tests::transcode_matrix_includes_json_schema_pydantic_pair ... ok
test named_graph::tests::graph_names_are_written_in_term_syntax ... ok
test loss::tests::transcode_matrix_includes_json_schema_typescript_pair ... ok
test named_graph::tests::several_graphs_read_plural_and_list_in_order ... ok
test named_graph::tests::the_tail_beyond_the_sample_limit_is_counted_not_truncated ... ok
test loss::tests::transcode_matrix_includes_json_schema_linkml_pair ... ok
test provenance::tests::artifact_id_display ... ok
test named_graph::tests::one_graph_reads_singular ... ok
test provenance::tests::artifact_id_index_round_trips ... ok
test provenance::tests::artifact_interner_is_idempotent ... ok
test provenance::tests::attribution_vec_carries_multiple_roles ... ok
test provenance::tests::dataset_provenance_all_non_source_kinds_representable ... ok
test provenance::tests::dataset_provenance_register_unit_is_idempotent ... ok
test provenance::tests::dataset_provenance_unit_kind_accessible ... ok
test provenance::tests::artifact_interner_path_resolves ... ok
test provenance::tests::attribution_role_as_str_is_stable ... ok
test provenance::tests::attribution_construction_and_equality ... ok
test provenance::tests::duplicate_origin_retention_two_occurrences_one_quad ... ok
test provenance::tests::gate_fails_when_occurrence_missing_for_quad ... ok
test provenance::tests::gate_fails_when_unit_has_no_kind ... ok
test provenance::tests::gate_non_source_units_pass ... ok
test provenance::tests::gate_passes_empty_sidecar_for_empty_dataset ... ok
test provenance::tests::gate_passes_multi_file_fixture ... ok
test provenance::tests::gate_passes_on_valid_single_file_provenance ... ok
test provenance::tests::origin_set_id_index_round_trips ... ok
test provenance::tests::origin_set_interner_dedupes_pairs ... ok
test provenance::tests::origin_set_interner_is_idempotent_and_order_independent ... ok
test provenance::tests::gate_rejects_occurrences_for_an_empty_dataset ... ok
test loss::tests::transcode_matrix_includes_graph_and_tabular_projection_pairs ... ok
test loss::tests::transcode_matrix_has_not_drifted ... ok
test provenance::tests::attribution_role_display_matches_as_str ... ok
test provenance::tests::origin_set_interning_shared_id_for_equal_sets ... ok
test provenance::tests::origin_set_resolves ... ok
test provenance::tests::origin_kind_display ... ok
test provenance::tests::unit_id_display ... ok
test provenance::tests::unit_id_index_round_trips ... ok
test provenance::tests::unit_interner_is_idempotent ... ok
test provenance::tests::unit_interner_starts_empty ... ok
test provenance::tests::gate_reports_dangling_and_missing_together ... ok
test provenance::tests::unit_interner_name_resolves ... ok
test sink::digest_tests::a_tee_digests_and_measures_the_same_bytes ... ok
test sink::digest_tests::two_documents_do_not_share_a_drained_digest ... ok
test sink::tests::a_failed_drain_is_sticky_and_discards_rather_than_staging ... ok
test sink::tests::character_and_byte_pushes_cross_the_window_boundary_intact ... ok
test sink::tests::measure_equals_the_length_of_the_document_it_never_keeps ... ok
test sink::tests::tee_feeds_both_drains ... ok
test small::tests::covariance_compiles ... ok
test sink::tests::eager_and_streamed_agree_byte_for_byte ... ok
test small::tests::every_ownership_path_drops_each_element_once ... ok
test small::tests::forget_into_iter_no_ub ... ok
test small::tests::capacity_overflow_panics ... ok
test small::tests::id_rows_behave_as_slices ... ok
test small::tests::macro_forms ... ok
test small::tests::no_larger_than_needed ... ok
test sink::digest_tests::a_drained_digest_equals_the_whole_document_digest ... ok
test small::tests::overaligned_elements ... ok
test small::tests::panic_during_extend_drops_each_element_once ... ok
test small::tests::panic_during_extend_with_exact_hint_drops_each_element_once ... ok
test small::tests::panic_in_retain_and_dedup_keeps_a_consistent_vector ... ok
test small::tests::panic_during_clone_drops_each_element_once ... ok
test provenance::tests::origin_set_id_display ... ok
test small::tests::panicking_drop_no_double_free ... ok
test small::tests::zst_elements ... ok
test sssom::tests::mapping_set_comment_append_is_atomic ... ok
test sssom::tests::inferred_layout_unions_sparse_known_and_extension_columns ... ok
test sssom::tests::diagnostic_line_survives_interleaved_comment ... ok
test small::tests::send_sync_bounds ... ok
test sssom::tests::column_layout_retains_order_and_rejects_invalid_names ... ok
test small::tests::wrapping_enums_stay_the_same_size ... ok
test sssom::tests::parse_distinguishes_metadata_from_before_table_provenance ... ok
test sssom::tests::parse_minimal_doc_fields ... ok
test sssom::tests::parse_preserves_unknown_header_and_columns ... ok
test sssom::tests::parse_rejects_duplicate_columns_at_header_line ... ok
test sssom::tests::parse_rejects_headerless_doc ... ok
test sssom::tests::parse_rejects_inline_curie_map_flow_sequence ... ok
test sssom::tests::parse_retains_zero_row_layout_and_trailing_envelope ... ok
test sssom::tests::parse_retains_exact_after_table_comments ... ok
test sssom::tests::quoted_values_round_trip_through_the_table_writer ... ok
test sssom::tests::retained_layout_appends_new_fields_deterministically ... ok
test sssom::tests::roundtrip_serialize_is_stable ... ok
test sssom::tests::serialize_preserves_unknown_columns_roundtrip ... ok
test sssom::tests::serialize_preserves_mixed_envelope_and_normalizes_crlf ... ok
test sssom::tests::set_comments_are_validation_and_rdf_inert ... ok
test sssom::tests::typed_append_apis_emit_canonical_envelope_positions ... ok
test sssom::tests::to_rdf_emits_owl_reification_for_a_mapping ... ok
test sssom::tests::typed_set_comments_hard_fail_ambiguous_or_multiline_values ... ok
test sink::tests::staging_window_is_bounded_independently_of_document_size ... ok
test sssom::tests::typed_set_comments_preserve_kind_placement_and_raw_content ... ok
test sssom::tests::validate_clean_doc_has_no_errors ... ok
test sssom::tests::validate_flags_confidence_negative ... ok
test sssom::white_space_law::a_no_break_space_before_a_hash_does_not_mint_provenance ... ok
test sssom::white_space_law::a_no_break_space_cell_is_a_present_required_slot ... ok
test sssom::white_space_law::a_no_break_space_line_is_a_record_and_not_a_blank ... ok
test sssom::white_space_law::only_a_space_may_stand_between_the_metadata_marker_and_the_yaml ... ok
test sssom::white_space_law::the_trims_agree_with_the_named_set_on_both_edges ... ok
test sssom::tests::corpus_accessibility_parses_and_validates_clean ... ok
test sssom::tests::validate_flags_confidence_too_high ... ok
test sssom::tests::validate_flags_missing_required_slot ... ok
test sssom::tests::validate_flags_unknown_prefix ... ok
test sssom::white_space_law::a_header_line_of_no_break_space_carries_content ... ok
test term_fixture::tests::a_refused_row_budget_stays_closed_across_new_streams ... ok
test term_writer::tests::a_directional_literal_carries_tag_and_direction ... ok
test term_writer::tests::a_triple_term_in_subject_position_nests ... ok
test ir::term_walk::tests::every_walk_agrees_with_the_recursive_reference ... ok
test term_writer::tests::iris_are_escaped_and_blank_labels_encoded ... ok
test term_writer::tests::the_lexical_layers_xsd_string_is_the_xsd_crates ... ok
test turtle::tests::a_rule_name_is_encoded_like_urllib_quote_with_nothing_safe ... ok
test turtle::tests::emit_lang_literal_no_direction ... ok
test turtle::tests::emit_reifier_blank_subject_is_anonymous_with_annotations ... ok
test turtle::tests::emit_reifier_blank_subject_keeps_label_without_annotations ... ok
test turtle::tests::emit_resource_property_escapes_hostile_blank_label ... ok
test turtle::tests::emit_directional_literal_rtl ... ok
test turtle::tests::emit_literal_lang_and_datatype ... ok
test turtle::tests::emit_reifier_annotation_object_escapes_hostile_blank_label ... ok
test turtle::tests::an_xsd_string_literal_is_written_bare_and_every_other_datatype_kept ... ok
test graph::tests::the_component_index_is_mutual_reachability_in_reverse_topological_order ... ok
test turtle::tests::emit_resource_property_list ... ok
test turtle::tests::emit_term_iri_is_angle_bracketed ... ok
test turtle::tests::emit_term_escapes_an_illegal_blank_label_in_every_position ... ok
test turtle::tests::emit_term_escape_preserves_distinctness_of_blank_nodes ... ok
test turtle::tests::predicate_and_datatype_iris_are_uchar_escaped_and_plain_ones_untouched ... ok
test turtle::tests::the_literal_body_gains_the_backspace_and_form_feed_echars ... ok
test turtle::tests::write_dataset_term_encodes_the_label_and_scope_together ... ok
test turtle::tests::write_dataset_term_triple_arm_uses_non_asserting_parens ... ok
test turtle_render::tests::a_long_string_escapes_only_the_quotes_that_would_close_it ... ok
test turtle_render::tests::a_list_with_two_rests_is_not_collapsed_into_collection_syntax ... ok
test turtle_render::tests::pn_local_accepts_plain_names ... ok
test turtle_render::tests::pn_local_rejects_invalid_names ... ok
test turtle_render::tests::quote_escapes_control_chars_in_triple_quoted ... ok
test turtle_render::tests::quote_escapes_control_chars_short_string ... ok
test turtle_render::tests::prefixed_names_take_the_empty_prefix_and_fall_back_to_a_valid_local_part ... ok
test turtle_render::tests::renders_rdf12_reifier_flat ... ok
test xml_escape::tests::a_refusal_after_many_references_emits_nothing ... ok
test xml_escape::tests::a_rejected_value_emits_nothing_into_a_sink_that_cannot_rewind ... ok
test xml_escape::tests::normalization_sensitive_characters_are_references ... ok
test xml_escape::tests::push_into_agrees_with_escape_for_every_valid_value ... ok
test xml_escape::tests::unchanged_values_are_borrowed_and_invalid_values_are_atomic ... ok
test xsd_regex::blocks::tests::known_block_ranges_match_unicode_16_0_0 ... ok
test xsd_regex::blocks::tests::table_is_sorted_and_non_overlapping ... ok
test xsd_regex::blocks::tests::name_index_is_sorted_and_complete ... ok
test xsd_regex::blocks::tests::unknown_block_name_returns_none ... ok
test turtle::tests::emit_term_triple_term_uses_non_asserting_parens ... ok
test turtle::tests::the_term_writers_agree_with_their_recursive_references_on_generated_terms ... ok
test sssom::white_space_law::the_unicode_property_admits_twenty_four_scalars_this_format_does_not ... ok
test xsd_regex::classes::tests::i_and_ii_escapes_standalone ... ok
test xsd_regex::classes::tests::i_escape_splices_inside_an_open_class ... ok
test xsd_regex::classes::tests::s_escape_is_the_four_codepoint_class_not_unicode_whitespace ... ok
test turtle::tests::rule_iri_is_base_plus_encoded_name ... ok
test xsd_regex::classes::tests::c_and_cc_escapes ... ok
test xsd_regex::classes::tests::surrogate_blocks_are_the_empty_set_not_a_parse_error ... ok
test small::tests::ownership_matches_vec ... ok
test xsd_regex::classes::tests::w_escape_excludes_punctuation_separator_other ... ok
test xsd_regex::emit::tests::backreference_is_rejected_multi_digit ... ok
test xsd_regex::ecma_emit::tests::compatibility_checks_language_not_compilation ... ok
test xsd_regex::emit::tests::backreference_tokenization_follows_the_preceding_group_count ... ok
test xsd_regex::emit::tests::bare_b_and_bb_are_rejected_inside_a_class ... ok
test xsd_regex::emit::tests::bare_b_and_bb_are_rejected_outside_a_class ... ok
test ir::mutable::tests::property_mutations_match_hashset_model ... ok
test xsd_regex::emit::tests::backreference_is_rejected_single_digit ... ok
test graph::tests::deep_path_does_not_grow_the_call_stack ... ok
test xsd_regex::emit::tests::class_members_are_escaped_away_from_regex_set_operators ... ok
test graph::tests::deep_cycle_does_not_grow_the_call_stack ... ok
test xsd_regex::emit::tests::class_subtraction_is_rewritten ... ok
test xsd_regex::emit::tests::dangling_backslash_is_rejected ... ok
test xsd_regex::emit::tests::dot_all_flag_leaves_dot_untouched_for_builder ... ok
test xsd_regex::emit::tests::d_escape_is_unchanged_and_matches_non_ascii_decimal_digits ... ok
test xsd_regex::emit::tests::dot_is_literal_inside_class ... ok
test ir::term_walk::tests::the_folds_and_visits_agree_with_their_recursive_references ... ok
test xsd_regex::emit::tests::dot_excludes_lf_and_cr_outside_class ... ok
test xsd_regex::emit::tests::general_category_escape_passes_through_unchanged ... ok
test xsd_regex::emit::tests::nested_class_subtraction_is_rewritten ... ok
test xsd_regex::emit::tests::is_block_escape_is_spliced_from_the_table ... ok
test xsd_regex::emit::tests::nul_escape_is_refused_as_itself_not_as_a_backreference ... ok
test xsd_regex::emit::tests::non_xsd_escapes_are_refused_by_name ... ok
test xsd_regex::emit::tests::parenthesized_dialect_constructs_are_refused_by_name ... ok
test xsd_regex::emit::tests::negated_class_subtraction_binds_to_the_negation ... ok
test xsd_regex::emit::tests::unknown_block_name_is_rejected ... ok
test xsd_regex::emit::tests::translation_introduces_zero_new_capturing_groups ... ok
test xsd_regex::emit::tests::script_vs_block_confusion_is_closed ... ok
test xsd_regex::emit::tests::unterminated_block_escape_name_is_rejected ... ok
test xsd_regex::emit::tests::unterminated_class_is_rejected ... ok
test xsd_regex::prefilter::tests::class_runs_before_the_window_bound_the_start ... ok
test xsd_regex::emit::tests::non_category_property_names_are_refused_by_name ... ok
test xsd_regex::prefilter::tests::anchored_ends_are_checked_before_the_engine ... ok
test xsd_regex::prefilter::tests::dense_false_windows_give_way_to_the_engine ... ok
test ir::term_walk::tests::the_generic_walks_agree_with_their_recursive_references ... ok
test xsd_regex::replace::tests::bare_dollar_and_bare_backslash_are_forx0004 ... ok
test xsd_regex::replace::tests::dollar_escape_and_backslash_escape_resolve_to_one_character ... ok
test xsd_regex::replace::tests::group_reference_resolves_in_range ... ok
test xsd_regex::replace::tests::out_of_range_group_below_ten_is_empty ... ok
test xsd_regex::replace::tests::over_ten_reference_peels_trailing_digits_as_literals ... ok
test xsd_regex::scan::tests::class_interior_follows_the_xsd_grammar ... ok
test xsd_regex::scan::tests::class_state_and_source_spans_survive_a_walk ... ok
test xsd_regex::prefilter::tests::windows_are_the_required_single_byte_runs ... ok
test xsd_regex::scan::tests::class_subtraction_is_tokenized_frame_by_frame ... ok
test xsd_regex::scan::tests::content_after_a_subtraction_operand_is_refused ... ok
test xsd_regex::scan::tests::errors_match_todays_rejections ... ok
test xsd_regex::scan::tests::groups_and_backreferences ... ok
test xsd_regex::scan::tests::literals_and_classes ... ok
test xsd_regex::scan::tests::multi_character_escapes ... ok
test xsd_regex::scan::tests::non_category_property_names_are_tokenized_not_resolved ... ok
test xsd_regex::scan::tests::non_xsd_escapes_are_refused_by_name ... ok
test xsd_regex::emit::tests::category_allowlist_is_the_complete_appendix_g_set ... ok
test xsd_regex::scan::tests::parenthesized_dialect_constructs_are_refused_by_name ... ok
test xsd_regex::scan::tests::refused_parenthesized_constructs_do_not_corrupt_the_group_count ... ok
test xsd_regex::tests::backreference_is_rejected_with_the_exact_reference ... ok
test xsd_regex::tests::anchors_without_m_flag_anchor_the_whole_string ... ok
test xsd_regex::tests::bare_word_boundary_escapes_are_rejected ... ok
test xsd_regex::tests::compiled_pattern_exposes_the_regex_through_one_accessor ... ok
test xsd_regex::tests::divergence_display_is_the_original_ledger_wording ... ok
test xsd_regex::tests::dollar_with_m_flag_is_line_end ... ok
test xsd_regex::tests::every_divergence_variant_is_pinned_to_a_scanner_construct ... ok
test xsd_regex::tests::dot_excludes_lf_and_cr_by_default ... ok
test xsd_regex::prefilter::tests::prefiltered_answers_equal_the_engine_on_the_edge_cases ... ok
test sssom::white_space_law::the_set_is_exactly_the_two_characters_the_layers_name ... ok
test ir::pack::bits::tests::property_rank_select_matches_naive_oracle ... ok
test small::tests::model_matches_vec ... ok
test xsd_regex::tests::i_flag_is_case_insensitive ... ok
test xsd_regex::tests::known_divergence_i_flag_dotless_case_variant ... ok
test xsd_regex::tests::known_divergence_m_flag_trailing_newline ... ok
test xsd_regex::tests::q_and_x_together_preserve_literal_spaces ... ok
test xsd_regex::tests::q_flag_composes_with_i ... ok
test xsd_regex::tests::q_flag_ignores_m_and_s_and_x ... ok
test xsd_regex::tests::q_flag_treats_pattern_as_literal ... ok
test xsd_regex::tests::replace_group_references_follow_fn_replace ... ok
test xsd_regex::tests::replace_malformed_replacement_is_forx0004 ... ok
test xsd_regex::tests::folded_class_escape_bound_does_not_apply_without_i ... ok
test xsd_regex::tests::replace_resolves_xpath_dollar_and_backslash_escapes ... ok
test xsd_regex::tests::replace_under_q_is_verbatim_and_never_errors ... ok
test xsd_regex::tests::s_flag_makes_dot_match_newlines ... ok
test xsd_regex::tests::source_over_the_limit_is_refused_with_both_numbers ... ok
test xsd_regex::tests::source_at_the_limit_compiles ... ok
test xsd_regex::ecma_emit::tests::invalid_and_over_limit_sources_fail_closed ... ok
test xml_escape::tests::one_pass_agrees_with_the_two_pass_escaper ... ok
test xsd_regex::case_variants::tests::long_s_is_a_variant_of_both_cases_of_s ... ok
test xsd_regex::case_variants::tests::variants_follow_the_xpath_definition_not_simple_folding ... ok
test xsd_regex::tests::unanchored_match_is_partial ... ok
test xsd_regex::tests::unicode_block_table_size_and_astral_boundaries_are_pinned ... ok
test xsd_regex::tests::unknown_block_escape_is_named ... ok
test xsd_regex::tests::unsupported_flag_character_is_named ... ok
test xsd_regex::xflag::tests::a_removed_whitespace_rebinds_the_pending_escape ... ok
test xsd_regex::tests::x_flag_strips_whitespace_outside_classes_only ... ok
test xsd_regex::xflag::tests::xpath_x_flag_matches_the_specifications_examples ... ok
test xsd_regex::ecma_emit::tests::i_flag_is_written_as_xpath_case_variants ... ok
test xsd_regex::tests::folded_class_escapes_one_over_the_limit_is_refused_with_both_numbers ... ok
test xsd_regex::emit::tests::name_escapes_are_pre_folded_under_i_only ... ok
test xsd_regex::tests::translated_over_the_limit_is_refused_promptly ... ok
test term_writer::tests::a_deeply_nested_triple_term_is_written_without_recursion ... ok
test xsd_regex::tests::common_shapes_are_planned_without_a_parse ... ok
test xsd_regex::classes::tests::i_and_c_escapes_match_the_shared_xml_name_terminals_exactly ... ok
test xsd_regex::tests::standalone_name_escapes_are_unlimited_under_i ... ok
test xsd_regex::tests::the_longest_deferred_literal_builds ... ok
test backend::term_walk_tests::a_hundred_thousand_level_value_interns_on_a_128_kib_thread ... ok
test imports::term_walk_tests::a_hundred_thousand_level_term_is_rescoped_on_a_128_kib_thread ... ok
test ir::term_walk::tests::a_hundred_thousand_level_triple_term_is_folded_and_visited_without_recursion ... ok
test cdt_blank::tests::a_hundred_thousand_deep_label_is_bound_exactly_as_a_shallow_one ... ok
test turtle::tests::a_hundred_thousand_level_owned_term_is_written_on_a_128_kib_thread ... ok
test xsd_regex::tests::translated_length_just_under_the_limit_compiles ... ok
test ir::pack::dict::tests::property_pack_dict_round_trips ... ok
test xsd_regex::tests::folded_class_escapes_at_the_limit_compiles ... ok
test xsd_regex::tests::folded_class_escape_bound_counts_multiple_escapes_in_one_class ... ok
test ir::term_walk::tests::a_hundred_thousand_level_chain_is_walked_generically_without_recursion ... ok
test ir::global::tests::a_hundred_thousand_level_term_round_trips_on_a_128_kib_thread ... ok
test ir::mutable::term_walk_tests::a_hundred_thousand_level_term_is_checked_and_interned_on_a_128_kib_thread ... ok
test ir::term::conversion_tests::a_hundred_thousand_level_term_converts_on_a_128_kib_thread ... ok
test xsd_regex::prefilter::tests::anchored_answers_equal_the_engine_on_random_patterns ... ok
test xsd_regex::tests::folded_class_escape_bound_counts_through_subtraction_and_negation ... ok
test xsd_regex::classes::tests::name_escapes_under_i_match_the_old_language_exactly ... ok
test xsd_regex::prefilter::tests::prefiltered_answers_equal_the_engine_on_random_patterns ... ok
test ir::canon::tests::try_canonicalize_flat_view_refuses_budget_exhaustion_and_a_large_neighbour_stays_green ... ok
test distance::tests::exact_paths_agree_bitwise ... ok
test ir::term_walk::tests::a_million_level_triple_term_is_walked_without_recursion ... ok
test csv::scan::tests::every_kernel_agrees_with_the_per_byte_scan_at_every_alignment_and_length ... ok

test result: ok. 1124 passed; 0 failed; 0 ignored; 0 measured; 0 filtered out; finished in 1.78s

     Running tests/blank_publication.rs (/opt/.cargo/slots/2b79b067da2bb563/0/build/debug/build/purrdf-core/997a3f84adc19225/out/blank_publication-997a3f84adc19225)

running 2 tests
test inventory_keeps_suppressed_and_nested_base_and_delta_identities ... ok
test visitor_stops_at_the_first_break_in_either_storage_layer ... ok

test result: ok. 2 passed; 0 failed; 0 ignored; 0 measured; 0 filtered out; finished in 0.00s

