    Checking typenum v1.20.1
    Checking purrdf-hash v3.0.1 (/home/paudley/Active/purrdf/.worktrees/260-zh-hans-glossary-gate-harden-the/crates/hash)
    Checking regex-syntax v0.8.11
    Checking unicode-ident v1.0.24
    Checking cfg-if v1.0.4
    Checking cpufeatures v0.3.0
    Checking proc-macro2 v1.0.106
    Checking quote v1.0.46
    Checking hybrid-array v0.4.15
    Checking regex-automata v0.4.14
    Checking purrdf-lex v3.0.1 (/home/paudley/Active/purrdf/.worktrees/260-zh-hans-glossary-gate-harden-the/crates/lex)
    Checking syn v2.0.118
    Checking block-buffer v0.12.1
    Checking crypto-common v0.2.2
    Checking digest v0.11.3
    Checking sha2 v0.11.0
    Checking purrdf-iri v3.0.1 (/home/paudley/Active/purrdf/.worktrees/260-zh-hans-glossary-gate-harden-the/crates/iri)
    Checking purrdf-xsd v3.0.1 (/home/paudley/Active/purrdf/.worktrees/260-zh-hans-glossary-gate-harden-the/crates/xsd)
    Checking regex v1.12.4
    Checking purrdf-testkit v3.0.1 (/home/paudley/Active/purrdf/.worktrees/260-zh-hans-glossary-gate-harden-the/crates/testkit)
    Checking purrdf-jsonschema v3.0.1 (/home/paudley/Active/purrdf/.worktrees/260-zh-hans-glossary-gate-harden-the/crates/jsonschema)
    Checking helper-census v3.0.1 (/home/paudley/Active/purrdf/.worktrees/260-zh-hans-glossary-gate-harden-the/crates/helper-census)
    Finished `dev` profile [optimized + debuginfo] target(s) in 2.57s
