   Compiling purrdf-hash v3.0.1 (/home/paudley/Active/purrdf/.worktrees/475-benchmarks-replace-the-java-lubm/crates/hash)
   Compiling purrdf-lex v3.0.1 (/home/paudley/Active/purrdf/.worktrees/475-benchmarks-replace-the-java-lubm/crates/lex)
   Compiling purrdf-deflate v3.0.1 (/home/paudley/Active/purrdf/.worktrees/475-benchmarks-replace-the-java-lubm/crates/deflate)
   Compiling purrdf-ed25519 v3.0.1 (/home/paudley/Active/purrdf/.worktrees/475-benchmarks-replace-the-java-lubm/crates/ed25519)
   Compiling purrdf-testkit v3.0.1 (/home/paudley/Active/purrdf/.worktrees/475-benchmarks-replace-the-java-lubm/crates/testkit)
   Compiling purrdf-iri v3.0.1 (/home/paudley/Active/purrdf/.worktrees/475-benchmarks-replace-the-java-lubm/crates/iri)
   Compiling purrdf-xsd v3.0.1 (/home/paudley/Active/purrdf/.worktrees/475-benchmarks-replace-the-java-lubm/crates/xsd)
   Compiling purrdf-cdt v3.0.1 (/home/paudley/Active/purrdf/.worktrees/475-benchmarks-replace-the-java-lubm/crates/cdt)
   Compiling purrdf-gts v3.0.1 (/home/paudley/Active/purrdf/.worktrees/475-benchmarks-replace-the-java-lubm/crates/gts)
   Compiling purrdf-core v3.0.1 (/home/paudley/Active/purrdf/.worktrees/475-benchmarks-replace-the-java-lubm/crates/rdf-core)
   Compiling purrdf-sparql-algebra v3.0.1 (/home/paudley/Active/purrdf/.worktrees/475-benchmarks-replace-the-java-lubm/crates/sparql-algebra)
   Compiling purrdf-sparql-results v3.0.1 (/home/paudley/Active/purrdf/.worktrees/475-benchmarks-replace-the-java-lubm/crates/sparql-results)
   Compiling purrdf-sparql-eval v3.0.1 (/home/paudley/Active/purrdf/.worktrees/475-benchmarks-replace-the-java-lubm/crates/sparql-eval)
   Compiling purrdf-rdf v3.0.1 (/home/paudley/Active/purrdf/.worktrees/475-benchmarks-replace-the-java-lubm/crates/rdf)
   Compiling purrdf-bench v3.0.1 (/home/paudley/Active/purrdf/.worktrees/475-benchmarks-replace-the-java-lubm/crates/bench)
    Finished `test` profile [optimized] target(s) in 1m 27s
     Running tests/lane_common_laws.rs (/opt/.cargo/slots/589dcf4f131a442c/0/build/debug/build/purrdf-bench/24edc1b4402ca3ce/out/lane_common_laws-24edc1b4402ca3ce)

running 1 test
test a_certificate_does_not_outlive_the_run_that_wrote_it ... ok

test result: ok. 1 passed; 0 failed; 0 ignored; 0 measured; 34 filtered out; finished in 0.04s

