    Checking purrdf-hash v3.0.1 (/home/paudley/Active/purrdf/.worktrees/401-update-transfers-preserve-rdf-1-2/crates/hash)
    Checking typenum v1.20.1
    Checking cfg-if v1.0.4
    Checking const-oid v0.10.2
    Checking regex-syntax v0.8.11
    Checking cpufeatures v0.3.0
   Compiling libc v0.2.186
    Checking purrdf-events v3.0.1 (/home/paudley/Active/purrdf/.worktrees/401-update-transfers-preserve-rdf-1-2/crates/rdf-events)
   Compiling purrdf-core v3.0.1 (/home/paudley/Active/purrdf/.worktrees/401-update-transfers-preserve-rdf-1-2/crates/rdf-core)
    Checking hashbrown v0.17.1
    Checking purrdf-alloc-probe v3.0.1 (/home/paudley/Active/purrdf/.worktrees/401-update-transfers-preserve-rdf-1-2/crates/alloc-probe)
   Compiling crossbeam-utils v0.8.21
   Compiling rayon-core v1.13.0
   Compiling getrandom v0.3.4
    Checking hybrid-array v0.4.15
    Checking regex-automata v0.4.14
    Checking purrdf-stack v3.0.1 (/home/paudley/Active/purrdf/.worktrees/401-update-transfers-preserve-rdf-1-2/crates/stack)
    Checking crypto-common v0.2.2
    Checking block-buffer v0.12.1
    Checking either v1.16.0
    Checking digest v0.11.3
    Checking purrdf-lex v3.0.1 (/home/paudley/Active/purrdf/.worktrees/401-update-transfers-preserve-rdf-1-2/crates/lex)
    Checking purrdf-deflate v3.0.1 (/home/paudley/Active/purrdf/.worktrees/401-update-transfers-preserve-rdf-1-2/crates/deflate)
    Checking sha2 v0.11.0
    Checking crossbeam-epoch v0.9.18
    Checking crossbeam-deque v0.8.6
    Checking purrdf-testkit v3.0.1 (/home/paudley/Active/purrdf/.worktrees/401-update-transfers-preserve-rdf-1-2/crates/testkit)
    Checking regex v1.12.4
    Checking rayon v1.12.0
    Checking purrdf-xsd v3.0.1 (/home/paudley/Active/purrdf/.worktrees/401-update-transfers-preserve-rdf-1-2/crates/xsd)
    Checking purrdf-iri v3.0.1 (/home/paudley/Active/purrdf/.worktrees/401-update-transfers-preserve-rdf-1-2/crates/iri)
    Checking purrdf-cdt v3.0.1 (/home/paudley/Active/purrdf/.worktrees/401-update-transfers-preserve-rdf-1-2/crates/cdt)
    Checking purrdf-sparql-algebra v3.0.1 (/home/paudley/Active/purrdf/.worktrees/401-update-transfers-preserve-rdf-1-2/crates/sparql-algebra)
    Checking purrdf-sparql-results v3.0.1 (/home/paudley/Active/purrdf/.worktrees/401-update-transfers-preserve-rdf-1-2/crates/sparql-results)
    Checking purrdf-sparql-eval v3.0.1 (/home/paudley/Active/purrdf/.worktrees/401-update-transfers-preserve-rdf-1-2/crates/sparql-eval)
error: redundant clone
    --> crates/rdf-core/src/ir/mutable.rs:2200:51
     |
2200 |         assert_eq!(original_annotations, [original.clone(), first]);
     |                                                   ^^^^^^^^ help: remove this
     |
note: this value is dropped without further use
    --> crates/rdf-core/src/ir/mutable.rs:2200:43
     |
2200 |         assert_eq!(original_annotations, [original.clone(), first]);
     |                                           ^^^^^^^^
     = help: for further information visit https://rust-lang.github.io/rust-clippy/main/index.html#redundant_clone
     = note: `-D clippy::redundant-clone` implied by `-D warnings`
     = help: to override `-D warnings` add `#[allow(clippy::redundant_clone)]`

error: could not compile `purrdf-core` (lib test) due to 1 previous error
warning: build failed, waiting for other jobs to finish...
