2026-10-03T11:26:01.6982816Z Current runner version: '2.337.0'
2026-10-03T11:26:01.7004143Z ##[group]Runner Image Provisioner
2026-10-03T11:26:01.7004952Z Hosted Compute Agent
2026-10-03T11:26:01.7005500Z Version: 20260901.588
2026-10-03T11:26:01.7006144Z Commit: f88ec8081b781fac6c440065ac7ff9e710ce3d0b
2026-10-03T11:26:01.7006745Z Build Date: 2026-09-01T19:56:44Z
2026-10-03T11:26:01.7007281Z Worker ID: {b516a290-133a-4ad7-afde-6fa492a6cf16}
2026-10-03T11:26:01.7007922Z Azure Region: westus3
2026-10-03T11:26:01.7008407Z ##[endgroup]
2026-10-03T11:26:01.7009524Z ##[group]Operating System
2026-10-03T11:26:01.7010052Z Ubuntu
2026-10-03T11:26:01.7010690Z 24.04.5
2026-10-03T11:26:01.7011212Z LTS
2026-10-03T11:26:01.7011646Z ##[endgroup]
2026-10-03T11:26:01.7012204Z ##[group]Runner Image
2026-10-03T11:26:01.7012717Z Image: ubuntu-24.04
2026-10-03T11:26:01.7013191Z Version: 20260927.320.1
2026-10-03T11:26:01.7014302Z Included Software: https://github.com/actions/runner-images/blob/ubuntu24/20260927.320/images/ubuntu/Ubuntu2404-Readme.md
2026-10-03T11:26:01.7015599Z Image Release: https://github.com/actions/runner-images/releases/tag/ubuntu24%2F20260927.320
2026-10-03T11:26:01.7016402Z ##[endgroup]
2026-10-03T11:26:01.7017274Z ##[group]GITHUB_TOKEN Permissions
2026-10-03T11:26:01.7018895Z Contents: read
2026-10-03T11:26:01.7019411Z Metadata: read
2026-10-03T11:26:01.7019940Z ##[endgroup]
2026-10-03T11:26:01.7021971Z Secret source: Actions
2026-10-03T11:26:01.7022842Z Cache mode: write
2026-10-03T11:26:01.7023412Z Prepare workflow directory
2026-10-03T11:26:01.7374912Z Prepare all required actions
2026-10-03T11:26:01.7413490Z Getting action download info
2026-10-03T11:26:02.0717534Z Download action repository 'actions/checkout@9c091bb21b7c1c1d1991bb908d89e4e9dddfe3e0' (SHA:9c091bb21b7c1c1d1991bb908d89e4e9dddfe3e0)
2026-10-03T11:26:02.5822373Z Download action repository 'dtolnay/rust-toolchain@29eef336d9b2848a0b548edc03f92a220660cdb8' (SHA:29eef336d9b2848a0b548edc03f92a220660cdb8)
2026-10-03T11:26:02.8055722Z Download action repository 'actions/cache@0057852bfaa89a56745cba8c7296529d2fc39830' (SHA:0057852bfaa89a56745cba8c7296529d2fc39830)
2026-10-03T11:26:02.9726783Z Download action repository 'actions/upload-artifact@043fb46d1a93c77aae656e7c1c64a875d1fc6a0a' (SHA:043fb46d1a93c77aae656e7c1c64a875d1fc6a0a)
2026-10-03T11:26:03.2170944Z Complete job name: simd-asm-config (wasm32-simd128)
2026-10-03T11:26:03.2944138Z ##[group]Run actions/checkout@9c091bb21b7c1c1d1991bb908d89e4e9dddfe3e0
2026-10-03T11:26:03.2945452Z with:
2026-10-03T11:26:03.2946113Z   persist-credentials: false
2026-10-03T11:26:03.2946938Z   repository: Blackcat-Informatics/purrdf
2026-10-03T11:26:03.2954079Z   token: ***
2026-10-03T11:26:03.2954727Z   ssh-strict: true
2026-10-03T11:26:03.2955378Z   ssh-user: git
2026-10-03T11:26:03.2956011Z   clean: true
2026-10-03T11:26:03.2956689Z   sparse-checkout-cone-mode: true
2026-10-03T11:26:03.2957480Z   fetch-depth: 1
2026-10-03T11:26:03.2958140Z   fetch-tags: false
2026-10-03T11:26:03.2958833Z   show-progress: true
2026-10-03T11:26:03.2959501Z   lfs: false
2026-10-03T11:26:03.2960160Z   submodules: false
2026-10-03T11:26:03.2960934Z   set-safe-directory: true
2026-10-03T11:26:03.2961709Z   allow-unsafe-pr-checkout: false
2026-10-03T11:26:03.2962800Z ##[endgroup]
2026-10-03T11:26:03.3858437Z Syncing repository: Blackcat-Informatics/purrdf
2026-10-03T11:26:03.3861064Z ##[group]Getting Git version info
2026-10-03T11:26:03.3862086Z Working directory is '/home/runner/work/purrdf/purrdf'
2026-10-03T11:26:03.3863622Z [command]/usr/bin/git version
2026-10-03T11:26:03.3893133Z git version 2.55.0
2026-10-03T11:26:03.3909566Z ##[endgroup]
2026-10-03T11:26:03.3920071Z Temporarily overriding HOME='/home/runner/work/_temp/b9e9920e-37b7-4e37-beac-908bbe0c8cee' before making global git config changes
2026-10-03T11:26:03.3923368Z Adding repository directory to the temporary git global config as a safe directory
2026-10-03T11:26:03.3925724Z [command]/usr/bin/git config --global --add safe.directory /home/runner/work/purrdf/purrdf
2026-10-03T11:26:03.3963706Z Deleting the contents of '/home/runner/work/purrdf/purrdf'
2026-10-03T11:26:03.3967436Z ##[group]Determining repository object format
2026-10-03T11:26:03.3969073Z ##[endgroup]
2026-10-03T11:26:03.3970168Z ##[group]Initializing the repository
2026-10-03T11:26:03.4037912Z [command]/usr/bin/git init /home/runner/work/purrdf/purrdf
2026-10-03T11:26:03.4055942Z hint: Using 'master' as the name for the initial branch. This default branch name
2026-10-03T11:26:03.4057875Z hint: will change to "main" in Git 3.0. To configure the initial branch name
2026-10-03T11:26:03.4059626Z hint: to use in all of your new repositories, which will suppress this warning,
2026-10-03T11:26:03.4061391Z hint: call:
2026-10-03T11:26:03.4062074Z hint:
2026-10-03T11:26:03.4062848Z hint: 	git config --global init.defaultBranch <name>
2026-10-03T11:26:03.4063789Z hint:
2026-10-03T11:26:03.4064797Z hint: Names commonly chosen instead of 'master' are 'main', 'trunk' and
2026-10-03T11:26:03.4066434Z hint: 'development'. The just-created branch can be renamed via this command:
2026-10-03T11:26:03.4067580Z hint:
2026-10-03T11:26:03.4068235Z hint: 	git branch -m <name>
2026-10-03T11:26:03.4068979Z hint:
2026-10-03T11:26:03.4069928Z hint: Disable this message with "git config set advice.defaultBranchName false"
2026-10-03T11:26:03.4071752Z Initialized empty Git repository in /home/runner/work/purrdf/purrdf/.git/
2026-10-03T11:26:03.4074472Z [command]/usr/bin/git remote add origin https://github.com/Blackcat-Informatics/purrdf
2026-10-03T11:26:03.4107247Z ##[endgroup]
2026-10-03T11:26:03.4108387Z ##[group]Disabling automatic garbage collection
2026-10-03T11:26:03.4109660Z [command]/usr/bin/git config --local gc.auto 0
2026-10-03T11:26:03.4137697Z ##[endgroup]
2026-10-03T11:26:03.4138785Z ##[group]Setting up auth
2026-10-03T11:26:03.4139615Z Removing SSH command configuration
2026-10-03T11:26:03.4142445Z [command]/usr/bin/git config --local --name-only --get-regexp core\.sshCommand
2026-10-03T11:26:03.4169510Z [command]/usr/bin/git submodule foreach --recursive sh -c "git config --local --name-only --get-regexp 'core\.sshCommand' && git config --local --unset-all 'core.sshCommand' || :"
2026-10-03T11:26:03.4442200Z Removing HTTP extra header
2026-10-03T11:26:03.4446715Z [command]/usr/bin/git config --local --name-only --get-regexp http\.https\:\/\/github\.com\/\.extraheader
2026-10-03T11:26:03.4475280Z [command]/usr/bin/git submodule foreach --recursive sh -c "git config --local --name-only --get-regexp 'http\.https\:\/\/github\.com\/\.extraheader' && git config --local --unset-all 'http.https://github.com/.extraheader' || :"
2026-10-03T11:26:03.4661422Z Removing includeIf entries pointing to credentials config files
2026-10-03T11:26:03.4665603Z [command]/usr/bin/git config --local --name-only --get-regexp ^includeIf\.gitdir:
2026-10-03T11:26:03.4692594Z [command]/usr/bin/git submodule foreach --recursive git config --local --show-origin --name-only --get-regexp remote.origin.url
2026-10-03T11:26:03.4882805Z [command]/usr/bin/git config --file /home/runner/work/_temp/git-credentials-df94ce2c-938b-42a1-9d13-3e196b4492e5.config http.https://github.com/.extraheader AUTHORIZATION: basic ***
2026-10-03T11:26:03.4914753Z [command]/usr/bin/git config --local includeIf.gitdir:/home/runner/work/purrdf/purrdf/.git.path /home/runner/work/_temp/git-credentials-df94ce2c-938b-42a1-9d13-3e196b4492e5.config
2026-10-03T11:26:03.4942411Z [command]/usr/bin/git config --local includeIf.gitdir:/home/runner/work/purrdf/purrdf/.git/worktrees/*.path /home/runner/work/_temp/git-credentials-df94ce2c-938b-42a1-9d13-3e196b4492e5.config
2026-10-03T11:26:03.4970269Z [command]/usr/bin/git config --local includeIf.gitdir:/github/workspace/.git.path /github/runner_temp/git-credentials-df94ce2c-938b-42a1-9d13-3e196b4492e5.config
2026-10-03T11:26:03.4998388Z [command]/usr/bin/git config --local includeIf.gitdir:/github/workspace/.git/worktrees/*.path /github/runner_temp/git-credentials-df94ce2c-938b-42a1-9d13-3e196b4492e5.config
2026-10-03T11:26:03.5023219Z ##[endgroup]
2026-10-03T11:26:03.5024331Z ##[group]Fetching the repository
2026-10-03T11:26:03.5028626Z [command]/usr/bin/git -c protocol.version=2 fetch --no-tags --prune --no-recurse-submodules --depth=1 origin +667830180a4fe7e4a6007eedb056c0a5d72d5e8f:refs/remotes/pull/391/merge
2026-10-03T11:26:08.2498471Z From https://github.com/Blackcat-Informatics/purrdf
2026-10-03T11:26:08.2499300Z  * [new ref]         667830180a4fe7e4a6007eedb056c0a5d72d5e8f -> pull/391/merge
2026-10-03T11:26:08.2501771Z ##[endgroup]
2026-10-03T11:26:08.2502388Z ##[group]Determining the checkout info
2026-10-03T11:26:08.2506994Z ##[endgroup]
2026-10-03T11:26:08.2507473Z [command]/usr/bin/git sparse-checkout disable
2026-10-03T11:26:08.2550365Z [command]/usr/bin/git config --local --unset-all extensions.worktreeConfig
2026-10-03T11:26:08.2575342Z ##[group]Checking out the ref
2026-10-03T11:26:08.2578220Z [command]/usr/bin/git checkout --progress --force refs/remotes/pull/391/merge
2026-10-03T11:26:09.1450297Z Note: switching to 'refs/remotes/pull/391/merge'.
2026-10-03T11:26:09.1452553Z 
2026-10-03T11:26:09.1452998Z You are in 'detached HEAD' state. You can look around, make experimental
2026-10-03T11:26:09.1453726Z changes and commit them, and you can discard any commits you make in this
2026-10-03T11:26:09.1454491Z state without impacting any branches by switching back to a branch.
2026-10-03T11:26:09.1454979Z 
2026-10-03T11:26:09.1455392Z If you want to create a new branch to retain commits you create, you may
2026-10-03T11:26:09.1456062Z do so (now or later) by using -c with the switch command. Example:
2026-10-03T11:26:09.1456487Z 
2026-10-03T11:26:09.1456721Z   git switch -c <new-branch-name>
2026-10-03T11:26:09.1457008Z 
2026-10-03T11:26:09.1457232Z Or undo this operation with:
2026-10-03T11:26:09.1457515Z 
2026-10-03T11:26:09.1457700Z   git switch -
2026-10-03T11:26:09.1458180Z 
2026-10-03T11:26:09.1458541Z Turn off this advice by setting config variable advice.detachedHead to false
2026-10-03T11:26:09.1459022Z 
2026-10-03T11:26:09.1459638Z HEAD is now at 6678301 Merge 28744b104af37faeb43a25bf865c25fa7094bc4d into 97769c0d95026d95211768f0c30ce0c70c7309b3
2026-10-03T11:26:09.1475798Z ##[endgroup]
2026-10-03T11:26:09.1518953Z [command]/usr/bin/git log -1 --format=%H
2026-10-03T11:26:09.1543329Z 667830180a4fe7e4a6007eedb056c0a5d72d5e8f
2026-10-03T11:26:09.1553797Z ##[group]Removing auth
2026-10-03T11:26:09.1554522Z Removing SSH command configuration
2026-10-03T11:26:09.1558140Z [command]/usr/bin/git config --local --name-only --get-regexp core\.sshCommand
2026-10-03T11:26:09.1586172Z [command]/usr/bin/git submodule foreach --recursive sh -c "git config --local --name-only --get-regexp 'core\.sshCommand' && git config --local --unset-all 'core.sshCommand' || :"
2026-10-03T11:26:09.1784408Z Removing HTTP extra header
2026-10-03T11:26:09.1787621Z [command]/usr/bin/git config --local --name-only --get-regexp http\.https\:\/\/github\.com\/\.extraheader
2026-10-03T11:26:09.1816073Z [command]/usr/bin/git submodule foreach --recursive sh -c "git config --local --name-only --get-regexp 'http\.https\:\/\/github\.com\/\.extraheader' && git config --local --unset-all 'http.https://github.com/.extraheader' || :"
2026-10-03T11:26:09.2013934Z Removing includeIf entries pointing to credentials config files
2026-10-03T11:26:09.2016810Z [command]/usr/bin/git config --local --name-only --get-regexp ^includeIf\.gitdir:
2026-10-03T11:26:09.2039900Z includeif.gitdir:/home/runner/work/purrdf/purrdf/.git.path
2026-10-03T11:26:09.2040741Z includeif.gitdir:/home/runner/work/purrdf/purrdf/.git/worktrees/*.path
2026-10-03T11:26:09.2041272Z includeif.gitdir:/github/workspace/.git.path
2026-10-03T11:26:09.2041718Z includeif.gitdir:/github/workspace/.git/worktrees/*.path
2026-10-03T11:26:09.2047811Z [command]/usr/bin/git config --local --get-all includeif.gitdir:/home/runner/work/purrdf/purrdf/.git.path
2026-10-03T11:26:09.2066958Z /home/runner/work/_temp/git-credentials-df94ce2c-938b-42a1-9d13-3e196b4492e5.config
2026-10-03T11:26:09.2074780Z [command]/usr/bin/git config --local --unset includeif.gitdir:/home/runner/work/purrdf/purrdf/.git.path /home/runner/work/_temp/git-credentials-df94ce2c-938b-42a1-9d13-3e196b4492e5.config
2026-10-03T11:26:09.2104444Z [command]/usr/bin/git config --local --get-all includeif.gitdir:/home/runner/work/purrdf/purrdf/.git/worktrees/*.path
2026-10-03T11:26:09.2123349Z /home/runner/work/_temp/git-credentials-df94ce2c-938b-42a1-9d13-3e196b4492e5.config
2026-10-03T11:26:09.2130447Z [command]/usr/bin/git config --local --unset includeif.gitdir:/home/runner/work/purrdf/purrdf/.git/worktrees/*.path /home/runner/work/_temp/git-credentials-df94ce2c-938b-42a1-9d13-3e196b4492e5.config
2026-10-03T11:26:09.2163126Z [command]/usr/bin/git config --local --get-all includeif.gitdir:/github/workspace/.git.path
2026-10-03T11:26:09.2181052Z /github/runner_temp/git-credentials-df94ce2c-938b-42a1-9d13-3e196b4492e5.config
2026-10-03T11:26:09.2187703Z [command]/usr/bin/git config --local --unset includeif.gitdir:/github/workspace/.git.path /github/runner_temp/git-credentials-df94ce2c-938b-42a1-9d13-3e196b4492e5.config
2026-10-03T11:26:09.2217470Z [command]/usr/bin/git config --local --get-all includeif.gitdir:/github/workspace/.git/worktrees/*.path
2026-10-03T11:26:09.2238299Z /github/runner_temp/git-credentials-df94ce2c-938b-42a1-9d13-3e196b4492e5.config
2026-10-03T11:26:09.2248753Z [command]/usr/bin/git config --local --unset includeif.gitdir:/github/workspace/.git/worktrees/*.path /github/runner_temp/git-credentials-df94ce2c-938b-42a1-9d13-3e196b4492e5.config
2026-10-03T11:26:09.2277158Z [command]/usr/bin/git submodule foreach --recursive git config --local --show-origin --name-only --get-regexp remote.origin.url
2026-10-03T11:26:09.2467579Z Removing credentials config '/home/runner/work/_temp/git-credentials-df94ce2c-938b-42a1-9d13-3e196b4492e5.config'
2026-10-03T11:26:09.2476032Z ##[endgroup]
2026-10-03T11:26:09.2748642Z ##[group]Run dtolnay/rust-toolchain@29eef336d9b2848a0b548edc03f92a220660cdb8
2026-10-03T11:26:09.2748998Z with:
2026-10-03T11:26:09.2749173Z   toolchain: nightly
2026-10-03T11:26:09.2749418Z   targets: wasm32-unknown-unknown, aarch64-unknown-linux-gnu
2026-10-03T11:26:09.2749715Z ##[endgroup]
2026-10-03T11:26:09.2825326Z ##[start-action display=Run : parse toolchain version;id=__dtolnay_rust-toolchain.parse]
2026-10-03T11:26:09.2904251Z ##[group]Run : parse toolchain version
2026-10-03T11:26:09.2904589Z [36;1m: parse toolchain version[0m
2026-10-03T11:26:09.2904829Z [36;1mif [[ -z $toolchain ]]; then[0m
2026-10-03T11:26:09.2905266Z [36;1m  # GitHub does not enforce `required: true` inputs itself. https://github.com/actions/runner/issues/1070[0m
2026-10-03T11:26:09.2905712Z [36;1m  echo "'toolchain' is a required input" >&2[0m
2026-10-03T11:26:09.2905945Z [36;1m  exit 1[0m
2026-10-03T11:26:09.2906274Z [36;1melif [[ $toolchain =~ ^stable' '[0-9]+' '(year|month|week|day)s?' 'ago$ ]]; then[0m
2026-10-03T11:26:09.2906595Z [36;1m  if [[ Linux == macOS ]]; then[0m
2026-10-03T11:26:09.2907011Z [36;1m    echo "toolchain=1.$((($(date -v-$(sed 's/stable \([0-9]*\) \(.\).*/\1\2/' <<< $toolchain) +%s)/60/60/24-16569)/7/6))" >> $GITHUB_OUTPUT[0m
2026-10-03T11:26:09.2907417Z [36;1m  else[0m
2026-10-03T11:26:09.2907735Z [36;1m    echo "toolchain=1.$((($(date --date "${toolchain#stable }" +%s)/60/60/24-16569)/7/6))" >> $GITHUB_OUTPUT[0m
2026-10-03T11:26:09.2908093Z [36;1m  fi[0m
2026-10-03T11:26:09.2908333Z [36;1melif [[ $toolchain =~ ^stable' 'minus' '[0-9]+' 'releases?$ ]]; then[0m
2026-10-03T11:26:09.2908735Z [36;1m  echo "toolchain=1.$((($(date +%s)/60/60/24-16569)/7/6-${toolchain//[^0-9]/}))" >> $GITHUB_OUTPUT[0m
2026-10-03T11:26:09.2909097Z [36;1melif [[ $toolchain =~ ^1\.[0-9]+$ ]]; then[0m
2026-10-03T11:26:09.2909497Z [36;1m  echo "toolchain=1.$((i=${toolchain#1.}, c=($(date +%s)/60/60/24-16569)/7/6, i+9*i*(10*i<=c)+90*i*(100*i<=c)))" >> $GITHUB_OUTPUT[0m
2026-10-03T11:26:09.2909867Z [36;1melse[0m
2026-10-03T11:26:09.2910060Z [36;1m  echo "toolchain=$toolchain" >> $GITHUB_OUTPUT[0m
2026-10-03T11:26:09.2910300Z [36;1mfi[0m
2026-10-03T11:26:09.3099756Z shell: /usr/bin/bash --noprofile --norc -e -o pipefail {0}
2026-10-03T11:26:09.3100284Z env:
2026-10-03T11:26:09.3100725Z   toolchain: nightly
2026-10-03T11:26:09.3100971Z ##[endgroup]
2026-10-03T11:26:09.3224785Z ##[end-action id=__dtolnay_rust-toolchain.parse;outcome=success;conclusion=success;duration_ms=39]
2026-10-03T11:26:09.3244144Z ##[start-action display=Run : construct rustup command line;id=__dtolnay_rust-toolchain.flags]
2026-10-03T11:26:09.3268757Z ##[group]Run : construct rustup command line
2026-10-03T11:26:09.3269060Z [36;1m: construct rustup command line[0m
2026-10-03T11:26:09.3269423Z [36;1mecho "targets=$(for t in ${targets//,/ }; do echo -n ' --target' $t; done)" >> $GITHUB_OUTPUT[0m
2026-10-03T11:26:09.3269947Z [36;1mecho "components=$(for c in ${components//,/ }; do echo -n ' --component' $c; done)" >> $GITHUB_OUTPUT[0m
2026-10-03T11:26:09.3270341Z [36;1mecho "downgrade=" >> $GITHUB_OUTPUT[0m
2026-10-03T11:26:09.3324363Z shell: /usr/bin/bash --noprofile --norc -e -o pipefail {0}
2026-10-03T11:26:09.3324644Z env:
2026-10-03T11:26:09.3324893Z   targets: wasm32-unknown-unknown, aarch64-unknown-linux-gnu
2026-10-03T11:26:09.3325160Z   components: 
2026-10-03T11:26:09.3325330Z ##[endgroup]
2026-10-03T11:26:09.3412514Z ##[end-action id=__dtolnay_rust-toolchain.flags;outcome=success;conclusion=success;duration_ms=16]
2026-10-03T11:26:09.3416257Z ##[start-action display=Run : set $CARGO_HOME;id=__dtolnay_rust-toolchain.__run]
2026-10-03T11:26:09.3439963Z ##[group]Run : set $CARGO_HOME
2026-10-03T11:26:09.3440198Z [36;1m: set $CARGO_HOME[0m
2026-10-03T11:26:09.3440455Z [36;1mecho CARGO_HOME=${CARGO_HOME:-"$HOME/.cargo"} >> $GITHUB_ENV[0m
2026-10-03T11:26:09.3493171Z shell: /usr/bin/bash --noprofile --norc -e -o pipefail {0}
2026-10-03T11:26:09.3493450Z ##[endgroup]
2026-10-03T11:26:09.3570118Z ##[end-action id=__dtolnay_rust-toolchain.__run;outcome=success;conclusion=success;duration_ms=15]
2026-10-03T11:26:09.3572423Z ##[start-action display=Run : install rustup if needed;id=__dtolnay_rust-toolchain.__run_2]
2026-10-03T11:26:09.3601058Z ##[group]Run : install rustup if needed
2026-10-03T11:26:09.3601333Z [36;1m: install rustup if needed[0m
2026-10-03T11:26:09.3601575Z [36;1mif ! command -v rustup &>/dev/null; then[0m
2026-10-03T11:26:09.3602170Z [36;1m  curl --proto '=https' --tlsv1.2 --retry 10 --retry-connrefused --location --silent --show-error --fail https://sh.rustup.rs | sh -s -- --default-toolchain none -y[0m
2026-10-03T11:26:09.3602720Z [36;1m  echo "$CARGO_HOME/bin" >> $GITHUB_PATH[0m
2026-10-03T11:26:09.3602965Z [36;1mfi[0m
2026-10-03T11:26:09.3653508Z shell: /usr/bin/bash --noprofile --norc -e -o pipefail {0}
2026-10-03T11:26:09.3653776Z env:
2026-10-03T11:26:09.3653947Z   CARGO_HOME: /home/runner/.cargo
2026-10-03T11:26:09.3654154Z ##[endgroup]
2026-10-03T11:26:09.3728301Z ##[end-action id=__dtolnay_rust-toolchain.__run_2;outcome=success;conclusion=success;duration_ms=15]
2026-10-03T11:26:09.3732327Z ##[start-action display=Run : install rustup if needed on windows;id=__dtolnay_rust-toolchain.__run_3]
2026-10-03T11:26:09.3738319Z ##[end-action id=__dtolnay_rust-toolchain.__run_3;outcome=skipped;conclusion=skipped;duration_ms=0]
2026-10-03T11:26:09.3764029Z ##[start-action display=rustup toolchain install nightly;id=__dtolnay_rust-toolchain.__run_4]
2026-10-03T11:26:09.3788568Z ##[group]Run rustup toolchain install nightly --target wasm32-unknown-unknown --target aarch64-unknown-linux-gnu --profile minimal --no-self-update
2026-10-03T11:26:09.3789356Z [36;1mrustup toolchain install nightly --target wasm32-unknown-unknown --target aarch64-unknown-linux-gnu --profile minimal --no-self-update[0m
2026-10-03T11:26:09.3841812Z shell: /usr/bin/bash --noprofile --norc -e -o pipefail {0}
2026-10-03T11:26:09.3842087Z env:
2026-10-03T11:26:09.3842266Z   CARGO_HOME: /home/runner/.cargo
2026-10-03T11:26:09.3842496Z   RUSTUP_PERMIT_COPY_RENAME: 1
2026-10-03T11:26:09.3842702Z ##[endgroup]
2026-10-03T11:26:09.4354021Z info: syncing channel updates for nightly-x86_64-unknown-linux-gnu
2026-10-03T11:26:09.6940349Z info: latest update on 2026-10-03 for version 1.101.0-nightly (0abfedbc7 2026-10-02)
2026-10-03T11:26:09.6941436Z info: downloading 5 components
2026-10-03T11:26:20.5045065Z 
2026-10-03T11:26:20.5104385Z   nightly-x86_64-unknown-linux-gnu installed - rustc 1.101.0-nightly (0abfedbc7 2026-10-02)
2026-10-03T11:26:20.5104878Z 
2026-10-03T11:26:20.5166276Z ##[end-action id=__dtolnay_rust-toolchain.__run_4;outcome=success;conclusion=success;duration_ms=11140]
2026-10-03T11:26:20.5171628Z ##[start-action display=Run rustup default nightly;id=__dtolnay_rust-toolchain.__run_5]
2026-10-03T11:26:20.5269774Z ##[group]Run rustup default nightly
2026-10-03T11:26:20.5270044Z [36;1mrustup default nightly[0m
2026-10-03T11:26:20.5325380Z shell: /usr/bin/bash --noprofile --norc -e -o pipefail {0}
2026-10-03T11:26:20.5325665Z env:
2026-10-03T11:26:20.5325843Z   CARGO_HOME: /home/runner/.cargo
2026-10-03T11:26:20.5326053Z ##[endgroup]
2026-10-03T11:26:20.6323539Z info: using existing install for nightly-x86_64-unknown-linux-gnu
2026-10-03T11:26:20.8354605Z info: default toolchain set to nightly-x86_64-unknown-linux-gnu
2026-10-03T11:26:20.8354944Z 
2026-10-03T11:26:20.8415326Z   nightly-x86_64-unknown-linux-gnu unchanged - rustc 1.101.0-nightly (0abfedbc7 2026-10-02)
2026-10-03T11:26:20.8415758Z 
2026-10-03T11:26:20.8416446Z info: note that the toolchain 'nightly-x86_64-unknown-linux-gnu' is currently in use (overridden by '/home/runner/work/purrdf/purrdf/rust-toolchain.toml')
2026-10-03T11:26:20.8433138Z ##[end-action id=__dtolnay_rust-toolchain.__run_5;outcome=success;conclusion=success;duration_ms=326]
2026-10-03T11:26:20.8438291Z ##[start-action display=Run : create cachekey;id=__dtolnay_rust-toolchain.rustc-version]
2026-10-03T11:26:20.8463285Z ##[group]Run : create cachekey
2026-10-03T11:26:20.8463849Z [36;1m: create cachekey[0m
2026-10-03T11:26:20.8464491Z [36;1mDATE=$(rustc +nightly --version --verbose | sed -ne 's/^commit-date: \(20[0-9][0-9]\)-\([01][0-9]\)-\([0-3][0-9]\)$/\1\2\3/p')[0m
2026-10-03T11:26:20.8465327Z [36;1mHASH=$(rustc +nightly --version --verbose | sed -ne 's/^commit-hash: //p')[0m
2026-10-03T11:26:20.8465943Z [36;1mecho "cachekey=$(echo $DATE$HASH | head -c12)" >> $GITHUB_OUTPUT[0m
2026-10-03T11:26:20.8543320Z shell: /usr/bin/bash --noprofile --norc -e -o pipefail {0}
2026-10-03T11:26:20.8543764Z env:
2026-10-03T11:26:20.8544032Z   CARGO_HOME: /home/runner/.cargo
2026-10-03T11:26:20.8544355Z ##[endgroup]
2026-10-03T11:26:20.9871415Z ##[end-action id=__dtolnay_rust-toolchain.rustc-version;outcome=success;conclusion=success;duration_ms=143]
2026-10-03T11:26:20.9873896Z ##[start-action display=Run : disable incremental compilation;id=__dtolnay_rust-toolchain.__run_6]
2026-10-03T11:26:20.9891132Z ##[group]Run : disable incremental compilation
2026-10-03T11:26:20.9891443Z [36;1m: disable incremental compilation[0m
2026-10-03T11:26:20.9891700Z [36;1mif [ -z "${CARGO_INCREMENTAL+set}" ]; then[0m
2026-10-03T11:26:20.9891958Z [36;1m  echo CARGO_INCREMENTAL=0 >> $GITHUB_ENV[0m
2026-10-03T11:26:20.9892188Z [36;1mfi[0m
2026-10-03T11:26:20.9946532Z shell: /usr/bin/bash --noprofile --norc -e -o pipefail {0}
2026-10-03T11:26:20.9946799Z env:
2026-10-03T11:26:20.9946967Z   CARGO_HOME: /home/runner/.cargo
2026-10-03T11:26:20.9947178Z ##[endgroup]
2026-10-03T11:26:21.0300923Z ##[end-action id=__dtolnay_rust-toolchain.__run_6;outcome=success;conclusion=success;duration_ms=42]
2026-10-03T11:26:21.0303125Z ##[start-action display=Run : enable colors in Cargo output;id=__dtolnay_rust-toolchain.__run_7]
2026-10-03T11:26:21.0320163Z ##[group]Run : enable colors in Cargo output
2026-10-03T11:26:21.0320442Z [36;1m: enable colors in Cargo output[0m
2026-10-03T11:26:21.0320883Z [36;1mif [ -z "${CARGO_TERM_COLOR+set}" ]; then[0m
2026-10-03T11:26:21.0321165Z [36;1m  echo CARGO_TERM_COLOR=always >> $GITHUB_ENV[0m
2026-10-03T11:26:21.0321399Z [36;1mfi[0m
2026-10-03T11:26:21.0383776Z shell: /usr/bin/bash --noprofile --norc -e -o pipefail {0}
2026-10-03T11:26:21.0384172Z env:
2026-10-03T11:26:21.0384411Z   CARGO_HOME: /home/runner/.cargo
2026-10-03T11:26:21.0384927Z   CARGO_INCREMENTAL: 0
2026-10-03T11:26:21.0385184Z ##[endgroup]
2026-10-03T11:26:21.0469958Z ##[end-action id=__dtolnay_rust-toolchain.__run_7;outcome=success;conclusion=success;duration_ms=16]
2026-10-03T11:26:21.0473941Z ##[start-action display=Run : enable Cargo sparse registry;id=__dtolnay_rust-toolchain.__run_8]
2026-10-03T11:26:21.0489789Z ##[group]Run : enable Cargo sparse registry
2026-10-03T11:26:21.0490076Z [36;1m: enable Cargo sparse registry[0m
2026-10-03T11:26:21.0490374Z [36;1m# implemented in 1.66, stabilized in 1.68, made default in 1.70[0m
2026-10-03T11:26:21.0491152Z [36;1mif [ -z "${CARGO_REGISTRIES_CRATES_IO_PROTOCOL+set}" -o -f "/home/runner/work/_temp"/.implicit_cargo_registries_crates_io_protocol ]; then[0m
2026-10-03T11:26:21.0491723Z [36;1m  if rustc +nightly --version --verbose | grep -q '^release: 1\.6[89]\.'; then[0m
2026-10-03T11:26:21.0492170Z [36;1m    touch "/home/runner/work/_temp"/.implicit_cargo_registries_crates_io_protocol || true[0m
2026-10-03T11:26:21.0492607Z [36;1m    echo CARGO_REGISTRIES_CRATES_IO_PROTOCOL=sparse >> $GITHUB_ENV[0m
2026-10-03T11:26:21.0493012Z [36;1m  elif rustc +nightly --version --verbose | grep -q '^release: 1\.6[67]\.'; then[0m
2026-10-03T11:26:21.0493484Z [36;1m    touch "/home/runner/work/_temp"/.implicit_cargo_registries_crates_io_protocol || true[0m
2026-10-03T11:26:21.0493890Z [36;1m    echo CARGO_REGISTRIES_CRATES_IO_PROTOCOL=git >> $GITHUB_ENV[0m
2026-10-03T11:26:21.0494192Z [36;1m  fi[0m
2026-10-03T11:26:21.0494361Z [36;1mfi[0m
2026-10-03T11:26:21.0547443Z shell: /usr/bin/bash --noprofile --norc -e -o pipefail {0}
2026-10-03T11:26:21.0547722Z env:
2026-10-03T11:26:21.0547904Z   CARGO_HOME: /home/runner/.cargo
2026-10-03T11:26:21.0548297Z   CARGO_INCREMENTAL: 0
2026-10-03T11:26:21.0548487Z   CARGO_TERM_COLOR: always
2026-10-03T11:26:21.0548669Z ##[endgroup]
2026-10-03T11:26:21.0927468Z ##[end-action id=__dtolnay_rust-toolchain.__run_8;outcome=success;conclusion=success;duration_ms=45]
2026-10-03T11:26:21.0931188Z ##[start-action display=Run : work around spurious network errors in curl 8.0;id=__dtolnay_rust-toolchain.__run_9]
2026-10-03T11:26:21.0947830Z ##[group]Run : work around spurious network errors in curl 8.0
2026-10-03T11:26:21.0948187Z [36;1m: work around spurious network errors in curl 8.0[0m
2026-10-03T11:26:21.0948622Z [36;1m# https://rust-lang.zulipchat.com/#narrow/stream/246057-t-cargo/topic/timeout.20investigation[0m
2026-10-03T11:26:21.0949108Z [36;1mif rustc +nightly --version --verbose | grep -q '^release: 1\.7[01]\.'; then[0m
2026-10-03T11:26:21.0949509Z [36;1m  echo CARGO_HTTP_MULTIPLEXING=false >> $GITHUB_ENV[0m
2026-10-03T11:26:21.0949762Z [36;1mfi[0m
2026-10-03T11:26:21.1004696Z shell: /usr/bin/bash --noprofile --norc -e -o pipefail {0}
2026-10-03T11:26:21.1004968Z env:
2026-10-03T11:26:21.1005142Z   CARGO_HOME: /home/runner/.cargo
2026-10-03T11:26:21.1005356Z   CARGO_INCREMENTAL: 0
2026-10-03T11:26:21.1005539Z   CARGO_TERM_COLOR: always
2026-10-03T11:26:21.1005737Z ##[endgroup]
2026-10-03T11:26:21.1710730Z ##[end-action id=__dtolnay_rust-toolchain.__run_9;outcome=success;conclusion=success;duration_ms=77]
2026-10-03T11:26:21.1714286Z ##[start-action display=Run rustc +nightly --version --verbose;id=__dtolnay_rust-toolchain.__run_10]
2026-10-03T11:26:21.1729651Z ##[group]Run rustc +nightly --version --verbose
2026-10-03T11:26:21.1729943Z [36;1mrustc +nightly --version --verbose[0m
2026-10-03T11:26:21.1784613Z shell: /usr/bin/bash --noprofile --norc -e -o pipefail {0}
2026-10-03T11:26:21.1784874Z env:
2026-10-03T11:26:21.1785045Z   CARGO_HOME: /home/runner/.cargo
2026-10-03T11:26:21.1785285Z   CARGO_INCREMENTAL: 0
2026-10-03T11:26:21.1785472Z   CARGO_TERM_COLOR: always
2026-10-03T11:26:21.1785789Z ##[endgroup]
2026-10-03T11:26:21.2601855Z rustc 1.101.0-nightly (0abfedbc7 2026-10-02)
2026-10-03T11:26:21.2602541Z binary: rustc
2026-10-03T11:26:21.2603052Z commit-hash: 0abfedbc7cd4e725f126913880c95800394f7c37
2026-10-03T11:26:21.2603456Z commit-date: 2026-10-02
2026-10-03T11:26:21.2604076Z host: x86_64-unknown-linux-gnu
2026-10-03T11:26:21.2604377Z release: 1.101.0-nightly
2026-10-03T11:26:21.2604666Z LLVM version: 23.1.1
2026-10-03T11:26:21.2618253Z ##[end-action id=__dtolnay_rust-toolchain.__run_10;outcome=success;conclusion=success;duration_ms=90]
2026-10-03T11:26:21.2665830Z ##[group]Run echo "identity=$(rustc -vV | sha256sum | cut -d ' ' -f 1)" >> "$GITHUB_OUTPUT"
2026-10-03T11:26:21.2666296Z [36;1mecho "identity=$(rustc -vV | sha256sum | cut -d ' ' -f 1)" >> "$GITHUB_OUTPUT"[0m
2026-10-03T11:26:21.2722512Z shell: /usr/bin/bash -e {0}
2026-10-03T11:26:21.2722722Z env:
2026-10-03T11:26:21.2722891Z   CARGO_HOME: /home/runner/.cargo
2026-10-03T11:26:21.2723105Z   CARGO_INCREMENTAL: 0
2026-10-03T11:26:21.2723286Z   CARGO_TERM_COLOR: always
2026-10-03T11:26:21.2723471Z ##[endgroup]
2026-10-03T11:26:21.3327899Z info: syncing channel updates for nightly-x86_64-unknown-linux-gnu
2026-10-03T11:26:21.5527974Z info: latest update on 2026-10-03 for version 1.101.0-nightly (0abfedbc7 2026-10-02)
2026-10-03T11:26:21.5640447Z info: component rust-std for target aarch64-unknown-linux-gnu is up to date
2026-10-03T11:26:21.5641328Z info: component rust-std for target wasm32-unknown-unknown is up to date
2026-10-03T11:26:21.5643858Z info: downloading 2 components
2026-10-03T11:26:23.3989079Z ##[group]Run actions/cache@0057852bfaa89a56745cba8c7296529d2fc39830
2026-10-03T11:26:23.3989393Z with:
2026-10-03T11:26:23.3989565Z   path: target/simd-asm
2026-10-03T11:26:23.3990330Z   key: simd-asm-v1-Linux-wasm32-simd128-0f9065be5746602644a4805e3f5fddcbb6feea69d04eba1b95f981d8e48ae120-3b2ffb3b8554181c5750a04d814d0c8ea665515c4fc73046cc4e095da08d8972-667830180a4fe7e4a6007eedb056c0a5d72d5e8f
2026-10-03T11:26:23.3991781Z   restore-keys: simd-asm-v1-Linux-wasm32-simd128-0f9065be5746602644a4805e3f5fddcbb6feea69d04eba1b95f981d8e48ae120-3b2ffb3b8554181c5750a04d814d0c8ea665515c4fc73046cc4e095da08d8972-

2026-10-03T11:26:23.3992468Z   enableCrossOsArchive: false
2026-10-03T11:26:23.3992681Z   fail-on-cache-miss: false
2026-10-03T11:26:23.3992897Z   lookup-only: false
2026-10-03T11:26:23.3993069Z   save-always: false
2026-10-03T11:26:23.3993232Z env:
2026-10-03T11:26:23.3993397Z   CARGO_HOME: /home/runner/.cargo
2026-10-03T11:26:23.3993604Z   CARGO_INCREMENTAL: 0
2026-10-03T11:26:23.3993821Z   CARGO_TERM_COLOR: always
2026-10-03T11:26:23.3994005Z ##[endgroup]
2026-10-03T11:26:23.4843327Z (node:2326) [DEP0040] DeprecationWarning: The `punycode` module is deprecated. Please use a userland alternative instead.
2026-10-03T11:26:23.4843890Z (Use `node --trace-deprecation ...` to show where the warning was created)
2026-10-03T11:26:23.7448102Z Cache not found for input keys: simd-asm-v1-Linux-wasm32-simd128-0f9065be5746602644a4805e3f5fddcbb6feea69d04eba1b95f981d8e48ae120-3b2ffb3b8554181c5750a04d814d0c8ea665515c4fc73046cc4e095da08d8972-667830180a4fe7e4a6007eedb056c0a5d72d5e8f, simd-asm-v1-Linux-wasm32-simd128-0f9065be5746602644a4805e3f5fddcbb6feea69d04eba1b95f981d8e48ae120-3b2ffb3b8554181c5750a04d814d0c8ea665515c4fc73046cc4e095da08d8972-
2026-10-03T11:26:23.7523288Z ##[group]Run sudo apt-get update
2026-10-03T11:26:23.7523550Z [36;1msudo apt-get update[0m
2026-10-03T11:26:23.7523803Z [36;1msudo apt-get install -y --no-install-recommends \[0m
2026-10-03T11:26:23.7524135Z [36;1m  clang llvm gcc-aarch64-linux-gnu libc6-dev-arm64-cross[0m
2026-10-03T11:26:23.7578848Z shell: /usr/bin/bash -e {0}
2026-10-03T11:26:23.7579054Z env:
2026-10-03T11:26:23.7579226Z   CARGO_HOME: /home/runner/.cargo
2026-10-03T11:26:23.7579432Z   CARGO_INCREMENTAL: 0
2026-10-03T11:26:23.7579610Z   CARGO_TERM_COLOR: always
2026-10-03T11:26:23.7579789Z ##[endgroup]
2026-10-03T11:26:23.8798765Z Get:1 file:/etc/apt/apt-mirrors.txt Mirrorlist [144 B]
2026-10-03T11:26:23.9138094Z Hit:2 http://azure.archive.ubuntu.com/ubuntu noble InRelease
2026-10-03T11:26:23.9163682Z Get:3 http://azure.archive.ubuntu.com/ubuntu noble-updates InRelease [126 kB]
2026-10-03T11:26:23.9732614Z Get:4 http://azure.archive.ubuntu.com/ubuntu noble-backports InRelease [126 kB]
2026-10-03T11:26:23.9765227Z Get:5 http://azure.archive.ubuntu.com/ubuntu noble-security InRelease [126 kB]
2026-10-03T11:26:24.0462437Z Get:6 https://packages.microsoft.com/ubuntu/24.04/prod noble InRelease [3600 B]
2026-10-03T11:26:24.0565153Z Get:7 http://azure.archive.ubuntu.com/ubuntu noble-updates/main amd64 Packages [1364 kB]
2026-10-03T11:26:24.0703373Z Get:8 http://azure.archive.ubuntu.com/ubuntu noble-updates/main Translation-en [304 kB]
2026-10-03T11:26:24.0711506Z Get:9 http://azure.archive.ubuntu.com/ubuntu noble-updates/main amd64 Components [181 kB]
2026-10-03T11:26:24.0726645Z Get:10 http://azure.archive.ubuntu.com/ubuntu noble-updates/universe amd64 Packages [1699 kB]
2026-10-03T11:26:24.0811159Z Get:11 http://azure.archive.ubuntu.com/ubuntu noble-updates/universe Translation-en [341 kB]
2026-10-03T11:26:24.0841720Z Get:12 http://azure.archive.ubuntu.com/ubuntu noble-updates/universe amd64 Components [388 kB]
2026-10-03T11:26:24.0858631Z Get:13 http://azure.archive.ubuntu.com/ubuntu noble-updates/restricted amd64 Packages [1720 kB]
2026-10-03T11:26:24.0962934Z Get:14 http://azure.archive.ubuntu.com/ubuntu noble-updates/restricted Translation-en [394 kB]
2026-10-03T11:26:24.0966072Z Get:15 http://azure.archive.ubuntu.com/ubuntu noble-updates/multiverse amd64 Components [940 B]
2026-10-03T11:26:24.1070863Z Get:16 http://azure.archive.ubuntu.com/ubuntu noble-backports/main amd64 Components [5736 B]
2026-10-03T11:26:24.1518811Z Get:17 http://azure.archive.ubuntu.com/ubuntu noble-backports/universe amd64 Components [12.6 kB]
2026-10-03T11:26:24.1535252Z Get:18 http://azure.archive.ubuntu.com/ubuntu noble-security/main amd64 Packages [1069 kB]
2026-10-03T11:26:24.1581767Z Get:19 http://azure.archive.ubuntu.com/ubuntu noble-security/main Translation-en [221 kB]
2026-10-03T11:26:24.1602526Z Get:20 http://azure.archive.ubuntu.com/ubuntu noble-security/main amd64 Components [46.5 kB]
2026-10-03T11:26:24.1631346Z Get:21 http://azure.archive.ubuntu.com/ubuntu noble-security/universe amd64 Packages [1216 kB]
2026-10-03T11:26:24.1683683Z Get:22 http://azure.archive.ubuntu.com/ubuntu noble-security/universe Translation-en [244 kB]
2026-10-03T11:26:24.1695047Z Get:23 http://azure.archive.ubuntu.com/ubuntu noble-security/universe amd64 Components [76.3 kB]
2026-10-03T11:26:24.1731337Z Get:24 http://azure.archive.ubuntu.com/ubuntu noble-security/restricted amd64 Packages [1566 kB]
2026-10-03T11:26:24.1781591Z Get:25 http://azure.archive.ubuntu.com/ubuntu noble-security/restricted Translation-en [361 kB]
2026-10-03T11:26:24.2265930Z Get:26 https://packages.microsoft.com/ubuntu/24.04/prod noble/main armhf Packages [12.6 kB]
2026-10-03T11:26:24.2293618Z Get:27 https://packages.microsoft.com/ubuntu/24.04/prod noble/main arm64 Packages [458 kB]
2026-10-03T11:26:24.2378468Z Get:28 https://packages.microsoft.com/ubuntu/24.04/prod noble/main amd64 Packages [511 kB]
2026-10-03T11:26:32.1775112Z Fetched 12.6 MB in 1s (10.9 MB/s)
2026-10-03T11:26:32.9075468Z Reading package lists...
2026-10-03T11:26:32.9354661Z Reading package lists...
2026-10-03T11:26:33.1595772Z Building dependency tree...
2026-10-03T11:26:33.1601642Z Reading state information...
2026-10-03T11:26:33.3367247Z The following additional packages will be installed:
2026-10-03T11:26:33.3367862Z   binutils-aarch64-linux-gnu cpp-13-aarch64-linux-gnu cpp-aarch64-linux-gnu
2026-10-03T11:26:33.3368506Z   gcc-13-aarch64-linux-gnu gcc-13-aarch64-linux-gnu-base gcc-13-cross-base
2026-10-03T11:26:33.3369071Z   gcc-14-cross-base libasan8-arm64-cross libatomic1-arm64-cross
2026-10-03T11:26:33.3369588Z   libc6-arm64-cross libgcc-13-dev-arm64-cross libgcc-s1-arm64-cross
2026-10-03T11:26:33.3370170Z   libgomp1-arm64-cross libhwasan0-arm64-cross libitm1-arm64-cross
2026-10-03T11:26:33.3372517Z   liblsan0-arm64-cross libstdc++6-arm64-cross libtsan2-arm64-cross
2026-10-03T11:26:33.3375965Z   libubsan1-arm64-cross linux-libc-dev-arm64-cross llvm-runtime
2026-10-03T11:26:33.3381933Z Suggested packages:
2026-10-03T11:26:33.3382290Z   binutils-doc gcc-13-locales cpp-13-doc cpp-doc gcc-13-doc manpages-dev
2026-10-03T11:26:33.3383053Z   gdb-aarch64-linux-gnu gcc-doc
2026-10-03T11:26:33.3654604Z The following NEW packages will be installed:
2026-10-03T11:26:33.3654973Z   binutils-aarch64-linux-gnu clang cpp-13-aarch64-linux-gnu
2026-10-03T11:26:33.3655357Z   cpp-aarch64-linux-gnu gcc-13-aarch64-linux-gnu gcc-13-aarch64-linux-gnu-base
2026-10-03T11:26:33.3655919Z   gcc-13-cross-base gcc-14-cross-base gcc-aarch64-linux-gnu
2026-10-03T11:26:33.3656237Z   libasan8-arm64-cross libatomic1-arm64-cross libc6-arm64-cross
2026-10-03T11:26:33.3657157Z   libc6-dev-arm64-cross libgcc-13-dev-arm64-cross libgcc-s1-arm64-cross
2026-10-03T11:26:33.3657936Z   libgomp1-arm64-cross libhwasan0-arm64-cross libitm1-arm64-cross
2026-10-03T11:26:33.3661900Z   liblsan0-arm64-cross libstdc++6-arm64-cross libtsan2-arm64-cross
2026-10-03T11:26:33.3667118Z   libubsan1-arm64-cross linux-libc-dev-arm64-cross llvm llvm-runtime
2026-10-03T11:26:33.3840002Z 0 upgraded, 25 newly installed, 0 to remove and 25 not upgraded.
2026-10-03T11:26:33.3840786Z Need to get 45.2 MB of archives.
2026-10-03T11:26:33.3841475Z After this operation, 168 MB of additional disk space will be used.
2026-10-03T11:26:33.3841941Z Get:1 file:/etc/apt/apt-mirrors.txt Mirrorlist [144 B]
2026-10-03T11:26:33.4643532Z Get:2 http://azure.archive.ubuntu.com/ubuntu noble/universe amd64 clang amd64 1:18.0-59~exp2 [5846 B]
2026-10-03T11:26:33.5277147Z Get:3 http://azure.archive.ubuntu.com/ubuntu noble-updates/main amd64 gcc-13-aarch64-linux-gnu-base amd64 13.3.0-6ubuntu2~24.04.1cross1 [51.9 kB]
2026-10-03T11:26:33.5913428Z Get:4 http://azure.archive.ubuntu.com/ubuntu noble-updates/main amd64 cpp-13-aarch64-linux-gnu amd64 13.3.0-6ubuntu2~24.04.1cross1 [10.8 MB]
2026-10-03T11:26:33.8682553Z Get:5 http://azure.archive.ubuntu.com/ubuntu noble/main amd64 cpp-aarch64-linux-gnu amd64 4:13.2.0-7ubuntu1 [5332 B]
2026-10-03T11:26:33.9314010Z Get:6 http://azure.archive.ubuntu.com/ubuntu noble-updates/main amd64 binutils-aarch64-linux-gnu amd64 2.42-4ubuntu2.10 [3711 kB]
2026-10-03T11:26:34.0685091Z Get:7 http://azure.archive.ubuntu.com/ubuntu noble-updates/main amd64 gcc-13-cross-base all 13.3.0-6ubuntu2~24.04.1cross1 [46.5 kB]
2026-10-03T11:26:34.1320166Z Get:8 http://azure.archive.ubuntu.com/ubuntu noble-updates/main amd64 gcc-14-cross-base all 14.2.0-4ubuntu2~24.04.1cross1 [46.1 kB]
2026-10-03T11:26:34.1956258Z Get:9 http://azure.archive.ubuntu.com/ubuntu noble/main amd64 libc6-arm64-cross all 2.39-0ubuntu8cross1 [1197 kB]
2026-10-03T11:26:34.2818559Z Get:10 http://azure.archive.ubuntu.com/ubuntu noble-updates/main amd64 libgcc-s1-arm64-cross all 14.2.0-4ubuntu2~24.04.1cross1 [61.9 kB]
2026-10-03T11:26:34.3455621Z Get:11 http://azure.archive.ubuntu.com/ubuntu noble-updates/main amd64 libgomp1-arm64-cross all 14.2.0-4ubuntu2~24.04.1cross1 [110 kB]
2026-10-03T11:26:34.4102189Z Get:12 http://azure.archive.ubuntu.com/ubuntu noble-updates/main amd64 libitm1-arm64-cross all 14.2.0-4ubuntu2~24.04.1cross1 [31.1 kB]
2026-10-03T11:26:34.4738803Z Get:13 http://azure.archive.ubuntu.com/ubuntu noble-updates/main amd64 libatomic1-arm64-cross all 14.2.0-4ubuntu2~24.04.1cross1 [11.5 kB]
2026-10-03T11:26:34.5383205Z Get:14 http://azure.archive.ubuntu.com/ubuntu noble-updates/main amd64 libasan8-arm64-cross all 14.2.0-4ubuntu2~24.04.1cross1 [524 kB]
2026-10-03T11:26:34.6132199Z Get:15 http://azure.archive.ubuntu.com/ubuntu noble-updates/main amd64 liblsan0-arm64-cross all 14.2.0-4ubuntu2~24.04.1cross1 [238 kB]
2026-10-03T11:26:34.6799837Z Get:16 http://azure.archive.ubuntu.com/ubuntu noble-updates/main amd64 libtsan2-arm64-cross all 14.2.0-4ubuntu2~24.04.1cross1 [500 kB]
2026-10-03T11:26:34.7571190Z Get:17 http://azure.archive.ubuntu.com/ubuntu noble-updates/main amd64 libstdc++6-arm64-cross all 14.2.0-4ubuntu2~24.04.1cross1 [659 kB]
2026-10-03T11:26:34.8390257Z Get:18 http://azure.archive.ubuntu.com/ubuntu noble-updates/main amd64 libubsan1-arm64-cross all 14.2.0-4ubuntu2~24.04.1cross1 [219 kB]
2026-10-03T11:26:34.9076587Z Get:19 http://azure.archive.ubuntu.com/ubuntu noble-updates/main amd64 libhwasan0-arm64-cross all 14.2.0-4ubuntu2~24.04.1cross1 [304 kB]
2026-10-03T11:26:34.9792413Z Get:20 http://azure.archive.ubuntu.com/ubuntu noble-updates/main amd64 libgcc-13-dev-arm64-cross all 13.3.0-6ubuntu2~24.04.1cross1 [2616 kB]
2026-10-03T11:26:35.1200188Z Get:21 http://azure.archive.ubuntu.com/ubuntu noble-updates/main amd64 gcc-13-aarch64-linux-gnu amd64 13.3.0-6ubuntu2~24.04.1cross1 [21.1 MB]
2026-10-03T11:26:35.5857329Z Get:22 http://azure.archive.ubuntu.com/ubuntu noble/main amd64 gcc-aarch64-linux-gnu amd64 4:13.2.0-7ubuntu1 [1210 B]
2026-10-03T11:26:35.6492128Z Get:23 http://azure.archive.ubuntu.com/ubuntu noble/universe amd64 llvm-runtime amd64 1:18.0-59~exp2 [5496 B]
2026-10-03T11:26:35.7125935Z Get:24 http://azure.archive.ubuntu.com/ubuntu noble/universe amd64 llvm amd64 1:18.0-59~exp2 [4146 B]
2026-10-03T11:26:35.7760305Z Get:25 http://azure.archive.ubuntu.com/ubuntu noble/main amd64 linux-libc-dev-arm64-cross all 6.8.0-25.25cross1 [1375 kB]
2026-10-03T11:26:35.8673430Z Get:26 http://azure.archive.ubuntu.com/ubuntu noble/main amd64 libc6-dev-arm64-cross all 2.39-0ubuntu8cross1 [1629 kB]
2026-10-03T11:26:36.1297798Z Fetched 45.2 MB in 3s (17.9 MB/s)
2026-10-03T11:26:36.1490319Z Selecting previously unselected package clang.
2026-10-03T11:26:36.1686142Z (Reading database ... 
2026-10-03T11:26:36.1686469Z (Reading database ... 5%
2026-10-03T11:26:36.1686681Z (Reading database ... 10%
2026-10-03T11:26:36.1687355Z (Reading database ... 15%
2026-10-03T11:26:36.1687534Z (Reading database ... 20%
2026-10-03T11:26:36.1687714Z (Reading database ... 25%
2026-10-03T11:26:36.1687894Z (Reading database ... 30%
2026-10-03T11:26:36.1688067Z (Reading database ... 35%
2026-10-03T11:26:36.1688245Z (Reading database ... 40%
2026-10-03T11:26:36.1688415Z (Reading database ... 45%
2026-10-03T11:26:36.1688589Z (Reading database ... 50%
2026-10-03T11:26:36.1721804Z (Reading database ... 55%
2026-10-03T11:26:36.2798844Z (Reading database ... 60%
2026-10-03T11:26:36.3693579Z (Reading database ... 65%
2026-10-03T11:26:36.4331082Z (Reading database ... 70%
2026-10-03T11:26:36.4764460Z (Reading database ... 75%
2026-10-03T11:26:36.5609783Z (Reading database ... 80%
2026-10-03T11:26:36.7609650Z (Reading database ... 85%
2026-10-03T11:26:36.9221117Z (Reading database ... 90%
2026-10-03T11:26:37.0253787Z (Reading database ... 95%
2026-10-03T11:26:37.0254378Z (Reading database ... 100%
2026-10-03T11:26:37.0254915Z (Reading database ... 202296 files and directories currently installed.)
2026-10-03T11:26:37.0298047Z Preparing to unpack .../00-clang_1%3a18.0-59~exp2_amd64.deb ...
2026-10-03T11:26:37.0373973Z Unpacking clang (1:18.0-59~exp2) ...
2026-10-03T11:26:37.0551509Z Selecting previously unselected package gcc-13-aarch64-linux-gnu-base:amd64.
2026-10-03T11:26:37.0665520Z Preparing to unpack .../01-gcc-13-aarch64-linux-gnu-base_13.3.0-6ubuntu2~24.04.1cross1_amd64.deb ...
2026-10-03T11:26:37.0671616Z Unpacking gcc-13-aarch64-linux-gnu-base:amd64 (13.3.0-6ubuntu2~24.04.1cross1) ...
2026-10-03T11:26:37.0857657Z Selecting previously unselected package cpp-13-aarch64-linux-gnu.
2026-10-03T11:26:37.0971157Z Preparing to unpack .../02-cpp-13-aarch64-linux-gnu_13.3.0-6ubuntu2~24.04.1cross1_amd64.deb ...
2026-10-03T11:26:37.0998253Z Unpacking cpp-13-aarch64-linux-gnu (13.3.0-6ubuntu2~24.04.1cross1) ...
2026-10-03T11:26:38.3279031Z Selecting previously unselected package cpp-aarch64-linux-gnu.
2026-10-03T11:26:38.3393339Z Preparing to unpack .../03-cpp-aarch64-linux-gnu_4%3a13.2.0-7ubuntu1_amd64.deb ...
2026-10-03T11:26:38.3398770Z Unpacking cpp-aarch64-linux-gnu (4:13.2.0-7ubuntu1) ...
2026-10-03T11:26:38.3569147Z Selecting previously unselected package binutils-aarch64-linux-gnu.
2026-10-03T11:26:38.3682011Z Preparing to unpack .../04-binutils-aarch64-linux-gnu_2.42-4ubuntu2.10_amd64.deb ...
2026-10-03T11:26:38.3895219Z Unpacking binutils-aarch64-linux-gnu (2.42-4ubuntu2.10) ...
2026-10-03T11:26:38.5569433Z Selecting previously unselected package gcc-13-cross-base.
2026-10-03T11:26:38.5682895Z Preparing to unpack .../05-gcc-13-cross-base_13.3.0-6ubuntu2~24.04.1cross1_all.deb ...
2026-10-03T11:26:38.5689014Z Unpacking gcc-13-cross-base (13.3.0-6ubuntu2~24.04.1cross1) ...
2026-10-03T11:26:38.5851676Z Selecting previously unselected package gcc-14-cross-base.
2026-10-03T11:26:38.5963862Z Preparing to unpack .../06-gcc-14-cross-base_14.2.0-4ubuntu2~24.04.1cross1_all.deb ...
2026-10-03T11:26:38.5970636Z Unpacking gcc-14-cross-base (14.2.0-4ubuntu2~24.04.1cross1) ...
2026-10-03T11:26:38.6272608Z Selecting previously unselected package libc6-arm64-cross.
2026-10-03T11:26:38.6386290Z Preparing to unpack .../07-libc6-arm64-cross_2.39-0ubuntu8cross1_all.deb ...
2026-10-03T11:26:38.6392800Z Unpacking libc6-arm64-cross (2.39-0ubuntu8cross1) ...
2026-10-03T11:26:38.7506793Z Selecting previously unselected package libgcc-s1-arm64-cross.
2026-10-03T11:26:38.7619006Z Preparing to unpack .../08-libgcc-s1-arm64-cross_14.2.0-4ubuntu2~24.04.1cross1_all.deb ...
2026-10-03T11:26:38.7625556Z Unpacking libgcc-s1-arm64-cross (14.2.0-4ubuntu2~24.04.1cross1) ...
2026-10-03T11:26:38.7792750Z Selecting previously unselected package libgomp1-arm64-cross.
2026-10-03T11:26:38.7903900Z Preparing to unpack .../09-libgomp1-arm64-cross_14.2.0-4ubuntu2~24.04.1cross1_all.deb ...
2026-10-03T11:26:38.7911344Z Unpacking libgomp1-arm64-cross (14.2.0-4ubuntu2~24.04.1cross1) ...
2026-10-03T11:26:38.8108042Z Selecting previously unselected package libitm1-arm64-cross.
2026-10-03T11:26:38.8219932Z Preparing to unpack .../10-libitm1-arm64-cross_14.2.0-4ubuntu2~24.04.1cross1_all.deb ...
2026-10-03T11:26:38.8226015Z Unpacking libitm1-arm64-cross (14.2.0-4ubuntu2~24.04.1cross1) ...
2026-10-03T11:26:38.8395500Z Selecting previously unselected package libatomic1-arm64-cross.
2026-10-03T11:26:38.8507072Z Preparing to unpack .../11-libatomic1-arm64-cross_14.2.0-4ubuntu2~24.04.1cross1_all.deb ...
2026-10-03T11:26:38.8678755Z Unpacking libatomic1-arm64-cross (14.2.0-4ubuntu2~24.04.1cross1) ...
2026-10-03T11:26:38.8843864Z Selecting previously unselected package libasan8-arm64-cross.
2026-10-03T11:26:38.8956967Z Preparing to unpack .../12-libasan8-arm64-cross_14.2.0-4ubuntu2~24.04.1cross1_all.deb ...
2026-10-03T11:26:38.8962438Z Unpacking libasan8-arm64-cross (14.2.0-4ubuntu2~24.04.1cross1) ...
2026-10-03T11:26:38.9334703Z Selecting previously unselected package liblsan0-arm64-cross.
2026-10-03T11:26:38.9447603Z Preparing to unpack .../13-liblsan0-arm64-cross_14.2.0-4ubuntu2~24.04.1cross1_all.deb ...
2026-10-03T11:26:38.9452492Z Unpacking liblsan0-arm64-cross (14.2.0-4ubuntu2~24.04.1cross1) ...
2026-10-03T11:26:38.9748123Z Selecting previously unselected package libtsan2-arm64-cross.
2026-10-03T11:26:38.9860922Z Preparing to unpack .../14-libtsan2-arm64-cross_14.2.0-4ubuntu2~24.04.1cross1_all.deb ...
2026-10-03T11:26:38.9866943Z Unpacking libtsan2-arm64-cross (14.2.0-4ubuntu2~24.04.1cross1) ...
2026-10-03T11:26:39.0223779Z Selecting previously unselected package libstdc++6-arm64-cross.
2026-10-03T11:26:39.0336299Z Preparing to unpack .../15-libstdc++6-arm64-cross_14.2.0-4ubuntu2~24.04.1cross1_all.deb ...
2026-10-03T11:26:39.0342891Z Unpacking libstdc++6-arm64-cross (14.2.0-4ubuntu2~24.04.1cross1) ...
2026-10-03T11:26:39.0744631Z Selecting previously unselected package libubsan1-arm64-cross.
2026-10-03T11:26:39.0857252Z Preparing to unpack .../16-libubsan1-arm64-cross_14.2.0-4ubuntu2~24.04.1cross1_all.deb ...
2026-10-03T11:26:39.0864060Z Unpacking libubsan1-arm64-cross (14.2.0-4ubuntu2~24.04.1cross1) ...
2026-10-03T11:26:39.1253484Z Selecting previously unselected package libhwasan0-arm64-cross.
2026-10-03T11:26:39.1365210Z Preparing to unpack .../17-libhwasan0-arm64-cross_14.2.0-4ubuntu2~24.04.1cross1_all.deb ...
2026-10-03T11:26:39.1379968Z Unpacking libhwasan0-arm64-cross (14.2.0-4ubuntu2~24.04.1cross1) ...
2026-10-03T11:26:39.1640816Z Selecting previously unselected package libgcc-13-dev-arm64-cross.
2026-10-03T11:26:39.1753011Z Preparing to unpack .../18-libgcc-13-dev-arm64-cross_13.3.0-6ubuntu2~24.04.1cross1_all.deb ...
2026-10-03T11:26:39.1758975Z Unpacking libgcc-13-dev-arm64-cross (13.3.0-6ubuntu2~24.04.1cross1) ...
2026-10-03T11:26:39.3240867Z Selecting previously unselected package gcc-13-aarch64-linux-gnu.
2026-10-03T11:26:39.3353098Z Preparing to unpack .../19-gcc-13-aarch64-linux-gnu_13.3.0-6ubuntu2~24.04.1cross1_amd64.deb ...
2026-10-03T11:26:39.3576047Z Unpacking gcc-13-aarch64-linux-gnu (13.3.0-6ubuntu2~24.04.1cross1) ...
2026-10-03T11:26:39.8418715Z Selecting previously unselected package gcc-aarch64-linux-gnu.
2026-10-03T11:26:39.8531131Z Preparing to unpack .../20-gcc-aarch64-linux-gnu_4%3a13.2.0-7ubuntu1_amd64.deb ...
2026-10-03T11:26:39.8537732Z Unpacking gcc-aarch64-linux-gnu (4:13.2.0-7ubuntu1) ...
2026-10-03T11:26:39.8852626Z Selecting previously unselected package llvm-runtime:amd64.
2026-10-03T11:26:39.8965581Z Preparing to unpack .../21-llvm-runtime_1%3a18.0-59~exp2_amd64.deb ...
2026-10-03T11:26:39.8972047Z Unpacking llvm-runtime:amd64 (1:18.0-59~exp2) ...
2026-10-03T11:26:39.9132733Z Selecting previously unselected package llvm.
2026-10-03T11:26:39.9245156Z Preparing to unpack .../22-llvm_1%3a18.0-59~exp2_amd64.deb ...
2026-10-03T11:26:39.9272578Z Unpacking llvm (1:18.0-59~exp2) ...
2026-10-03T11:26:39.9511484Z Selecting previously unselected package linux-libc-dev-arm64-cross.
2026-10-03T11:26:39.9624466Z Preparing to unpack .../23-linux-libc-dev-arm64-cross_6.8.0-25.25cross1_all.deb ...
2026-10-03T11:26:39.9630600Z Unpacking linux-libc-dev-arm64-cross (6.8.0-25.25cross1) ...
2026-10-03T11:26:40.1409853Z Selecting previously unselected package libc6-dev-arm64-cross.
2026-10-03T11:26:40.1527812Z Preparing to unpack .../24-libc6-dev-arm64-cross_2.39-0ubuntu8cross1_all.deb ...
2026-10-03T11:26:40.1533988Z Unpacking libc6-dev-arm64-cross (2.39-0ubuntu8cross1) ...
2026-10-03T11:26:40.2928573Z Setting up binutils-aarch64-linux-gnu (2.42-4ubuntu2.10) ...
2026-10-03T11:26:40.2947132Z Setting up gcc-14-cross-base (14.2.0-4ubuntu2~24.04.1cross1) ...
2026-10-03T11:26:40.2960655Z Setting up clang (1:18.0-59~exp2) ...
2026-10-03T11:26:40.3134880Z Setting up gcc-13-cross-base (13.3.0-6ubuntu2~24.04.1cross1) ...
2026-10-03T11:26:40.3147815Z Setting up llvm-runtime:amd64 (1:18.0-59~exp2) ...
2026-10-03T11:26:40.3161152Z Setting up libc6-arm64-cross (2.39-0ubuntu8cross1) ...
2026-10-03T11:26:40.3174133Z Setting up llvm (1:18.0-59~exp2) ...
2026-10-03T11:26:40.3186909Z Setting up libitm1-arm64-cross (14.2.0-4ubuntu2~24.04.1cross1) ...
2026-10-03T11:26:40.3201119Z Setting up linux-libc-dev-arm64-cross (6.8.0-25.25cross1) ...
2026-10-03T11:26:40.3214607Z Setting up gcc-13-aarch64-linux-gnu-base:amd64 (13.3.0-6ubuntu2~24.04.1cross1) ...
2026-10-03T11:26:40.3228215Z Setting up libgcc-s1-arm64-cross (14.2.0-4ubuntu2~24.04.1cross1) ...
2026-10-03T11:26:40.3243360Z Setting up libatomic1-arm64-cross (14.2.0-4ubuntu2~24.04.1cross1) ...
2026-10-03T11:26:40.3256819Z Setting up liblsan0-arm64-cross (14.2.0-4ubuntu2~24.04.1cross1) ...
2026-10-03T11:26:40.3271778Z Setting up libgomp1-arm64-cross (14.2.0-4ubuntu2~24.04.1cross1) ...
2026-10-03T11:26:40.3286134Z Setting up cpp-13-aarch64-linux-gnu (13.3.0-6ubuntu2~24.04.1cross1) ...
2026-10-03T11:26:40.3301373Z Setting up libhwasan0-arm64-cross (14.2.0-4ubuntu2~24.04.1cross1) ...
2026-10-03T11:26:40.3314811Z Setting up libc6-dev-arm64-cross (2.39-0ubuntu8cross1) ...
2026-10-03T11:26:40.3327930Z Setting up libstdc++6-arm64-cross (14.2.0-4ubuntu2~24.04.1cross1) ...
2026-10-03T11:26:40.3341211Z Setting up cpp-aarch64-linux-gnu (4:13.2.0-7ubuntu1) ...
2026-10-03T11:26:40.3354965Z Setting up libasan8-arm64-cross (14.2.0-4ubuntu2~24.04.1cross1) ...
2026-10-03T11:26:40.3369415Z Setting up libtsan2-arm64-cross (14.2.0-4ubuntu2~24.04.1cross1) ...
2026-10-03T11:26:40.3383306Z Setting up libubsan1-arm64-cross (14.2.0-4ubuntu2~24.04.1cross1) ...
2026-10-03T11:26:40.3396362Z Setting up libgcc-13-dev-arm64-cross (13.3.0-6ubuntu2~24.04.1cross1) ...
2026-10-03T11:26:40.3410180Z Setting up gcc-13-aarch64-linux-gnu (13.3.0-6ubuntu2~24.04.1cross1) ...
2026-10-03T11:26:40.3423162Z Setting up gcc-aarch64-linux-gnu (4:13.2.0-7ubuntu1) ...
2026-10-03T11:26:40.3442110Z Processing triggers for man-db (2.12.0-4build2) ...
2026-10-03T11:26:40.3652897Z Not building database; man-db/auto-update is not 'true'.
2026-10-03T11:26:40.3665350Z Processing triggers for libc-bin (2.39-0ubuntu8.9) ...
2026-10-03T11:26:41.0078821Z 
2026-10-03T11:26:41.0079381Z Running kernel seems to be up-to-date.
2026-10-03T11:26:41.0079599Z 
2026-10-03T11:26:41.0079695Z No services need to be restarted.
2026-10-03T11:26:41.0079837Z 
2026-10-03T11:26:41.0079926Z No containers need to be restarted.
2026-10-03T11:26:41.0080074Z 
2026-10-03T11:26:41.0080183Z No user sessions are running outdated binaries.
2026-10-03T11:26:41.0080343Z 
2026-10-03T11:26:41.0080666Z No VM guests are running outdated hypervisor (qemu) binaries on this host.
2026-10-03T11:26:42.0785287Z ##[group]Run make simd-asm SIMD_ASM_ARGS="--config wasm32-simd128 --jobs 1 --report target/asm-reports/wasm32-simd128.json"
2026-10-03T11:26:42.0785964Z [36;1mmake simd-asm SIMD_ASM_ARGS="--config wasm32-simd128 --jobs 1 --report target/asm-reports/wasm32-simd128.json"[0m
2026-10-03T11:26:42.0845797Z shell: /usr/bin/bash -e {0}
2026-10-03T11:26:42.0846011Z env:
2026-10-03T11:26:42.0846184Z   CARGO_HOME: /home/runner/.cargo
2026-10-03T11:26:42.0846397Z   CARGO_INCREMENTAL: 0
2026-10-03T11:26:42.0846578Z   CARGO_TERM_COLOR: always
2026-10-03T11:26:42.0846768Z ##[endgroup]
2026-10-03T11:26:42.1415828Z python3 scripts/check-simd-asm.py --doc --config wasm32-simd128 --jobs 1 --report target/asm-reports/wasm32-simd128.json
2026-10-03T11:26:43.9562280Z == wasm32-simd128: 4 Cargo jobs
2026-10-03T11:26:43.9566272Z == wasm32-simd128 graph 0: /home/runner/work/purrdf/purrdf/target/simd-asm/contexts/a550b70e8374d2684c8732782f8ea123db3bf99ac60fa8867009260bf2d13a6a/cargo.stderr.log
2026-10-03T11:30:34.9966280Z == wasm32-simd128 graph 1: /home/runner/work/purrdf/purrdf/target/simd-asm/contexts/8344a7cac95b2a706f74a13c2987f488c7caea75d18431f8dacc198eeba93f97/cargo.stderr.log
2026-10-03T11:34:25.5803016Z == wasm32-simd128: {"analysis_seconds": 18.392827742999998, "build_seconds": 442.90524649500003, "fresh_artifacts": 0, "lock_seconds": 0.00041005499996060735, "parsed_units": 69, "reused_units": 0, "rustc_invocations": 134, "seconds": 461.624390936}
2026-10-03T11:34:26.7773747Z 
2026-10-03T11:34:26.7774308Z site                            wasm32-simd128
2026-10-03T11:34:26.7775730Z lex.find-byte2-sparql-string    simd128 v16·f0·r0·req✓ / call site (in run) v6·f0·r0
2026-10-03T11:34:26.7776689Z lex.find-byte2-line-split       simd128 v16·f0·r0·req✓ / call site (parallel) v7·f0·r0 / call site (lines) v0·f0·r0
2026-10-03T11:34:26.7777599Z core.xsd-regex-scan             pair simd128 v166·f0·r0·req✓ / range simd128 v251·f0·r0·req✓
2026-10-03T11:34:26.7778099Z sha2.sha256-compress            portable v38·f0·r0
2026-10-03T11:34:26.7778452Z blake3.hash-many-dispatch       simd128 chunks v2141·f0·r0·req✓
2026-10-03T11:34:26.7778794Z blake3.single-block             simd128 v296·f0·r0·req✓
2026-10-03T11:34:26.7779184Z sparql.lexer-trivia             scan simd128 v8·f0·r0·req✓ / call site (in run) v6·f0·r0
2026-10-03T11:34:26.7779653Z sparql.lexer-iri                scan simd128 v13·f0·r0·req✓ / call site (in run) v6·f0·r0
2026-10-03T11:34:26.7780054Z sparql.lexer-cursor             peek v0·f0·r0 / cur (in run) v6·f0·r0
2026-10-03T11:34:26.7780378Z sparql.scope-admission          v0·f0·r0
2026-10-03T11:34:26.7785184Z rdf.escape-scan                 iri scan simd128 v19·f0·r0·req✓ / iri (in iri_escape::escape) v0·f0·r0 / literal scan simd128 v11·f0·r0·req✓ / literal v0·f0·r0
2026-10-03T11:34:26.7785743Z rdf.sort-canonical              v0·f0·r0
2026-10-03T11:34:26.7786142Z iri.delimiter-scan              scheme simd128 v9·f0·r0·req✓ / authority simd128 v4·f0·r0·req✓
2026-10-03T11:34:26.7786561Z lex.scan-trivia                 simd128 v8·f0·r0·req✓
2026-10-03T11:34:26.7786869Z lex.scan-iri-body               simd128 v13·f0·r0·req✓
2026-10-03T11:34:26.7787162Z lex.scan-json-string            simd128 v7·f0·r0·req✓
2026-10-03T11:34:26.7787476Z lex.json-escape-controls        simd128 v9·f0·r0·req✓
2026-10-03T11:34:26.7787772Z lex.json-escape-ascii           simd128 v9·f0·r0·req✓
2026-10-03T11:34:26.7788434Z lex.scan-xml                    simd128 v9·f0·r0·req✓
2026-10-03T11:34:26.7788719Z iri.validate-component          simd128 v57·f0·r0·req✓
2026-10-03T11:34:26.7789007Z lex.terminals-in-ranges         table v0·f0·r0
2026-10-03T11:34:26.7789401Z xsd.whitespace                  replace simd128 v15·f0·r0·req✓ / collapse simd128 v5·f0·r0·req✓
2026-10-03T11:34:26.7789762Z xsd.canonical-double            v0·f0·r0
2026-10-03T11:34:26.7790103Z json.parser-string              scan simd128 v7·f0·r0·req✓ / call site v0·f0·r0
2026-10-03T11:34:26.7790635Z json.parser-whitespace          occurrences v0·f0·r0 / tree v0·f0·r0
2026-10-03T11:34:26.7791152Z core.intern                     v0·f0·r0
2026-10-03T11:34:26.7791549Z hash.hex-decode                 canonical simd128 v58·f0·r0·req✓ / either-case simd128 v61·f0·r0·req✓
2026-10-03T11:34:26.7791946Z hash.hex-lower                  simd128 v24·f0·r0·req✓
2026-10-03T11:34:26.7792256Z core.pack-select-in-word        broadword v0·f0·r0·req✓
2026-10-03T11:34:26.7792590Z core.pack-rank1                 i64.popcnt v0·f0·r0·req✓
2026-10-03T11:34:26.7792863Z core.pack-intvector-get         v0·f0·r0
2026-10-03T11:34:26.7793196Z core.dataset-scan-filter        simd128 v57·f0·r0·req✓ / cursor v57·f0·r0
2026-10-03T11:34:26.7793594Z core.pack-triples-intersect     intersect v0·f0·r0 / delta v0·f0·r0
2026-10-03T11:34:26.7794143Z core.canon-escape               iri scan simd128 v19·f0·r0·req✓ / iri v0·f0·r0 / literal scan simd128 v9·f0·r0·req✓ / literal v0·f0·r0
2026-10-03T11:34:26.7794682Z core.purremb-f32-decode         fold simd128 v48·f0·r0·req✓ / iterator v0·f0·r0
2026-10-03T11:34:26.7795028Z core.purremb-norm               v0·f0·r0
2026-10-03T11:34:26.7795268Z core.paged-map-quad             v6·f0·r0
2026-10-03T11:34:26.7795591Z core.loss-json-escape           scan simd128 v7·f0·r0·req✓ / call site v0·f0·r0
2026-10-03T11:34:26.7795904Z eval.regex-row-alloc            v0·f0·r0
2026-10-03T11:34:26.7796222Z eval.solution-compatible        compatible v0·f0·r0 / bind_row v0·f0·r0
2026-10-03T11:34:26.7796559Z eval.bgp-cost-planner           v15·f0·r0
2026-10-03T11:34:26.7796803Z eval.bgp-join-probe             v10·f0·r0
2026-10-03T11:34:26.7797275Z eval.aggregate-fold             step v0·f0·r0 / combine v0·f0·r0 / numeric_add v0·f0·r0 / add_i128 v0·f0·r0 / add_assign v0·f0·r0
2026-10-03T11:34:26.7797743Z datalog.relation-contains       simd128 v7·f0·r0·req✓
2026-10-03T11:34:26.7798079Z datalog.gallop-leapfrog         gallop v0·f0·r0 / leapfrog v0·f0·r0
2026-10-03T11:34:26.7798376Z datalog.chase                   v0·f0·r0
2026-10-03T11:34:26.7798915Z entail.escape                   iri scan simd128 v19·f0·r0·req✓ / iri v0·f0·r0 / literal scan simd128 v9·f0·r0·req✓ / literal (in write_leaf_surface) v0·f0·r0
2026-10-03T11:34:26.7799450Z entail.classify                 decide v1·f0·r0 / saturate v0·f0·r0
2026-10-03T11:34:26.7799822Z shapes.frontier-dedup           simd128 v31·f0·r0·req✓
2026-10-03T11:34:26.7800090Z shapes.path-eval                v0·f0·r0
2026-10-03T11:34:26.7800341Z shapes.finish-report            v0·f0·r0
2026-10-03T11:34:26.7800721Z shex.char-count                 std count v0·f0·r0·req✓
2026-10-03T11:34:26.7800990Z shex.matcher                    v0·f0·r0
2026-10-03T11:34:26.7801358Z results.xml-escape              scan simd128 v9·f0·r0·req✓ / push_into v0·f0·r0 / writer v0·f0·r0
2026-10-03T11:34:26.7801781Z core.csv-field                  scan simd128 v18·f0·r0·req✓
2026-10-03T11:34:26.7802155Z results.json-escape             scan simd128 v7·f0·r0·req✓ / call site v0·f0·r0
2026-10-03T11:34:26.7802614Z markdown.lines                  scan simd128 v2·f0·r0·req✓ / call site (in analyze) v4·f0·r0
2026-10-03T11:34:26.7803209Z distance.exact.dot              batch f64×f64 v149·f0·r0·req✓ / indexed f64×f32 v183·f0·r0·req✓ / indexed f32×f32 v231·f0·r0·req✓
2026-10-03T11:34:26.7803974Z distance.exact.sqeuclid         bounded f64×f64 v149·f0·r0·req✓ / bounded f32×f32 v181·f0·r0·req✓ / pair f64×f64 v149·f0·r0·req✓ / pair f32×f32 v181·f0·r0·req✓
2026-10-03T11:34:26.7805028Z distance.reassociated.dot       wasm-simd128 f64×f64 v69·f0·r0·req✓ / wasm-simd128 f64×f32 v13·f0·r0·req✓ / wasm-simd128 f32×f64 v13·f0·r0·req✓ / wasm-simd128 f32×f32 v16·f0·r0·req✓
2026-10-03T11:34:26.7806180Z distance.reassociated.sqeuclid  wasm-simd128 f64×f64 v13·f0·r0·req✓ / wasm-simd128 f64×f32 v16·f0·r0·req✓ / wasm-simd128 f32×f64 v16·f0·r0·req✓ / wasm-simd128 f32×f32 v19·f0·r0·req✓
2026-10-03T11:34:26.7806845Z knn.norm                        v0·f0·r0
2026-10-03T11:34:26.7807344Z hnsw.search-build               search v0·f0·r0 / build v83·f0·r0 / search reassociated v0·f0·r0 / build reassociated v83·f0·r0
2026-10-03T11:34:26.7807947Z hnsw.distance-cache             v0·f0·r0
2026-10-03T11:34:26.7808189Z text.bm25f                      v0·f0·r0
2026-10-03T11:34:26.7808415Z retrieval.rrf                   v0·f0·r0
2026-10-03T11:34:26.7808722Z retrieval.fusion-frontier       take v0·f0·r0 / insert v0·f0·r0
2026-10-03T11:34:26.7809089Z facade.multimodal-read          text lookup v0·f0·r0
2026-10-03T11:34:26.7809470Z columnar.plain-codec            encode v0·f0·r0·req✓ / decode v0·f0·r0·req✓
2026-10-03T11:34:26.7809814Z columnar.rle                    v0·f0·r0
2026-10-03T11:34:26.7810101Z geo.exact-limbs                 mag_add v0·f0·r0 / gcd v0·f0·r0
2026-10-03T11:34:26.7810443Z geo.relate                      relate v0·f0·r0 / intersect v0·f0·r0
2026-10-03T11:34:26.7811059Z geo.json-write-string           scan simd128 v7·f0·r0·req✓ / call site (values) v0·f0·r0 / call site (names) v0·f0·r0
2026-10-03T11:34:26.7811518Z gts.cbor-writer                 v0·f0·r0
2026-10-03T11:34:26.7811869Z gts.mmr-json-escape             scan simd128 v9·f0·r0·req✓ / call site v0·f0·r0
2026-10-03T11:34:26.7812325Z gts.replication-json-string     scan simd128 v9·f0·r0·req✓ / call site v0·f0·r0
2026-10-03T11:34:26.7812690Z wasm.term-marshal               v0·f0·r0
2026-10-03T11:34:26.7813008Z slice.ownership                 analyze v0·f0·r0 / iri refs v0·f0·r0
2026-10-03T11:34:26.7813416Z slice.prefix-json-string        scan simd128 v7·f0·r0·req✓ / call site v0·f0·r0
2026-10-03T11:34:26.7813845Z slice.dsl-stats-json-string     scan simd128 v9·f0·r0·req✓ / call site v0·f0·r0
2026-10-03T11:34:26.7814191Z cli.pack-input                  v0·f0·r0
2026-10-03T11:34:26.7814431Z rdf.viz-layout                  v12·f0·r0
2026-10-03T11:34:26.7814675Z rdf.projections                 v0·f0·r0
2026-10-03T11:34:26.7815060Z lex.percent-encode              reserved simd128 v17·f0·r0·req✓ / simple simd128 v18·f0·r0·req✓
2026-10-03T11:34:26.7815475Z rdf.csvw-uri-template           call site v0·f0·r0
2026-10-03T11:34:26.7815741Z core.sssom-tsv                  v1·f0·r0
2026-10-03T11:34:26.7816000Z shapes.pydantic-emit            v2·f0·r0
2026-10-03T11:34:26.7816263Z shapes.schema-compile           v0·f0·r0
2026-10-03T11:34:26.7816538Z deflate.match-copy              copy simd128 v0·f0·r0
2026-10-03T11:34:26.7816920Z deflate.match-length            compare simd128 v2·f0·r0·req✓ / steps v4·f0·r0·req✓
2026-10-03T11:34:26.7817339Z deflate.hash-windows            hash simd128 v3·f0·r0·req✓
2026-10-03T11:34:26.7817654Z hash.sha1-block                 portable v0·f0·r0
2026-10-03T11:34:26.7817966Z hash.crc32-update               portable v0·f0·r0
2026-10-03T11:34:26.7818273Z hash.hex-encode                 simd128 v7·f0·r0·req✓
2026-10-03T11:34:26.7818600Z hash.digest-portable            md5 v0·f0·r0 / sha3 v0·f0·r0
2026-10-03T11:34:26.7818929Z hash.fixed-compress             portable v0·f0·r0
2026-10-03T11:34:26.7819249Z hash.fixed-terminal             portable frozen lookup v0·f0·r0
2026-10-03T11:34:26.7819646Z jsonschema.compile-validate     from_document v0·f0·r0 / is_valid v0·f0·r0
2026-10-03T11:34:26.7820062Z text.unicode-ascii-lower        simd128 v2·f0·r0·req✓
2026-10-03T11:34:26.7820425Z xsd.rfc3339-lexical             parse v0·f0·r0 / format portable v0·f0·r0
2026-10-03T11:34:26.7821141Z shapes.instance-projection      graph v0·f0·r0 / subject v0·f0·r0 / list index v0·f0·r0
2026-10-03T11:34:26.7821670Z ed25519.sign                    v0·f0·r0
2026-10-03T11:34:26.7821928Z ed25519.verify                  v20·f0·r0
2026-10-03T11:34:26.7822082Z 
2026-10-03T11:34:26.7822240Z OK: 103 site(s) measured on 1 configurations (partial configuration shard)
2026-10-03T11:34:26.7982701Z ##[group]Run actions/upload-artifact@043fb46d1a93c77aae656e7c1c64a875d1fc6a0a
2026-10-03T11:34:26.7983009Z with:
2026-10-03T11:34:26.7983179Z   name: simd-asm-wasm32-simd128
2026-10-03T11:34:26.7983384Z   path: target/asm-reports/*.json
2026-10-03T11:34:26.7983588Z   if-no-files-found: error
2026-10-03T11:34:26.7983774Z   compression-level: 6
2026-10-03T11:34:26.7983942Z   overwrite: false
2026-10-03T11:34:26.7984111Z   include-hidden-files: false
2026-10-03T11:34:26.7984298Z   archive: true
2026-10-03T11:34:26.7984451Z env:
2026-10-03T11:34:26.7984608Z   CARGO_HOME: /home/runner/.cargo
2026-10-03T11:34:26.7984803Z   CARGO_INCREMENTAL: 0
2026-10-03T11:34:26.7984986Z   CARGO_TERM_COLOR: always
2026-10-03T11:34:26.7985165Z ##[endgroup]
2026-10-03T11:34:26.9142704Z With the provided path, there will be 1 file uploaded
2026-10-03T11:34:26.9146206Z Artifact name is valid!
2026-10-03T11:34:26.9146526Z Root directory input is valid!
2026-10-03T11:34:27.2612747Z Uploading artifact: simd-asm-wasm32-simd128.zip
2026-10-03T11:34:27.2646039Z Beginning upload of artifact content to blob storage
2026-10-03T11:34:27.5131684Z Uploaded bytes 2536
2026-10-03T11:34:27.5742213Z Finished uploading artifact content to blob storage!
2026-10-03T11:34:27.5743289Z SHA256 digest of uploaded artifact is d9a4869a93924048ad31076d00d2a30dd588d64fad3416081b50cbe93bb8a756
2026-10-03T11:34:27.5745415Z Finalizing artifact upload
2026-10-03T11:34:28.0161251Z Artifact simd-asm-wasm32-simd128 successfully finalized. Artifact ID 11272294446
2026-10-03T11:34:28.0162140Z Artifact simd-asm-wasm32-simd128 has been successfully uploaded! Final size is 2536 bytes. Artifact ID is 11272294446
2026-10-03T11:34:28.0164704Z Artifact download URL: https://github.com/Blackcat-Informatics/purrdf/actions/runs/37119631972/artifacts/11272294446
2026-10-03T11:34:28.1174660Z Post job cleanup.
2026-10-03T11:34:28.2016227Z (node:4694) [DEP0040] DeprecationWarning: The `punycode` module is deprecated. Please use a userland alternative instead.
2026-10-03T11:34:28.2016798Z (Use `node --trace-deprecation ...` to show where the warning was created)
2026-10-03T11:34:28.2134332Z [command]/usr/bin/tar --posix -cf cache.tzst --exclude cache.tzst -P -C /home/runner/work/purrdf/purrdf --files-from manifest.txt --use-compress-program zstdmt
2026-10-03T11:34:29.6563945Z (node:4694) [DEP0169] DeprecationWarning: `url.parse()` behavior is not standardized and prone to errors that have security implications. Use the WHATWG URL API instead. CVEs are not issued for `url.parse()` vulnerabilities.
2026-10-03T11:34:30.6487134Z Sent 22818714 of 157036442 (14.5%), 21.8 MBs/sec
2026-10-03T11:34:31.2797435Z Sent 157036442 of 157036442 (100.0%), 91.8 MBs/sec
2026-10-03T11:34:31.4388155Z Cache saved with key: simd-asm-v1-Linux-wasm32-simd128-0f9065be5746602644a4805e3f5fddcbb6feea69d04eba1b95f981d8e48ae120-3b2ffb3b8554181c5750a04d814d0c8ea665515c4fc73046cc4e095da08d8972-667830180a4fe7e4a6007eedb056c0a5d72d5e8f
2026-10-03T11:34:31.4547990Z Post job cleanup.
2026-10-03T11:34:31.5251771Z [command]/usr/bin/git version
2026-10-03T11:34:31.5282247Z git version 2.55.0
2026-10-03T11:34:31.5307418Z Temporarily overriding HOME='/home/runner/work/_temp/09f07de1-da8a-4827-b4c3-f876e906f8ae' before making global git config changes
2026-10-03T11:34:31.5308360Z Adding repository directory to the temporary git global config as a safe directory
2026-10-03T11:34:31.5310907Z [command]/usr/bin/git config --global --add safe.directory /home/runner/work/purrdf/purrdf
2026-10-03T11:34:31.5337307Z Removing SSH command configuration
2026-10-03T11:34:31.5342513Z [command]/usr/bin/git config --local --name-only --get-regexp core\.sshCommand
2026-10-03T11:34:31.5395459Z [command]/usr/bin/git submodule foreach --recursive sh -c "git config --local --name-only --get-regexp 'core\.sshCommand' && git config --local --unset-all 'core.sshCommand' || :"
2026-10-03T11:34:31.5590360Z Removing HTTP extra header
2026-10-03T11:34:31.5594644Z [command]/usr/bin/git config --local --name-only --get-regexp http\.https\:\/\/github\.com\/\.extraheader
2026-10-03T11:34:31.5622100Z [command]/usr/bin/git submodule foreach --recursive sh -c "git config --local --name-only --get-regexp 'http\.https\:\/\/github\.com\/\.extraheader' && git config --local --unset-all 'http.https://github.com/.extraheader' || :"
2026-10-03T11:34:31.5813083Z Removing includeIf entries pointing to credentials config files
2026-10-03T11:34:31.5818552Z [command]/usr/bin/git config --local --name-only --get-regexp ^includeIf\.gitdir:
2026-10-03T11:34:31.5846157Z [command]/usr/bin/git submodule foreach --recursive git config --local --show-origin --name-only --get-regexp remote.origin.url
2026-10-03T11:34:31.6158705Z Cleaning up orphan processes
2026-10-03T11:34:31.6381897Z ##[warning]Node.js 20 is deprecated. The following actions target Node.js 20 but are being forced to run on Node.js 24: actions/cache@0057852bfaa89a56745cba8c7296529d2fc39830. For more information see: https://github.blog/changelog/2025-09-19-deprecation-of-node-20-on-github-actions-runners/
