   Compiling typenum v1.20.1
   Compiling purrdf-hash v3.0.1 (/home/paudley/Active/purrdf/.worktrees/308-reduce-native-ci-test-compilation-and-c/crates/hash)
   Compiling cpufeatures v0.3.0
   Compiling const-oid v0.10.2
   Compiling cfg-if v1.0.4
   Compiling regex-syntax v0.8.11
   Compiling purrdf-events v3.0.1 (/home/paudley/Active/purrdf/.worktrees/308-reduce-native-ci-test-compilation-and-c/crates/rdf-events)
   Compiling crossbeam-utils v0.8.21
   Compiling purrdf-core v3.0.1 (/home/paudley/Active/purrdf/.worktrees/308-reduce-native-ci-test-compilation-and-c/crates/rdf-core)
   Compiling hashbrown v0.17.1
   Compiling rayon-core v1.13.0
   Compiling libc v0.2.186
   Compiling either v1.16.0
   Compiling getrandom v0.3.4
   Compiling crossbeam-epoch v0.9.18
   Compiling cmov v0.5.4
   Compiling regex-automata v0.4.14
   Compiling cpubits v0.1.1
   Compiling hybrid-array v0.4.15
   Compiling fastrand v2.4.1
   Compiling ctutils v0.4.2
   Compiling crossbeam-deque v0.8.6
   Compiling twox-hash v2.1.2
   Compiling purrdf-lex v3.0.1 (/home/paudley/Active/purrdf/.worktrees/308-reduce-native-ci-test-compilation-and-c/crates/lex)
   Compiling purrdf-deflate v3.0.1 (/home/paudley/Active/purrdf/.worktrees/308-reduce-native-ci-test-compilation-and-c/crates/deflate)
   Compiling visual-hashing v1.0.0
   Compiling crypto-common v0.2.2
   Compiling block-buffer v0.12.1
   Compiling inout v0.2.2
   Compiling purrdf-stack v3.0.1 (/home/paudley/Active/purrdf/.worktrees/308-reduce-native-ci-test-compilation-and-c/crates/stack)
   Compiling structured-zstd v0.0.49
   Compiling rayon v1.12.0
   Compiling digest v0.11.3
   Compiling regex v1.12.4
   Compiling cipher v0.5.2
   Compiling universal-hash v0.6.1
   Compiling aead v0.6.1
   Compiling sha2 v0.11.0
   Compiling aes v0.9.3
   Compiling ctr v0.10.1
   Compiling purrdf-xsd v3.0.1 (/home/paudley/Active/purrdf/.worktrees/308-reduce-native-ci-test-compilation-and-c/crates/xsd)
   Compiling purrdf-iri v3.0.1 (/home/paudley/Active/purrdf/.worktrees/308-reduce-native-ci-test-compilation-and-c/crates/iri)
   Compiling polyval v0.7.3
   Compiling purrdf-ed25519 v3.0.1 (/home/paudley/Active/purrdf/.worktrees/308-reduce-native-ci-test-compilation-and-c/crates/ed25519)
   Compiling purrdf-testkit v3.0.1 (/home/paudley/Active/purrdf/.worktrees/308-reduce-native-ci-test-compilation-and-c/crates/testkit)
   Compiling ghash v0.6.0
   Compiling aes-gcm v0.11.1
   Compiling purrdf-cdt v3.0.1 (/home/paudley/Active/purrdf/.worktrees/308-reduce-native-ci-test-compilation-and-c/crates/cdt)
   Compiling purrdf-gts v3.0.1 (/home/paudley/Active/purrdf/.worktrees/308-reduce-native-ci-test-compilation-and-c/crates/gts)
   Compiling purrdf-sparql-algebra v3.0.1 (/home/paudley/Active/purrdf/.worktrees/308-reduce-native-ci-test-compilation-and-c/crates/sparql-algebra)
   Compiling purrdf-sparql-results v3.0.1 (/home/paudley/Active/purrdf/.worktrees/308-reduce-native-ci-test-compilation-and-c/crates/sparql-results)
   Compiling purrdf-datalog v3.0.1 (/home/paudley/Active/purrdf/.worktrees/308-reduce-native-ci-test-compilation-and-c/crates/datalog)
   Compiling purrdf-columnar v3.0.1 (/home/paudley/Active/purrdf/.worktrees/308-reduce-native-ci-test-compilation-and-c/crates/columnar)
   Compiling purrdf-shex v3.0.1 (/home/paudley/Active/purrdf/.worktrees/308-reduce-native-ci-test-compilation-and-c/crates/shex)
   Compiling purrdf-markdown v3.0.1 (/home/paudley/Active/purrdf/.worktrees/308-reduce-native-ci-test-compilation-and-c/crates/markdown)
   Compiling purrdf-json v3.0.1 (/home/paudley/Active/purrdf/.worktrees/308-reduce-native-ci-test-compilation-and-c/crates/json)
   Compiling purrdf-sparql-eval v3.0.1 (/home/paudley/Active/purrdf/.worktrees/308-reduce-native-ci-test-compilation-and-c/crates/sparql-eval)
   Compiling purrdf-entail v3.0.1 (/home/paudley/Active/purrdf/.worktrees/308-reduce-native-ci-test-compilation-and-c/crates/entail)
   Compiling purrdf-rdf v3.0.1 (/home/paudley/Active/purrdf/.worktrees/308-reduce-native-ci-test-compilation-and-c/crates/rdf)
   Compiling purrdf-text v3.0.1 (/home/paudley/Active/purrdf/.worktrees/308-reduce-native-ci-test-compilation-and-c/crates/text)
   Compiling purrdf-hnsw v3.0.1 (/home/paudley/Active/purrdf/.worktrees/308-reduce-native-ci-test-compilation-and-c/crates/hnsw)
   Compiling purrdf-geo v3.0.1 (/home/paudley/Active/purrdf/.worktrees/308-reduce-native-ci-test-compilation-and-c/crates/geo)
   Compiling purrdf-retrieval v3.0.1 (/home/paudley/Active/purrdf/.worktrees/308-reduce-native-ci-test-compilation-and-c/crates/retrieval)
   Compiling purrdf-slice v3.0.1 (/home/paudley/Active/purrdf/.worktrees/308-reduce-native-ci-test-compilation-and-c/crates/slice)
   Compiling purrdf-shapes v3.0.1 (/home/paudley/Active/purrdf/.worktrees/308-reduce-native-ci-test-compilation-and-c/crates/shapes)
   Compiling purrdf-validate v3.0.1 (/home/paudley/Active/purrdf/.worktrees/308-reduce-native-ci-test-compilation-and-c/crates/validate)
   Compiling purrdf v3.0.1 (/home/paudley/Active/purrdf/.worktrees/308-reduce-native-ci-test-compilation-and-c/crates/purrdf)
   Compiling purrdf-capi v3.0.1 (/home/paudley/Active/purrdf/.worktrees/308-reduce-native-ci-test-compilation-and-c/crates/rdf-capi)
    Finished `test` profile [optimized] target(s) in 7.75s
     Running tests/native_profile.rs (/opt/purrdf-308-runtime-refusal.hyKidvRk/controller-build/debug/build/purrdf-capi/06bef51ce427b051/out/native_profile-06bef51ce427b051)
hosted::tests::actual_workflow_preserves_full_optional_inventory_and_failure_uploads: test
hosted::tests::cargo_c_identity_refuses_successful_generic_help_and_wrong_release: test
hosted::tests::execution_windows_refuse_missing_and_reversed_clocks: test
hosted::tests::hosted_inventory_and_exact_counterfactual_are_closed: test
hosted::tests::incomplete_or_changed_case_refuses_before_reclaiming_any_cache: test
hosted::tests::physical_runner_identity_ignores_frequency_but_refuses_missing_observations: test
hosted::tests::private_cache_boundaries_and_upload_outputs_are_mandatory: test
hosted::tests::restoration_never_follows_an_alias_to_prior_evidence: test
hosted::tests::restored_destinations_are_never_overwritten: test
hosted::tests::restores_only_complete_current_attempt_and_preserves_prior_evidence: test
hosted::tests::shared_setup_requires_ordered_endpoints_and_all_owned_source_records: test
hosted::tests::stale_wrong_prefix_wrong_case_and_partial_attempt_refuse_before_any_move: test
hosted::tests::symlinked_case_or_cache_never_reclaims_foreign_bytes: test
hosted::tests::uploaded_case_reclamation_preserves_proof_and_all_siblings: test
phases::tests::child_and_validation_failures_are_recorded_and_receipt_failures_are_hard: test
phases::tests::mixed_harness_frames_preserve_strict_artifact_selection: test
phases::tests::nul_inventory_preserves_literal_paths_and_refuses_lossy_decoding: test
phases::tests::rejects_malformed_missing_unrelated_and_ambiguous_artifacts: test
phases::tests::selects_exact_package_and_retains_freshness_metadata: test
profile::tests::actual_delegate_failures_and_missing_requests_are_hard_and_retained: test
profile::tests::admits_exact_nested_profile_delta_and_refuses_extra_source_changes: test
profile::tests::cargo_configuration_absence_is_bound_and_private_values_are_excluded: test
profile::tests::cargo_configuration_malformed_responses_never_become_absence: test
profile::tests::cold_build_and_target_are_independent_and_warm_admission_is_explicit: test
profile::tests::complete_comparison_records_aggregate_cost_but_never_invents_runner_wall_time: test
profile::tests::libtest_frames_preserve_inventory_without_inventing_c_libraries: test
profile::tests::lost_or_changed_compiler_receipts_cannot_qualify_observed_reduction: test
profile::tests::missing_malformed_ambiguous_and_tampered_child_bindings_refuse: test
profile::tests::mixed_children_bind_libraries_before_cleanup_and_match_actual_c_smoke: test
profile::tests::physical_roots_normalize_without_losing_package_or_target_identity: test
profile::tests::real_sdk_configuration_query_admits_absence_and_refuses_private_errors: test
profile::tests::real_sdk_metadata_uses_admitted_arm_directories_and_preserves_inventory: test
profile::tests::rejects_missing_failed_mismatched_tools_config_concurrency_cache_and_coverage: test
profile::tests::telemetry_preserves_selection_and_harness_arguments_and_nonbuild_commands: test
profile::tests::warm_arm_retains_old_reports_but_attributes_only_new_or_changed_reports: test

35 tests, 0 benchmarks
