   Compiling purrdf-xsd v3.0.1 (/home/paudley/Active/purrdf/.worktrees/477-xsd-one-binary-arbitrary-precision/crates/xsd)
    Finished `test` profile [optimized] target(s) in 3.57s
     Running tests/exact_values.rs (/opt/purrdf-477-qualification/build/debug/build/purrdf-xsd/8e02a76dddb7a225/out/exact_values-8e02a76dddb7a225)

running 9 tests
test arithmetic_that_overflowed_now_returns_the_exact_value ... ok
test decimals_past_the_bounded_form_parse_exactly ... ok
test comparison_and_the_exact_order_see_every_digit ... ok
test cost_is_charged_for_every_tower_operation ... FAILED
test derived_integer_bounds_still_refuse_and_unbounded_derived_types_do_not ... ok
test division_follows_the_policy_and_refuses_only_what_it_must ... ok
test integers_past_i128_parse_exactly_and_in_range_ones_stay_bounded ... ok
test data_ranges_and_value_identity_are_exact_at_any_size ... ok
test rounding_functions_keep_the_family ... ok

failures:

---- cost_is_charged_for_every_tower_operation stdout ----

thread 'cost_is_charged_for_every_tower_operation' (1846000) panicked at crates/xsd/tests/exact_values.rs:282:5:
Cost { work: 3537, bytes: 6656 }
note: run with `RUST_BACKTRACE=1` environment variable to display a backtrace


failures:
    cost_is_charged_for_every_tower_operation

test result: FAILED. 8 passed; 1 failed; 0 ignored; 0 measured; 0 filtered out; finished in 0.00s

error: test failed, to rerun pass `-p purrdf-xsd --test exact_values`
