Cargo.lock: OK
Cargo.toml: OK
crates/cli/Cargo.toml: OK
crates/cli/README.md: OK
crates/cli/benches/pack_input.rs: OK
crates/cli/benches/pack_input_alloc.rs: OK
crates/cli/benches/support/pack.rs: OK
crates/cli/examples/dataset-descriptions.sh: OK
crates/cli/examples/projection-roundtrip.sh: OK
crates/cli/examples/rules_alloc.rs: OK
crates/cli/examples/rules_campaign.rs: OK
crates/cli/src/argv_documents.rs: OK
crates/cli/src/cli.rs: OK
crates/cli/src/consistency.rs: OK
crates/cli/src/convert.rs: OK
crates/cli/src/describe.rs: OK
crates/cli/src/entails.rs: OK
crates/cli/src/error.rs: OK
crates/cli/src/format.rs: OK
crates/cli/src/governors.rs: OK
crates/cli/src/immutable.rs: OK
crates/cli/src/ingest.rs: OK
crates/cli/src/ledger.rs: OK
crates/cli/src/lib.rs: OK
crates/cli/src/main.rs: OK
crates/cli/src/mmap.rs: OK
crates/cli/src/pack.rs: OK
crates/cli/src/path_relation.rs: OK
crates/cli/src/premise_imports.rs: OK
crates/cli/src/projection.rs: OK
crates/cli/src/query.rs: OK
crates/cli/src/reason.rs: OK
crates/cli/src/report.rs: OK
crates/cli/src/shacl.rs: OK
crates/cli/src/shapes_source.rs: OK
crates/cli/src/shapes_tools.rs: OK
crates/cli/src/shex.rs: OK
crates/cli/src/sink.rs: OK
crates/cli/src/source.rs: OK
crates/cli/src/update.rs: OK
crates/cli/src/validate.rs: OK
crates/cli/tests/argv_documents_cli.rs: OK
crates/cli/tests/consistency_cli.rs: OK
crates/cli/tests/convert_cli.rs: OK
crates/cli/tests/declared_empty_graphs_cli.rs: OK
crates/cli/tests/describe_cli.rs: OK
crates/cli/tests/entails_cli.rs: OK
crates/cli/tests/exact_numerics_cli.rs: OK
crates/cli/tests/governors_cli.rs: OK
crates/cli/tests/help_cli.rs: OK
crates/cli/tests/ingest_cli.rs: OK
crates/cli/tests/loss_ledger_cli.rs: OK
crates/cli/tests/pack_execution.rs: OK
crates/cli/tests/prebound_grouping_cli.rs: OK
crates/cli/tests/projection_cli.rs: OK
crates/cli/tests/python_empty_graphs.rs: OK
crates/cli/tests/query_cli.rs: OK
crates/cli/tests/reason_cli.rs: OK
crates/cli/tests/shacl_cli.rs: OK
crates/cli/tests/shapes_tools_cli.rs: OK
crates/cli/tests/shex_cli.rs: OK
crates/cli/tests/smoke_cli.rs: OK
crates/cli/tests/support/mod.rs: OK
crates/cli/tests/update_cli.rs: OK
crates/cli/tests/validate_cli.rs: OK
crates/cli/tests/w3c_node_expr_cli.rs: OK
crates/cli/tests/w3c_srl_check_cli.rs: OK
crates/cli/tests/xpath_regex_cli.rs: OK
crates/sparql-eval/Cargo.toml: OK
crates/sparql-eval/README.md: OK
crates/sparql-eval/benches/construct_builder.rs: OK
crates/sparql-eval/benches/cost_based_bgp_planner.rs: OK
crates/sparql-eval/benches/deep_nesting.rs: OK
crates/sparql-eval/benches/exists_decorrelation.rs: OK
crates/sparql-eval/benches/expr_vm.rs: OK
crates/sparql-eval/benches/flat_operator_chains.rs: OK
crates/sparql-eval/benches/governed_eval.rs: OK
crates/sparql-eval/benches/governor_allocations.rs: OK
crates/sparql-eval/benches/governor_instructions.rs: OK
crates/sparql-eval/benches/graph_constant_membership.rs: OK
crates/sparql-eval/benches/knn_relation.rs: OK
crates/sparql-eval/benches/lateral_service.rs: OK
crates/sparql-eval/benches/lateral_substitution.rs: OK
crates/sparql-eval/benches/numeric_eval.rs: OK
crates/sparql-eval/benches/paged_cross_page_bgp.rs: OK
crates/sparql-eval/benches/path_range.rs: OK
crates/sparql-eval/benches/pattern_dispatch.rs: OK
crates/sparql-eval/benches/prebind_seed_fast_path.rs: OK
crates/sparql-eval/benches/prepared_admission.rs: OK
crates/sparql-eval/benches/prepared_reuse.rs: OK
crates/sparql-eval/benches/query_eval.rs: OK
crates/sparql-eval/benches/regex_eval.rs: OK
crates/sparql-eval/benches/relation_attestation_alloc.rs: OK
crates/sparql-eval/benches/solution_row.rs: OK
crates/sparql-eval/examples/paged_stack.rs: OK
crates/sparql-eval/examples/prepared_reuse_counters.rs: OK
crates/sparql-eval/examples/support/paged_stack.rs: OK
crates/sparql-eval/licenses/CC-BY-4.0.txt: OK
crates/sparql-eval/licenses/LICENSE-APACHE: OK
crates/sparql-eval/licenses/LICENSE-MIT: OK
crates/sparql-eval/licenses/LICENSE-MULAN: OK
crates/sparql-eval/licenses/NOTICE.txt: OK
crates/sparql-eval/licenses/inventory.json: OK
crates/sparql-eval/src/agg_fn.rs: OK
crates/sparql-eval/src/basic_profile.rs: OK
crates/sparql-eval/src/bgp.rs: OK
crates/sparql-eval/src/bgp/positive.rs: OK
crates/sparql-eval/src/binop.rs: OK
crates/sparql-eval/src/blank_scope.rs: OK
crates/sparql-eval/src/cdt_agg.rs: OK
crates/sparql-eval/src/cdt_fn.rs: OK
crates/sparql-eval/src/cdt_unfold.rs: OK
crates/sparql-eval/src/clock.rs: OK
crates/sparql-eval/src/construct.rs: OK
crates/sparql-eval/src/contain.rs: OK
crates/sparql-eval/src/convert.rs: OK
crates/sparql-eval/src/dataset_spec.rs: OK
crates/sparql-eval/src/deferred_exists.rs: OK
crates/sparql-eval/src/describe_query.rs: OK
crates/sparql-eval/src/enf.rs: OK
crates/sparql-eval/src/engine.rs: OK
crates/sparql-eval/src/engine/bounded_workspace.rs: OK
crates/sparql-eval/src/engine/graph_build.rs: OK
crates/sparql-eval/src/engine/prepared_fallible.rs: OK
crates/sparql-eval/src/error.rs: OK
crates/sparql-eval/src/eval.rs: OK
crates/sparql-eval/src/execution.rs: OK
crates/sparql-eval/src/exists_admission_gate.rs: OK
crates/sparql-eval/src/expr.rs: OK
crates/sparql-eval/src/expr/cast_rounding_tests.rs: OK
crates/sparql-eval/src/extension_env.rs: OK
crates/sparql-eval/src/fallible.rs: OK
crates/sparql-eval/src/fixture.rs: OK
crates/sparql-eval/src/governed.rs: OK
crates/sparql-eval/src/governor/charge_points.rs: OK
crates/sparql-eval/src/governor/ledger.rs: OK
crates/sparql-eval/src/governor/lift.rs: OK
crates/sparql-eval/src/governor/mod.rs: OK
crates/sparql-eval/src/governor/soundness.rs: OK
crates/sparql-eval/src/interned.rs: OK
crates/sparql-eval/src/join_plan.rs: OK
crates/sparql-eval/src/knn/invocation.rs: OK
crates/sparql-eval/src/knn/metric.rs: OK
crates/sparql-eval/src/knn/mod.rs: OK
crates/sparql-eval/src/knn/tests.rs: OK
crates/sparql-eval/src/lib.rs: OK
crates/sparql-eval/src/list_fn.rs: OK
crates/sparql-eval/src/modifier.rs: OK
crates/sparql-eval/src/nested_exists_gate.rs: OK
crates/sparql-eval/src/nested_lateral_gate.rs: OK
crates/sparql-eval/src/op_count.rs: OK
crates/sparql-eval/src/parallel.rs: OK
crates/sparql-eval/src/parallel_determinism_gate.rs: OK
crates/sparql-eval/src/path.rs: OK
crates/sparql-eval/src/path_relation.rs: OK
crates/sparql-eval/src/plan/mod.rs: OK
crates/sparql-eval/src/plan_cache.rs: OK
crates/sparql-eval/src/plan_memory.rs: OK
crates/sparql-eval/src/prebind_memo.rs: OK
crates/sparql-eval/src/prebind_memo/tests.rs: OK
crates/sparql-eval/src/predicate_use.rs: OK
crates/sparql-eval/src/property_fn.rs: OK
crates/sparql-eval/src/property_fn_eval.rs: OK
crates/sparql-eval/src/property_fn_plan.rs: OK
crates/sparql-eval/src/protocol.rs: OK
crates/sparql-eval/src/rdflib.rs: OK
crates/sparql-eval/src/registry_id.rs: OK
crates/sparql-eval/src/remote.rs: OK
crates/sparql-eval/src/remote_http.rs: OK
crates/sparql-eval/src/row_checkpoint.rs: OK
crates/sparql-eval/src/row_checkpoint_gate.rs: OK
crates/sparql-eval/src/row_ingest.rs: OK
crates/sparql-eval/src/scratch.rs: OK
crates/sparql-eval/src/service.rs: OK
crates/sparql-eval/src/service_endpoints.rs: OK
crates/sparql-eval/src/solution.rs: OK
crates/sparql-eval/src/stack.rs: OK
crates/sparql-eval/src/stack/height.rs: OK
crates/sparql-eval/src/stat_agg.rs: OK
crates/sparql-eval/src/statement_layer.rs: OK
crates/sparql-eval/src/substitute.rs: OK
crates/sparql-eval/src/template.rs: OK
crates/sparql-eval/src/update.rs: OK
crates/sparql-eval/src/user_fn.rs: OK
crates/sparql-eval/src/vm/compile.rs: OK
crates/sparql-eval/src/vm/mod.rs: OK
crates/sparql-eval/src/vm/tests.rs: OK
crates/sparql-eval/src/wasm_host.rs: OK
crates/sparql-eval/src/witness.rs: OK
crates/sparql-eval/src/xpath_regex.rs: OK
crates/sparql-eval/tests/aggregate_function_e2e.rs: OK
crates/sparql-eval/tests/aggregate_sort_admission.rs: OK
crates/sparql-eval/tests/alternative_property_paths.rs: OK
crates/sparql-eval/tests/binary_arithmetic.rs: OK
crates/sparql-eval/tests/boundary_join_scaling.rs: OK
crates/sparql-eval/tests/call_cursor.rs: OK
crates/sparql-eval/tests/cdt_fold_unfold_e2e.rs: OK
crates/sparql-eval/tests/cdt_order_by.rs: OK
crates/sparql-eval/tests/cdt_query_blank_scope.rs: OK
crates/sparql-eval/tests/construct_builder.rs: OK
crates/sparql-eval/tests/correlated_call_arguments.rs: OK
crates/sparql-eval/tests/correlated_positive_regions.rs: OK
crates/sparql-eval/tests/cost_planner_corpus.rs: OK
crates/sparql-eval/tests/deep_triple_terms.rs: OK
crates/sparql-eval/tests/delta_view.rs: OK
crates/sparql-eval/tests/directional_literal_identity.rs: OK
crates/sparql-eval/tests/embedding_knn_e2e.rs: OK
crates/sparql-eval/tests/evaluation_stack.rs: OK
crates/sparql-eval/tests/exact_numerics.rs: OK
crates/sparql-eval/tests/exists_sep0007.rs: OK
crates/sparql-eval/tests/fallible_query.rs: OK
crates/sparql-eval/tests/fixtures/contextual-mappings.json: OK
crates/sparql-eval/tests/fixtures/scope/README.md: OK
crates/sparql-eval/tests/fixtures/scope/alternative-sequence.rq: OK
crates/sparql-eval/tests/fixtures/scope/alternative-sequence.srj: OK
crates/sparql-eval/tests/fixtures/scope/bind-values.rq: OK
crates/sparql-eval/tests/fixtures/scope/bind-values.srj: OK
crates/sparql-eval/tests/fixtures/scope/caller-lookalikes.rq: OK
crates/sparql-eval/tests/fixtures/scope/caller-lookalikes.srj: OK
crates/sparql-eval/tests/fixtures/scope/data.ttl: OK
crates/sparql-eval/tests/fixtures/scope/distinct-visible.rq: OK
crates/sparql-eval/tests/fixtures/scope/distinct-visible.srj: OK
crates/sparql-eval/tests/fixtures/scope/distinct-zero-visible.rq: OK
crates/sparql-eval/tests/fixtures/scope/distinct-zero-visible.srj: OK
crates/sparql-eval/tests/fixtures/scope/exists.rq: OK
crates/sparql-eval/tests/fixtures/scope/exists.srj: OK
crates/sparql-eval/tests/fixtures/scope/g1.ttl: OK
crates/sparql-eval/tests/fixtures/scope/g2.ttl: OK
crates/sparql-eval/tests/fixtures/scope/illegal-optional-label.rq: OK
crates/sparql-eval/tests/fixtures/scope/illegal-subquery-label.rq: OK
crates/sparql-eval/tests/fixtures/scope/illegal-union-label.rq: OK
crates/sparql-eval/tests/fixtures/scope/independent-union-blanks.rq: OK
crates/sparql-eval/tests/fixtures/scope/independent-union-blanks.srj: OK
crates/sparql-eval/tests/fixtures/scope/inventory.json: OK
crates/sparql-eval/tests/fixtures/scope/inverse-sequence.rq: OK
crates/sparql-eval/tests/fixtures/scope/inverse-sequence.srj: OK
crates/sparql-eval/tests/fixtures/scope/manifest.ttl: OK
crates/sparql-eval/tests/fixtures/scope/minus-correlated.rq: OK
crates/sparql-eval/tests/fixtures/scope/minus-correlated.srj: OK
crates/sparql-eval/tests/fixtures/scope/minus-disjoint.rq: OK
crates/sparql-eval/tests/fixtures/scope/minus-disjoint.srj: OK
crates/sparql-eval/tests/fixtures/scope/named-graph.rq: OK
crates/sparql-eval/tests/fixtures/scope/named-graph.srj: OK
crates/sparql-eval/tests/fixtures/scope/not-exists.rq: OK
crates/sparql-eval/tests/fixtures/scope/not-exists.srj: OK
crates/sparql-eval/tests/fixtures/scope/optional.rq: OK
crates/sparql-eval/tests/fixtures/scope/optional.srj: OK
crates/sparql-eval/tests/fixtures/scope/quoted-pattern-blank.rq: OK
crates/sparql-eval/tests/fixtures/scope/quoted-pattern-blank.srj: OK
crates/sparql-eval/tests/fixtures/scope/quoted.ttl: OK
crates/sparql-eval/tests/fixtures/scope/repeated-alternatives.rq: OK
crates/sparql-eval/tests/fixtures/scope/repeated-alternatives.srj: OK
crates/sparql-eval/tests/fixtures/scope/source-blank-connection.rq: OK
crates/sparql-eval/tests/fixtures/scope/source-blank-connection.srj: OK
crates/sparql-eval/tests/fixtures/scope/subquery-hidden-name.rq: OK
crates/sparql-eval/tests/fixtures/scope/subquery-hidden-name.srj: OK
crates/sparql-eval/tests/fixtures/scope/zero-visible.rq: OK
crates/sparql-eval/tests/fixtures/scope/zero-visible.srj: OK
crates/sparql-eval/tests/flat_operator_chains.rs: OK
crates/sparql-eval/tests/flat_property_paths.rs: OK
crates/sparql-eval/tests/fold_e2e.rs: OK
crates/sparql-eval/tests/function_body_relation_witness.rs: OK
crates/sparql-eval/tests/governed_parallel_allocation.rs: OK
crates/sparql-eval/tests/governed_query.rs: OK
crates/sparql-eval/tests/governed_update.rs: OK
crates/sparql-eval/tests/governor_correctness.rs: OK
crates/sparql-eval/tests/graph_constant_membership.rs: OK
crates/sparql-eval/tests/graph_scope_admission.rs: OK
crates/sparql-eval/tests/graph_var_narrowing.rs: OK
crates/sparql-eval/tests/join_output_alloc.rs: OK
crates/sparql-eval/tests/knn_wasm_determinism.rs: OK
crates/sparql-eval/tests/knn_wasm_reassociated.rs: OK
crates/sparql-eval/tests/language_tag_seams.rs: OK
crates/sparql-eval/tests/lateral_e2e.rs: OK
crates/sparql-eval/tests/native_xpath.rs: OK
crates/sparql-eval/tests/nested_sub_select.rs: OK
crates/sparql-eval/tests/numeric_casts.rs: OK
crates/sparql-eval/tests/numeric_contract.rs: OK
crates/sparql-eval/tests/numeric_governance.rs: OK
crates/sparql-eval/tests/numeric_parallel_determinism.rs: OK
crates/sparql-eval/tests/numeric_wasm_determinism.rs: OK
crates/sparql-eval/tests/operator_mapping_spec.rs: OK
crates/sparql-eval/tests/options_sources.rs: OK
crates/sparql-eval/tests/ordinary_binding_inputs.rs: OK
crates/sparql-eval/tests/ordinary_seed_semantics.rs: OK
crates/sparql-eval/tests/pack_query_e2e.rs: OK
crates/sparql-eval/tests/paged_query_e2e.rs: OK
crates/sparql-eval/tests/paged_stack_query.rs: OK
crates/sparql-eval/tests/parse_diagnostics.rs: OK
crates/sparql-eval/tests/parse_nesting_limit.rs: OK
crates/sparql-eval/tests/path_witness_property_function.rs: OK
crates/sparql-eval/tests/plan_cache_corpus.rs: OK
crates/sparql-eval/tests/prebound_grouping.rs: OK
crates/sparql-eval/tests/prepared_admission.rs: OK
crates/sparql-eval/tests/prepared_execution.rs: OK
crates/sparql-eval/tests/prepared_operations.rs: OK
crates/sparql-eval/tests/prepared_parameter_mentions.rs: OK
crates/sparql-eval/tests/prepared_parameters.rs: OK
crates/sparql-eval/tests/prepared_reuse.rs: OK
crates/sparql-eval/tests/property_function_blank_scope.rs: OK
crates/sparql-eval/tests/property_function_e2e.rs: OK
crates/sparql-eval/tests/property_function_value_sources.rs: OK
crates/sparql-eval/tests/property_path_corpus.rs: OK
crates/sparql-eval/tests/protocol.rs: OK
crates/sparql-eval/tests/query_completion.rs: OK
crates/sparql-eval/tests/ranked_declaration.rs: OK
crates/sparql-eval/tests/ranked_retrieval_fingerprint.rs: OK
crates/sparql-eval/tests/rdflib_contextual.rs: OK
crates/sparql-eval/tests/recursion_free.rs: OK
crates/sparql-eval/tests/registry_identity.rs: OK
crates/sparql-eval/tests/relation_witness.rs: OK
crates/sparql-eval/tests/request_substitution_feasibility.rs: OK
crates/sparql-eval/tests/scope_interactions.rs: OK
crates/sparql-eval/tests/segmented_query.rs: OK
crates/sparql-eval/tests/service_forwarded_text.rs: OK
crates/sparql-eval/tests/service_live.rs: OK
crates/sparql-eval/tests/service_resolver.rs: OK
crates/sparql-eval/tests/sha3_e2e.rs: OK
crates/sparql-eval/tests/solution_row_alloc.rs: OK
crates/sparql-eval/tests/source_header.rs: OK
crates/sparql-eval/tests/stack_refusal.rs: OK
crates/sparql-eval/tests/string_function_arguments.rs: OK
crates/sparql-eval/tests/support/aggregates.rs: OK
crates/sparql-eval/tests/support/boundary_joins.rs: OK
crates/sparql-eval/tests/support/governor_counts.rs: OK
crates/sparql-eval/tests/support/governor_workloads.rs: OK
crates/sparql-eval/tests/support/knn_space.rs: OK
crates/sparql-eval/tests/support/mod.rs: OK
crates/sparql-eval/tests/support/segmented.rs: OK
crates/sparql-eval/tests/translated_property_paths.rs: OK
crates/sparql-eval/tests/union_join_positions.rs: OK
crates/sparql-eval/tests/update_graph_existence.rs: OK
crates/sparql-eval/tests/update_graph_modes.rs: OK
crates/testkit/Cargo.toml: OK
crates/testkit/README.md: OK
crates/testkit/src/bench/args.rs: OK
crates/testkit/src/bench/counter.rs: OK
crates/testkit/src/bench/estimates.rs: OK
crates/testkit/src/bench/mod.rs: OK
crates/testkit/src/bench/stats.rs: OK
crates/testkit/src/bench/store.rs: OK
crates/testkit/src/bin/harness_fixture.rs: OK
crates/testkit/src/bin/harness_print_fixture.rs: OK
crates/testkit/src/bin/wasm_host_fixture.rs: OK
crates/testkit/src/exact.rs: OK
crates/testkit/src/golden.rs: OK
crates/testkit/src/harness.rs: OK
crates/testkit/src/host.rs: OK
crates/testkit/src/jsonschema_metaschemas.rs: OK
crates/testkit/src/lib.rs: OK
crates/testkit/src/paths.rs: OK
crates/testkit/src/prop/arbitrary.rs: OK
crates/testkit/src/prop/choices.rs: OK
crates/testkit/src/prop/collection.rs: OK
crates/testkit/src/prop/mod.rs: OK
crates/testkit/src/prop/runner.rs: OK
crates/testkit/src/prop/sample.rs: OK
crates/testkit/src/prop/state_machine.rs: OK
crates/testkit/src/prop/strategy.rs: OK
crates/testkit/src/prop/string.rs: OK
crates/testkit/src/rng.rs: OK
crates/testkit/src/scalars.rs: OK
crates/testkit/src/temp.rs: OK
crates/testkit/src/text.rs: OK
crates/testkit/src/ucd.rs: OK
crates/testkit/src/vectors.rs: OK
crates/testkit/tests/bench.rs: OK
crates/testkit/tests/counter.rs: OK
crates/testkit/tests/golden.rs: OK
crates/testkit/tests/golden/macro_probe.txt: OK
crates/testkit/tests/harness.rs: OK
crates/testkit/tests/prop.rs: OK
crates/testkit/tests/temp.rs: OK
crates/testkit/tests/vectors.rs: OK
crates/xsd/Cargo.toml: OK
crates/xsd/README.md: OK
crates/xsd/benches/exact.rs: OK
crates/xsd/benches/lexical.rs: OK
crates/xsd/examples/gen_exact_numeric_vectors.rs: OK
crates/xsd/licenses/CC-BY-4.0.txt: OK
crates/xsd/licenses/LICENSE-APACHE: OK
crates/xsd/licenses/LICENSE-MIT: OK
crates/xsd/licenses/LICENSE-MULAN: OK
crates/xsd/licenses/NOTICE.txt: OK
crates/xsd/licenses/inventory.json: OK
crates/xsd/src/bigint.rs: OK
crates/xsd/src/bigint/arithmetic_tests.rs: OK
crates/xsd/src/bigint/compat.rs: OK
crates/xsd/src/bigint/scratch.rs: OK
crates/xsd/src/bigint/storage.rs: OK
crates/xsd/src/bigint/tower_tests.rs: OK
crates/xsd/src/binary.rs: OK
crates/xsd/src/datatype.rs: OK
crates/xsd/src/decimal_float.rs: OK
crates/xsd/src/exact/binary.rs: OK
crates/xsd/src/exact/cost.rs: OK
crates/xsd/src/exact/decimal.rs: OK
crates/xsd/src/exact/error.rs: OK
crates/xsd/src/exact/integer.rs: OK
crates/xsd/src/exact/mod.rs: OK
crates/xsd/src/exact/rational.rs: OK
crates/xsd/src/exact/rounding.rs: OK
crates/xsd/src/ieee/mod.rs: OK
crates/xsd/src/ieee/reference.rs: OK
crates/xsd/src/ieee/tests.rs: OK
crates/xsd/src/ieee/x87.rs: OK
crates/xsd/src/json_number.rs: OK
crates/xsd/src/lib.rs: OK
crates/xsd/src/numeric.rs: OK
crates/xsd/src/numeric/exact_path.rs: OK
crates/xsd/src/ops.rs: OK
crates/xsd/src/range.rs: OK
crates/xsd/src/rational.rs: OK
crates/xsd/src/rfc3339.rs: OK
crates/xsd/src/simple.rs: OK
crates/xsd/src/temporal.rs: OK
crates/xsd/src/value.rs: OK
crates/xsd/src/wide.rs: OK
crates/xsd/tests/data_range.rs: OK
crates/xsd/tests/exact_governance.rs: OK
crates/xsd/tests/exact_tower.rs: OK
crates/xsd/tests/exact_values.rs: OK
crates/xsd/tests/exact_wasm_determinism.rs: OK
crates/xsd/tests/frozen_vectors.rs: OK
crates/xsd/tests/numeric_error_codes.rs: OK
crates/xsd/tests/operator_mapping.rs: OK
crates/xsd/tests/rfc3339.rs: OK
crates/xsd/tests/value_space.rs: OK
crates/xsd/tests/vectors/binary_decimal_vectors.txt: OK
crates/xsd/tests/vectors/calendar_vectors.txt: OK
crates/xsd/tests/vectors/exact_numeric_vectors.txt: OK
crates/xsd/tests/vectors/gcd_vectors.txt: OK
crates/xsd/tests/vectors/json_number_vectors.txt: OK
crates/xsd/tests/vectors/numeric_predicate_vectors.txt: OK
crates/xsd/tests/vectors/rfc3339_vectors.txt: OK
crates/xsd/tests/vectors/wide_vectors.txt: OK
rust-toolchain.toml: OK
