   Compiling purrdf-hash v3.0.1 (/home/paudley/Active/purrdf/.worktrees/479-rules-two-rdf-type-patterns-with/crates/hash)
   Compiling typenum v1.20.1
   Compiling crossbeam-utils v0.8.21
   Compiling const-oid v0.10.2
   Compiling regex-syntax v0.8.11
   Compiling cfg-if v1.0.4
   Compiling rayon-core v1.13.0
   Compiling cpufeatures v0.3.0
   Compiling purrdf-core v3.0.1 (/home/paudley/Active/purrdf/.worktrees/479-rules-two-rdf-type-patterns-with/crates/rdf-core)
   Compiling purrdf-events v3.0.1 (/home/paudley/Active/purrdf/.worktrees/479-rules-two-rdf-type-patterns-with/crates/rdf-events)
   Compiling either v1.16.0
   Compiling hashbrown v0.17.1
   Compiling purrdf-alloc-probe v3.0.1 (/home/paudley/Active/purrdf/.worktrees/479-rules-two-rdf-type-patterns-with/crates/alloc-probe)
   Compiling crossbeam-epoch v0.9.18
   Compiling regex-automata v0.4.14
   Compiling hybrid-array v0.4.15
   Compiling purrdf-lex v3.0.1 (/home/paudley/Active/purrdf/.worktrees/479-rules-two-rdf-type-patterns-with/crates/lex)
   Compiling purrdf-deflate v3.0.1 (/home/paudley/Active/purrdf/.worktrees/479-rules-two-rdf-type-patterns-with/crates/deflate)
   Compiling purrdf-iri v3.0.1 (/home/paudley/Active/purrdf/.worktrees/479-rules-two-rdf-type-patterns-with/crates/iri)
   Compiling purrdf-xsd v3.0.1 (/home/paudley/Active/purrdf/.worktrees/479-rules-two-rdf-type-patterns-with/crates/xsd)
   Compiling purrdf-cdt v3.0.1 (/home/paudley/Active/purrdf/.worktrees/479-rules-two-rdf-type-patterns-with/crates/cdt)
   Compiling crossbeam-deque v0.8.6
   Compiling block-buffer v0.12.1
   Compiling crypto-common v0.2.2
   Compiling digest v0.11.3
   Compiling rayon v1.12.0
   Compiling regex v1.12.4
   Compiling sha2 v0.11.0
   Compiling purrdf-testkit v3.0.1 (/home/paudley/Active/purrdf/.worktrees/479-rules-two-rdf-type-patterns-with/crates/testkit)
   Compiling purrdf-datalog v3.0.1 (/home/paudley/Active/purrdf/.worktrees/479-rules-two-rdf-type-patterns-with/crates/datalog)
    Finished `bench` profile [optimized] target(s) in 13.95s
