   Compiling purrdf-validate v3.0.1 (/home/paudley/Active/purrdf/.worktrees/479-rules-two-rdf-type-patterns-with/crates/validate)
   Compiling purrdf v3.0.1 (/home/paudley/Active/purrdf/.worktrees/479-rules-two-rdf-type-patterns-with/crates/purrdf)
   Compiling purrdf-cli v3.0.1 (/home/paudley/Active/purrdf/.worktrees/479-rules-two-rdf-type-patterns-with/crates/cli)
    Finished `test` profile [optimized] target(s) in 23.36s
     Running tests/shapes_tools_cli.rs (/opt/.cargo/slots/c1fc6c159374197f/0/build/debug/build/purrdf-cli/57f659dca7ff5888/out/shapes_tools_cli-57f659dca7ff5888)

running 14 tests
test the_shacl_prefix_idiom_validates_without_an_import_and_a_header_import_is_refused ... ok
test cli_node_expr_reports_the_mandatory_diagnostic ... ok
test cli_node_expr ... ok
test cli_rules_shapes_graph ... ok
test cli_shapes_lint_reports_superseded_builtin_validators ... ok
test cli_node_expr_selectors ... ok
test every_run_reports_an_empty_in_list ... ok
test cli_rules_check ... ok
test cli_rules_capacity_limits ... ok
test cli_rules ... ok
test every_shapes_lane_gives_the_same_owl_imports_verdict ... ok
test cli_shapes_lint ... ok
test cli_rules_nonlinear_closure_needs_a_raised_join_step_limit ... ok
test cli_rules_per_focus_divergence_is_refused_by_a_term_limit ... ok

test result: ok. 14 passed; 0 failed; 0 ignored; 0 measured; 0 filtered out; finished in 9.90s

