error: no test target named `capacity` in `purrdf-shapes` package
help: available test targets:
    blank_focus_relation_prebinding
    box_role_alloc
    change_footprint
    change_path_alloc
    class_plan_totality
    closed_by_types
    component_class_blank_chains
    component_parameters
    conformance
    conformance_memo
    constraint_annotations
    core_parameter_cardinality
    custom_node_expressions
    datatype_lexical_forms
    emitter_projections
    evaluated_targets
    exact_numeric_ranges
    execution_scope
    exists_relation_prebinding
    foreign_value_nodes
    function_body_relation
    governor_inheritance
    host_entry_points
    large_schema_emission
    logical_shape_arguments
    loss_ledger_golden
    loss_ledger_soundness
    matched_leaf_prebinding
    named_graph_view
    never_panic
    node_expr_reference
    node_expressions
    ontology_schema_surface
    owl_value_semantics
    pattern_emission
    prebinding_above_hidden_columns
    prebinding_lanes
    product_api_compat
    product_carried_analysis
    product_corpus_equivalence
    product_determinism
    product_model_census
    product_rdf12_identity
    product_refusal
    product_reuse_semantics
    product_wasm
    property_monotonicity
    property_shape_provenance
    relation_incompleteness
    result_annotations
    rule_capacity_limits
    rules_conformance
    rules_engine
    rules_serialization_roundtrip
    scope_profiles
    shacl_shacl_differential
    shapes_graph_well_formed_report
    shapes_graph_wellformedness
    shared_shapes_dataset
    shared_validation_views
    sparql_node_expressions
    sparql_path_alloc
    sparql_prefixes
    spec_census
    spec_linker
    srl_language
    subclass_of_in_shapes_graph
    target_discovery
    target_parameters
    text_dataset_path_equivalence
    unique_values_for
    values_default_compliance
    view_graph_membership
    vocabulary_import_invariance
    w3c12_conformance
    w3c_conformance
