   Compiling purrdf-entail v3.0.1 (/home/paudley/Active/purrdf/.worktrees/479-rules-two-rdf-type-patterns-with/crates/entail)
    Finished `test` profile [optimized] target(s) in 18.98s
     Running unittests src/lib.rs (/opt/.cargo/slots/c1fc6c159374197f/0/build/debug/build/purrdf-entail/43862694fd4ce3ff/out/purrdf_entail-43862694fd4ce3ff)

running 683 tests
test axioms::tests::every_axiom_term_is_rdf_or_rdfs_vocabulary ... ok
test axioms::tests::no_container_membership_property_is_transcribed ... ok
test axioms::tests::only_the_rdfs_lane_asserts_axioms ... ok
test axioms::tests::the_rdfs_table_has_the_specified_shape ... ok
test axioms::tests::the_axiom_tables_are_duplicate_free_and_disjoint ... ok
test axioms::tests::the_rdf_axioms_license_nothing_the_rdf_lane_does_not_already_draw ... ok
test calculus::tests::indices_are_dense_and_unique ... ok
test calculus::tests::lane_membership_is_pinned ... ok
test calculus::tests::clash_markers_are_distinct_and_internal ... ok
test calculus::tests::the_extensions_are_in_no_specification_table ... ok
test calculus::tests::the_fired_rule_ids_are_exactly_the_inventory ... ok
test calculus::tests::the_rdfs_family_is_concatenated_first ... ok
test calculus::tests::the_constraint_marker_matches_the_clauses ... ok
test calculus::tests::the_owl_rl_extras_have_no_owl_rule_id ... ok
test combined::tests::a_quad_outside_the_default_graph_disqualifies ... ok
test calculus::tests::no_lane_both_states_an_existential_and_a_constraint ... ok
test combined::tests::a_builtin_class_in_a_subclass_axiom_disqualifies ... ok
test combined::tests::a_builtin_role_in_a_restriction_disqualifies ... ok
test calculus::tests::different_rule_sets_have_different_identities ... ok
test combined::tests::an_equivalent_class_axiom_is_outside_the_fragment ... ok
test combined::tests::a_some_values_from_axiom_lowers_to_one_existential_clause ... ok
test combined::tests::a_cyclic_existential_schema_is_not_applicable ... ok
test combined::tests::a_sub_property_axiom_disqualifies_the_ontology ... ok
test combined::tests::an_unknown_reserved_term_disqualifies ... ok
test combined::tests::ordinary_data_and_annotations_stay_in_the_fragment ... ok
test combined::tests::every_formerly_missed_construct_class_disqualifies ... ok
test calculus::tests::the_lowering_preserves_the_declared_body ... ok
test datatypes::tests::an_ill_typed_literal_is_named_and_not_valued ... ok
test datatypes::tests::an_unmodelled_datatype_is_not_judged ... ok
test datatypes::tests::an_integer_is_found_in_the_integer_tower ... ok
test calculus::tests::the_contract_hash_is_datalogs_over_the_declared_program ... ok
test datatypes::tests::two_spellings_of_one_value_are_equal ... ok
test combined::tests::an_ontology_with_no_existential_axiom_succeeds_with_no_witnesses ... ok
test engine::tests::a_clause_constant_and_a_dataset_iri_share_one_surface ... ok
test datatypes::tests::equality_with_a_double_is_exact_at_any_size ... ok
test engine::tests::distinct_terms_render_to_distinct_surfaces ... ok
test combined::tests::the_combined_materialization_carries_a_witness_related_to_the_named_individual ... ok
test engine::tests::the_default_graph_is_the_empty_surface_on_both_sides ... ok
test calculus::tests::the_contract_hashes_are_pinned ... ok
test engine::tests::the_positional_guards_match_rdf_12 ... ok
test calculus::tests::the_attribution_indexes_the_published_program ... ok
test entails::comprehension::tests::an_ordinary_conclusion_is_not_applicable ... ok
test engine::tests::the_declared_programs_read_and_write_the_default_graph_only ... ok
test engine::tests::a_cyclic_collection_refuses_the_run_rather_than_hanging ... ok
test calculus::tests::the_program_is_deterministic_and_pinned ... ok
test engine::tests::every_clause_literal_is_declared_or_internal ... ok
test engine::term_walk_tests::the_bridge_and_the_surface_agree_with_their_recursive_references ... ok
test calculus::tests::every_declared_program_is_admissible_to_the_engine_that_runs_it ... ok
test entails::datarange::tests::the_data_range_lane_adds_no_rule ... ok
test entails::comprehension::tests::a_cardinality_must_be_a_non_negative_integer ... ok
test entails::freeze::tests::a_blank_named_position_is_declined_rather_than_dropped ... ok
test entails::comprehension::tests::the_comprehension_lane_adds_no_rule ... ok
test entails::comprehension::tests::every_unrecognized_shape_disqualifies ... ok
test engine::tests::a_malformed_collection_refuses_the_run ... ok
test entails::freeze::tests::a_list_valued_predicate_is_refused ... ok
test entails::datarange::tests::materialization_still_does_not_produce_these_conclusions ... ok
test entails::freeze::tests::a_read_axiom_carries_the_shape_that_recognized_it ... ok
test entails::comprehension::tests::an_operand_that_is_not_a_class_is_not_comprehended ... ok
test entails::comprehension::tests::a_conclusion_naming_the_dl_fresh_prefix_does_not_alias ... ok
test entails::datarange::tests::an_undeclared_property_gets_no_range ... ok
test entails::freeze::tests::a_conclusion_past_the_budget_is_undecided ... ok
test entails::freeze::tests::an_ordinary_conclusion_is_not_applicable ... ok
test entails::comprehension::tests::an_anonymous_restriction_is_comprehended ... ok
test entails::datarange::tests::a_pattern_facet_is_undecided_rather_than_refuted ... ok
test entails::freeze::tests::the_freeze_lane_adds_no_rule ... ok
test entails::comprehension::tests::two_scaffold_nodes_sharing_one_witness_do_not_replay ... ok
test entails::datarange::tests::an_unreadable_target_range_is_not_this_modules_question ... ok
test entails::comprehension::tests::an_anonymous_union_is_comprehended_and_the_warrant_verifies ... ok
test entails::freeze::tests::the_shape_table_is_well_formed ... ok
test entails::comprehension::tests::materialization_still_does_not_produce_these_conclusions ... ok
test entails::fresh::tests::a_colliding_input_lengthens_the_prefix ... ok
test entails::fresh::tests::a_colliding_label_in_a_reifier_position_lengthens_the_prefix ... ok
test entails::fresh::tests::a_label_in_a_side_table_or_a_graph_declaration_is_collected ... ok
test entails::fresh::tests::a_collision_in_another_scope_still_counts ... ok
test entails::fresh::tests::every_observed_dataset_is_avoided ... ok
test entails::fresh::tests::minted_nodes_are_distinct_and_absent_from_the_input ... ok
test entails::fresh::tests::the_recheck_looks_inside_a_triple_term ... ok
test entails::datarange::tests::only_the_owl_rl_lane_decides_containment ... ok
test entails::graph::tests::a_distinguishing_datatype_is_rendered ... ok
test entails::graph::tests::a_triple_term_renders_its_object_by_the_same_rule ... ok
test entails::fresh::term_walk_tests::the_survey_agrees_with_its_recursive_reference_on_generated_terms ... ok
test entails::graph::tests::an_implicit_datatype_is_dropped ... ok
test entails::graph::tests::direction_is_rendered_and_its_datatype_is_not ... ok
test entails::comprehension::tests::every_conjunct_decides_membership_in_a_comprehended_intersection ... ok
test entails::datarange::tests::a_data_range_warrant_does_not_replay ... ok
test entails::graph::term_walk_tests::the_rendering_agrees_with_its_recursive_reference_on_generated_terms ... ok
test entails::homomorphism::tests::a_miss_names_the_orphan_or_the_joint_failure ... ok
test entails::homomorphism::tests::a_projected_variable_enumerates_its_bindings ... ok
test entails::homomorphism::tests::a_repeated_blank_must_map_consistently ... ok
test entails::homomorphism::tests::a_variable_predicate_scans_every_bucket ... ok
test entails::homomorphism::tests::an_absent_predicate_short_circuits ... ok
test engine::tests::no_internal_id_reaches_a_serialized_closure ... ok
test entails::homomorphism::tests::blank_nodes_are_existentials ... ok
test entails::homomorphism::tests::ground_target_must_be_present ... ok
test entails::homomorphism::tests::literals_compare_on_datatype_too ... ok
test entails::homomorphism::tests::matching_backtracks_over_a_bad_first_choice ... ok
test entails::homomorphism::tests::the_closure_holds_exactly_what_it_was_given ... ok
test entails::imports::tests::a_blank_header_and_a_versioning_node_import_and_their_neighbours_do_not ... ok
test entails::homomorphism::term_walk_tests::unification_and_substitution_agree_with_their_recursive_references ... ok
test entails::imports::tests::a_premise_blank_node_that_occurs_only_as_a_reifier_is_not_overwritten ... ok
test entails::imports::tests::a_premise_that_imports_nothing_is_not_copied ... ok
test entails::comprehension::tests::the_comprehension_lane_is_deterministic ... ok
test entails::freeze::tests::materialization_still_does_not_produce_these_conclusions ... ok
test entails::datarange::tests::a_declared_range_widens_to_a_containing_datatype ... ok
test entails::imports::tests::absent_import_is_unresolved ... ok
test entails::freeze::tests::a_freeze_warrant_does_not_replay ... ok
test entails::imports::tests::an_imported_document_is_itself_checked_for_imports ... ok
test entails::comprehension::tests::a_conclusion_naming_this_modules_prefix_does_not_alias ... ok
test entails::imports::tests::an_unreached_entry_is_refused_and_an_anchored_import_of_it_merges ... ok
test entails::imports::tests::an_unresolvable_import_names_the_document ... ok
test entails::imports::tests::import_present_in_graph_is_resolved ... ok
test engine::tests::no_term_of_the_closure_is_internal ... ok
test entails::imports::tests::merged_documents_are_standardized_apart_and_the_premise_is_not_moved ... ok
test entails::freeze::tests::an_untyped_term_fails_the_membership_half ... ok
test engine::tests::a_blank_node_graph_name_survives_the_closure ... ok
test entails::imports::tests::self_import_is_resolved ... ok
test entails::imports::tests::the_import_closure_is_transitive_and_cycle_safe ... ok
test entails::imports::tests::the_map_resolves_a_rif_import_the_same_way ... ok
test entails::imports::tests::the_resolution_rule_is_transitive_over_the_import_closure ... ok
test entails::imports::tests::two_versions_of_one_series_are_refused_and_one_version_merges ... ok
test entails::freeze::tests::a_subclass_inclusion_is_established_by_freezing_an_instance ... ok
test entails::membership::tests::a_bare_property_typing_does_not_establish_an_object_property ... ok
test entails::imports::tests::version_iri_resolves ... ok
test entails::membership::tests::an_untyped_or_wrongly_typed_term_establishes_nothing ... ok
test entails::membership::tests::each_accepted_typing_establishes_its_set ... ok
test entails::membership::tests::a_doubly_typed_term_cites_the_first_accepted_typing ... ok
test entails::negation::tests::a_cyclic_member_list_refuses ... ok
test entails::negation::tests::a_different_from_lowers_to_one_pair ... ok
test entails::datarange::tests::a_narrowing_is_undecided_rather_than_refuted ... ok
test entails::negation::tests::a_complement_typing_consumes_its_scaffold_and_leaves_the_rest ... ok
test entails::negation::tests::an_ordinary_conclusion_is_not_applicable ... ok
test entails::datarange::tests::a_disjoint_range_is_not_established ... ok
test entails::negation::tests::an_all_different_collection_lowers_to_every_pair ... ok
test entails::negation::tests::a_member_list_whose_cells_are_typed_rdf_list_lowers ... ok
test entails::negation::tests::every_unrecognized_shape_disqualifies ... ok
test entails::negation::tests::every_fact_renders ... ok
test entails::freeze::tests::an_unconstrained_property_is_undecided_rather_than_refuted ... ok
test entails::negation::tests::the_lowering_is_deterministic ... ok
test entails::precondition::tests::container_membership_properties_are_recognized_by_shape ... ok
test entails::datarange::tests::the_data_range_lane_is_deterministic ... ok
test entails::precondition::tests::every_reason_renders ... ok
test entails::precondition::tests::the_rdf_namespace_does_not_drift ... ok
test entails::freeze::tests::an_empty_property_is_symmetric_vacuously ... ok
test entails::freeze::tests::a_declined_shape_survives_an_axiom_established_in_the_same_reading ... ok
test entails::freeze::tests::only_the_owl_rl_lane_freezes ... ok
test entails::precondition::term_walk_tests::the_survey_agrees_with_its_recursive_reference_on_generated_patterns ... ok
test entails::comprehension::tests::a_comprehension_warrant_does_not_replay ... ok
test engine::tests::a_warm_plan_and_a_cold_one_close_a_graph_identically ... ok
test entails::imports::tests::an_import_present_in_the_premise_needs_no_map_and_reports_resolved ... ok
test entails::pattern::term_walk_tests::the_pattern_walks_agree_with_their_recursive_references_on_generated_nodes ... ok
test entails::reflexivity::tests::the_reflexivity_lane_adds_no_rule ... ok
test entails::imports::tests::a_non_anchor_owl_imports_is_a_premise_triple_and_a_header_one_is_an_import ... ok
test entails::freeze::tests::a_property_chain_entails_transitivity_and_the_warrant_verifies ... ok
test entails::reflexivity::tests::a_term_only_the_conclusion_names_still_self_loops ... ok
test entails::refutation::tests::a_negation_stays_inside_the_rl_syntax ... ok
test entails::reflexivity::tests::a_reflexivity_warrant_does_not_replay ... ok
test entails::refutation::tests::an_added_assertion_never_disturbs_a_pre_pass ... ok
test entails::reflexivity::tests::strict_materialization_is_unchanged ... ok
test entails::imports::tests::materialize_raises_the_import_boundary_for_a_header_import_only ... ok
test entails::reflexivity::tests::an_unmatched_residual_triple_sinks_the_conclusion ... ok
test entails::reflexivity::tests::a_reflexive_property_does_not_relate_two_terms ... ok
test entails::reflexivity::tests::the_premise_is_outside_rl_and_the_conclusion_is_still_established ... ok
test entails::refutation::tests::only_the_owl_rl_lane_refutes ... ok
test entails::reflexivity::tests::a_reflexive_property_entails_the_self_loop_and_the_warrant_verifies ... ok
test entails::refutation::tests::the_refutation_lane_adds_no_rule ... ok
test entails::imports::tests::a_data_graph_only_node_imports_nothing_in_entailment ... ok
test entails::reflexivity::tests::a_self_loop_over_an_existential_is_declined_by_name ... ok
test entails::refutation::tests::a_conclusion_past_the_budget_is_undecided ... ok
test entails::freeze::tests::the_frozen_constants_occur_in_neither_document ... ok
test entails::tests::a_name_used_inside_and_outside_a_triple_term_is_one_variable ... ok
test entails::term_walk_tests::the_spine_walks_agree_with_their_recursive_references_on_generated_patterns ... ok
test entails::reflexivity::tests::a_declined_self_loop_survives_a_mint_made_in_the_same_pass ... ok
test entails::tests::a_conclusion_blank_node_is_bound_and_the_binding_is_the_warrant ... ok
test entails::reflexivity::tests::the_reflexivity_lane_is_deterministic ... ok
test engine::tests::one_call_compiles_the_calculus_once_however_many_graphs_it_holds ... ok
test entails::tests::a_derived_conclusion_is_entailed_and_the_warrant_verifies ... ok
test entails::refutation::tests::an_inconsistent_premise_never_reaches_the_refutation_lane ... ok
test entails::imports::tests::an_import_on_the_loaded_iri_counts_and_without_it_the_triple_is_data ... ok
test entails::reflexivity::tests::an_undeclared_property_does_not_self_loop ... ok
test entails::tests::a_schema_conclusion_no_lane_reads_is_undecided_and_names_the_triple ... ok
test entails::imports::tests::a_shapes_graph_node_imports_in_entailment_as_in_validation ... ok
test entails::tests::a_whitelist_refused_constructor_is_undecided_and_names_the_construct ... ok
test entails::reflexivity::tests::only_the_owl_rl_lane_self_loops ... ok
test entails::tests::an_open_predicate_does_not_silence_the_survey_of_its_neighbours ... ok
test entails::comprehension::tests::one_disjunct_decides_membership_in_a_comprehended_union ... ok
test entails::imports::tests::materialize_with_imports_closes_over_the_merge_and_refuses_what_it_cannot_use ... ok
test entails::freeze::tests::the_freeze_lane_is_deterministic ... ok
test entails::imports::tests::a_resolved_import_is_a_different_boundary_from_an_unresolved_one ... ok
test entails::tests::an_rl_premise_refutes_and_names_the_missing_triple ... ok
test entails::tests::simple_entailment_refutes_without_a_precondition ... ok
test entails::tests::a_withheld_predicate_never_shrinks_the_question_a_verdict_is_decided_against ... ok
test entails::tests::a_regime_this_service_cannot_serve_is_named ... ok
test entails::refutation::tests::materialization_still_does_not_produce_these_conclusions ... ok
test entails::warrant::tests::every_mechanism_has_a_name_and_a_reason_of_its_own ... ok
test entails::refutation::tests::an_unforced_difference_is_not_entailed ... ok
test entails::warrant::tests::the_mechanism_spellings_are_pinned ... ok
test entails::tests::an_inconsistent_premise_refuses_rather_than_entailing_everything ... ok
test explain::tests::a_class_assertion_keeps_the_instance_and_the_chain ... ok
test entails::tests::certain_answers_enumerate_entailed_bindings_and_disclose_completeness ... ok
test engine::term_walk_tests::a_hundred_thousand_level_term_is_spelled_on_a_128_kib_thread ... ok
test explain::tests::a_justification_is_sufficient_and_minimal ... ok
test explain::tests::a_non_minimal_subset_fails_the_minimality_check ... ok
test explain::tests::an_asserted_axiom_justifies_itself ... ok
test entails::tests::the_d_lane_proves_but_does_not_refute ... ok
test explain::tests::a_forged_proof_does_not_check ... ok
test explain::tests::an_insufficient_subset_fails_the_sufficiency_check ... ok
test explain::tests::an_existential_rule_elsewhere_in_the_table_does_not_refuse_the_conclusion ... ok
test explain::tests::an_unentailed_axiom_is_refused_rather_than_justified_emptily ... ok
test explain::tests::the_decision_count_is_the_measured_cost ... ok
test explain::tests::a_derived_conclusion_carries_a_checkable_derivation ... ok
test explain::tests::the_justification_digest_addresses_its_content ... ok
test entails::refutation::tests::a_complement_membership_is_reached_by_refutation_and_the_warrant_verifies ... ok
test interner::tests::blank_closure_follows_blank_objects_once_and_ignores_named_terms ... ok
test interner::tests::intern_into_is_idempotent_for_a_triple_term ... ok
test interner::tests::intern_into_preserves_a_literal_base_direction ... ok
test interner::tests::intern_into_round_trips_a_nested_triple_term ... ok
test interner::tests::intern_into_round_trips_every_term_kind ... ok
test interner::tests::is_subject_admits_iris_and_blanks_and_refuses_literals_and_triple_terms ... ok
test interner::tests::literals_differing_only_in_direction_are_distinct_terms ... ok
test lists::tests::a_cyclic_list_is_a_hard_error ... ok
test lists::tests::a_list_that_never_reaches_nil_is_refused ... ok
test interner::term_walk_tests::interning_agrees_with_its_recursive_reference_on_generated_terms ... ok
test lists::tests::a_well_formed_list_walks_to_one_row_per_member ... ok
test lists::tests::an_unreferenced_collection_is_left_alone ... ok
test lists::tests::every_malformation_is_refused_and_named ... ok
test lists::tests::internal_relations_are_disjoint_from_the_term_space ... ok
test lists::tests::rdf_nil_is_the_empty_collection_and_is_not_an_error ... ok
test lists::tests::the_list_valued_predicates_are_owl_vocabulary ... ok
test owl_dl::absorb::tests::a_disjunctive_antecedent_splits ... ok
test owl_dl::absorb::tests::a_conjunctive_consequent_splits ... ok
test owl_dl::absorb::tests::a_domain_axiom_stays_rooted_at_the_node_it_constrains ... ok
test owl_dl::absorb::tests::a_mixed_conjunction_absorbs_partially ... ok
test owl_dl::absorb::tests::a_negative_antecedent_is_internalized ... ok
test owl_dl::absorb::tests::a_named_antecedent_becomes_a_one_atom_guard ... ok
test owl_dl::absorb::tests::a_nested_existential_antecedent_inverts_the_whole_path ... ok
test owl_dl::absorb::tests::a_range_axiom_becomes_an_edge_clause_and_seeds_no_label ... ok
test owl_dl::absorb::tests::a_valid_inclusion_produces_nothing ... ok
test owl_dl::absorb::tests::an_enumerated_antecedent_splits_into_one_clause_per_member ... ok
test owl_dl::absorb::tests::an_existential_antecedent_is_rerooted_at_its_filler ... ok
test owl_dl::absorb::tests::the_absence_shaped_antecedents_are_internalized ... ok
test owl_dl::absorb::tests::the_internalizing_encoding_absorbs_nothing ... ok
test owl_dl::absorption_tests::an_existential_antecedent_fires_from_the_edge_and_not_from_a_label ... ok
test owl_dl::absorption_tests::a_tbox_clause_does_not_fire_on_a_node_of_the_data_domain ... ok
test entails::datarange::tests::declared_ranges_intersect_before_they_are_contained ... ok
test owl_dl::boundary_tests::a_data_property_assertion_is_ingested_without_naming_its_literal ... ok
test owl_dl::boundary_tests::a_number_restriction_over_a_transitive_role_is_bounded ... ok
test owl_dl::boundary_tests::a_range_axiom_becomes_an_edge_clause_rather_than_a_label ... ok
test owl_dl::boundary_tests::a_property_chain_is_bounded_rather_than_ingested_as_a_role_assertion ... ok
test owl_dl::boundary_tests::the_role_characteristics_reach_the_knowledge_base ... ok
test owl_dl::clause::tests::a_conjunction_derives_one_conjunctive_head ... ok
test owl_dl::clause::tests::a_disjunction_derives_a_disjunctive_head ... ok
test owl_dl::clause::tests::a_min_restriction_derives_an_existential_head ... ok
test owl_dl::clause::tests::a_nominal_derives_an_identification_per_member ... ok
test owl_dl::clause::tests::an_absorbed_existential_antecedent_is_triggered_by_its_filler ... ok
test entails::tests::an_open_predicate_is_a_limit_naming_the_position ... ok
test owl_dl::clause::tests::an_at_most_restriction_derives_a_choose_clause_and_a_counting_clause ... ok
test owl_dl::clause::tests::every_derived_clause_is_matchable ... ok
test owl_dl::clause::tests::the_absorbed_tbox_becomes_triggered_atomic_clauses ... ok
test owl_dl::clause::tests::a_large_cardinality_derives_one_schematic_clause ... ok
test owl_dl::clause::tests::only_the_class_free_guards_are_untriggered_and_role_first_clauses_are_edge_indexed ... ok
test owl_dl::clause::tests::the_clash_clauses_have_empty_heads ... ok
test owl_dl::concept::tests::internalizing_a_top_subsumption_leaves_no_branch_point ... ok
test owl_dl::concept::tests::a_conjunction_is_flattened_constant_folded_deduped_and_sorted ... ok
test owl_dl::concept::tests::a_disjunction_is_flattened_constant_folded_deduped_and_sorted ... ok
test owl_dl::concept::tests::nnf_cardinality_negation ... ok
test owl_dl::concept::tests::nnf_demorgan_and_quantifier_duals ... ok
test owl_dl::concept::tests::interning_is_stable_and_negation_is_involutive ... ok
test owl_dl::concept::tests::nnf_double_negation_and_bottoms ... ok
test owl_dl::constructs::tests::an_unrecognized_reserved_term_raises_a_boundary_rather_than_ok ... ok
test owl_dl::constructs::tests::bounded_entries_name_an_owl_direct_construct ... ok
test owl_dl::constructs::tests::every_listed_term_is_reserved ... ok
test owl_dl::concept::tests::normalization_is_idempotent_and_order_insensitive ... ok
test owl_dl::constructs::tests::support_is_total_over_the_reserved_vocabulary_and_only_there ... ok
test owl_dl::constructs::tests::the_inventory_names_each_term_once ... ok
test owl_dl::constructs::tests::user_vocabulary_is_read_as_data_and_raises_nothing ... ok
test owl_dl::data::tests::a_complement_of_the_data_domain_is_empty ... ok
test entails::tests::a_pattern_no_lane_reads_is_still_exhaustive ... ok
test owl_dl::data::tests::a_datatype_intersected_with_a_wider_one_of_its_own_space_is_inhabited ... ok
test owl_dl::data::tests::a_datatype_intersected_with_its_own_complement_is_empty ... ok
test owl_dl::concept::tests::de_morgan_interns_to_one_id_over_the_generated_corpus ... ok
test owl_dl::data::tests::a_decidable_data_range_leaves_the_run_exact ... ok
test explain::tests::a_chase_proof_digest_addresses_its_content ... ok
test owl_dl::data::tests::a_functional_data_property_separates_two_language_tagged_values ... ok
test owl_dl::constructs::tests::every_owl2_construct_is_handled_or_bounded ... ok
test owl_dl::data::tests::a_literal_outside_its_property_range_is_inconsistent ... ok
test explain::tests::an_asserted_conclusion_is_explained_as_given ... ok
test owl_dl::concept::tests::negation_is_involutive_over_the_generated_corpus ... ok
test owl_dl::data::tests::a_functional_data_property_counts_values_rather_than_lexical_forms ... ok
test owl_dl::data::tests::a_functional_property_tells_sixty_digit_values_apart ... ok
test owl_dl::data::tests::a_pattern_facet_is_reported_rather_than_guessed ... ok
test owl_dl::data::tests::an_ill_typed_literal_makes_the_ontology_inconsistent ... ok
test owl_dl::data::tests::an_ontology_without_a_literal_holds_no_data_range ... ok
test owl_dl::data::tests::an_empty_facet_range_makes_the_ontology_inconsistent ... ok
test owl_dl::data::tests::an_unmodelled_datatype_is_reported_rather_than_guessed ... ok
test owl_dl::data::tests::a_satisfiable_facet_range_stays_satisfiable ... ok
test owl_dl::data::tests::the_numeric_tower_identifies_only_what_the_datatype_map_nests ... ok
test owl_dl::data::tests::a_min_cardinality_over_a_smaller_enumeration_is_inconsistent ... ok
test entails::tests::a_non_rl_premise_is_undecided_rather_than_refuted ... ok
test owl_dl::graph::tests::max_clique_exhaustion_is_deterministic_run_to_run ... ok
test entails::tests::a_non_distinguished_predicate_is_withheld_from_the_survey_like_a_projected_one ... ok
test explain::tests::an_underivable_conclusion_is_refused ... ok
test owl_dl::graph::tests::max_clique_stops_a_wide_incompatible_scan_when_the_meter_is_narrow ... ok
test owl_dl::graph::tests::max_clique_runs_the_whole_wide_scan_when_the_meter_is_ample ... ok
test owl_dl::graph::tests::neighbourhood_reads_allocate_nothing_in_steady_state ... ok
test owl_dl::hyper::tests::a_change_at_the_end_of_a_transitive_chain_reaches_its_start ... ok
test owl_dl::hyper::tests::a_decision_is_byte_identical_run_to_run ... ok
test owl_dl::data::tests::facet_ranges_past_machine_integers_are_judged_exactly ... ok
test owl_dl::hyper::tests::a_disjunct_that_forces_witnesses_is_authored_last ... ok
test owl_dl::hyper::tests::a_disjunction_is_generating_only_when_every_alternative_is ... ok
test owl_dl::hyper::tests::a_label_change_at_the_end_of_a_transitive_chain_reaches_a_guarded_clause ... ok
test entails::tests::an_assertional_conclusion_over_an_rl_premise_is_still_refuted ... ok
test entails::tests::each_unreachable_lane_names_itself_in_a_limit ... ok
test owl_dl::hyper::tests::a_recorded_run_writes_down_its_branch_points_and_its_completion ... ok
test owl_dl::hyper::tests::a_recorded_refutation_carries_a_clash_witness ... ok
test owl_dl::hyper::tests::an_appended_edge_between_existing_nodes_is_new_to_the_closures_it_extends ... ok
test owl_dl::hyper::tests::an_edge_between_existing_nodes_reaches_the_closures_it_extends ... ok
test explain::tests::a_named_graph_conclusion_is_explained_in_its_own_graph ... ok
test owl_dl::hyper::tests::a_recorded_merge_names_the_clause_instance_that_licensed_it ... ok
test owl_dl::hyper::tests::round_stops_visiting_nodes_once_the_work_meter_is_exhausted ... ok
test owl_dl::hyper::tests::the_branch_point_is_the_first_open_disjunction_in_derivation_order ... ok
test owl_dl::hyper::tests::the_generating_closure_follows_a_chain_of_absorbed_clauses ... ok
test owl_dl::oracle::a_complemented_disjunction_excludes_each_disjunct ... ok
test owl_dl::oracle::a_literal_outside_its_data_propertys_range_is_unsatisfiable ... ok
test owl_dl::hyper::tests::a_recorded_decision_is_identical_to_an_unrecorded_one ... ok
test owl_dl::hyper::tests::nn_ni_spy_point_decision_is_deterministic_and_charged ... ok
test owl_dl::oracle::a_range_axiom_narrows_a_counting_question_over_a_data_property ... ok
test owl_dl::graph::tests::a_persistent_vector_behaves_as_a_vector_and_its_clones_stay_put ... ok
test owl_dl::oracle::a_value_in_two_disjoint_datatypes_is_unsatisfiable ... ok
test entails::tests::a_composite_warrant_does_not_replay ... ok
test owl_dl::oracle::a_witness_a_nominal_absorbs_generates_nothing_of_its_own ... ok
test owl_dl::oracle::a_sub_role_edge_is_a_step_of_its_transitive_super_role ... ok
test owl_dl::oracle::a_witness_awaiting_a_nominal_choice_generates_nothing_of_its_own ... ok
test entails::tests::a_projected_variable_over_a_refutation_is_a_named_limit ... ok
test owl_dl::oracle::an_inverse_partner_edge_is_a_step_of_its_transitive_role ... ok
test owl_dl::oracle::an_unconditional_consequent_is_withdrawn_from_a_node_that_denotes_a_value ... ok
test owl_dl::oracle::asymmetry_forbids_a_self_loop ... ok
test owl_dl::oracle::an_inverse_role_into_a_nominal_is_an_edge_out_of_it ... ok
test owl_dl::oracle::counting_a_super_role_does_not_count_its_sub_role ... ok
test owl_dl::oracle::an_irreflexive_role_forbids_an_asserted_self_loop ... ok
test owl_dl::oracle::counting_literal_values_counts_values_rather_than_terms ... ok
test owl_dl::oracle::counting_a_sub_role_does_count_towards_its_super_role ... ok
test owl_dl::oracle::disjoint_roles_reject_a_shared_pair ... ok
test owl_dl::oracle::counting_more_values_than_a_data_range_holds_is_unsatisfiable ... ok
test entails::tests::three_mechanisms_compose_over_one_conclusion ... ok
test owl_dl::oracle::label_only_blocking_builds_a_smaller_graph_than_the_pairwise_condition ... ok
test owl_dl::oracle::inverse_universal_chains_decide_identically_in_both_cores ... ok
test owl_dl::oracle::label_only_blocking_decides_the_inverse_universal_chains_identically ... ok
test owl_dl::oracle::membership_in_an_enumeration_makes_no_unique_name_assumption ... ok
test owl_dl::graph::tests::an_early_stopping_read_never_charges_more_than_the_full_read ... ok
test entails::refutation::tests::an_all_different_with_one_unforced_pair_is_not_entailed ... ok
test entails::refutation::tests::a_different_from_is_reached_through_a_derived_body_instance ... ok
test owl_dl::oracle::membership_in_an_enumeration_clashes_when_apart_from_every_member ... ok
test entails::refutation::tests::a_refutation_warrant_does_not_replay ... ok
test owl_dl::graph::tests::the_adjacency_index_equals_the_full_edge_scan_under_random_pushes_and_merges ... ok
test owl_dl::oracle::the_case_the_branch_selection_was_measured_on_costs_exactly_what_it_is_pinned_to ... ok
test owl_dl::oracle::the_concrete_domains_arithmetic_is_pinned ... ok
test owl_dl::oracle::the_enumerated_search_spaces_are_pinned ... ok
test entails::tests::an_existential_negative_fact_is_undecided_and_names_the_construct ... ok
test entails::graph::term_walk_tests::a_hundred_thousand_level_term_renders_on_a_128_kib_thread ... ok
test owl_dl::oracle::recorded_proof_terms_corroborate_against_both_references ... ok
test owl_dl::oracle::transitivity_supplies_the_composed_edge ... ok
test owl_dl::parser::tests::a_cardinality_bound_collapses_over_xml_s_and_not_unicode_whitespace ... ok
test owl_dl::parser::tests::has_self_reads_a_truth_value_only_from_the_boolean_lexical_space ... ok
test owl_dl::hyper::tests::delta_saturation_agrees_with_a_full_rematch_over_long_role_chains ... ok
test owl_dl::oracle::two_witnesses_inside_a_singleton_nominal_is_unsatisfiable ... ok
test owl_dl::proof::tests::a_blocking_pair_that_blocks_a_node_with_itself_is_rejected ... ok
test owl_dl::proof::tests::a_branch_closed_on_a_clash_that_is_not_there_is_rejected ... ok
test owl_dl::proof::tests::a_blocked_completion_model_checks_and_names_what_blocking_deferred ... ok
test owl_dl::proof::tests::a_branch_closed_on_a_merge_that_did_not_clash_is_rejected ... ok
test owl_dl::proof::tests::a_branch_licensed_merge_naming_an_absent_alternative_is_rejected ... ok
test owl_dl::proof::tests::a_branch_licensed_merge_with_a_forged_pair_is_rejected ... ok
test owl_dl::proof::tests::a_branch_outcome_pointing_backwards_is_rejected ... ok
test owl_dl::proof::tests::a_branch_point_citing_a_clause_that_generates_no_disjunction_is_rejected ... ok
test owl_dl::proof::tests::a_branch_point_citing_an_absent_clause_is_rejected ... ok
test owl_dl::proof::tests::a_branch_point_with_a_short_frame_is_rejected ... ok
test owl_dl::proof::tests::a_branch_point_with_a_short_outcome_list_is_rejected ... ok
test owl_dl::proof::tests::a_clash_citing_a_clause_the_ontology_does_not_have_is_rejected ... ok
test owl_dl::proof::tests::a_branching_and_a_completing_proof_are_byte_identical_run_to_run ... ok
test owl_dl::proof::tests::a_clash_index_past_the_end_is_rejected ... ok
test owl_dl::proof::tests::a_clash_repointed_at_a_non_empty_headed_clause_is_rejected ... ok
test owl_dl::proof::tests::a_clash_whose_body_is_asserted_attests_every_atom_of_it ... ok
test owl_dl::proof::tests::a_completion_check_that_runs_out_of_budget_reports_unattested_rather_than_passing ... ok
test owl_dl::graph::tests::achievers_polls_the_role_closure_walk_and_never_caches_a_truncated_one ... ok
test owl_dl::proof::tests::a_completion_does_not_check_against_a_different_ontology ... ok
test owl_dl::proof::tests::a_completion_edge_naming_an_absent_node_is_rejected ... ok
test owl_dl::proof::tests::a_completion_with_a_concealed_clash_is_rejected ... ok
test owl_dl::proof::tests::a_completion_where_a_clause_is_not_satisfied_is_rejected ... ok
test owl_dl::proof::tests::a_concrete_domain_closure_is_a_record_and_does_not_close_a_refutation ... ok
test owl_dl::proof::tests::a_consistent_answer_carries_a_completion_that_model_checks ... ok
test owl_dl::proof::tests::a_consistent_answer_carries_no_clash_and_says_so ... ok
test owl_dl::proof::tests::a_derived_witness_atom_is_reported_unattested_rather_than_attested ... ok
test owl_dl::proof::tests::a_clash_replay_separates_what_it_re_derived_from_what_it_trusts ... ok
test owl_dl::proof::tests::a_dropped_alternative_is_rejected ... ok
test owl_dl::proof::tests::a_consistent_proof_with_no_completion_is_refused ... ok
test owl_dl::proof::tests::a_duplicated_completion_node_is_rejected ... ok
test owl_dl::proof::tests::a_forged_blocking_pair_is_rejected ... ok
test owl_dl::proof::tests::a_foreign_encoding_tag_is_rejected ... ok
test owl_dl::proof::tests::a_dropped_alternative_deep_in_the_tree_is_rejected ... ok
test owl_dl::proof::tests::a_forged_branch_point_in_a_partial_trace_is_rejected ... ok
test owl_dl::proof::tests::a_merge_citing_an_atom_that_is_not_there_is_rejected ... ok
test owl_dl::proof::tests::a_forged_nominal_introduction_alternative_is_rejected ... ok
test owl_dl::proof::tests::a_merge_closure_is_licensed_but_does_not_close_the_refutation ... ok
test owl_dl::proof::tests::a_merge_index_past_the_end_is_rejected ... ok
test owl_dl::proof::tests::a_merge_licensed_by_a_clause_that_identifies_nothing_is_rejected ... ok
test owl_dl::proof::tests::a_merge_licensed_by_a_disjunctive_clause_is_rejected ... ok
test owl_dl::proof::tests::a_merge_licensed_by_a_short_frame_is_rejected ... ok
test owl_dl::proof::tests::a_merge_whose_recorded_nodes_the_licence_never_identified_is_rejected ... ok
test owl_dl::proof::tests::a_merge_licensed_by_an_absent_clause_is_rejected ... ok
test owl_dl::proof::tests::a_non_canonical_boolean_is_rejected ... ok
test owl_dl::proof::tests::a_merge_with_no_licence_is_refused ... ok
test owl_dl::proof::tests::a_proof_does_not_check_against_a_different_ontology ... ok
test owl_dl::proof::tests::a_proof_stating_another_trust_base_is_rejected ... ok
test owl_dl::proof::tests::a_merge_with_a_relabelled_cause_is_rejected ... ok
test owl_dl::proof::tests::a_proof_term_is_byte_identical_run_to_run ... ok
test owl_dl::proof::tests::a_proof_term_round_trips_through_its_own_encoding ... ok
test owl_dl::proof::tests::a_recorded_branch_point_regenerates_against_the_callers_own_ontology ... ok
test interner::term_walk_tests::a_hundred_thousand_level_term_interns_on_a_128_kib_thread ... ok
test owl_dl::proof::tests::a_recorded_clash_replays_against_the_callers_own_ontology ... ok
test owl_dl::proof::tests::a_recorded_merge_licence_replays_against_the_callers_own_ontology ... ok
test owl_dl::proof::tests::a_refutation_tree_closes_with_every_leaf_replayed ... ok
test owl_dl::proof::tests::a_relabelled_clash_node_is_rejected ... ok
test owl_dl::proof::tests::a_refutation_with_no_case_split_is_a_single_replayed_leaf ... ok
test owl_dl::proof::tests::a_spurious_alternative_is_rejected ... ok
test owl_dl::proof::tests::a_tampered_data_clash_record_changes_the_digest ... ok
test owl_dl::proof::tests::a_tampered_contract_is_rejected ... ok
test owl_dl::proof::tests::a_tampered_merge_record_changes_the_digest ... ok
test owl_dl::proof::tests::a_tampered_witness_atom_is_rejected ... ok
test owl_dl::proof::tests::a_tampered_frame_is_rejected ... ok
test owl_dl::proof::tests::a_reordered_alternative_list_is_rejected ... ok
test owl_dl::proof::tests::a_truncated_witness_is_rejected ... ok
test owl_dl::proof::tests::a_truncated_stream_is_rejected ... ok
test owl_dl::proof::tests::a_two_level_refutation_tree_walks_from_the_root ... ok
test owl_dl::proof::tests::a_truncated_recording_is_refused_by_the_whole_trace_checks ... ok
test owl_dl::proof::tests::a_rewritten_alternative_atom_is_rejected ... ok
test owl_dl::proof::tests::an_alternative_that_did_not_close_is_rejected ... ok
test owl_dl::proof::tests::an_at_most_merge_is_licensed_by_the_counted_successors_the_clause_bound ... ok
test owl_dl::proof::tests::a_whole_trace_check_refuses_a_proof_bound_to_the_other_answer ... ok
test owl_dl::proof::tests::an_out_of_range_boundary_ordinal_is_rejected ... ok
test owl_dl::proof::tests::an_orphaned_branch_point_is_rejected ... ok
test owl_dl::proof::tests::an_empty_frame_is_rejected ... ok
test owl_dl::proof::tests::an_undecided_run_replays_its_recorded_prefix ... ok
test owl_dl::proof::tests::an_out_of_range_trust_base_ordinal_is_rejected ... ok
test owl_dl::proof::tests::an_unreadable_ontology_is_reported_rather_than_panicking ... ok
test owl_dl::proof::tests::an_unknown_node_kind_is_rejected ... ok
test owl_dl::proof::tests::forging_the_input_identity_still_fails_the_contract ... ok
test owl_dl::proof::tests::no_single_byte_edit_decodes_back_to_the_same_proof ... ok
test owl_dl::proof::tests::prove_consistency_refuses_a_reserved_vocabulary_ontology_as_a_value ... ok
test owl_dl::proof::tests::an_unrecorded_closure_is_not_a_closed_refutation ... ok
test owl_dl::proof::tests::of_ontology_refuses_a_reserved_vocabulary_ontology_as_a_value ... ok
test owl_dl::proof::tests::record_capped_keeps_steps_up_to_the_ceiling_and_marks_the_first_drop ... ok
test owl_dl::proof::tests::rewriting_the_answer_changes_the_digest ... ok
test owl_dl::proof::tests::the_checker_consumes_only_an_ontology_and_a_byte_string ... ok
test owl_dl::proof::tests::the_input_identity_is_the_canonical_ontology_and_not_the_clause_set ... ok
test owl_dl::proof::tests::rewriting_the_boundary_set_changes_the_digest ... ok
test owl_dl::proof::tests::the_proof_digest_and_contract_are_frozen ... ok
test owl_dl::proof::tests::the_partial_trace_check_refuses_a_decided_proof ... ok
test owl_dl::proof::tests::the_trust_base_is_pinned ... ok
test owl_dl::query::tests::a_named_graph_quad_raises_the_boundary_on_the_dl_lane ... ok
test owl_dl::query::tests::a_default_graph_ontology_raises_no_named_graph_boundary ... ok
test owl_dl::proof::tests::trailing_bytes_are_rejected ... ok
test owl_dl::tableau::tests::atomic_contradiction_is_unsat ... ok
test owl_dl::tableau::tests::disjointness_clash ... ok
test owl_dl::tableau::tests::cyclic_gci_is_consistent_and_terminates ... ok
test owl_dl::proof::tests::the_trust_base_travels_in_the_proof_and_is_digested ... ok
test owl_dl::tableau::tests::a_composite_complementary_pair_is_unsat ... ok
test owl_dl::tableau::tests::instance_check_via_role_and_some ... ok
test owl_dl::tableau::tests::min_two_max_one_is_unsat ... ok
test owl_dl::tableau::tests::min_two_over_single_nominal_is_unsat ... ok
test owl_dl::tableau::tests::nn_does_not_trigger_on_an_anonymous_witness ... ok
test owl_dl::tableau::tests::min_one_over_nominal_is_consistent ... ok
test owl_dl::tableau::tests::nn_does_not_trigger_on_an_ordinary_successor ... ok
test owl_dl::tableau::tests::multi_member_nominal_branches_over_its_members ... ok
test owl_dl::tableau::tests::nn_spy_point_over_inverse_is_consistent_when_the_bound_fits ... ok
test owl_dl::tableau::tests::nn_spy_point_named_inverse_is_consistent_when_the_bound_fits ... ok
test entails::pattern::term_walk_tests::a_hundred_thousand_level_pattern_is_walked_on_a_128_kib_thread ... ok
test owl_dl::tableau::tests::oneof_membership_clashes_when_apart_from_every_member ... ok
test owl_dl::tableau::tests::some_and_all_bottom_is_unsat ... ok
test owl_dl::tableau::tests::sub_cardinalities_are_pre_interned_for_every_at_most ... ok
test owl_dl::tableau::tests::oneof_membership_makes_no_unique_name_assumption ... ok
test owl_dl::tests::finalizing_again_after_interning_more_concepts_does_not_re_absorb ... ok
test owl_dl::tests::governed_construction_installs_stop_before_key_inference ... ok
test owl_dl::tests::governed_construction_refuses_an_already_cancelled_request_before_parsing ... ok
test owl_dl::tests::governed_construction_stops_during_reverse_mapping ... ok
test entails::tests::the_two_entry_points_agree_under_every_served_regime ... ok
test owl_dl::tests::parent_existential_instance_retrieval ... ok
test reasoner::certificate::tests::a_stopped_decision_is_reported_as_stopped_not_exhausted ... ok
test owl_dl::tableau::tests::nn_spy_point_named_inverse_is_inconsistent ... ok
test reasoner::certificate::tests::refutes_answers_unknown_rather_than_a_guessed_verdict_when_stopped ... ok
test reasoner::certificate::tests::session_certificate_reports_a_stopped_run_as_budget_exhausted_and_says_why ... ok
test owl_dl::tests::simple_instance_retrieval ... ok
test owl_dl::tableau::tests::nn_spy_point_over_inverse_is_inconsistent ... ok
test reasoner::classify::tests::no_direct_taxonomy_edge_is_implied_by_another ... ok
test owl_dl::tests::subsumption_reflexive_and_bottom ... ok
test reasoner::classify::tests::the_fragment_predicate_separates_the_corpus ... ok
test reasoner::classify::tests::the_saturation_agrees_with_the_tableau_pair_by_pair ... ok
test reasoner::classify::tests::the_derived_taxonomy_costs_strictly_fewer_decisions_than_the_refuted_one ... ok
test owl_dl::graph::tests::neighbors_stops_the_edge_scan_when_the_bulk_charge_exhausts_the_meter ... ok
test reasoner::proof::tests::a_boolean_answer_binds_through_its_claim_or_through_its_absence ... ok
test reasoner::proof::term_walk_tests::the_encoding_agrees_with_its_recursive_reference_on_generated_terms ... ok
test reasoner::proof::tests::a_boundary_no_construct_spells_is_rejected ... ok
test reasoner::proof::tests::a_claim_naming_an_absent_run_is_rejected ... ok
test reasoner::proof::tests::a_claim_naming_a_run_that_answered_otherwise_is_rejected ... ok
test reasoner::classify::tests::the_injected_relation_agrees_with_the_tableau ... ok
test reasoner::proof::tests::a_claim_refuted_by_no_run_is_rejected ... ok
test reasoner::proof::tests::a_claim_resting_on_a_model_whose_run_closed_is_rejected ... ok
test reasoner::proof::tests::a_classification_proof_binds_every_subsumption_it_reports ... ok
test reasoner::proof::tests::a_classify_proof_missing_a_reported_subsumption_is_rejected ... ok
test reasoner::proof::tests::a_classify_proof_stating_a_subsumption_the_answer_omits_is_rejected ... ok
test reasoner::proof::tests::a_consistency_proof_does_not_check_as_a_classification ... ok
test reasoner::proof::tests::a_decided_answer_carrying_a_truncated_trace_is_rejected ... ok
test reasoner::proof::tests::a_module_extraction_proof_binds_its_question_and_reports_no_search ... ok
test reasoner::proof::tests::a_decided_answer_carries_no_stopping_receipt ... ok
test reasoner::proof::tests::a_foreign_service_proof_encoding_tag_is_rejected ... ok
test reasoner::proof::tests::a_module_proof_does_not_check_against_a_different_notion ... ok
test reasoner::proof::tests::a_non_utf8_text_field_in_a_service_proof_is_rejected ... ok
test reasoner::proof::tests::a_module_proof_does_not_cover_a_different_extraction ... ok
test reasoner::proof::tests::a_non_canonical_boolean_in_a_service_proof_is_rejected ... ok
test reasoner::proof::tests::a_proofs_off_answer_carries_no_proof_and_cannot_be_presented_as_a_verified_one ... ok
test reasoner::proof::tests::a_proofs_off_service_answer_is_identical_to_a_proofs_on_one ... ok
test reasoner::proof::tests::a_realization_proof_binds_every_type_it_reports ... ok
test entails::homomorphism::term_walk_tests::a_hundred_thousand_level_pattern_unifies_on_a_128_kib_thread ... ok
test reasoner::proof::tests::a_receipt_checked_against_no_certificate_is_refused ... ok
test reasoner::proof::tests::a_receipt_inventing_a_caller_cancellation_is_rejected ... ok
test reasoner::proof::tests::a_receipt_beside_a_proof_whose_runs_all_decided_is_rejected_without_a_certificate ... ok
test reasoner::proof::tests::a_receipt_naming_an_absent_run_is_rejected ... ok
test reasoner::proof::tests::a_receipt_claiming_a_budget_that_was_not_exhausted_is_rejected ... ok
test reasoner::proof::tests::a_receipt_beside_a_decided_certificate_is_rejected ... ok
test reasoner::proof::tests::a_receipt_naming_a_run_that_decided_is_rejected ... ok
test reasoner::proof::tests::a_receipt_pointed_at_a_deciding_run_is_rejected ... ok
test reasoner::proof::tests::a_run_whose_answer_contradicts_its_trace_is_rejected ... ok
test reasoner::proof::tests::a_runless_proof_still_refuses_a_different_ontology ... ok
test reasoner::proof::tests::a_receipt_whose_boundary_set_is_not_the_certificates_is_rejected ... ok
test reasoner::proof::tests::a_receipt_whose_run_costs_more_than_the_service_is_rejected ... ok
test reasoner::proof::tests::a_receipt_whose_partial_trace_understates_the_branch_points_is_rejected ... ok
test reasoner::proof::tests::a_service_proof_literal_is_held_to_the_language_tag_grammar ... ok
test reasoner::proof::tests::a_service_proof_refuses_a_reserved_vocabulary_checking_ontology_as_a_value ... ok
test reasoner::proof::tests::a_service_proof_is_byte_identical_run_to_run ... ok
test reasoner::proof::tests::a_service_proof_does_not_check_against_a_different_ontology ... ok
test reasoner::proof::tests::a_service_proof_round_trips_through_its_own_encoding ... ok
test reasoner::classify::tests::the_two_decision_cores_agree_on_every_subsumption_of_every_fixture ... ok
test entails::homomorphism::tests::a_deep_question_is_answered_rather_than_overflowing_the_stack ... ok
test reasoner::proof::tests::a_term_nested_past_the_ceiling_is_rejected ... ok
test reasoner::proof::tests::a_service_proof_that_travelled_as_bytes_still_verifies ... ok
test reasoner::proof::tests::a_zero_run_proof_is_a_different_answer_from_no_proof_at_all ... ok
test reasoner::proof::tests::a_service_proof_whose_service_is_not_its_questions_is_rejected ... ok
test reasoner::proof::tests::a_service_proof_stating_another_trust_base_is_rejected ... ok
test reasoner::proof::tests::an_entails_proof_does_not_check_against_a_different_axiom ... ok
test reasoner::proof::tests::an_instance_retrieval_proof_binds_the_individuals_it_returns ... ok
test reasoner::proof::tests::an_out_of_range_module_method_ordinal_is_rejected ... ok
test reasoner::proof::tests::an_undecided_answer_carries_a_stopping_receipt_bound_to_its_counters ... ok
test reasoner::proof::tests::an_unknown_service_proof_discriminant_is_rejected ... ok
test reasoner::proof::tests::an_undecided_run_with_no_receipt_is_rejected ... ok
test reasoner::proof::tests::every_part_of_a_service_proof_is_digested ... ok
test reasoner::proof::tests::an_out_of_range_service_trust_base_ordinal_is_rejected ... ok
test reasoner::proof::tests::every_service_proof_digest_is_frozen ... ok
test reasoner::proof::tests::every_certified_service_carries_a_proof_bound_to_its_own_question ... ok
test reasoner::proof::tests::extract_module_with_proofs_refuses_a_reserved_vocabulary_ontology_as_a_value ... ok
test reasoner::proof::tests::extract_module_with_proofs_still_admits_the_ordinary_taxonomy ... ok
test reasoner::tests::a_stopped_class_satisfiability_check_answers_unknown_not_a_refutation ... ok
test reasoner::proof::tests::signed_judgements_preserve_wire_terms_and_refuse_subject_substitution ... ok
test reasoner::tests::a_stopped_consistency_check_answers_unknown_not_false ... ok
test reasoner::tests::open_reports_a_stopped_session_as_unusable_rather_than_unsatisfiable ... ok
test reasoner::tests::with_proofs_refuses_a_reserved_vocabulary_dataset_as_a_value ... ok
test reasoner::proof::tests::trailing_bytes_after_a_service_proof_are_rejected ... ok
test report::tests::an_attached_boundary_lands_in_declaration_order ... ok
test reasoner::tests::with_proofs_still_admits_an_ordinary_dataset ... ok
test report::tests::attaching_a_boundary_is_idempotent ... ok
test report::tests::every_construct_is_attachable_and_narrows_completeness ... ok
test entails::tests::two_mechanisms_and_a_residual_compose_into_one_warrant ... ok
test report::tests::an_import_with_no_iri_object_names_no_document ... ok
test report::tests::survey_reports_each_flag_independently_of_the_others ... ok
test reasoner::proof::tests::an_out_of_range_service_ordinal_is_rejected ... ok
test report::tests::the_non_horn_tbox_boundary_narrows_the_report_it_is_attached_to ... ok
test rif::eval::tests::a_bodiless_rule_derives_nothing ... ok
test rif::eval::tests::a_default_graph_run_raises_no_boundary ... ok
test rif::eval::tests::a_repeated_variable_binds_one_value ... ok
test rif::eval::tests::a_named_graph_quad_raises_the_boundary_rather_than_vanishing ... ok
test rif::eval::tests::an_already_stopped_rif_run_refuses_before_preparation ... ok
test rif::eval::tests::a_variable_predicate_and_a_recursive_rule_reach_the_fixpoint ... ok
test rif::eval::tests::frames_discount_rule ... ok
test rif::eval::tests::uncle_rule_forward_chains ... ok
test rif_xml::tests::a_non_absolute_caller_base_is_refused_at_the_boundary ... ok
test rif::eval::tests::unbound_head_variable_is_rejected ... ok
test rif_xml::tests::a_relative_iri_with_no_base_in_scope_is_a_hard_error ... ok
test rif_xml::tests::accepts_rif_metadata_without_interpreting_it ... ok
test rif_xml::tests::an_inner_xml_base_scopes_only_its_own_subtree ... ok
test rif_xml::tests::an_in_document_xml_base_outranks_the_caller_base ... ok
test rif_xml::tests::maps_import_profiles_to_rule_table_lanes ... ok
test rif_xml::tests::parses_fact_and_leaves_import_to_caller ... ok
test rif_xml::tests::expands_internal_entities_and_refuses_external_ones ... ok
test rif_xml::tests::rejects_unknown_construct ... ok
test entails::refutation::tests::an_all_different_collection_needs_every_pair_to_refute ... ok
test rif_xml::tests::the_caller_base_resolves_a_document_with_no_xml_base ... ok
test rules::tests::as_str_and_from_str_round_trip_for_every_variant ... ok
test rules::tests::current_gap_is_pinned_as_a_ratchet ... ok
test rif_xml::tests::xml_base_governs_iri_valued_content ... ok
test rules::tests::each_owl_rl_table_has_its_specified_size ... ok
test rules::tests::every_spelling_is_unique ... ok
test rules::tests::implemented_is_a_subsequence_of_the_spec_rules ... ok
test rules::tests::implemented_lists_are_pinned_exactly ... ok
test rules::tests::legacy_spellings_parse_to_their_current_variant ... ok
test rules::tests::owl_rl_rule_list_is_the_six_tables_concatenated_in_order ... ok
test rules::tests::rule_lists_are_duplicate_free ... ok
test rules::tests::rule_lists_are_stable_across_calls ... ok
test rules::tests::spec_rdf_and_rdfs_18_equals_the_rdfs_rule_set ... ok
test rules::tests::spec_rl_78_equals_the_owl_rl_rule_set ... ok
test rules::tests::the_extension_prefix_is_disjoint_from_the_specification_names ... ok
test rules::tests::extension_lists_are_pinned_exactly ... ok
test rules::tests::unknown_spellings_are_rejected_with_the_offending_text ... ok
test surrogates::tests::only_a_recognized_datatype_is_observed ... ok
test surrogates::tests::a_triple_term_is_observed_and_paired_with_rdfs_proposition ... ok
test surrogates::tests::the_named_iris_cover_every_object_the_pre_pass_emits ... ok
test rif::eval::tests::indexed_joins_avoid_cartesian_fact_scans ... ok
test tests::a_default_graph_conclusion_is_not_restated_in_a_named_graph ... ok
test reasoner::proof::tests::a_truncated_service_proof_stream_is_rejected ... ok
test reasoner::proof::tests::no_single_byte_edit_of_a_service_proof_decodes_back_to_the_same_proof ... ok
test owl_dl::graph::tests::cached_closures_follow_appended_edges_and_merges ... ok
test owl_dl::parser::tests::whitespace_collapse_trim_strips_exactly_the_four_code_points_the_facet_names ... ok
test entails::tests::a_permuted_conclusion_returns_the_identical_warrant ... ok
test tests::a_datatyped_literal_makes_the_withheld_surrogate_count_move ... ok
test tests::a_subproperty_rewrite_carries_a_nested_triple_term_through ... ok
test tests::a_functional_data_property_with_two_values_is_inconsistent ... ok
test tests::a_consistent_run_reports_no_inconsistency ... ok
test rif_xml::tests::resolves_imports_and_merges_default_graph_facts ... ok
test tests::a_disjointness_violation_is_a_refusal_with_a_witness ... ok
test tests::a_triple_term_the_rules_cannot_conclude_into_fabricates_no_term ... ok
test tests::an_inconsistent_run_still_returns_its_report ... ok
test tests::an_ill_typed_literal_is_a_refusal_under_the_datatype_lanes ... ok
test tests::blank_nodes_survive_the_closure_and_their_scopes_do_not_collapse ... ok
test tests::d_is_a_rule_table_lane_like_any_other ... ok
test reasoner::classify::tests::classification_is_byte_identical_across_a_hundred_runs ... ok
test tests::equality_does_not_substitute_inside_a_triple_term ... ok
test tests::a_subproperty_rewrite_preserves_a_literal_base_direction ... ok
test reasoner::proof::term_walk_tests::a_hundred_thousand_level_term_encodes_on_a_128_kib_thread ... ok
test tests::equality_substitutes_in_the_predicate_position ... ok
test tests::operational_failure_returns_no_partial_closure_or_report ... ok
test owl_dl::oracle::the_concrete_domain_shapes_agree_across_the_encodings_and_the_calculi ... ok
test tests::rdf_regime_types_predicates_as_property ... ok
test tests::an_inconsistency_in_a_named_graph_names_that_graph ... ok
test tests::a_subproperty_rewrite_carries_a_triple_term_object_through ... ok
test tests::rdfs_domain_and_range_type_endpoints ... ok
test tests::every_materialization_plan_answers ... ok
test tests::inverse_of_mirrors_both_directions ... ok
test tests::simple_regime_is_identity ... ok
test tests::owl_transitive_and_symmetric ... ok
test owl_dl::tableau::tests::nn_cyclic_counting_on_inverse_terminates ... ok
test tests::a_named_graph_is_closed_against_itself_and_the_default_graph ... ok
test tests::the_budget_reports_what_the_run_consumed ... ok
test tests::rdfs_emission_order_is_deterministic ... ok
test tests::the_budget_sums_the_work_and_peaks_the_occupancy ... ok
test tests::rdfs_subclass_is_transitive_and_types_instances ... ok
test tests::the_different_from_extension_fires_and_is_labelled_as_one ... ok
test tests::the_contract_hash_names_the_calculus ... ok
test tests::boundaries_beside_exact_is_unconstructible ... ok
test tests::the_different_from_extension_decides_no_new_run ... ok
test tests::the_missing_rules_are_named ... ok
test tests::rules_fired_is_ordered_attributed_and_adds_up ... ok
test tests::the_inconsistency_witness_is_deterministic ... ok
test tests::the_termination_certificate_is_reported_where_a_chase_ran ... ok
test tests::completeness_is_derived_from_the_inventory_and_pinned ... ok
test owl_dl::hyper::tests::a_choice_touches_the_same_beside_a_small_and_a_large_abox ... ok
test entails::refutation::tests::the_refutation_lane_is_deterministic ... ok
test tests::no_emitted_report_says_exact_beside_a_boundary ... ok
test tests::boundaries_are_emitted_for_real_constructs ... ok
test owl_dl::oracle::transitive_roles_under_a_role_hierarchy_agree_with_the_oracle ... ok
test entails::tests::entails_and_certain_answers_never_disagree ... ok
test tests::reports_are_byte_identical_across_runs ... ok
test owl_dl::graph::tests::the_stamped_neighbourhood_read_matches_the_reference_read ... ok
test owl_dl::oracle::cyclic_equivalences_agree_with_the_oracle ... ok
test owl_dl::oracle::the_forall_equivalence_shape_agrees_with_the_oracle ... ok
test owl_dl::oracle::a_random_knowledge_base_is_consistent_whenever_the_oracle_exhibits_a_model ... ok
test rif::eval::tests::a_large_legitimate_closure_succeeds_under_the_default_limits ... ok
test owl_dl::oracle::the_absorbable_inclusion_shapes_agree_with_the_oracle ... ok
test owl_dl::oracle::qualified_cardinality_under_a_role_hierarchy_agrees_with_the_oracle ... ok
test owl_dl::oracle::a_random_knowledge_base_agrees_with_the_oracle_over_a_three_element_domain ... ok
test owl_dl::oracle::complement_against_disjunction_agrees_with_the_oracle ... ok
test rif::eval::tests::a_run_past_a_limit_is_refused_and_a_raised_limit_admits_it ... ok
test owl_dl::oracle::nominals_under_inverse_roles_and_cardinality_agree_with_the_oracle ... ok
test owl_dl::oracle::multi_member_nominals_against_distinctness_agree_with_the_oracle ... ok
test entails::homomorphism::tests::an_exploding_search_still_refuses_by_budget ... ok
test owl_dl::hyper::tests::a_recorded_service_question_decides_identically_to_an_unrecorded_one ... ok
test owl_dl::oracle::four_co_typed_definitions_on_one_individual_agree_with_the_oracle ... ok
test tests::an_exhausted_budget_is_a_refusal_with_an_accurate_report ... ok

test result: ok. 683 passed; 0 failed; 0 ignored; 0 measured; 0 filtered out; finished in 9.39s

     Running tests/oracle.rs (/opt/.cargo/slots/c1fc6c159374197f/0/build/debug/build/purrdf-entail/bd3c13a54690a9a3/out/oracle-bd3c13a54690a9a3)

running 24 tests
test fixture_exercise_lists_name_real_rules ... ok
test regenerate_goldens ... ignored, maintainer-only: rewrites the committed goldens; run deliberately
test the_registry_shape_is_pinned ... ok
test the_registry_and_the_corpus_agree ... ok
test no_clause_of_any_lane_mentions_the_reifier_property ... ok
test the_goldens_directory_is_exactly_the_corpus ... ok
test a_reifier_range_conclusion_over_a_triple_term_is_abandoned_and_reported ... ok
test a_shared_conclusion_is_credited_once ... ok
test a_derived_triple_term_object_is_carried_through_not_folded ... ok
test a_reified_triple_is_not_asserted_by_reifying_it ... ok
test a_deep_subclass_chain_needs_several_rounds ... ok
test a_would_be_literal_subject_is_abandoned_and_reported ... ok
test a_named_graph_is_closed_and_its_conclusions_land_in_it ... ok
test a_reifier_side_table_round_trips_through_materialize ... ok
test a_terminology_in_the_default_graph_types_instances_in_a_named_graph ... ok
test the_reflexive_rules_fire_on_their_licensed_premises_and_the_axioms_supply_them ... ok
test every_reifier_interaction_has_a_positive_and_a_near_miss ... ok
test every_clash_golden_shows_a_refusal_with_a_named_witness ... ok
test every_rule_is_registered_or_declared_unimplemented ... ok
test every_rule_the_chase_fires_is_credited_somewhere_in_the_corpus ... ok
test the_rdfs_closure_of_every_fixture_contains_the_empty_one ... ok
test no_report_over_the_corpus_says_exact_beside_a_boundary ... ok
test goldens_match_the_current_engine ... FAILED
test rendering_is_byte_stable_within_a_run ... ok

failures:

---- goldens_match_the_current_engine stdout ----

thread 'goldens_match_the_current_engine' (1432352) panicked at crates/entail/tests/oracle.rs:6064:5:
the closure or the report changed for 142 fixture(s):
empty: line 456:
    committed:   contract-hash: 2947634d38a6668b09634bb6233e82565233e5be7ef03c084c986f8aa16c1ade
    now:         contract-hash: 9906ecf7650288b9a38c5d713116b634bacc15d32def6abe2d6f59f2ae6e43fa
plain_triple: line 461:
    committed:   contract-hash: 2947634d38a6668b09634bb6233e82565233e5be7ef03c084c986f8aa16c1ade
    now:         contract-hash: 9906ecf7650288b9a38c5d713116b634bacc15d32def6abe2d6f59f2ae6e43fa
named_graph: line 564:
    committed:   contract-hash: 2947634d38a6668b09634bb6233e82565233e5be7ef03c084c986f8aa16c1ade
    now:         contract-hash: 9906ecf7650288b9a38c5d713116b634bacc15d32def6abe2d6f59f2ae6e43fa
named_graph_closure: line 423:
    committed:   contract-hash: 2947634d38a6668b09634bb6233e82565233e5be7ef03c084c986f8aa16c1ade
    now:         contract-hash: 9906ecf7650288b9a38c5d713116b634bacc15d32def6abe2d6f59f2ae6e43fa
named_graph_closure_near_miss: line 425:
    committed:   contract-hash: 2947634d38a6668b09634bb6233e82565233e5be7ef03c084c986f8aa16c1ade
    now:         contract-hash: 9906ecf7650288b9a38c5d713116b634bacc15d32def6abe2d6f59f2ae6e43fa
reifies_subject_position: line 418:
    committed:   contract-hash: 2947634d38a6668b09634bb6233e82565233e5be7ef03c084c986f8aa16c1ade
    now:         contract-hash: 9906ecf7650288b9a38c5d713116b634bacc15d32def6abe2d6f59f2ae6e43fa
reifies_object_position: line 419:
    committed:   contract-hash: 2947634d38a6668b09634bb6233e82565233e5be7ef03c084c986f8aa16c1ade
    now:         contract-hash: 9906ecf7650288b9a38c5d713116b634bacc15d32def6abe2d6f59f2ae6e43fa
reifies_as_domain_class: line 420:
    committed:   contract-hash: 2947634d38a6668b09634bb6233e82565233e5be7ef03c084c986f8aa16c1ade
    now:         contract-hash: 9906ecf7650288b9a38c5d713116b634bacc15d32def6abe2d6f59f2ae6e43fa
reifies_as_range_class: line 418:
    committed:   contract-hash: 2947634d38a6668b09634bb6233e82565233e5be7ef03c084c986f8aa16c1ade
    now:         contract-hash: 9906ecf7650288b9a38c5d713116b634bacc15d32def6abe2d6f59f2ae6e43fa
reifies_domain: line 424:
    committed:   contract-hash: 2947634d38a6668b09634bb6233e82565233e5be7ef03c084c986f8aa16c1ade
    now:         contract-hash: 9906ecf7650288b9a38c5d713116b634bacc15d32def6abe2d6f59f2ae6e43fa
reifies_domain_near_miss: line 418:
    committed:   contract-hash: 2947634d38a6668b09634bb6233e82565233e5be7ef03c084c986f8aa16c1ade
    now:         contract-hash: 9906ecf7650288b9a38c5d713116b634bacc15d32def6abe2d6f59f2ae6e43fa
reifies_range: line 423:
    committed:   contract-hash: 2947634d38a6668b09634bb6233e82565233e5be7ef03c084c986f8aa16c1ade
    now:         contract-hash: 9906ecf7650288b9a38c5d713116b634bacc15d32def6abe2d6f59f2ae6e43fa
reifies_range_near_miss: line 417:
    committed:   contract-hash: 2947634d38a6668b09634bb6233e82565233e5be7ef03c084c986f8aa16c1ade
    now:         contract-hash: 9906ecf7650288b9a38c5d713116b634bacc15d32def6abe2d6f59f2ae6e43fa
reifies_subproperty: line 420:
    committed:   contract-hash: 2947634d38a6668b09634bb6233e82565233e5be7ef03c084c986f8aa16c1ade
    now:         contract-hash: 9906ecf7650288b9a38c5d713116b634bacc15d32def6abe2d6f59f2ae6e43fa
reifies_subproperty_near_miss: line 418:
    committed:   contract-hash: 2947634d38a6668b09634bb6233e82565233e5be7ef03c084c986f8aa16c1ade
    now:         contract-hash: 9906ecf7650288b9a38c5d713116b634bacc15d32def6abe2d6f59f2ae6e43fa
reifies_domain_widened: line 420:
    committed:   contract-hash: 2947634d38a6668b09634bb6233e82565233e5be7ef03c084c986f8aa16c1ade
    now:         contract-hash: 9906ecf7650288b9a38c5d713116b634bacc15d32def6abe2d6f59f2ae6e43fa
reifies_range_widened: line 417:
    committed:   contract-hash: 2947634d38a6668b09634bb6233e82565233e5be7ef03c084c986f8aa16c1ade
    now:         contract-hash: 9906ecf7650288b9a38c5d713116b634bacc15d32def6abe2d6f59f2ae6e43fa
reifies_inside_triple_term: line 422:
    committed:   contract-hash: 2947634d38a6668b09634bb6233e82565233e5be7ef03c084c986f8aa16c1ade
    now:         contract-hash: 9906ecf7650288b9a38c5d713116b634bacc15d32def6abe2d6f59f2ae6e43fa
reifies_inside_triple_term_near_miss: line 418:
    committed:   contract-hash: 2947634d38a6668b09634bb6233e82565233e5be7ef03c084c986f8aa16c1ade
    now:         contract-hash: 9906ecf7650288b9a38c5d713116b634bacc15d32def6abe2d6f59f2ae6e43fa
domain: line 467:
    committed:   contract-hash: 2947634d38a6668b09634bb6233e82565233e5be7ef03c084c986f8aa16c1ade
    now:         contract-hash: 9906ecf7650288b9a38c5d713116b634bacc15d32def6abe2d6f59f2ae6e43fa
domain_near_miss: line 470:
    committed:   contract-hash: 2947634d38a6668b09634bb6233e82565233e5be7ef03c084c986f8aa16c1ade
    now:         contract-hash: 9906ecf7650288b9a38c5d713116b634bacc15d32def6abe2d6f59f2ae6e43fa
range: line 465:
    committed:   contract-hash: 2947634d38a6668b09634bb6233e82565233e5be7ef03c084c986f8aa16c1ade
    now:         contract-hash: 9906ecf7650288b9a38c5d713116b634bacc15d32def6abe2d6f59f2ae6e43fa
range_near_miss: line 467:
    committed:   contract-hash: 2947634d38a6668b09634bb6233e82565233e5be7ef03c084c986f8aa16c1ade
    now:         contract-hash: 9906ecf7650288b9a38c5d713116b634bacc15d32def6abe2d6f59f2ae6e43fa
subproperty_chain: line 469:
    committed:   contract-hash: 2947634d38a6668b09634bb6233e82565233e5be7ef03c084c986f8aa16c1ade
    now:         contract-hash: 9906ecf7650288b9a38c5d713116b634bacc15d32def6abe2d6f59f2ae6e43fa
subproperty_chain_near_miss: line 468:
    committed:   contract-hash: 2947634d38a6668b09634bb6233e82565233e5be7ef03c084c986f8aa16c1ade
    now:         contract-hash: 9906ecf7650288b9a38c5d713116b634bacc15d32def6abe2d6f59f2ae6e43fa
subproperty_rewrite: line 464:
    committed:   contract-hash: 2947634d38a6668b09634bb6233e82565233e5be7ef03c084c986f8aa16c1ade
    now:         contract-hash: 9906ecf7650288b9a38c5d713116b634bacc15d32def6abe2d6f59f2ae6e43fa
subproperty_rewrite_near_miss: line 466:
    committed:   contract-hash: 2947634d38a6668b09634bb6233e82565233e5be7ef03c084c986f8aa16c1ade
    now:         contract-hash: 9906ecf7650288b9a38c5d713116b634bacc15d32def6abe2d6f59f2ae6e43fa
property_typed: line 465:
    committed:   contract-hash: 2947634d38a6668b09634bb6233e82565233e5be7ef03c084c986f8aa16c1ade
    now:         contract-hash: 9906ecf7650288b9a38c5d713116b634bacc15d32def6abe2d6f59f2ae6e43fa
property_typed_near_miss: line 467:
    committed:   contract-hash: 2947634d38a6668b09634bb6233e82565233e5be7ef03c084c986f8aa16c1ade
    now:         contract-hash: 9906ecf7650288b9a38c5d713116b634bacc15d32def6abe2d6f59f2ae6e43fa
class_typed: line 466:
    committed:   contract-hash: 2947634d38a6668b09634bb6233e82565233e5be7ef03c084c986f8aa16c1ade
    now:         contract-hash: 9906ecf7650288b9a38c5d713116b634bacc15d32def6abe2d6f59f2ae6e43fa
class_typed_near_miss: line 463:
    committed:   contract-hash: 2947634d38a6668b09634bb6233e82565233e5be7ef03c084c986f8aa16c1ade
    now:         contract-hash: 9906ecf7650288b9a38c5d713116b634bacc15d32def6abe2d6f59f2ae6e43fa
container_membership: line 437:
    committed:   contract-hash: 2947634d38a6668b09634bb6233e82565233e5be7ef03c084c986f8aa16c1ade
    now:         contract-hash: 9906ecf7650288b9a38c5d713116b634bacc15d32def6abe2d6f59f2ae6e43fa
container_membership_near_miss: line 436:
    committed:   contract-hash: 2947634d38a6668b09634bb6233e82565233e5be7ef03c084c986f8aa16c1ade
    now:         contract-hash: 9906ecf7650288b9a38c5d713116b634bacc15d32def6abe2d6f59f2ae6e43fa
datatype_declared: line 437:
    committed:   contract-hash: 2947634d38a6668b09634bb6233e82565233e5be7ef03c084c986f8aa16c1ade
    now:         contract-hash: 9906ecf7650288b9a38c5d713116b634bacc15d32def6abe2d6f59f2ae6e43fa
datatype_declared_near_miss: line 435:
    committed:   contract-hash: 2947634d38a6668b09634bb6233e82565233e5be7ef03c084c986f8aa16c1ade
    now:         contract-hash: 9906ecf7650288b9a38c5d713116b634bacc15d32def6abe2d6f59f2ae6e43fa
subclass_instance: line 543:
    committed:   contract-hash: 2947634d38a6668b09634bb6233e82565233e5be7ef03c084c986f8aa16c1ade
    now:         contract-hash: 9906ecf7650288b9a38c5d713116b634bacc15d32def6abe2d6f59f2ae6e43fa
subclass_instance_near_miss: line 470:
    committed:   contract-hash: 2947634d38a6668b09634bb6233e82565233e5be7ef03c084c986f8aa16c1ade
    now:         contract-hash: 9906ecf7650288b9a38c5d713116b634bacc15d32def6abe2d6f59f2ae6e43fa
subclass_chain: line 518:
    committed:   contract-hash: 2947634d38a6668b09634bb6233e82565233e5be7ef03c084c986f8aa16c1ade
    now:         contract-hash: 9906ecf7650288b9a38c5d713116b634bacc15d32def6abe2d6f59f2ae6e43fa
subclass_chain_near_miss: line 472:
    committed:   contract-hash: 2947634d38a6668b09634bb6233e82565233e5be7ef03c084c986f8aa16c1ade
    now:         contract-hash: 9906ecf7650288b9a38c5d713116b634bacc15d32def6abe2d6f59f2ae6e43fa
symmetric: line 474:
    committed:   contract-hash: 2947634d38a6668b09634bb6233e82565233e5be7ef03c084c986f8aa16c1ade
    now:         contract-hash: 9906ecf7650288b9a38c5d713116b634bacc15d32def6abe2d6f59f2ae6e43fa
transitive: line 472:
    committed:   contract-hash: 2947634d38a6668b09634bb6233e82565233e5be7ef03c084c986f8aa16c1ade
    now:         contract-hash: 9906ecf7650288b9a38c5d713116b634bacc15d32def6abe2d6f59f2ae6e43fa
inverse_pair: line 476:
    committed:   contract-hash: 2947634d38a6668b09634bb6233e82565233e5be7ef03c084c986f8aa16c1ade
    now:         contract-hash: 9906ecf7650288b9a38c5d713116b634bacc15d32def6abe2d6f59f2ae6e43fa
inverse_pair_near_miss: line 474:
    committed:   contract-hash: 2947634d38a6668b09634bb6233e82565233e5be7ef03c084c986f8aa16c1ade
    now:         contract-hash: 9906ecf7650288b9a38c5d713116b634bacc15d32def6abe2d6f59f2ae6e43fa
equivalent_class: line 476:
    committed:   contract-hash: 2947634d38a6668b09634bb6233e82565233e5be7ef03c084c986f8aa16c1ade
    now:         contract-hash: 9906ecf7650288b9a38c5d713116b634bacc15d32def6abe2d6f59f2ae6e43fa
equivalent_property: line 469:
    committed:   contract-hash: 2947634d38a6668b09634bb6233e82565233e5be7ef03c084c986f8aa16c1ade
    now:         contract-hash: 9906ecf7650288b9a38c5d713116b634bacc15d32def6abe2d6f59f2ae6e43fa
shared_conclusion: line 490:
    committed:   contract-hash: 2947634d38a6668b09634bb6233e82565233e5be7ef03c084c986f8aa16c1ade
    now:         contract-hash: 9906ecf7650288b9a38c5d713116b634bacc15d32def6abe2d6f59f2ae6e43fa
triple_term: line 509:
    committed:   contract-hash: 2947634d38a6668b09634bb6233e82565233e5be7ef03c084c986f8aa16c1ade
    now:         contract-hash: 9906ecf7650288b9a38c5d713116b634bacc15d32def6abe2d6f59f2ae6e43fa
divergence_literal_subject: line 500:
    committed:   contract-hash: 2947634d38a6668b09634bb6233e82565233e5be7ef03c084c986f8aa16c1ade
    now:         contract-hash: 9906ecf7650288b9a38c5d713116b634bacc15d32def6abe2d6f59f2ae6e43fa
divergence_broad_triggers: line 507:
    committed:   contract-hash: 2947634d38a6668b09634bb6233e82565233e5be7ef03c084c986f8aa16c1ade
    now:         contract-hash: 9906ecf7650288b9a38c5d713116b634bacc15d32def6abe2d6f59f2ae6e43fa
functional: line 440:
    committed:   contract-hash: 2947634d38a6668b09634bb6233e82565233e5be7ef03c084c986f8aa16c1ade
    now:         contract-hash: 9906ecf7650288b9a38c5d713116b634bacc15d32def6abe2d6f59f2ae6e43fa
inverse_functional: line 441:
    committed:   contract-hash: 2947634d38a6668b09634bb6233e82565233e5be7ef03c084c986f8aa16c1ade
    now:         contract-hash: 9906ecf7650288b9a38c5d713116b634bacc15d32def6abe2d6f59f2ae6e43fa
property_chain: line 456:
    committed:   contract-hash: 2947634d38a6668b09634bb6233e82565233e5be7ef03c084c986f8aa16c1ade
    now:         contract-hash: 9906ecf7650288b9a38c5d713116b634bacc15d32def6abe2d6f59f2ae6e43fa
property_chain_near_miss: line 448:
    committed:   contract-hash: 2947634d38a6668b09634bb6233e82565233e5be7ef03c084c986f8aa16c1ade
    now:         contract-hash: 9906ecf7650288b9a38c5d713116b634bacc15d32def6abe2d6f59f2ae6e43fa
equivalent_property_data: line 446:
    committed:   contract-hash: 2947634d38a6668b09634bb6233e82565233e5be7ef03c084c986f8aa16c1ade
    now:         contract-hash: 9906ecf7650288b9a38c5d713116b634bacc15d32def6abe2d6f59f2ae6e43fa
equivalent_property_data_near_miss: line 439:
    committed:   contract-hash: 2947634d38a6668b09634bb6233e82565233e5be7ef03c084c986f8aa16c1ade
    now:         contract-hash: 9906ecf7650288b9a38c5d713116b634bacc15d32def6abe2d6f59f2ae6e43fa
equivalent_class_instance: line 444:
    committed:   contract-hash: 2947634d38a6668b09634bb6233e82565233e5be7ef03c084c986f8aa16c1ade
    now:         contract-hash: 9906ecf7650288b9a38c5d713116b634bacc15d32def6abe2d6f59f2ae6e43fa
equivalent_class_instance_near_miss: line 439:
    committed:   contract-hash: 2947634d38a6668b09634bb6233e82565233e5be7ef03c084c986f8aa16c1ade
    now:         contract-hash: 9906ecf7650288b9a38c5d713116b634bacc15d32def6abe2d6f59f2ae6e43fa
owl_class: line 454:
    committed:   contract-hash: 2947634d38a6668b09634bb6233e82565233e5be7ef03c084c986f8aa16c1ade
    now:         contract-hash: 9906ecf7650288b9a38c5d713116b634bacc15d32def6abe2d6f59f2ae6e43fa
mutual_subclass: line 437:
    committed:   contract-hash: 2947634d38a6668b09634bb6233e82565233e5be7ef03c084c986f8aa16c1ade
    now:         contract-hash: 9906ecf7650288b9a38c5d713116b634bacc15d32def6abe2d6f59f2ae6e43fa
mutual_subproperty: line 440:
    committed:   contract-hash: 2947634d38a6668b09634bb6233e82565233e5be7ef03c084c986f8aa16c1ade
    now:         contract-hash: 9906ecf7650288b9a38c5d713116b634bacc15d32def6abe2d6f59f2ae6e43fa
object_property: line 435:
    committed:   contract-hash: 2947634d38a6668b09634bb6233e82565233e5be7ef03c084c986f8aa16c1ade
    now:         contract-hash: 9906ecf7650288b9a38c5d713116b634bacc15d32def6abe2d6f59f2ae6e43fa
datatype_property: line 438:
    committed:   contract-hash: 2947634d38a6668b09634bb6233e82565233e5be7ef03c084c986f8aa16c1ade
    now:         contract-hash: 9906ecf7650288b9a38c5d713116b634bacc15d32def6abe2d6f59f2ae6e43fa
domain_widened: line 437:
    committed:   contract-hash: 2947634d38a6668b09634bb6233e82565233e5be7ef03c084c986f8aa16c1ade
    now:         contract-hash: 9906ecf7650288b9a38c5d713116b634bacc15d32def6abe2d6f59f2ae6e43fa
domain_inherited: line 438:
    committed:   contract-hash: 2947634d38a6668b09634bb6233e82565233e5be7ef03c084c986f8aa16c1ade
    now:         contract-hash: 9906ecf7650288b9a38c5d713116b634bacc15d32def6abe2d6f59f2ae6e43fa
range_widened: line 437:
    committed:   contract-hash: 2947634d38a6668b09634bb6233e82565233e5be7ef03c084c986f8aa16c1ade
    now:         contract-hash: 9906ecf7650288b9a38c5d713116b634bacc15d32def6abe2d6f59f2ae6e43fa
range_inherited: line 437:
    committed:   contract-hash: 2947634d38a6668b09634bb6233e82565233e5be7ef03c084c986f8aa16c1ade
    now:         contract-hash: 9906ecf7650288b9a38c5d713116b634bacc15d32def6abe2d6f59f2ae6e43fa
has_value_restrictions: line 443:
    committed:   contract-hash: 2947634d38a6668b09634bb6233e82565233e5be7ef03c084c986f8aa16c1ade
    now:         contract-hash: 9906ecf7650288b9a38c5d713116b634bacc15d32def6abe2d6f59f2ae6e43fa
has_value_restrictions_near_miss: line 443:
    committed:   contract-hash: 2947634d38a6668b09634bb6233e82565233e5be7ef03c084c986f8aa16c1ade
    now:         contract-hash: 9906ecf7650288b9a38c5d713116b634bacc15d32def6abe2d6f59f2ae6e43fa
some_values_filler: line 443:
    committed:   contract-hash: 2947634d38a6668b09634bb6233e82565233e5be7ef03c084c986f8aa16c1ade
    now:         contract-hash: 9906ecf7650288b9a38c5d713116b634bacc15d32def6abe2d6f59f2ae6e43fa
some_values_property: line 445:
    committed:   contract-hash: 2947634d38a6668b09634bb6233e82565233e5be7ef03c084c986f8aa16c1ade
    now:         contract-hash: 9906ecf7650288b9a38c5d713116b634bacc15d32def6abe2d6f59f2ae6e43fa
all_values_filler: line 444:
    committed:   contract-hash: 2947634d38a6668b09634bb6233e82565233e5be7ef03c084c986f8aa16c1ade
    now:         contract-hash: 9906ecf7650288b9a38c5d713116b634bacc15d32def6abe2d6f59f2ae6e43fa
all_values_property: line 451:
    committed:   contract-hash: 2947634d38a6668b09634bb6233e82565233e5be7ef03c084c986f8aa16c1ade
    now:         contract-hash: 9906ecf7650288b9a38c5d713116b634bacc15d32def6abe2d6f59f2ae6e43fa
intersection_of: line 447:
    committed:   contract-hash: 2947634d38a6668b09634bb6233e82565233e5be7ef03c084c986f8aa16c1ade
    now:         contract-hash: 9906ecf7650288b9a38c5d713116b634bacc15d32def6abe2d6f59f2ae6e43fa
union_of: line 445:
    committed:   contract-hash: 2947634d38a6668b09634bb6233e82565233e5be7ef03c084c986f8aa16c1ade
    now:         contract-hash: 9906ecf7650288b9a38c5d713116b634bacc15d32def6abe2d6f59f2ae6e43fa
has_key: line 460:
    committed:   contract-hash: 2947634d38a6668b09634bb6233e82565233e5be7ef03c084c986f8aa16c1ade
    now:         contract-hash: 9906ecf7650288b9a38c5d713116b634bacc15d32def6abe2d6f59f2ae6e43fa
has_key_near_miss: line 453:
    committed:   contract-hash: 2947634d38a6668b09634bb6233e82565233e5be7ef03c084c986f8aa16c1ade
    now:         contract-hash: 9906ecf7650288b9a38c5d713116b634bacc15d32def6abe2d6f59f2ae6e43fa
same_as: line 416:
    committed:   contract-hash: 2947634d38a6668b09634bb6233e82565233e5be7ef03c084c986f8aa16c1ade
    now:         contract-hash: 9906ecf7650288b9a38c5d713116b634bacc15d32def6abe2d6f59f2ae6e43fa
same_as_chain: line 416:
    committed:   contract-hash: 2947634d38a6668b09634bb6233e82565233e5be7ef03c084c986f8aa16c1ade
    now:         contract-hash: 9906ecf7650288b9a38c5d713116b634bacc15d32def6abe2d6f59f2ae6e43fa
same_as_chain_near_miss: line 418:
    committed:   contract-hash: 2947634d38a6668b09634bb6233e82565233e5be7ef03c084c986f8aa16c1ade
    now:         contract-hash: 9906ecf7650288b9a38c5d713116b634bacc15d32def6abe2d6f59f2ae6e43fa
same_as_subject: line 422:
    committed:   contract-hash: 2947634d38a6668b09634bb6233e82565233e5be7ef03c084c986f8aa16c1ade
    now:         contract-hash: 9906ecf7650288b9a38c5d713116b634bacc15d32def6abe2d6f59f2ae6e43fa
same_as_predicate: line 420:
    committed:   contract-hash: 2947634d38a6668b09634bb6233e82565233e5be7ef03c084c986f8aa16c1ade
    now:         contract-hash: 9906ecf7650288b9a38c5d713116b634bacc15d32def6abe2d6f59f2ae6e43fa
same_as_object: line 419:
    committed:   contract-hash: 2947634d38a6668b09634bb6233e82565233e5be7ef03c084c986f8aa16c1ade
    now:         contract-hash: 9906ecf7650288b9a38c5d713116b634bacc15d32def6abe2d6f59f2ae6e43fa
intersection_instance: line 429:
    committed:   contract-hash: 2947634d38a6668b09634bb6233e82565233e5be7ef03c084c986f8aa16c1ade
    now:         contract-hash: 9906ecf7650288b9a38c5d713116b634bacc15d32def6abe2d6f59f2ae6e43fa
intersection_instance_near_miss: line 428:
    committed:   contract-hash: 2947634d38a6668b09634bb6233e82565233e5be7ef03c084c986f8aa16c1ade
    now:         contract-hash: 9906ecf7650288b9a38c5d713116b634bacc15d32def6abe2d6f59f2ae6e43fa
intersection_member_typing: line 429:
    committed:   contract-hash: 2947634d38a6668b09634bb6233e82565233e5be7ef03c084c986f8aa16c1ade
    now:         contract-hash: 9906ecf7650288b9a38c5d713116b634bacc15d32def6abe2d6f59f2ae6e43fa
union_instance: line 425:
    committed:   contract-hash: 2947634d38a6668b09634bb6233e82565233e5be7ef03c084c986f8aa16c1ade
    now:         contract-hash: 9906ecf7650288b9a38c5d713116b634bacc15d32def6abe2d6f59f2ae6e43fa
union_instance_near_miss: line 425:
    committed:   contract-hash: 2947634d38a6668b09634bb6233e82565233e5be7ef03c084c986f8aa16c1ade
    now:         contract-hash: 9906ecf7650288b9a38c5d713116b634bacc15d32def6abe2d6f59f2ae6e43fa
some_values_instance: line 421:
    committed:   contract-hash: 2947634d38a6668b09634bb6233e82565233e5be7ef03c084c986f8aa16c1ade
    now:         contract-hash: 9906ecf7650288b9a38c5d713116b634bacc15d32def6abe2d6f59f2ae6e43fa
some_values_instance_near_miss: line 420:
    committed:   contract-hash: 2947634d38a6668b09634bb6233e82565233e5be7ef03c084c986f8aa16c1ade
    now:         contract-hash: 9906ecf7650288b9a38c5d713116b634bacc15d32def6abe2d6f59f2ae6e43fa
some_values_thing: line 423:
    committed:   contract-hash: 2947634d38a6668b09634bb6233e82565233e5be7ef03c084c986f8aa16c1ade
    now:         contract-hash: 9906ecf7650288b9a38c5d713116b634bacc15d32def6abe2d6f59f2ae6e43fa
all_values_instance: line 422:
    committed:   contract-hash: 2947634d38a6668b09634bb6233e82565233e5be7ef03c084c986f8aa16c1ade
    now:         contract-hash: 9906ecf7650288b9a38c5d713116b634bacc15d32def6abe2d6f59f2ae6e43fa
all_values_instance_near_miss: line 421:
    committed:   contract-hash: 2947634d38a6668b09634bb6233e82565233e5be7ef03c084c986f8aa16c1ade
    now:         contract-hash: 9906ecf7650288b9a38c5d713116b634bacc15d32def6abe2d6f59f2ae6e43fa
has_value_assert: line 421:
    committed:   contract-hash: 2947634d38a6668b09634bb6233e82565233e5be7ef03c084c986f8aa16c1ade
    now:         contract-hash: 9906ecf7650288b9a38c5d713116b634bacc15d32def6abe2d6f59f2ae6e43fa
has_value_recognize: line 419:
    committed:   contract-hash: 2947634d38a6668b09634bb6233e82565233e5be7ef03c084c986f8aa16c1ade
    now:         contract-hash: 9906ecf7650288b9a38c5d713116b634bacc15d32def6abe2d6f59f2ae6e43fa
has_value_near_miss: line 421:
    committed:   contract-hash: 2947634d38a6668b09634bb6233e82565233e5be7ef03c084c986f8aa16c1ade
    now:         contract-hash: 9906ecf7650288b9a38c5d713116b634bacc15d32def6abe2d6f59f2ae6e43fa
max_cardinality_one: line 424:
    committed:   contract-hash: 2947634d38a6668b09634bb6233e82565233e5be7ef03c084c986f8aa16c1ade
    now:         contract-hash: 9906ecf7650288b9a38c5d713116b634bacc15d32def6abe2d6f59f2ae6e43fa
max_cardinality_one_near_miss: line 424:
    committed:   contract-hash: 2947634d38a6668b09634bb6233e82565233e5be7ef03c084c986f8aa16c1ade
    now:         contract-hash: 9906ecf7650288b9a38c5d713116b634bacc15d32def6abe2d6f59f2ae6e43fa
max_qualified_one: line 429:
    committed:   contract-hash: 2947634d38a6668b09634bb6233e82565233e5be7ef03c084c986f8aa16c1ade
    now:         contract-hash: 9906ecf7650288b9a38c5d713116b634bacc15d32def6abe2d6f59f2ae6e43fa
max_qualified_one_near_miss: line 431:
    committed:   contract-hash: 2947634d38a6668b09634bb6233e82565233e5be7ef03c084c986f8aa16c1ade
    now:         contract-hash: 9906ecf7650288b9a38c5d713116b634bacc15d32def6abe2d6f59f2ae6e43fa
max_qualified_one_thing: line 427:
    committed:   contract-hash: 2947634d38a6668b09634bb6233e82565233e5be7ef03c084c986f8aa16c1ade
    now:         contract-hash: 9906ecf7650288b9a38c5d713116b634bacc15d32def6abe2d6f59f2ae6e43fa
one_of: line 424:
    committed:   contract-hash: 2947634d38a6668b09634bb6233e82565233e5be7ef03c084c986f8aa16c1ade
    now:         contract-hash: 9906ecf7650288b9a38c5d713116b634bacc15d32def6abe2d6f59f2ae6e43fa
one_of_near_miss: line 425:
    committed:   contract-hash: 2947634d38a6668b09634bb6233e82565233e5be7ef03c084c986f8aa16c1ade
    now:         contract-hash: 9906ecf7650288b9a38c5d713116b634bacc15d32def6abe2d6f59f2ae6e43fa
datatype_value_typing: line 426:
    committed:   contract-hash: 2947634d38a6668b09634bb6233e82565233e5be7ef03c084c986f8aa16c1ade
    now:         contract-hash: 9906ecf7650288b9a38c5d713116b634bacc15d32def6abe2d6f59f2ae6e43fa
datatype_value_typing_near_miss: line 420:
    committed:   contract-hash: 2947634d38a6668b09634bb6233e82565233e5be7ef03c084c986f8aa16c1ade
    now:         contract-hash: 9906ecf7650288b9a38c5d713116b634bacc15d32def6abe2d6f59f2ae6e43fa
datatype_value_equality: line 424:
    committed:   contract-hash: 2947634d38a6668b09634bb6233e82565233e5be7ef03c084c986f8aa16c1ade
    now:         contract-hash: 9906ecf7650288b9a38c5d713116b634bacc15d32def6abe2d6f59f2ae6e43fa
datatype_value_equality_near_miss: line 420:
    committed:   contract-hash: 2947634d38a6668b09634bb6233e82565233e5be7ef03c084c986f8aa16c1ade
    now:         contract-hash: 9906ecf7650288b9a38c5d713116b634bacc15d32def6abe2d6f59f2ae6e43fa
eq_diff1_clash: line 431:
    committed:   contract-hash: 2947634d38a6668b09634bb6233e82565233e5be7ef03c084c986f8aa16c1ade
    now:         contract-hash: 9906ecf7650288b9a38c5d713116b634bacc15d32def6abe2d6f59f2ae6e43fa
eq_diff1_consistent: line 432:
    committed:   contract-hash: 2947634d38a6668b09634bb6233e82565233e5be7ef03c084c986f8aa16c1ade
    now:         contract-hash: 9906ecf7650288b9a38c5d713116b634bacc15d32def6abe2d6f59f2ae6e43fa
eq_diff2_clash: line 443:
    committed:   contract-hash: 2947634d38a6668b09634bb6233e82565233e5be7ef03c084c986f8aa16c1ade
    now:         contract-hash: 9906ecf7650288b9a38c5d713116b634bacc15d32def6abe2d6f59f2ae6e43fa
eq_diff2_consistent: line 442:
    committed:   contract-hash: 2947634d38a6668b09634bb6233e82565233e5be7ef03c084c986f8aa16c1ade
    now:         contract-hash: 9906ecf7650288b9a38c5d713116b634bacc15d32def6abe2d6f59f2ae6e43fa
eq_diff3_clash: line 443:
    committed:   contract-hash: 2947634d38a6668b09634bb6233e82565233e5be7ef03c084c986f8aa16c1ade
    now:         contract-hash: 9906ecf7650288b9a38c5d713116b634bacc15d32def6abe2d6f59f2ae6e43fa
eq_diff3_consistent: line 442:
    committed:   contract-hash: 2947634d38a6668b09634bb6233e82565233e5be7ef03c084c986f8aa16c1ade
    now:         contract-hash: 9906ecf7650288b9a38c5d713116b634bacc15d32def6abe2d6f59f2ae6e43fa
prp_irp_clash: line 431:
    committed:   contract-hash: 2947634d38a6668b09634bb6233e82565233e5be7ef03c084c986f8aa16c1ade
    now:         contract-hash: 9906ecf7650288b9a38c5d713116b634bacc15d32def6abe2d6f59f2ae6e43fa
prp_irp_consistent: line 432:
    committed:   contract-hash: 2947634d38a6668b09634bb6233e82565233e5be7ef03c084c986f8aa16c1ade
    now:         contract-hash: 9906ecf7650288b9a38c5d713116b634bacc15d32def6abe2d6f59f2ae6e43fa
prp_asyp_clash: line 433:
    committed:   contract-hash: 2947634d38a6668b09634bb6233e82565233e5be7ef03c084c986f8aa16c1ade
    now:         contract-hash: 9906ecf7650288b9a38c5d713116b634bacc15d32def6abe2d6f59f2ae6e43fa
prp_asyp_consistent: line 434:
    committed:   contract-hash: 2947634d38a6668b09634bb6233e82565233e5be7ef03c084c986f8aa16c1ade
    now:         contract-hash: 9906ecf7650288b9a38c5d713116b634bacc15d32def6abe2d6f59f2ae6e43fa
prp_pdw_clash: line 433:
    committed:   contract-hash: 2947634d38a6668b09634bb6233e82565233e5be7ef03c084c986f8aa16c1ade
    now:         contract-hash: 9906ecf7650288b9a38c5d713116b634bacc15d32def6abe2d6f59f2ae6e43fa
prp_pdw_consistent: line 434:
    committed:   contract-hash: 2947634d38a6668b09634bb6233e82565233e5be7ef03c084c986f8aa16c1ade
    now:         contract-hash: 9906ecf7650288b9a38c5d713116b634bacc15d32def6abe2d6f59f2ae6e43fa
prp_adp_clash: line 444:
    committed:   contract-hash: 2947634d38a6668b09634bb6233e82565233e5be7ef03c084c986f8aa16c1ade
    now:         contract-hash: 9906ecf7650288b9a38c5d713116b634bacc15d32def6abe2d6f59f2ae6e43fa
prp_adp_consistent: line 443:
    committed:   contract-hash: 2947634d38a6668b09634bb6233e82565233e5be7ef03c084c986f8aa16c1ade
    now:         contract-hash: 9906ecf7650288b9a38c5d713116b634bacc15d32def6abe2d6f59f2ae6e43fa
prp_npa1_clash: line 436:
    committed:   contract-hash: 2947634d38a6668b09634bb6233e82565233e5be7ef03c084c986f8aa16c1ade
    now:         contract-hash: 9906ecf7650288b9a38c5d713116b634bacc15d32def6abe2d6f59f2ae6e43fa
prp_npa1_consistent: line 436:
    committed:   contract-hash: 2947634d38a6668b09634bb6233e82565233e5be7ef03c084c986f8aa16c1ade
    now:         contract-hash: 9906ecf7650288b9a38c5d713116b634bacc15d32def6abe2d6f59f2ae6e43fa
prp_npa2_clash: line 437:
    committed:   contract-hash: 2947634d38a6668b09634bb6233e82565233e5be7ef03c084c986f8aa16c1ade
    now:         contract-hash: 9906ecf7650288b9a38c5d713116b634bacc15d32def6abe2d6f59f2ae6e43fa
prp_npa2_consistent: line 437:
    committed:   contract-hash: 2947634d38a6668b09634bb6233e82565233e5be7ef03c084c986f8aa16c1ade
    now:         contract-hash: 9906ecf7650288b9a38c5d713116b634bacc15d32def6abe2d6f59f2ae6e43fa
cls_nothing2_clash: line 429:
    committed:   contract-hash: 2947634d38a6668b09634bb6233e82565233e5be7ef03c084c986f8aa16c1ade
    now:         contract-hash: 9906ecf7650288b9a38c5d713116b634bacc15d32def6abe2d6f59f2ae6e43fa
cls_nothing2_consistent: line 430:
    committed:   contract-hash: 2947634d38a6668b09634bb6233e82565233e5be7ef03c084c986f8aa16c1ade
    now:         contract-hash: 9906ecf7650288b9a38c5d713116b634bacc15d32def6abe2d6f59f2ae6e43fa
cls_com_clash: line 433:
    committed:   contract-hash: 2947634d38a6668b09634bb6233e82565233e5be7ef03c084c986f8aa16c1ade
    now:         contract-hash: 9906ecf7650288b9a38c5d713116b634bacc15d32def6abe2d6f59f2ae6e43fa
cls_com_consistent: line 434:
    committed:   contract-hash: 2947634d38a6668b09634bb6233e82565233e5be7ef03c084c986f8aa16c1ade
    now:         contract-hash: 9906ecf7650288b9a38c5d713116b634bacc15d32def6abe2d6f59f2ae6e43fa
cls_maxc1_clash: line 437:
    committed:   contract-hash: 2947634d38a6668b09634bb6233e82565233e5be7ef03c084c986f8aa16c1ade
    now:         contract-hash: 9906ecf7650288b9a38c5d713116b634bacc15d32def6abe2d6f59f2ae6e43fa
cls_maxc1_consistent: line 437:
    committed:   contract-hash: 2947634d38a6668b09634bb6233e82565233e5be7ef03c084c986f8aa16c1ade
    now:         contract-hash: 9906ecf7650288b9a38c5d713116b634bacc15d32def6abe2d6f59f2ae6e43fa
cls_maxqc1_clash: line 440:
    committed:   contract-hash: 2947634d38a6668b09634bb6233e82565233e5be7ef03c084c986f8aa16c1ade
    now:         contract-hash: 9906ecf7650288b9a38c5d713116b634bacc15d32def6abe2d6f59f2ae6e43fa
cls_maxqc1_consistent: line 440:
    committed:   contract-hash: 2947634d38a6668b09634bb6233e82565233e5be7ef03c084c986f8aa16c1ade
    now:         contract-hash: 9906ecf7650288b9a38c5d713116b634bacc15d32def6abe2d6f59f2ae6e43fa
cls_maxqc2_clash: line 438:
    committed:   contract-hash: 2947634d38a6668b09634bb6233e82565233e5be7ef03c084c986f8aa16c1ade
    now:         contract-hash: 9906ecf7650288b9a38c5d713116b634bacc15d32def6abe2d6f59f2ae6e43fa
cls_maxqc2_consistent: line 439:
    committed:   contract-hash: 2947634d38a6668b09634bb6233e82565233e5be7ef03c084c986f8aa16c1ade
    now:         contract-hash: 9906ecf7650288b9a38c5d713116b634bacc15d32def6abe2d6f59f2ae6e43fa
cax_dw_clash: line 433:
    committed:   contract-hash: 2947634d38a6668b09634bb6233e82565233e5be7ef03c084c986f8aa16c1ade
    now:         contract-hash: 9906ecf7650288b9a38c5d713116b634bacc15d32def6abe2d6f59f2ae6e43fa
cax_dw_consistent: line 434:
    committed:   contract-hash: 2947634d38a6668b09634bb6233e82565233e5be7ef03c084c986f8aa16c1ade
    now:         contract-hash: 9906ecf7650288b9a38c5d713116b634bacc15d32def6abe2d6f59f2ae6e43fa
cax_adc_clash: line 444:
    committed:   contract-hash: 2947634d38a6668b09634bb6233e82565233e5be7ef03c084c986f8aa16c1ade
    now:         contract-hash: 9906ecf7650288b9a38c5d713116b634bacc15d32def6abe2d6f59f2ae6e43fa
cax_adc_consistent: line 443:
    committed:   contract-hash: 2947634d38a6668b09634bb6233e82565233e5be7ef03c084c986f8aa16c1ade
    now:         contract-hash: 9906ecf7650288b9a38c5d713116b634bacc15d32def6abe2d6f59f2ae6e43fa
dt_not_type_clash: line 433:
    committed:   contract-hash: 2947634d38a6668b09634bb6233e82565233e5be7ef03c084c986f8aa16c1ade
    now:         contract-hash: 9906ecf7650288b9a38c5d713116b634bacc15d32def6abe2d6f59f2ae6e43fa
dt_not_type_consistent: line 430:
    committed:   contract-hash: 2947634d38a6668b09634bb6233e82565233e5be7ef03c084c986f8aa16c1ade
    now:         contract-hash: 9906ecf7650288b9a38c5d713116b634bacc15d32def6abe2d6f59f2ae6e43fa
dt_diff_clash: line 442:
    committed:   contract-hash: 2947634d38a6668b09634bb6233e82565233e5be7ef03c084c986f8aa16c1ade
    now:         contract-hash: 9906ecf7650288b9a38c5d713116b634bacc15d32def6abe2d6f59f2ae6e43fa
dt_diff_consistent: line 435:
    committed:   contract-hash: 2947634d38a6668b09634bb6233e82565233e5be7ef03c084c986f8aa16c1ade
    now:         contract-hash: 9906ecf7650288b9a38c5d713116b634bacc15d32def6abe2d6f59f2ae6e43fa

If the change is deliberate, regenerate with:
  cargo test -p purrdf-entail --test oracle -- --ignored --exact regenerate_goldens
note: run with `RUST_BACKTRACE=1` environment variable to display a backtrace


failures:
    goldens_match_the_current_engine

test result: FAILED. 22 passed; 1 failed; 1 ignored; 0 measured; 0 filtered out; finished in 2.62s

error: test failed, to rerun pass `-p purrdf-entail --test oracle`
