    Checking purrdf-hash v3.0.1 (/home/paudley/Active/purrdf/.worktrees/478-sparql-governor-governed-parallel-row/crates/hash)
    Checking purrdf-events v3.0.1 (/home/paudley/Active/purrdf/.worktrees/478-sparql-governor-governed-parallel-row/crates/rdf-events)
   Compiling purrdf-core v3.0.1 (/home/paudley/Active/purrdf/.worktrees/478-sparql-governor-governed-parallel-row/crates/rdf-core)
    Checking purrdf-lex v3.0.1 (/home/paudley/Active/purrdf/.worktrees/478-sparql-governor-governed-parallel-row/crates/lex)
    Checking purrdf-deflate v3.0.1 (/home/paudley/Active/purrdf/.worktrees/478-sparql-governor-governed-parallel-row/crates/deflate)
    Checking purrdf-iri v3.0.1 (/home/paudley/Active/purrdf/.worktrees/478-sparql-governor-governed-parallel-row/crates/iri)
    Checking purrdf-xsd v3.0.1 (/home/paudley/Active/purrdf/.worktrees/478-sparql-governor-governed-parallel-row/crates/xsd)
    Checking purrdf-stack v3.0.1 (/home/paudley/Active/purrdf/.worktrees/478-sparql-governor-governed-parallel-row/crates/stack)
    Checking purrdf-testkit v3.0.1 (/home/paudley/Active/purrdf/.worktrees/478-sparql-governor-governed-parallel-row/crates/testkit)
    Checking purrdf-cdt v3.0.1 (/home/paudley/Active/purrdf/.worktrees/478-sparql-governor-governed-parallel-row/crates/cdt)
    Checking purrdf-sparql-results v3.0.1 (/home/paudley/Active/purrdf/.worktrees/478-sparql-governor-governed-parallel-row/crates/sparql-results)
    Checking purrdf-sparql-algebra v3.0.1 (/home/paudley/Active/purrdf/.worktrees/478-sparql-governor-governed-parallel-row/crates/sparql-algebra)
    Checking purrdf-alloc-probe v3.0.1 (/home/paudley/Active/purrdf/.worktrees/478-sparql-governor-governed-parallel-row/crates/alloc-probe)
    Checking purrdf-sparql-eval v3.0.1 (/home/paudley/Active/purrdf/.worktrees/478-sparql-governor-governed-parallel-row/crates/sparql-eval)
error: temporary with significant `Drop` can be early dropped
   --> crates/sparql-eval/tests/support/governor_counts.rs:344:17
    |
336 |       let output = pool.broadcast(|context| {
    |  ___________________________________________-
337 | |         // Declare cleanup before the lock guard, so a panic drops the guard
338 | |         // before the selected callback tries to release the parked callbacks.
339 | |         let selected = context.index() == target;
...   |
344 | |         let mut arrival = gate.0.lock().expect("worker coverage rendezvous");
    | |                 ^^^^^^^
...   |
380 | |         Some((context.index(), value))
381 | |     });
    | |_____- temporary `arrival` is currently being dropped at the end of its contained scope
    |
    = note: this might lead to unnecessary resource contention
    = help: for further information visit https://rust-lang.github.io/rust-clippy/main/index.html#significant_drop_tightening
    = note: `-D clippy::significant-drop-tightening` implied by `-D warnings`
    = help: to override `-D warnings` add `#[allow(clippy::significant_drop_tightening)]`
help: drop the temporary after the end of its last usage
    |
356 ~             .expect("bounded selected/parked worker rendezvous");
357 +         drop(arrival);
    |

error: could not compile `purrdf-sparql-eval` (test "pack_query_e2e") due to 1 previous error
warning: build failed, waiting for other jobs to finish...
