    Checking purrdf-hash v3.0.1 (/home/paudley/Active/purrdf/.worktrees/478-sparql-governor-governed-parallel-row/crates/hash)
    Checking typenum v1.20.1
    Checking purrdf-lex v3.0.1 (/home/paudley/Active/purrdf/.worktrees/478-sparql-governor-governed-parallel-row/crates/lex)
    Checking hybrid-array v0.4.15
    Checking block-buffer v0.12.1
    Checking crypto-common v0.2.2
    Checking cfg-if v1.0.4
    Checking regex-syntax v0.8.11
    Checking const-oid v0.10.2
    Checking digest v0.11.3
    Checking purrdf-iri v3.0.1 (/home/paudley/Active/purrdf/.worktrees/478-sparql-governor-governed-parallel-row/crates/iri)
    Checking purrdf-xsd v3.0.1 (/home/paudley/Active/purrdf/.worktrees/478-sparql-governor-governed-parallel-row/crates/xsd)
    Checking crossbeam-utils v0.8.21
    Checking cpufeatures v0.3.0
    Checking purrdf-events v3.0.1 (/home/paudley/Active/purrdf/.worktrees/478-sparql-governor-governed-parallel-row/crates/rdf-events)
    Checking crossbeam-epoch v0.9.18
    Checking purrdf-cdt v3.0.1 (/home/paudley/Active/purrdf/.worktrees/478-sparql-governor-governed-parallel-row/crates/cdt)
    Checking sha2 v0.11.0
    Checking regex-automata v0.4.14
   Compiling purrdf-core v3.0.1 (/home/paudley/Active/purrdf/.worktrees/478-sparql-governor-governed-parallel-row/crates/rdf-core)
    Checking crossbeam-deque v0.8.6
    Checking libc v0.2.186
    Checking regex v1.12.4
    Checking purrdf-deflate v3.0.1 (/home/paudley/Active/purrdf/.worktrees/478-sparql-governor-governed-parallel-row/crates/deflate)
    Checking hashbrown v0.17.1
    Checking rayon-core v1.13.0
    Checking either v1.16.0
    Checking rayon v1.12.0
    Checking getrandom v0.3.4
    Checking purrdf-stack v3.0.1 (/home/paudley/Active/purrdf/.worktrees/478-sparql-governor-governed-parallel-row/crates/stack)
    Checking purrdf-sparql-algebra v3.0.1 (/home/paudley/Active/purrdf/.worktrees/478-sparql-governor-governed-parallel-row/crates/sparql-algebra)
    Checking purrdf-testkit v3.0.1 (/home/paudley/Active/purrdf/.worktrees/478-sparql-governor-governed-parallel-row/crates/testkit)
    Checking purrdf-sparql-results v3.0.1 (/home/paudley/Active/purrdf/.worktrees/478-sparql-governor-governed-parallel-row/crates/sparql-results)
    Checking purrdf-sparql-eval v3.0.1 (/home/paudley/Active/purrdf/.worktrees/478-sparql-governor-governed-parallel-row/crates/sparql-eval)
    Checking purrdf-alloc-probe v3.0.1 (/home/paudley/Active/purrdf/.worktrees/478-sparql-governor-governed-parallel-row/crates/alloc-probe)
    Finished `dev` profile [optimized + debuginfo] target(s) in 2.11s
