    Checking purrdf-hash v3.0.1 (/home/paudley/Active/purrdf/.worktrees/478-sparql-governor-governed-parallel-row/crates/hash)
   Compiling wasm-bindgen-shared v0.2.125
    Checking typenum v1.20.1
   Compiling proc-macro2 v1.0.106
   Compiling unicode-ident v1.0.24
    Checking purrdf-lex v3.0.1 (/home/paudley/Active/purrdf/.worktrees/478-sparql-governor-governed-parallel-row/crates/lex)
    Checking hybrid-array v0.4.15
   Compiling crossbeam-utils v0.8.21
   Compiling quote v1.0.46
   Compiling rustversion v1.0.22
    Checking block-buffer v0.12.1
    Checking crypto-common v0.2.2
    Checking cfg-if v1.0.4
    Checking purrdf-xsd v3.0.1 (/home/paudley/Active/purrdf/.worktrees/478-sparql-governor-governed-parallel-row/crates/xsd)
    Checking purrdf-iri v3.0.1 (/home/paudley/Active/purrdf/.worktrees/478-sparql-governor-governed-parallel-row/crates/iri)
    Checking const-oid v0.10.2
    Checking purrdf-events v3.0.1 (/home/paudley/Active/purrdf/.worktrees/478-sparql-governor-governed-parallel-row/crates/rdf-events)
    Checking regex-syntax v0.8.11
    Checking purrdf-cdt v3.0.1 (/home/paudley/Active/purrdf/.worktrees/478-sparql-governor-governed-parallel-row/crates/cdt)
    Checking digest v0.11.3
    Checking crossbeam-epoch v0.9.18
   Compiling syn v2.0.118
    Checking regex-automata v0.4.14
   Compiling purrdf-core v3.0.1 (/home/paudley/Active/purrdf/.worktrees/478-sparql-governor-governed-parallel-row/crates/rdf-core)
   Compiling rayon-core v1.13.0
   Compiling bumpalo v3.20.3
   Compiling wasm-bindgen-macro-support v0.2.125
   Compiling wasm-bindgen v0.2.125
    Checking crossbeam-deque v0.8.6
    Checking sha2 v0.11.0
    Checking purrdf-deflate v3.0.1 (/home/paudley/Active/purrdf/.worktrees/478-sparql-governor-governed-parallel-row/crates/deflate)
    Checking regex v1.12.4
    Checking hashbrown v0.17.1
   Compiling wasm-bindgen-macro v0.2.125
    Checking once_cell v1.21.4
    Checking either v1.16.0
    Checking rayon v1.12.0
    Checking purrdf-sparql-algebra v3.0.1 (/home/paudley/Active/purrdf/.worktrees/478-sparql-governor-governed-parallel-row/crates/sparql-algebra)
    Checking purrdf-stack v3.0.1 (/home/paudley/Active/purrdf/.worktrees/478-sparql-governor-governed-parallel-row/crates/stack)
    Checking purrdf-sparql-results v3.0.1 (/home/paudley/Active/purrdf/.worktrees/478-sparql-governor-governed-parallel-row/crates/sparql-results)
    Checking purrdf-sparql-eval v3.0.1 (/home/paudley/Active/purrdf/.worktrees/478-sparql-governor-governed-parallel-row/crates/sparql-eval)
    Finished `release` profile [optimized] target(s) in 14.74s
