    Blocking waiting for file lock on package cache
    Blocking waiting for file lock on package cache
   Compiling typenum v1.20.1
   Compiling purrdf-hash v3.0.1 (/home/paudley/Active/purrdf/.worktrees/478-sparql-governor-governed-parallel-row/crates/hash)
   Compiling cpufeatures v0.3.0
   Compiling cfg-if v1.0.4
   Compiling const-oid v0.10.2
   Compiling purrdf-events v3.0.1 (/home/paudley/Active/purrdf/.worktrees/478-sparql-governor-governed-parallel-row/crates/rdf-events)
   Compiling regex-syntax v0.8.11
   Compiling crossbeam-utils v0.8.21
   Compiling purrdf-core v3.0.1 (/home/paudley/Active/purrdf/.worktrees/478-sparql-governor-governed-parallel-row/crates/rdf-core)
   Compiling hashbrown v0.17.1
   Compiling rayon-core v1.13.0
   Compiling either v1.16.0
   Compiling libc v0.2.186
   Compiling getrandom v0.3.4
   Compiling cmov v0.5.4
   Compiling cpubits v0.1.1
   Compiling fastrand v2.4.1
   Compiling twox-hash v2.1.2
   Compiling proc-macro2 v1.0.106
   Compiling visual-hashing v1.0.0
   Compiling quote v1.0.46
   Compiling unicode-ident v1.0.24
   Compiling utf8parse v0.2.2
   Compiling is_terminal_polyfill v1.70.2
   Compiling anstyle-query v1.1.5
   Compiling anstyle v1.0.14
   Compiling colorchoice v1.0.5
   Compiling heck v0.5.0
   Compiling clap_lex v1.1.0
   Compiling strsim v0.11.1
   Compiling ctutils v0.4.2
   Compiling structured-zstd v0.0.49
   Compiling anstyle-parse v1.0.0
   Compiling anstream v1.0.0
   Compiling crossbeam-epoch v0.9.18
   Compiling regex-automata v0.4.14
   Compiling purrdf-lex v3.0.1 (/home/paudley/Active/purrdf/.worktrees/478-sparql-governor-governed-parallel-row/crates/lex)
   Compiling purrdf-deflate v3.0.1 (/home/paudley/Active/purrdf/.worktrees/478-sparql-governor-governed-parallel-row/crates/deflate)
   Compiling hybrid-array v0.4.15
   Compiling clap_builder v4.6.0
   Compiling crypto-common v0.2.2
   Compiling block-buffer v0.12.1
   Compiling inout v0.2.2
   Compiling purrdf-stack v3.0.1 (/home/paudley/Active/purrdf/.worktrees/478-sparql-governor-governed-parallel-row/crates/stack)
   Compiling syn v2.0.118
   Compiling purrdf-iri v3.0.1 (/home/paudley/Active/purrdf/.worktrees/478-sparql-governor-governed-parallel-row/crates/iri)
   Compiling purrdf-xsd v3.0.1 (/home/paudley/Active/purrdf/.worktrees/478-sparql-governor-governed-parallel-row/crates/xsd)
   Compiling crossbeam-deque v0.8.6
   Compiling regex v1.12.4
   Compiling digest v0.11.3
   Compiling cipher v0.5.2
   Compiling universal-hash v0.6.1
   Compiling aead v0.6.1
   Compiling polyval v0.7.3
   Compiling sha2 v0.11.0
   Compiling purrdf-cdt v3.0.1 (/home/paudley/Active/purrdf/.worktrees/478-sparql-governor-governed-parallel-row/crates/cdt)
   Compiling rayon v1.12.0
   Compiling ctr v0.10.1
   Compiling aes v0.9.3
   Compiling ghash v0.6.0
   Compiling clap_derive v4.6.1
   Compiling purrdf-ed25519 v3.0.1 (/home/paudley/Active/purrdf/.worktrees/478-sparql-governor-governed-parallel-row/crates/ed25519)
   Compiling purrdf-sparql-algebra v3.0.1 (/home/paudley/Active/purrdf/.worktrees/478-sparql-governor-governed-parallel-row/crates/sparql-algebra)
   Compiling aes-gcm v0.11.1
   Compiling purrdf-gts v3.0.1 (/home/paudley/Active/purrdf/.worktrees/478-sparql-governor-governed-parallel-row/crates/gts)
   Compiling clap v4.6.1
   Compiling purrdf-sparql-results v3.0.1 (/home/paudley/Active/purrdf/.worktrees/478-sparql-governor-governed-parallel-row/crates/sparql-results)
   Compiling purrdf-datalog v3.0.1 (/home/paudley/Active/purrdf/.worktrees/478-sparql-governor-governed-parallel-row/crates/datalog)
   Compiling purrdf-markdown v3.0.1 (/home/paudley/Active/purrdf/.worktrees/478-sparql-governor-governed-parallel-row/crates/markdown)
   Compiling purrdf-shex v3.0.1 (/home/paudley/Active/purrdf/.worktrees/478-sparql-governor-governed-parallel-row/crates/shex)
   Compiling purrdf-json v3.0.1 (/home/paudley/Active/purrdf/.worktrees/478-sparql-governor-governed-parallel-row/crates/json)
   Compiling purrdf-columnar v3.0.1 (/home/paudley/Active/purrdf/.worktrees/478-sparql-governor-governed-parallel-row/crates/columnar)
   Compiling purrdf-sparql-eval v3.0.1 (/home/paudley/Active/purrdf/.worktrees/478-sparql-governor-governed-parallel-row/crates/sparql-eval)
   Compiling purrdf-entail v3.0.1 (/home/paudley/Active/purrdf/.worktrees/478-sparql-governor-governed-parallel-row/crates/entail)
   Compiling purrdf-rdf v3.0.1 (/home/paudley/Active/purrdf/.worktrees/478-sparql-governor-governed-parallel-row/crates/rdf)
   Compiling purrdf-text v3.0.1 (/home/paudley/Active/purrdf/.worktrees/478-sparql-governor-governed-parallel-row/crates/text)
   Compiling purrdf-hnsw v3.0.1 (/home/paudley/Active/purrdf/.worktrees/478-sparql-governor-governed-parallel-row/crates/hnsw)
   Compiling purrdf-geo v3.0.1 (/home/paudley/Active/purrdf/.worktrees/478-sparql-governor-governed-parallel-row/crates/geo)
   Compiling purrdf-retrieval v3.0.1 (/home/paudley/Active/purrdf/.worktrees/478-sparql-governor-governed-parallel-row/crates/retrieval)
   Compiling purrdf-slice v3.0.1 (/home/paudley/Active/purrdf/.worktrees/478-sparql-governor-governed-parallel-row/crates/slice)
   Compiling purrdf-shapes v3.0.1 (/home/paudley/Active/purrdf/.worktrees/478-sparql-governor-governed-parallel-row/crates/shapes)
   Compiling purrdf-validate v3.0.1 (/home/paudley/Active/purrdf/.worktrees/478-sparql-governor-governed-parallel-row/crates/validate)
   Compiling purrdf v3.0.1 (/home/paudley/Active/purrdf/.worktrees/478-sparql-governor-governed-parallel-row/crates/purrdf)
   Compiling purrdf-cli v3.0.1 (/home/paudley/Active/purrdf/.worktrees/478-sparql-governor-governed-parallel-row/crates/cli)
    Finished `release` profile [optimized] target(s) in 5m 18s
