2026-10-08T12:50:22.9985130Z Current runner version: '2.337.0'
2026-10-08T12:50:23.0011577Z ##[group]Runner Image Provisioner
2026-10-08T12:50:23.0012578Z Hosted Compute Agent
2026-10-08T12:50:23.0013220Z Version: 20261002.596
2026-10-08T12:50:23.0013933Z Commit: c3d12f3313a95f25162a1503be624f3b0617f8c0
2026-10-08T12:50:23.0014772Z Build Date: 2026-10-02T22:28:27Z
2026-10-08T12:50:23.0015487Z Worker ID: {c14f336e-21ec-4d2e-bd54-e20c38f0f2b6}
2026-10-08T12:50:23.0016214Z Region: westus
2026-10-08T12:50:23.0016843Z Cloud: Azure
2026-10-08T12:50:23.0017414Z ##[endgroup]
2026-10-08T12:50:23.0019017Z ##[group]Operating System
2026-10-08T12:50:23.0019907Z Ubuntu
2026-10-08T12:50:23.0020444Z 24.04.5
2026-10-08T12:50:23.0021058Z LTS
2026-10-08T12:50:23.0021595Z ##[endgroup]
2026-10-08T12:50:23.0022255Z ##[group]Runner Image
2026-10-08T12:50:23.0022905Z Image: ubuntu-24.04
2026-10-08T12:50:23.0023498Z Version: 20261004.327.1
2026-10-08T12:50:23.0024821Z Included Software: https://github.com/actions/runner-images/blob/ubuntu24/20261004.327/images/ubuntu/Ubuntu2404-Readme.md
2026-10-08T12:50:23.0026477Z Image Release: https://github.com/actions/runner-images/releases/tag/ubuntu24%2F20261004.327
2026-10-08T12:50:23.0027556Z ##[endgroup]
2026-10-08T12:50:23.0028798Z ##[group]GITHUB_TOKEN Permissions
2026-10-08T12:50:23.0030942Z Contents: read
2026-10-08T12:50:23.0031606Z Metadata: read
2026-10-08T12:50:23.0032313Z ##[endgroup]
2026-10-08T12:50:23.0034378Z Secret source: Actions
2026-10-08T12:50:23.0035421Z Cache mode: write
2026-10-08T12:50:23.0036129Z Prepare workflow directory
2026-10-08T12:50:23.0372165Z Prepare all required actions
2026-10-08T12:50:23.0422487Z Getting action download info
2026-10-08T12:50:23.4054800Z Download action repository 'actions/checkout@9c091bb21b7c1c1d1991bb908d89e4e9dddfe3e0' (SHA:9c091bb21b7c1c1d1991bb908d89e4e9dddfe3e0)
2026-10-08T12:50:23.5530280Z Download action repository 'dtolnay/rust-toolchain@29eef336d9b2848a0b548edc03f92a220660cdb8' (SHA:29eef336d9b2848a0b548edc03f92a220660cdb8)
2026-10-08T12:50:23.8942344Z Complete job name: wasm
2026-10-08T12:50:23.9770904Z ##[group]Run actions/checkout@9c091bb21b7c1c1d1991bb908d89e4e9dddfe3e0
2026-10-08T12:50:23.9772452Z with:
2026-10-08T12:50:23.9773047Z   persist-credentials: false
2026-10-08T12:50:23.9773775Z   repository: Blackcat-Informatics/purrdf
2026-10-08T12:50:23.9778930Z   token: ***
2026-10-08T12:50:23.9779593Z   ssh-strict: true
2026-10-08T12:50:23.9780099Z   ssh-user: git
2026-10-08T12:50:23.9780581Z   clean: true
2026-10-08T12:50:23.9781091Z   sparse-checkout-cone-mode: true
2026-10-08T12:50:23.9781691Z   fetch-depth: 1
2026-10-08T12:50:23.9782186Z   fetch-tags: false
2026-10-08T12:50:23.9782697Z   show-progress: true
2026-10-08T12:50:23.9783205Z   lfs: false
2026-10-08T12:50:23.9783680Z   submodules: false
2026-10-08T12:50:23.9784209Z   set-safe-directory: true
2026-10-08T12:50:23.9784787Z   allow-unsafe-pr-checkout: false
2026-10-08T12:50:23.9785640Z ##[endgroup]
2026-10-08T12:50:24.0795218Z Syncing repository: Blackcat-Informatics/purrdf
2026-10-08T12:50:24.0797344Z ##[group]Getting Git version info
2026-10-08T12:50:24.0798107Z Working directory is '/home/runner/work/purrdf/purrdf'
2026-10-08T12:50:24.0799216Z [command]/usr/bin/git version
2026-10-08T12:50:24.0891204Z git version 2.55.0
2026-10-08T12:50:24.0914146Z ##[endgroup]
2026-10-08T12:50:24.0933699Z Temporarily overriding HOME='/home/runner/work/_temp/c434f2bd-a052-466d-aec1-3e924d5b0022' before making global git config changes
2026-10-08T12:50:24.0936154Z Adding repository directory to the temporary git global config as a safe directory
2026-10-08T12:50:24.0940747Z [command]/usr/bin/git config --global --add safe.directory /home/runner/work/purrdf/purrdf
2026-10-08T12:50:24.0992215Z Deleting the contents of '/home/runner/work/purrdf/purrdf'
2026-10-08T12:50:24.0997111Z ##[group]Determining repository object format
2026-10-08T12:50:24.0998880Z ##[endgroup]
2026-10-08T12:50:24.1003632Z ##[group]Initializing the repository
2026-10-08T12:50:24.1005345Z [command]/usr/bin/git init /home/runner/work/purrdf/purrdf
2026-10-08T12:50:24.1144603Z hint: Using 'master' as the name for the initial branch. This default branch name
2026-10-08T12:50:24.1146446Z hint: will change to "main" in Git 3.0. To configure the initial branch name
2026-10-08T12:50:24.1148169Z hint: to use in all of your new repositories, which will suppress this warning,
2026-10-08T12:50:24.1149785Z hint: call:
2026-10-08T12:50:24.1150517Z hint:
2026-10-08T12:50:24.1151494Z hint: 	git config --global init.defaultBranch <name>
2026-10-08T12:50:24.1152693Z hint:
2026-10-08T12:50:24.1153835Z hint: Names commonly chosen instead of 'master' are 'main', 'trunk' and
2026-10-08T12:50:24.1155626Z hint: 'development'. The just-created branch can be renamed via this command:
2026-10-08T12:50:24.1157091Z hint:
2026-10-08T12:50:24.1157879Z hint: 	git branch -m <name>
2026-10-08T12:50:24.1158752Z hint:
2026-10-08T12:50:24.1160145Z hint: Disable this message with "git config set advice.defaultBranchName false"
2026-10-08T12:50:24.1162102Z Initialized empty Git repository in /home/runner/work/purrdf/purrdf/.git/
2026-10-08T12:50:24.1165121Z [command]/usr/bin/git remote add origin https://github.com/Blackcat-Informatics/purrdf
2026-10-08T12:50:24.1224534Z ##[endgroup]
2026-10-08T12:50:24.1225894Z ##[group]Disabling automatic garbage collection
2026-10-08T12:50:24.1228669Z [command]/usr/bin/git config --local gc.auto 0
2026-10-08T12:50:24.1261392Z ##[endgroup]
2026-10-08T12:50:24.1262907Z ##[group]Setting up auth
2026-10-08T12:50:24.1263947Z Removing SSH command configuration
2026-10-08T12:50:24.1268349Z [command]/usr/bin/git config --local --name-only --get-regexp core\.sshCommand
2026-10-08T12:50:24.1301614Z [command]/usr/bin/git submodule foreach --recursive sh -c "git config --local --name-only --get-regexp 'core\.sshCommand' && git config --local --unset-all 'core.sshCommand' || :"
2026-10-08T12:50:24.1683251Z Removing HTTP extra header
2026-10-08T12:50:24.1689196Z [command]/usr/bin/git config --local --name-only --get-regexp http\.https\:\/\/github\.com\/\.extraheader
2026-10-08T12:50:24.1728490Z [command]/usr/bin/git submodule foreach --recursive sh -c "git config --local --name-only --get-regexp 'http\.https\:\/\/github\.com\/\.extraheader' && git config --local --unset-all 'http.https://github.com/.extraheader' || :"
2026-10-08T12:50:24.1943292Z Removing includeIf entries pointing to credentials config files
2026-10-08T12:50:24.1948087Z [command]/usr/bin/git config --local --name-only --get-regexp ^includeIf\.gitdir:
2026-10-08T12:50:24.1978169Z [command]/usr/bin/git submodule foreach --recursive git config --local --show-origin --name-only --get-regexp remote.origin.url
2026-10-08T12:50:24.2199278Z [command]/usr/bin/git config --file /home/runner/work/_temp/git-credentials-b731b859-9861-4f31-aa4c-06f8655e810a.config http.https://github.com/.extraheader AUTHORIZATION: basic ***
2026-10-08T12:50:24.2235094Z [command]/usr/bin/git config --local includeIf.gitdir:/home/runner/work/purrdf/purrdf/.git.path /home/runner/work/_temp/git-credentials-b731b859-9861-4f31-aa4c-06f8655e810a.config
2026-10-08T12:50:24.2264086Z [command]/usr/bin/git config --local includeIf.gitdir:/home/runner/work/purrdf/purrdf/.git/worktrees/*.path /home/runner/work/_temp/git-credentials-b731b859-9861-4f31-aa4c-06f8655e810a.config
2026-10-08T12:50:24.2296378Z [command]/usr/bin/git config --local includeIf.gitdir:/github/workspace/.git.path /github/runner_temp/git-credentials-b731b859-9861-4f31-aa4c-06f8655e810a.config
2026-10-08T12:50:24.2328814Z [command]/usr/bin/git config --local includeIf.gitdir:/github/workspace/.git/worktrees/*.path /github/runner_temp/git-credentials-b731b859-9861-4f31-aa4c-06f8655e810a.config
2026-10-08T12:50:24.2356129Z ##[endgroup]
2026-10-08T12:50:24.2356918Z ##[group]Fetching the repository
2026-10-08T12:50:24.2363202Z [command]/usr/bin/git -c protocol.version=2 fetch --no-tags --prune --no-recurse-submodules --depth=1 origin +fbe76dc4823f1c9b412f60b7a7da597869321f77:refs/remotes/pull/462/merge
2026-10-08T12:50:26.2200824Z From https://github.com/Blackcat-Informatics/purrdf
2026-10-08T12:50:26.2203478Z  * [new ref]           fbe76dc4823f1c9b412f60b7a7da597869321f77 -> pull/462/merge
2026-10-08T12:50:26.2208050Z ##[endgroup]
2026-10-08T12:50:26.2209879Z ##[group]Determining the checkout info
2026-10-08T12:50:26.2212278Z ##[endgroup]
2026-10-08T12:50:26.2213587Z [command]/usr/bin/git sparse-checkout disable
2026-10-08T12:50:26.2264944Z [command]/usr/bin/git config --local --unset-all extensions.worktreeConfig
2026-10-08T12:50:26.2295195Z ##[group]Checking out the ref
2026-10-08T12:50:26.2297846Z [command]/usr/bin/git checkout --progress --force refs/remotes/pull/462/merge
2026-10-08T12:50:27.2484765Z Updating files:  60% (11105/18278)
2026-10-08T12:50:27.2547789Z Updating files:  61% (11150/18278)
2026-10-08T12:50:27.2793037Z Updating files:  62% (11333/18278)
2026-10-08T12:50:27.2932691Z Updating files:  63% (11516/18278)
2026-10-08T12:50:27.3105359Z Updating files:  64% (11698/18278)
2026-10-08T12:50:27.3168044Z Updating files:  65% (11881/18278)
2026-10-08T12:50:27.3244955Z Updating files:  66% (12064/18278)
2026-10-08T12:50:27.3320640Z Updating files:  67% (12247/18278)
2026-10-08T12:50:27.3387481Z Updating files:  68% (12430/18278)
2026-10-08T12:50:27.3453296Z Updating files:  69% (12612/18278)
2026-10-08T12:50:27.3516209Z Updating files:  70% (12795/18278)
2026-10-08T12:50:27.3584705Z Updating files:  71% (12978/18278)
2026-10-08T12:50:27.3645235Z Updating files:  72% (13161/18278)
2026-10-08T12:50:27.3712976Z Updating files:  73% (13343/18278)
2026-10-08T12:50:27.3778061Z Updating files:  74% (13526/18278)
2026-10-08T12:50:27.3843322Z Updating files:  75% (13709/18278)
2026-10-08T12:50:27.3906671Z Updating files:  76% (13892/18278)
2026-10-08T12:50:27.3971842Z Updating files:  77% (14075/18278)
2026-10-08T12:50:27.4036887Z Updating files:  78% (14257/18278)
2026-10-08T12:50:27.4113893Z Updating files:  79% (14440/18278)
2026-10-08T12:50:27.4175615Z Updating files:  80% (14623/18278)
2026-10-08T12:50:27.4237293Z Updating files:  81% (14806/18278)
2026-10-08T12:50:27.4300370Z Updating files:  82% (14988/18278)
2026-10-08T12:50:27.4387562Z Updating files:  83% (15171/18278)
2026-10-08T12:50:27.4452108Z Updating files:  84% (15354/18278)
2026-10-08T12:50:27.4517370Z Updating files:  85% (15537/18278)
2026-10-08T12:50:27.4585764Z Updating files:  86% (15720/18278)
2026-10-08T12:50:27.4650717Z Updating files:  87% (15902/18278)
2026-10-08T12:50:27.4712768Z Updating files:  88% (16085/18278)
2026-10-08T12:50:27.4805904Z Updating files:  89% (16268/18278)
2026-10-08T12:50:27.4873334Z Updating files:  90% (16451/18278)
2026-10-08T12:50:27.4941058Z Updating files:  91% (16633/18278)
2026-10-08T12:50:27.5011137Z Updating files:  92% (16816/18278)
2026-10-08T12:50:27.5082210Z Updating files:  93% (16999/18278)
2026-10-08T12:50:27.5152635Z Updating files:  94% (17182/18278)
2026-10-08T12:50:27.5225149Z Updating files:  95% (17365/18278)
2026-10-08T12:50:27.5300220Z Updating files:  96% (17547/18278)
2026-10-08T12:50:27.5375579Z Updating files:  97% (17730/18278)
2026-10-08T12:50:27.5453316Z Updating files:  98% (17913/18278)
2026-10-08T12:50:27.5526274Z Updating files:  99% (18096/18278)
2026-10-08T12:50:27.5527061Z Updating files: 100% (18278/18278)
2026-10-08T12:50:27.5527678Z Updating files: 100% (18278/18278), done.
2026-10-08T12:50:27.5703038Z Note: switching to 'refs/remotes/pull/462/merge'.
2026-10-08T12:50:27.5703818Z 
2026-10-08T12:50:27.5704491Z You are in 'detached HEAD' state. You can look around, make experimental
2026-10-08T12:50:27.5705350Z changes and commit them, and you can discard any commits you make in this
2026-10-08T12:50:27.5705905Z state without impacting any branches by switching back to a branch.
2026-10-08T12:50:27.5706220Z 
2026-10-08T12:50:27.5706452Z If you want to create a new branch to retain commits you create, you may
2026-10-08T12:50:27.5706968Z do so (now or later) by using -c with the switch command. Example:
2026-10-08T12:50:27.5707249Z 
2026-10-08T12:50:27.5707394Z   git switch -c <new-branch-name>
2026-10-08T12:50:27.5707592Z 
2026-10-08T12:50:27.5707766Z Or undo this operation with:
2026-10-08T12:50:27.5708213Z 
2026-10-08T12:50:27.5708349Z   git switch -
2026-10-08T12:50:27.5708506Z 
2026-10-08T12:50:27.5708793Z Turn off this advice by setting config variable advice.detachedHead to false
2026-10-08T12:50:27.5709150Z 
2026-10-08T12:50:27.5709749Z HEAD is now at fbe76dc4 Merge 44dbf5ceaba7908aee0f840e4227bf42b040f697 into 2eb04d61f3d65f34ec77b396b5d03c05c23fd5ee
2026-10-08T12:50:27.5751354Z ##[endgroup]
2026-10-08T12:50:27.5801782Z [command]/usr/bin/git log -1 --format=%H
2026-10-08T12:50:27.5886161Z fbe76dc4823f1c9b412f60b7a7da597869321f77
2026-10-08T12:50:27.5892708Z ##[group]Removing auth
2026-10-08T12:50:27.5893229Z Removing SSH command configuration
2026-10-08T12:50:27.5894076Z [command]/usr/bin/git config --local --name-only --get-regexp core\.sshCommand
2026-10-08T12:50:27.5896451Z [command]/usr/bin/git submodule foreach --recursive sh -c "git config --local --name-only --get-regexp 'core\.sshCommand' && git config --local --unset-all 'core.sshCommand' || :"
2026-10-08T12:50:27.6118391Z Removing HTTP extra header
2026-10-08T12:50:27.6122834Z [command]/usr/bin/git config --local --name-only --get-regexp http\.https\:\/\/github\.com\/\.extraheader
2026-10-08T12:50:27.6154747Z [command]/usr/bin/git submodule foreach --recursive sh -c "git config --local --name-only --get-regexp 'http\.https\:\/\/github\.com\/\.extraheader' && git config --local --unset-all 'http.https://github.com/.extraheader' || :"
2026-10-08T12:50:27.6386182Z Removing includeIf entries pointing to credentials config files
2026-10-08T12:50:27.6390237Z [command]/usr/bin/git config --local --name-only --get-regexp ^includeIf\.gitdir:
2026-10-08T12:50:27.6415952Z includeif.gitdir:/home/runner/work/purrdf/purrdf/.git.path
2026-10-08T12:50:27.6416891Z includeif.gitdir:/home/runner/work/purrdf/purrdf/.git/worktrees/*.path
2026-10-08T12:50:27.6417419Z includeif.gitdir:/github/workspace/.git.path
2026-10-08T12:50:27.6417862Z includeif.gitdir:/github/workspace/.git/worktrees/*.path
2026-10-08T12:50:27.6425275Z [command]/usr/bin/git config --local --get-all includeif.gitdir:/home/runner/work/purrdf/purrdf/.git.path
2026-10-08T12:50:27.6447970Z /home/runner/work/_temp/git-credentials-b731b859-9861-4f31-aa4c-06f8655e810a.config
2026-10-08T12:50:27.6456725Z [command]/usr/bin/git config --local --unset includeif.gitdir:/home/runner/work/purrdf/purrdf/.git.path /home/runner/work/_temp/git-credentials-b731b859-9861-4f31-aa4c-06f8655e810a.config
2026-10-08T12:50:27.6488453Z [command]/usr/bin/git config --local --get-all includeif.gitdir:/home/runner/work/purrdf/purrdf/.git/worktrees/*.path
2026-10-08T12:50:27.6509737Z /home/runner/work/_temp/git-credentials-b731b859-9861-4f31-aa4c-06f8655e810a.config
2026-10-08T12:50:27.6519082Z [command]/usr/bin/git config --local --unset includeif.gitdir:/home/runner/work/purrdf/purrdf/.git/worktrees/*.path /home/runner/work/_temp/git-credentials-b731b859-9861-4f31-aa4c-06f8655e810a.config
2026-10-08T12:50:27.6554930Z [command]/usr/bin/git config --local --get-all includeif.gitdir:/github/workspace/.git.path
2026-10-08T12:50:27.6580359Z /github/runner_temp/git-credentials-b731b859-9861-4f31-aa4c-06f8655e810a.config
2026-10-08T12:50:27.6588475Z [command]/usr/bin/git config --local --unset includeif.gitdir:/github/workspace/.git.path /github/runner_temp/git-credentials-b731b859-9861-4f31-aa4c-06f8655e810a.config
2026-10-08T12:50:27.6621498Z [command]/usr/bin/git config --local --get-all includeif.gitdir:/github/workspace/.git/worktrees/*.path
2026-10-08T12:50:27.6643303Z /github/runner_temp/git-credentials-b731b859-9861-4f31-aa4c-06f8655e810a.config
2026-10-08T12:50:27.6651591Z [command]/usr/bin/git config --local --unset includeif.gitdir:/github/workspace/.git/worktrees/*.path /github/runner_temp/git-credentials-b731b859-9861-4f31-aa4c-06f8655e810a.config
2026-10-08T12:50:27.6681602Z [command]/usr/bin/git submodule foreach --recursive git config --local --show-origin --name-only --get-regexp remote.origin.url
2026-10-08T12:50:27.6908540Z Removing credentials config '/home/runner/work/_temp/git-credentials-b731b859-9861-4f31-aa4c-06f8655e810a.config'
2026-10-08T12:50:27.6916747Z ##[endgroup]
2026-10-08T12:50:27.7245805Z ##[group]Run dtolnay/rust-toolchain@29eef336d9b2848a0b548edc03f92a220660cdb8
2026-10-08T12:50:27.7246314Z with:
2026-10-08T12:50:27.7246556Z   toolchain: nightly
2026-10-08T12:50:27.7246845Z   targets: wasm32-unknown-unknown
2026-10-08T12:50:27.7247151Z ##[endgroup]
2026-10-08T12:50:27.7342157Z ##[start-action display=Run : parse toolchain version;id=__dtolnay_rust-toolchain.parse]
2026-10-08T12:50:27.7391374Z ##[group]Run : parse toolchain version
2026-10-08T12:50:27.7391827Z [36;1m: parse toolchain version[0m
2026-10-08T12:50:27.7392156Z [36;1mif [[ -z $toolchain ]]; then[0m
2026-10-08T12:50:27.7392746Z [36;1m  # GitHub does not enforce `required: true` inputs itself. https://github.com/actions/runner/issues/1070[0m
2026-10-08T12:50:27.7393361Z [36;1m  echo "'toolchain' is a required input" >&2[0m
2026-10-08T12:50:27.7393710Z [36;1m  exit 1[0m
2026-10-08T12:50:27.7394118Z [36;1melif [[ $toolchain =~ ^stable' '[0-9]+' '(year|month|week|day)s?' 'ago$ ]]; then[0m
2026-10-08T12:50:27.7394620Z [36;1m  if [[ Linux == macOS ]]; then[0m
2026-10-08T12:50:27.7395208Z [36;1m    echo "toolchain=1.$((($(date -v-$(sed 's/stable \([0-9]*\) \(.\).*/\1\2/' <<< $toolchain) +%s)/60/60/24-16569)/7/6))" >> $GITHUB_OUTPUT[0m
2026-10-08T12:50:27.7395803Z [36;1m  else[0m
2026-10-08T12:50:27.7396266Z [36;1m    echo "toolchain=1.$((($(date --date "${toolchain#stable }" +%s)/60/60/24-16569)/7/6))" >> $GITHUB_OUTPUT[0m
2026-10-08T12:50:27.7396788Z [36;1m  fi[0m
2026-10-08T12:50:27.7397142Z [36;1melif [[ $toolchain =~ ^stable' 'minus' '[0-9]+' 'releases?$ ]]; then[0m
2026-10-08T12:50:27.7397733Z [36;1m  echo "toolchain=1.$((($(date +%s)/60/60/24-16569)/7/6-${toolchain//[^0-9]/}))" >> $GITHUB_OUTPUT[0m
2026-10-08T12:50:27.7398247Z [36;1melif [[ $toolchain =~ ^1\.[0-9]+$ ]]; then[0m
2026-10-08T12:50:27.7398827Z [36;1m  echo "toolchain=1.$((i=${toolchain#1.}, c=($(date +%s)/60/60/24-16569)/7/6, i+9*i*(10*i<=c)+90*i*(100*i<=c)))" >> $GITHUB_OUTPUT[0m
2026-10-08T12:50:27.7399555Z [36;1melse[0m
2026-10-08T12:50:27.7399854Z [36;1m  echo "toolchain=$toolchain" >> $GITHUB_OUTPUT[0m
2026-10-08T12:50:27.7400198Z [36;1mfi[0m
2026-10-08T12:50:27.7680750Z shell: /usr/bin/bash --noprofile --norc -e -o pipefail {0}
2026-10-08T12:50:27.7681234Z env:
2026-10-08T12:50:27.7681531Z   toolchain: nightly
2026-10-08T12:50:27.7681865Z ##[endgroup]
2026-10-08T12:50:27.7817319Z ##[end-action id=__dtolnay_rust-toolchain.parse;outcome=success;conclusion=success;duration_ms=47]
2026-10-08T12:50:27.7842020Z ##[start-action display=Run : construct rustup command line;id=__dtolnay_rust-toolchain.flags]
2026-10-08T12:50:27.7873365Z ##[group]Run : construct rustup command line
2026-10-08T12:50:27.7873754Z [36;1m: construct rustup command line[0m
2026-10-08T12:50:27.7874301Z [36;1mecho "targets=$(for t in ${targets//,/ }; do echo -n ' --target' $t; done)" >> $GITHUB_OUTPUT[0m
2026-10-08T12:50:27.7875036Z [36;1mecho "components=$(for c in ${components//,/ }; do echo -n ' --component' $c; done)" >> $GITHUB_OUTPUT[0m
2026-10-08T12:50:27.7875619Z [36;1mecho "downgrade=" >> $GITHUB_OUTPUT[0m
2026-10-08T12:50:27.7935114Z shell: /usr/bin/bash --noprofile --norc -e -o pipefail {0}
2026-10-08T12:50:27.7935530Z env:
2026-10-08T12:50:27.7935789Z   targets: wasm32-unknown-unknown
2026-10-08T12:50:27.7936095Z   components: 
2026-10-08T12:50:27.7936340Z ##[endgroup]
2026-10-08T12:50:27.8032341Z ##[end-action id=__dtolnay_rust-toolchain.flags;outcome=success;conclusion=success;duration_ms=18]
2026-10-08T12:50:27.8036337Z ##[start-action display=Run : set $CARGO_HOME;id=__dtolnay_rust-toolchain.__run]
2026-10-08T12:50:27.8113035Z ##[group]Run : set $CARGO_HOME
2026-10-08T12:50:27.8113349Z [36;1m: set $CARGO_HOME[0m
2026-10-08T12:50:27.8113723Z [36;1mecho CARGO_HOME=${CARGO_HOME:-"$HOME/.cargo"} >> $GITHUB_ENV[0m
2026-10-08T12:50:27.8170634Z shell: /usr/bin/bash --noprofile --norc -e -o pipefail {0}
2026-10-08T12:50:27.8171194Z ##[endgroup]
2026-10-08T12:50:27.8258154Z ##[end-action id=__dtolnay_rust-toolchain.__run;outcome=success;conclusion=success;duration_ms=22]
2026-10-08T12:50:27.8261102Z ##[start-action display=Run : install rustup if needed;id=__dtolnay_rust-toolchain.__run_2]
2026-10-08T12:50:27.8298538Z ##[group]Run : install rustup if needed
2026-10-08T12:50:27.8298901Z [36;1m: install rustup if needed[0m
2026-10-08T12:50:27.8299246Z [36;1mif ! command -v rustup &>/dev/null; then[0m
2026-10-08T12:50:27.8300431Z [36;1m  curl --proto '=https' --tlsv1.2 --retry 10 --retry-connrefused --location --silent --show-error --fail https://sh.rustup.rs | sh -s -- --default-toolchain none -y[0m
2026-10-08T12:50:27.8301230Z [36;1m  echo "$CARGO_HOME/bin" >> $GITHUB_PATH[0m
2026-10-08T12:50:27.8301559Z [36;1mfi[0m
2026-10-08T12:50:27.8357744Z shell: /usr/bin/bash --noprofile --norc -e -o pipefail {0}
2026-10-08T12:50:27.8358142Z env:
2026-10-08T12:50:27.8358406Z   CARGO_HOME: /home/runner/.cargo
2026-10-08T12:50:27.8358719Z ##[endgroup]
2026-10-08T12:50:27.8442886Z ##[end-action id=__dtolnay_rust-toolchain.__run_2;outcome=success;conclusion=success;duration_ms=18]
2026-10-08T12:50:27.8447284Z ##[start-action display=Run : install rustup if needed on windows;id=__dtolnay_rust-toolchain.__run_3]
2026-10-08T12:50:27.8454499Z ##[end-action id=__dtolnay_rust-toolchain.__run_3;outcome=skipped;conclusion=skipped;duration_ms=0]
2026-10-08T12:50:27.8458440Z ##[start-action display=rustup toolchain install nightly;id=__dtolnay_rust-toolchain.__run_4]
2026-10-08T12:50:27.8493916Z ##[group]Run rustup toolchain install nightly --target wasm32-unknown-unknown --profile minimal --no-self-update
2026-10-08T12:50:27.8494750Z [36;1mrustup toolchain install nightly --target wasm32-unknown-unknown --profile minimal --no-self-update[0m
2026-10-08T12:50:27.8550765Z shell: /usr/bin/bash --noprofile --norc -e -o pipefail {0}
2026-10-08T12:50:27.8551149Z env:
2026-10-08T12:50:27.8551391Z   CARGO_HOME: /home/runner/.cargo
2026-10-08T12:50:27.8551713Z   RUSTUP_PERMIT_COPY_RENAME: 1
2026-10-08T12:50:27.8551995Z ##[endgroup]
2026-10-08T12:50:27.9786420Z info: syncing channel updates for nightly-x86_64-unknown-linux-gnu
2026-10-08T12:50:28.2957223Z info: latest update on 2026-10-08 for version 1.101.0-nightly (1d81eb4ad 2026-10-07)
2026-10-08T12:50:28.2957927Z info: downloading 4 components
2026-10-08T12:50:37.9339167Z 
2026-10-08T12:50:37.9406043Z   nightly-x86_64-unknown-linux-gnu installed - rustc 1.101.0-nightly (1d81eb4ad 2026-10-07)
2026-10-08T12:50:37.9470007Z 
2026-10-08T12:50:37.9477679Z ##[end-action id=__dtolnay_rust-toolchain.__run_4;outcome=success;conclusion=success;duration_ms=10101]
2026-10-08T12:50:37.9485789Z ##[start-action display=Run rustup default nightly;id=__dtolnay_rust-toolchain.__run_5]
2026-10-08T12:50:37.9606002Z ##[group]Run rustup default nightly
2026-10-08T12:50:37.9606303Z [36;1mrustup default nightly[0m
2026-10-08T12:50:37.9669139Z shell: /usr/bin/bash --noprofile --norc -e -o pipefail {0}
2026-10-08T12:50:37.9669690Z env:
2026-10-08T12:50:37.9669910Z   CARGO_HOME: /home/runner/.cargo
2026-10-08T12:50:37.9670169Z ##[endgroup]
2026-10-08T12:50:37.9791566Z info: using existing install for nightly-x86_64-unknown-linux-gnu
2026-10-08T12:50:37.9846011Z info: default toolchain set to nightly-x86_64-unknown-linux-gnu
2026-10-08T12:50:37.9846413Z 
2026-10-08T12:50:37.9910868Z   nightly-x86_64-unknown-linux-gnu unchanged - rustc 1.101.0-nightly (1d81eb4ad 2026-10-07)
2026-10-08T12:50:37.9911583Z 
2026-10-08T12:50:37.9912392Z info: note that the toolchain 'nightly-x86_64-unknown-linux-gnu' is currently in use (overridden by '/home/runner/work/purrdf/purrdf/rust-toolchain.toml')
2026-10-08T12:50:37.9928753Z ##[end-action id=__dtolnay_rust-toolchain.__run_5;outcome=success;conclusion=success;duration_ms=44]
2026-10-08T12:50:37.9934403Z ##[start-action display=Run : create cachekey;id=__dtolnay_rust-toolchain.rustc-version]
2026-10-08T12:50:37.9966361Z ##[group]Run : create cachekey
2026-10-08T12:50:37.9966653Z [36;1m: create cachekey[0m
2026-10-08T12:50:37.9967609Z [36;1mDATE=$(rustc +nightly --version --verbose | sed -ne 's/^commit-date: \(20[0-9][0-9]\)-\([01][0-9]\)-\([0-3][0-9]\)$/\1\2\3/p')[0m
2026-10-08T12:50:37.9968282Z [36;1mHASH=$(rustc +nightly --version --verbose | sed -ne 's/^commit-hash: //p')[0m
2026-10-08T12:50:37.9968783Z [36;1mecho "cachekey=$(echo $DATE$HASH | head -c12)" >> $GITHUB_OUTPUT[0m
2026-10-08T12:50:38.0031632Z shell: /usr/bin/bash --noprofile --norc -e -o pipefail {0}
2026-10-08T12:50:38.0031993Z env:
2026-10-08T12:50:38.0032198Z   CARGO_HOME: /home/runner/.cargo
2026-10-08T12:50:38.0032476Z ##[endgroup]
2026-10-08T12:50:38.0358541Z ##[end-action id=__dtolnay_rust-toolchain.rustc-version;outcome=success;conclusion=success;duration_ms=42]
2026-10-08T12:50:38.0361644Z ##[start-action display=Run : disable incremental compilation;id=__dtolnay_rust-toolchain.__run_6]
2026-10-08T12:50:38.0392957Z ##[group]Run : disable incremental compilation
2026-10-08T12:50:38.0393320Z [36;1m: disable incremental compilation[0m
2026-10-08T12:50:38.0393684Z [36;1mif [ -z "${CARGO_INCREMENTAL+set}" ]; then[0m
2026-10-08T12:50:38.0394038Z [36;1m  echo CARGO_INCREMENTAL=0 >> $GITHUB_ENV[0m
2026-10-08T12:50:38.0394319Z [36;1mfi[0m
2026-10-08T12:50:38.0458785Z shell: /usr/bin/bash --noprofile --norc -e -o pipefail {0}
2026-10-08T12:50:38.0459143Z env:
2026-10-08T12:50:38.0459571Z   CARGO_HOME: /home/runner/.cargo
2026-10-08T12:50:38.0459836Z ##[endgroup]
2026-10-08T12:50:38.0550957Z ##[end-action id=__dtolnay_rust-toolchain.__run_6;outcome=success;conclusion=success;duration_ms=18]
2026-10-08T12:50:38.0553429Z ##[start-action display=Run : enable colors in Cargo output;id=__dtolnay_rust-toolchain.__run_7]
2026-10-08T12:50:38.0585932Z ##[group]Run : enable colors in Cargo output
2026-10-08T12:50:38.0586273Z [36;1m: enable colors in Cargo output[0m
2026-10-08T12:50:38.0586588Z [36;1mif [ -z "${CARGO_TERM_COLOR+set}" ]; then[0m
2026-10-08T12:50:38.0586932Z [36;1m  echo CARGO_TERM_COLOR=always >> $GITHUB_ENV[0m
2026-10-08T12:50:38.0587238Z [36;1mfi[0m
2026-10-08T12:50:38.0649105Z shell: /usr/bin/bash --noprofile --norc -e -o pipefail {0}
2026-10-08T12:50:38.0649721Z env:
2026-10-08T12:50:38.0649937Z   CARGO_HOME: /home/runner/.cargo
2026-10-08T12:50:38.0650194Z   CARGO_INCREMENTAL: 0
2026-10-08T12:50:38.0650405Z ##[endgroup]
2026-10-08T12:50:38.0738672Z ##[end-action id=__dtolnay_rust-toolchain.__run_7;outcome=success;conclusion=success;duration_ms=18]
2026-10-08T12:50:38.0744571Z ##[start-action display=Run : enable Cargo sparse registry;id=__dtolnay_rust-toolchain.__run_8]
2026-10-08T12:50:38.0830085Z ##[group]Run : enable Cargo sparse registry
2026-10-08T12:50:38.0830429Z [36;1m: enable Cargo sparse registry[0m
2026-10-08T12:50:38.0830804Z [36;1m# implemented in 1.66, stabilized in 1.68, made default in 1.70[0m
2026-10-08T12:50:38.0831536Z [36;1mif [ -z "${CARGO_REGISTRIES_CRATES_IO_PROTOCOL+set}" -o -f "/home/runner/work/_temp"/.implicit_cargo_registries_crates_io_protocol ]; then[0m
2026-10-08T12:50:38.0832276Z [36;1m  if rustc +nightly --version --verbose | grep -q '^release: 1\.6[89]\.'; then[0m
2026-10-08T12:50:38.0832874Z [36;1m    touch "/home/runner/work/_temp"/.implicit_cargo_registries_crates_io_protocol || true[0m
2026-10-08T12:50:38.0833425Z [36;1m    echo CARGO_REGISTRIES_CRATES_IO_PROTOCOL=sparse >> $GITHUB_ENV[0m
2026-10-08T12:50:38.0833936Z [36;1m  elif rustc +nightly --version --verbose | grep -q '^release: 1\.6[67]\.'; then[0m
2026-10-08T12:50:38.0834525Z [36;1m    touch "/home/runner/work/_temp"/.implicit_cargo_registries_crates_io_protocol || true[0m
2026-10-08T12:50:38.0835046Z [36;1m    echo CARGO_REGISTRIES_CRATES_IO_PROTOCOL=git >> $GITHUB_ENV[0m
2026-10-08T12:50:38.0835391Z [36;1m  fi[0m
2026-10-08T12:50:38.0835586Z [36;1mfi[0m
2026-10-08T12:50:38.0895955Z shell: /usr/bin/bash --noprofile --norc -e -o pipefail {0}
2026-10-08T12:50:38.0896311Z env:
2026-10-08T12:50:38.0896521Z   CARGO_HOME: /home/runner/.cargo
2026-10-08T12:50:38.0896779Z   CARGO_INCREMENTAL: 0
2026-10-08T12:50:38.0897184Z   CARGO_TERM_COLOR: always
2026-10-08T12:50:38.0897419Z ##[endgroup]
2026-10-08T12:50:38.1217838Z ##[end-action id=__dtolnay_rust-toolchain.__run_8;outcome=success;conclusion=success;duration_ms=47]
2026-10-08T12:50:38.1222875Z ##[start-action display=Run : work around spurious network errors in curl 8.0;id=__dtolnay_rust-toolchain.__run_9]
2026-10-08T12:50:38.1255443Z ##[group]Run : work around spurious network errors in curl 8.0
2026-10-08T12:50:38.1255889Z [36;1m: work around spurious network errors in curl 8.0[0m
2026-10-08T12:50:38.1256482Z [36;1m# https://rust-lang.zulipchat.com/#narrow/stream/246057-t-cargo/topic/timeout.20investigation[0m
2026-10-08T12:50:38.1257152Z [36;1mif rustc +nightly --version --verbose | grep -q '^release: 1\.7[01]\.'; then[0m
2026-10-08T12:50:38.1257620Z [36;1m  echo CARGO_HTTP_MULTIPLEXING=false >> $GITHUB_ENV[0m
2026-10-08T12:50:38.1257936Z [36;1mfi[0m
2026-10-08T12:50:38.1323499Z shell: /usr/bin/bash --noprofile --norc -e -o pipefail {0}
2026-10-08T12:50:38.1323881Z env:
2026-10-08T12:50:38.1324098Z   CARGO_HOME: /home/runner/.cargo
2026-10-08T12:50:38.1324394Z   CARGO_INCREMENTAL: 0
2026-10-08T12:50:38.1324638Z   CARGO_TERM_COLOR: always
2026-10-08T12:50:38.1324881Z ##[endgroup]
2026-10-08T12:50:38.1525593Z ##[end-action id=__dtolnay_rust-toolchain.__run_9;outcome=success;conclusion=success;duration_ms=30]
2026-10-08T12:50:38.1529998Z ##[start-action display=Run rustc +nightly --version --verbose;id=__dtolnay_rust-toolchain.__run_10]
2026-10-08T12:50:38.1560562Z ##[group]Run rustc +nightly --version --verbose
2026-10-08T12:50:38.1560944Z [36;1mrustc +nightly --version --verbose[0m
2026-10-08T12:50:38.1624223Z shell: /usr/bin/bash --noprofile --norc -e -o pipefail {0}
2026-10-08T12:50:38.1624576Z env:
2026-10-08T12:50:38.1624788Z   CARGO_HOME: /home/runner/.cargo
2026-10-08T12:50:38.1625048Z   CARGO_INCREMENTAL: 0
2026-10-08T12:50:38.1625276Z   CARGO_TERM_COLOR: always
2026-10-08T12:50:38.1625504Z ##[endgroup]
2026-10-08T12:50:38.1807049Z rustc 1.101.0-nightly (1d81eb4ad 2026-10-07)
2026-10-08T12:50:38.1807752Z binary: rustc
2026-10-08T12:50:38.1808315Z commit-hash: 1d81eb4ad9cd207e3e638bd32b17ec4fce8412a6
2026-10-08T12:50:38.1808897Z commit-date: 2026-10-07
2026-10-08T12:50:38.1809192Z host: x86_64-unknown-linux-gnu
2026-10-08T12:50:38.1809933Z release: 1.101.0-nightly
2026-10-08T12:50:38.1810416Z LLVM version: 23.1.3
2026-10-08T12:50:38.1824218Z ##[end-action id=__dtolnay_rust-toolchain.__run_10;outcome=success;conclusion=success;duration_ms=29]
2026-10-08T12:50:38.1928317Z Prepare all required actions
2026-10-08T12:50:38.1928893Z Getting action download info
2026-10-08T12:50:38.3286710Z Download action repository 'Swatinem/rust-cache@c19371144df3bb44fab255c43d04cbc2ab54d1c4' (SHA:c19371144df3bb44fab255c43d04cbc2ab54d1c4)
2026-10-08T12:50:39.2406677Z ##[group]Run ./.github/actions/wasm-toolchain
2026-10-08T12:50:39.2407061Z env:
2026-10-08T12:50:39.2407321Z   CARGO_HOME: /home/runner/.cargo
2026-10-08T12:50:39.2407655Z   CARGO_INCREMENTAL: 0
2026-10-08T12:50:39.2407955Z   CARGO_TERM_COLOR: always
2026-10-08T12:50:39.2408246Z ##[endgroup]
2026-10-08T12:50:39.2414753Z ##[start-action display=Add the wasm32 target;id=__self.__run]
2026-10-08T12:50:39.2447591Z ##[group]Run rustup target add wasm32-unknown-unknown
2026-10-08T12:50:39.2447974Z [36;1mrustup target add wasm32-unknown-unknown[0m
2026-10-08T12:50:39.2509802Z shell: /usr/bin/bash --noprofile --norc -e -o pipefail {0}
2026-10-08T12:50:39.2510148Z env:
2026-10-08T12:50:39.2510396Z   CARGO_HOME: /home/runner/.cargo
2026-10-08T12:50:39.2510660Z   CARGO_INCREMENTAL: 0
2026-10-08T12:50:39.2510890Z   CARGO_TERM_COLOR: always
2026-10-08T12:50:39.2511116Z ##[endgroup]
2026-10-08T12:50:39.3129972Z info: syncing channel updates for nightly-x86_64-unknown-linux-gnu
2026-10-08T12:50:39.4086567Z info: latest update on 2026-10-08 for version 1.101.0-nightly (1d81eb4ad 2026-10-07)
2026-10-08T12:50:39.4218102Z info: component rust-std for target wasm32-unknown-unknown is up to date
2026-10-08T12:50:39.4222631Z info: downloading 3 components
2026-10-08T12:50:42.0658435Z info: component rust-std for target wasm32-unknown-unknown is up to date
2026-10-08T12:50:42.0740361Z ##[end-action id=__self.__run;outcome=success;conclusion=success;duration_ms=2832]
2026-10-08T12:50:42.0743685Z ##[start-action display=Cache the Rust build;id=__self.__Swatinem_rust-cache]
2026-10-08T12:50:42.0797760Z ##[group]Run Swatinem/rust-cache@c19371144df3bb44fab255c43d04cbc2ab54d1c4
2026-10-08T12:50:42.0798128Z with:
2026-10-08T12:50:42.0798340Z   key: wasm-toolchain
2026-10-08T12:50:42.0798556Z   prefix-key: v0-rust
2026-10-08T12:50:42.0798769Z   add-job-id-key: true
2026-10-08T12:50:42.0799014Z   add-rust-environment-hash-key: true
2026-10-08T12:50:42.0799277Z   cache-targets: true
2026-10-08T12:50:42.0799825Z   cache-all-crates: false
2026-10-08T12:50:42.0800082Z   cache-workspace-crates: false
2026-10-08T12:50:42.0800325Z   save-if: true
2026-10-08T12:50:42.0800525Z   cache-provider: github
2026-10-08T12:50:42.0800747Z   cache-bin: true
2026-10-08T12:50:42.0800959Z   lookup-only: false
2026-10-08T12:50:42.0801162Z   cmd-format: {0}
2026-10-08T12:50:42.0801343Z env:
2026-10-08T12:50:42.0801534Z   CARGO_HOME: /home/runner/.cargo
2026-10-08T12:50:42.0801775Z   CARGO_INCREMENTAL: 0
2026-10-08T12:50:42.0801986Z   CARGO_TERM_COLOR: always
2026-10-08T12:50:42.0802204Z ##[endgroup]
2026-10-08T12:50:42.3639301Z (node:2519) [DEP0040] DeprecationWarning: The `punycode` module is deprecated. Please use a userland alternative instead.
2026-10-08T12:50:42.3641152Z (Use `node --trace-deprecation ...` to show where the warning was created)
2026-10-08T12:50:45.4993648Z ##[group]Cache Configuration
2026-10-08T12:50:45.4994237Z Cache Provider:
2026-10-08T12:50:45.4994613Z     github
2026-10-08T12:50:45.4995144Z Workspaces:
2026-10-08T12:50:45.4995534Z     /home/runner/work/purrdf/purrdf
2026-10-08T12:50:45.4995983Z Cache Paths:
2026-10-08T12:50:45.4996267Z     /home/runner/.cargo/bin
2026-10-08T12:50:45.4996756Z     /home/runner/.cargo/.crates.toml
2026-10-08T12:50:45.4997305Z     /home/runner/.cargo/.crates2.json
2026-10-08T12:50:45.4998039Z     /home/runner/.cargo/registry
2026-10-08T12:50:45.4998298Z     /home/runner/.cargo/git
2026-10-08T12:50:45.4998549Z     /home/runner/work/purrdf/purrdf/target
2026-10-08T12:50:45.4998836Z Restore Key:
2026-10-08T12:50:45.4999088Z     v0-rust-wasm-toolchain-wasm-Linux-x64-ef9e25b4
2026-10-08T12:50:45.4999584Z Cache Key:
2026-10-08T12:50:45.4999856Z     v0-rust-wasm-toolchain-wasm-Linux-x64-ef9e25b4-9efe9e1c
2026-10-08T12:50:45.5000703Z .. Prefix:
2026-10-08T12:50:45.5000966Z   - v0-rust-wasm-toolchain-wasm-Linux-x64
2026-10-08T12:50:45.5001289Z .. Environment considered:
2026-10-08T12:50:45.5001521Z   - Rust Versions:
2026-10-08T12:50:45.5001887Z     - 1.101.0-nightly x86_64-unknown-linux-gnu 1d81eb4ad9cd207e3e638bd32b17ec4fce8412a6
2026-10-08T12:50:45.5002418Z     - 1.99.0 x86_64-unknown-linux-gnu b940084d7eb6a299eb4bfeb8e34901bc051e7ac4
2026-10-08T12:50:45.5002928Z     - 1.101.0-nightly x86_64-unknown-linux-gnu 1d81eb4ad9cd207e3e638bd32b17ec4fce8412a6
2026-10-08T12:50:45.5003520Z   - CARGO_HOME
2026-10-08T12:50:45.5003721Z   - CARGO_INCREMENTAL
2026-10-08T12:50:45.5003935Z   - CARGO_TERM_COLOR
2026-10-08T12:50:45.5004143Z .. Lockfiles considered:
2026-10-08T12:50:45.5004446Z   - /home/runner/work/purrdf/purrdf/bindings/python/Cargo.toml
2026-10-08T12:50:45.5005154Z   - /home/runner/work/purrdf/purrdf/bindings/python/rust-toolchain.toml
2026-10-08T12:50:45.5005563Z   - /home/runner/work/purrdf/purrdf/Cargo.lock
2026-10-08T12:50:45.5005933Z   - /home/runner/work/purrdf/purrdf/crates/alloc-probe/Cargo.toml
2026-10-08T12:50:45.5006339Z   - /home/runner/work/purrdf/purrdf/crates/bench/Cargo.toml
2026-10-08T12:50:45.5006715Z   - /home/runner/work/purrdf/purrdf/crates/cdt/Cargo.toml
2026-10-08T12:50:45.5007070Z   - /home/runner/work/purrdf/purrdf/crates/cli/Cargo.toml
2026-10-08T12:50:45.5007445Z   - /home/runner/work/purrdf/purrdf/crates/columnar/Cargo.toml
2026-10-08T12:50:45.5007908Z   - /home/runner/work/purrdf/purrdf/crates/conformance-kit/Cargo.toml
2026-10-08T12:50:45.5008917Z   - /home/runner/work/purrdf/purrdf/crates/datalog/Cargo.toml
2026-10-08T12:50:45.5009342Z   - /home/runner/work/purrdf/purrdf/crates/deflate/Cargo.toml
2026-10-08T12:50:45.5009870Z   - /home/runner/work/purrdf/purrdf/crates/ed25519/Cargo.toml
2026-10-08T12:50:45.5010248Z   - /home/runner/work/purrdf/purrdf/crates/entail/Cargo.toml
2026-10-08T12:50:45.5010663Z   - /home/runner/work/purrdf/purrdf/crates/envelope-probe/Cargo.toml
2026-10-08T12:50:45.5011131Z   - /home/runner/work/purrdf/purrdf/crates/geo/Cargo.toml
2026-10-08T12:50:45.5011771Z   - /home/runner/work/purrdf/purrdf/crates/gts/Cargo.toml
2026-10-08T12:50:45.5012451Z   - /home/runner/work/purrdf/purrdf/crates/hash-conformance/Cargo.toml
2026-10-08T12:50:45.5012906Z   - /home/runner/work/purrdf/purrdf/crates/hash/Cargo.toml
2026-10-08T12:50:45.5013300Z   - /home/runner/work/purrdf/purrdf/crates/helper-census/Cargo.toml
2026-10-08T12:50:45.5013692Z   - /home/runner/work/purrdf/purrdf/crates/hnsw/Cargo.toml
2026-10-08T12:50:45.5014049Z   - /home/runner/work/purrdf/purrdf/crates/iri/Cargo.toml
2026-10-08T12:50:45.5014399Z   - /home/runner/work/purrdf/purrdf/crates/json/Cargo.toml
2026-10-08T12:50:45.5014894Z   - /home/runner/work/purrdf/purrdf/crates/jsonschema/Cargo.toml
2026-10-08T12:50:45.5015404Z   - /home/runner/work/purrdf/purrdf/crates/lex/Cargo.toml
2026-10-08T12:50:45.5015991Z   - /home/runner/work/purrdf/purrdf/crates/markdown/Cargo.toml
2026-10-08T12:50:45.5016470Z   - /home/runner/work/purrdf/purrdf/crates/purrdf/Cargo.toml
2026-10-08T12:50:45.5016991Z   - /home/runner/work/purrdf/purrdf/crates/rdf-capi/Cargo.toml
2026-10-08T12:50:45.5017373Z   - /home/runner/work/purrdf/purrdf/crates/rdf-core/Cargo.toml
2026-10-08T12:50:45.5017761Z   - /home/runner/work/purrdf/purrdf/crates/rdf-events/Cargo.toml
2026-10-08T12:50:45.5018251Z   - /home/runner/work/purrdf/purrdf/crates/rdf-wasm/Cargo.toml
2026-10-08T12:50:45.5018747Z   - /home/runner/work/purrdf/purrdf/crates/rdf/Cargo.toml
2026-10-08T12:50:45.5019516Z   - /home/runner/work/purrdf/purrdf/crates/retrieval/Cargo.toml
2026-10-08T12:50:45.5020118Z   - /home/runner/work/purrdf/purrdf/crates/shapes/Cargo.toml
2026-10-08T12:50:45.5020528Z   - /home/runner/work/purrdf/purrdf/crates/shex/Cargo.toml
2026-10-08T12:50:45.5020900Z   - /home/runner/work/purrdf/purrdf/crates/slice/Cargo.toml
2026-10-08T12:50:45.5021300Z   - /home/runner/work/purrdf/purrdf/crates/sparql-algebra/Cargo.toml
2026-10-08T12:50:45.5022162Z   - /home/runner/work/purrdf/purrdf/crates/sparql-conformance/Cargo.toml
2026-10-08T12:50:45.5022825Z   - /home/runner/work/purrdf/purrdf/crates/sparql-eval/Cargo.toml
2026-10-08T12:50:45.5023451Z   - /home/runner/work/purrdf/purrdf/crates/sparql-results/Cargo.toml
2026-10-08T12:50:45.5023863Z   - /home/runner/work/purrdf/purrdf/crates/stack/Cargo.toml
2026-10-08T12:50:45.5024241Z   - /home/runner/work/purrdf/purrdf/crates/testkit/Cargo.toml
2026-10-08T12:50:45.5024819Z   - /home/runner/work/purrdf/purrdf/crates/text/Cargo.toml
2026-10-08T12:50:45.5025259Z   - /home/runner/work/purrdf/purrdf/crates/validate/Cargo.toml
2026-10-08T12:50:45.5025798Z   - /home/runner/work/purrdf/purrdf/crates/wasm-link/Cargo.toml
2026-10-08T12:50:45.5026172Z   - /home/runner/work/purrdf/purrdf/crates/xsd/Cargo.toml
2026-10-08T12:50:45.5026533Z   - /home/runner/work/purrdf/purrdf/rust-toolchain.toml
2026-10-08T12:50:45.5027039Z ##[endgroup]
2026-10-08T12:50:45.5027159Z 
2026-10-08T12:50:45.5027248Z ... Restoring cache ...
2026-10-08T12:50:45.7694501Z Cache hit for restore-key: v0-rust-wasm-toolchain-wasm-Linux-x64-ef9e25b4-d0246166
2026-10-08T12:50:47.0349495Z Received 515521 of 29875649 (1.7%), 0.5 MBs/sec
2026-10-08T12:50:47.2587568Z Received 29875649 of 29875649 (100.0%), 23.3 MBs/sec
2026-10-08T12:50:47.2588716Z Cache Size: ~28 MB (29875649 B)
2026-10-08T12:50:47.2615970Z [command]/usr/bin/tar -xf /home/runner/work/_temp/67fc3b59-d208-47a0-a77e-1b1084db5b7a/cache.tzst -P -C /home/runner/work/purrdf/purrdf --use-compress-program unzstd
2026-10-08T12:50:47.4463962Z Cache restored successfully
2026-10-08T12:50:47.4481068Z Restored from cache key "v0-rust-wasm-toolchain-wasm-Linux-x64-ef9e25b4-d0246166" full match: false.
2026-10-08T12:50:47.4647751Z ##[end-action id=__self.__Swatinem_rust-cache;outcome=success;conclusion=success;duration_ms=5390]
2026-10-08T12:50:47.4651198Z ##[start-action display=Read the toolchain pins (single source of truth);id=__self.pins]
2026-10-08T12:50:47.4671891Z ##[group]Run set -euo pipefail
2026-10-08T12:50:47.4672208Z [36;1mset -euo pipefail[0m
2026-10-08T12:50:47.4672541Z [36;1mwb="$(grep -oP 'wasm-bindgen = "=\K[0-9.]+' Cargo.toml)"[0m
2026-10-08T12:50:47.4673052Z [36;1mtest -n "$wb" || { echo "could not read the wasm-bindgen pin from Cargo.toml"; exit 1; }[0m
2026-10-08T12:50:47.4673561Z [36;1mbn="$(grep -oP '^BINARYEN_VERSION := \K[0-9]+' Makefile)"[0m
2026-10-08T12:50:47.4674033Z [36;1mtest -n "$bn" || { echo "could not read BINARYEN_VERSION from Makefile"; exit 1; }[0m
2026-10-08T12:50:47.4674477Z [36;1mecho "wasm_bindgen=$wb" >> "$GITHUB_OUTPUT"[0m
2026-10-08T12:50:47.4674822Z [36;1mecho "binaryen=$bn" >> "$GITHUB_OUTPUT"[0m
2026-10-08T12:50:47.4735088Z shell: /usr/bin/bash --noprofile --norc -e -o pipefail {0}
2026-10-08T12:50:47.4735434Z env:
2026-10-08T12:50:47.4735638Z   CARGO_HOME: /home/runner/.cargo
2026-10-08T12:50:47.4735902Z   CARGO_INCREMENTAL: 0
2026-10-08T12:50:47.4736131Z   CARGO_TERM_COLOR: always
2026-10-08T12:50:47.4736365Z   CACHE_ON_FAILURE: false
2026-10-08T12:50:47.4736588Z ##[endgroup]
2026-10-08T12:50:47.4853382Z ##[end-action id=__self.pins;outcome=success;conclusion=success;duration_ms=20]
2026-10-08T12:50:47.4855918Z ##[start-action display=Install wasm-bindgen-cli (prebuilt, matched to the workspace pin);id=__self.__run_2]
2026-10-08T12:50:47.4876644Z ##[group]Run set -euo pipefail
2026-10-08T12:50:47.4876956Z [36;1mset -euo pipefail[0m
2026-10-08T12:50:47.4877194Z [36;1mver="0.2.125"[0m
2026-10-08T12:50:47.4877499Z [36;1mbase="wasm-bindgen-${ver}-x86_64-unknown-linux-musl"[0m
2026-10-08T12:50:47.4878047Z [36;1murl="https://github.com/rustwasm/wasm-bindgen/releases/download/${ver}/${base}.tar.gz"[0m
2026-10-08T12:50:47.4878555Z [36;1mcurl -fsSL "$url" -o /tmp/wb.tar.gz[0m
2026-10-08T12:50:47.4878917Z [36;1mcurl -fsSL "${url}.sha256sum" -o /tmp/wb.sha256[0m
2026-10-08T12:50:47.4879655Z [36;1mecho "$(awk '{print $1}' /tmp/wb.sha256)  /tmp/wb.tar.gz" | sha256sum -c -[0m
2026-10-08T12:50:47.4880196Z [36;1mmkdir -p /tmp/wb && tar -xzf /tmp/wb.tar.gz -C /tmp/wb --strip-components=1[0m
2026-10-08T12:50:47.4880904Z [36;1minstall -Dm0755 /tmp/wb/wasm-bindgen "$HOME/.cargo/bin/wasm-bindgen"[0m
2026-10-08T12:50:47.4881372Z [36;1mfound="$(wasm-bindgen --version | awk '{print $2}')"[0m
2026-10-08T12:50:47.4881903Z [36;1mtest "$found" = "$ver" || { echo "wasm-bindgen version mismatch: got $found, expected $ver"; exit 1; }[0m
2026-10-08T12:50:47.4882414Z [36;1mecho "wasm-bindgen $found installed"[0m
2026-10-08T12:50:47.4882830Z [36;1m# The same CLI is the wasm32 test runner's: scripts/wasm-test-runner.sh[0m
2026-10-08T12:50:47.4883330Z [36;1m# generates each wasm32 test binary's Node bindings with it, so[0m
2026-10-08T12:50:47.4883798Z [36;1m# `make wasm-test` and `make wasm-pkg-test` are held to this one[0m
2026-10-08T12:50:47.4884212Z [36;1m# wasm-bindgen pin rather than to a second one.[0m
2026-10-08T12:50:47.4940347Z shell: /usr/bin/bash --noprofile --norc -e -o pipefail {0}
2026-10-08T12:50:47.4940694Z env:
2026-10-08T12:50:47.4940899Z   CARGO_HOME: /home/runner/.cargo
2026-10-08T12:50:47.4941173Z   CARGO_INCREMENTAL: 0
2026-10-08T12:50:47.4941399Z   CARGO_TERM_COLOR: always
2026-10-08T12:50:47.4941638Z   CACHE_ON_FAILURE: false
2026-10-08T12:50:47.4941861Z ##[endgroup]
2026-10-08T12:50:48.3724187Z /tmp/wb.tar.gz: OK
2026-10-08T12:50:48.5944015Z wasm-bindgen 0.2.125 installed
2026-10-08T12:50:48.5952758Z ##[end-action id=__self.__run_2;outcome=success;conclusion=success;duration_ms=1109]
2026-10-08T12:50:48.5956635Z ##[start-action display=Install the pinned Binaryen validator and optimizer;id=__self.__self]
2026-10-08T12:50:48.5992502Z Prepare all required actions
2026-10-08T12:50:48.6049124Z ##[group]Run ./.github/actions/binaryen-toolchain
2026-10-08T12:50:48.6049943Z env:
2026-10-08T12:50:48.6050325Z   CARGO_HOME: /home/runner/.cargo
2026-10-08T12:50:48.6050811Z   CARGO_INCREMENTAL: 0
2026-10-08T12:50:48.6051242Z   CARGO_TERM_COLOR: always
2026-10-08T12:50:48.6051659Z   CACHE_ON_FAILURE: false
2026-10-08T12:50:48.6052049Z ##[endgroup]
2026-10-08T12:50:48.6057335Z ##[start-action display=Install binaryen (prebuilt, matched to BINARYEN_VERSION) and verify SIMD;id=__self.__self.__run]
2026-10-08T12:50:48.6086328Z ##[group]Run set -euo pipefail
2026-10-08T12:50:48.6086845Z [36;1mset -euo pipefail[0m
2026-10-08T12:50:48.6087409Z [36;1mver="$(grep -oP '^BINARYEN_VERSION := \K[0-9]+' Makefile)"[0m
2026-10-08T12:50:48.6088118Z [36;1mbase="binaryen-version_${ver}-x86_64-linux"[0m
2026-10-08T12:50:48.6089083Z [36;1murl="https://github.com/WebAssembly/binaryen/releases/download/version_${ver}/${base}.tar.gz"[0m
2026-10-08T12:50:48.6090292Z [36;1mcurl -fsSL "$url" -o /tmp/bn.tar.gz[0m
2026-10-08T12:50:48.6090901Z [36;1mcurl -fsSL "${url}.sha256" -o /tmp/bn.sha256[0m
2026-10-08T12:50:48.6091642Z [36;1mecho "$(awk '{print $1}' /tmp/bn.sha256)  /tmp/bn.tar.gz" | sha256sum -c -[0m
2026-10-08T12:50:48.6092655Z [36;1mmkdir -p /tmp/binaryen && tar -xzf /tmp/bn.tar.gz -C /tmp/binaryen --strip-components=1[0m
2026-10-08T12:50:48.6093570Z [36;1mecho "/tmp/binaryen/bin" >> "$GITHUB_PATH"[0m
2026-10-08T12:50:48.6094218Z [36;1mexport PATH="/tmp/binaryen/bin:$PATH"[0m
2026-10-08T12:50:48.6094911Z [36;1mfound="$(wasm-opt --version | grep -oE '[0-9]+' | head -1)"[0m
2026-10-08T12:50:48.6095904Z [36;1mtest "$found" = "$ver" || { echo "binaryen version mismatch: got $found, expected $ver"; exit 1; }[0m
2026-10-08T12:50:48.6096955Z [36;1mprintf '(module)\n' | wasm-opt --enable-simd -o /dev/null - \[0m
2026-10-08T12:50:48.6097876Z [36;1m  || { echo "FAIL: installed wasm-opt lacks --enable-simd support"; exit 1; }[0m
2026-10-08T12:50:48.6098856Z [36;1mecho "binaryen $found installed (wasm-opt --enable-simd verified)"[0m
2026-10-08T12:50:48.6188922Z shell: /usr/bin/bash --noprofile --norc -e -o pipefail {0}
2026-10-08T12:50:48.6189770Z env:
2026-10-08T12:50:48.6190150Z   CARGO_HOME: /home/runner/.cargo
2026-10-08T12:50:48.6190638Z   CARGO_INCREMENTAL: 0
2026-10-08T12:50:48.6191044Z   CARGO_TERM_COLOR: always
2026-10-08T12:50:48.6191470Z   CACHE_ON_FAILURE: false
2026-10-08T12:50:48.6192156Z ##[endgroup]
2026-10-08T12:50:50.1286117Z /tmp/bn.tar.gz: OK
2026-10-08T12:50:52.1147629Z warning: no passes specified, not doing any work
2026-10-08T12:50:52.1153042Z binaryen 130 installed (wasm-opt --enable-simd verified)
2026-10-08T12:50:52.1163562Z ##[end-action id=__self.__self.__run;outcome=success;conclusion=success;duration_ms=3510]
2026-10-08T12:50:52.1168227Z ##[end-action id=__self.__self;outcome=success;conclusion=success;duration_ms=3521]
2026-10-08T12:50:52.1199897Z ##[group]Run cargo build --locked --release --target wasm32-unknown-unknown --lib \
2026-10-08T12:50:52.1200578Z [36;1mcargo build --locked --release --target wasm32-unknown-unknown --lib \[0m
2026-10-08T12:50:52.1200998Z [36;1m  -p purrdf-events \[0m
2026-10-08T12:50:52.1201263Z [36;1m  -p purrdf-lex \[0m
2026-10-08T12:50:52.1201514Z [36;1m  -p purrdf-iri \[0m
2026-10-08T12:50:52.1201748Z [36;1m  -p purrdf-xsd \[0m
2026-10-08T12:50:52.1201977Z [36;1m  -p purrdf-cdt \[0m
2026-10-08T12:50:52.1202212Z [36;1m  -p purrdf-jsonschema \[0m
2026-10-08T12:50:52.1202480Z [36;1m  -p purrdf-hash \[0m
2026-10-08T12:50:52.1202732Z [36;1m  -p purrdf-deflate \[0m
2026-10-08T12:50:52.1202984Z [36;1m  -p purrdf-stack \[0m
2026-10-08T12:50:52.1203227Z [36;1m  -p purrdf-ed25519 \[0m
2026-10-08T12:50:52.1203472Z [36;1m  -p purrdf-gts \[0m
2026-10-08T12:50:52.1203712Z [36;1m  -p purrdf-core \[0m
2026-10-08T12:50:52.1203958Z [36;1m  -p purrdf-columnar \[0m
2026-10-08T12:50:52.1204252Z [36;1m  -p purrdf-datalog \[0m
2026-10-08T12:50:52.1204513Z [36;1m  -p purrdf-sparql-algebra \[0m
2026-10-08T12:50:52.1204983Z [36;1m  -p purrdf-sparql-results \[0m
2026-10-08T12:50:52.1205257Z [36;1m  -p purrdf-sparql-eval \[0m
2026-10-08T12:50:52.1205531Z [36;1m  -p purrdf-hnsw \[0m
2026-10-08T12:50:52.1205775Z [36;1m  -p purrdf-rdf \[0m
2026-10-08T12:50:52.1206019Z [36;1m  -p purrdf-markdown \[0m
2026-10-08T12:50:52.1206275Z [36;1m  -p purrdf-json \[0m
2026-10-08T12:50:52.1206524Z [36;1m  -p purrdf-slice \[0m
2026-10-08T12:50:52.1206771Z [36;1m  -p purrdf-shapes \[0m
2026-10-08T12:50:52.1207015Z [36;1m  -p purrdf-shex \[0m
2026-10-08T12:50:52.1207250Z [36;1m  -p purrdf-entail \[0m
2026-10-08T12:50:52.1207498Z [36;1m  -p purrdf-geo \[0m
2026-10-08T12:50:52.1207732Z [36;1m  -p purrdf-text \[0m
2026-10-08T12:50:52.1207976Z [36;1m  -p purrdf-retrieval \[0m
2026-10-08T12:50:52.1208238Z [36;1m  -p purrdf-validate \[0m
2026-10-08T12:50:52.1208507Z [36;1m  -p purrdf \[0m
2026-10-08T12:50:52.1208741Z [36;1m  -p purrdf-wasm \[0m
2026-10-08T12:50:52.1208990Z [36;1m  -p purrdf-bench[0m
2026-10-08T12:50:52.1273646Z shell: /usr/bin/bash -e {0}
2026-10-08T12:50:52.1273911Z env:
2026-10-08T12:50:52.1274114Z   CARGO_HOME: /home/runner/.cargo
2026-10-08T12:50:52.1274380Z   CARGO_INCREMENTAL: 0
2026-10-08T12:50:52.1274608Z   CARGO_TERM_COLOR: always
2026-10-08T12:50:52.1274848Z   CACHE_ON_FAILURE: false
2026-10-08T12:50:52.1275066Z ##[endgroup]
2026-10-08T12:50:52.2055977Z [1m[92m    Updating[0m crates.io index
2026-10-08T12:50:52.4767086Z [1m[92m   Compiling[0m hybrid-array v0.4.15
2026-10-08T12:50:52.4768093Z [1m[92m   Compiling[0m purrdf-hash v3.0.1 (/home/runner/work/purrdf/purrdf/crates/hash)
2026-10-08T12:50:52.4769124Z [1m[92m   Compiling[0m cfg-if v1.0.4
2026-10-08T12:50:52.4800596Z [1m[92m   Compiling[0m const-oid v0.10.2
2026-10-08T12:50:52.5124677Z [1m[92m   Compiling[0m purrdf-events v3.0.1 (/home/runner/work/purrdf/purrdf/crates/rdf-events)
2026-10-08T12:50:52.6108684Z [1m[92m   Compiling[0m crossbeam-utils v0.8.21
2026-10-08T12:50:52.6841868Z [1m[92m   Compiling[0m purrdf-core v3.0.1 (/home/runner/work/purrdf/purrdf/crates/rdf-core)
2026-10-08T12:50:52.9806079Z [1m[92m   Compiling[0m unicode-ident v1.0.24
2026-10-08T12:50:53.0350826Z [1m[92m   Compiling[0m proc-macro2 v1.0.106
2026-10-08T12:50:53.2010918Z [1m[92m   Compiling[0m crypto-common v0.2.2
2026-10-08T12:50:53.2211333Z [1m[92m   Compiling[0m block-buffer v0.12.1
2026-10-08T12:50:53.3291288Z [1m[92m   Compiling[0m purrdf-lex v3.0.1 (/home/runner/work/purrdf/purrdf/crates/lex)
2026-10-08T12:50:53.4850585Z [1m[92m   Compiling[0m purrdf-deflate v3.0.1 (/home/runner/work/purrdf/purrdf/crates/deflate)
2026-10-08T12:50:54.2580593Z [1m[92m   Compiling[0m digest v0.11.3
2026-10-08T12:50:54.3782863Z [1m[92m   Compiling[0m sha2 v0.11.0
2026-10-08T12:50:54.9740436Z [1m[92m   Compiling[0m crossbeam-epoch v0.9.18
2026-10-08T12:50:55.3055756Z [1m[92m   Compiling[0m crossbeam-deque v0.8.6
2026-10-08T12:50:55.5341154Z [1m[92m   Compiling[0m rayon-core v1.13.0
2026-10-08T12:50:55.9760984Z [1m[92m   Compiling[0m quote v1.0.46
2026-10-08T12:50:56.1610848Z [1m[92m   Compiling[0m rayon v1.12.0
2026-10-08T12:50:56.2441068Z [1m[92m   Compiling[0m wasm-bindgen-shared v0.2.125
2026-10-08T12:50:56.4291488Z [1m[92m   Compiling[0m syn v2.0.118
2026-10-08T12:50:56.5393357Z [1m[92m   Compiling[0m purrdf-iri v3.0.1 (/home/runner/work/purrdf/purrdf/crates/iri)
2026-10-08T12:50:59.1871795Z [1m[92m   Compiling[0m purrdf-xsd v3.0.1 (/home/runner/work/purrdf/purrdf/crates/xsd)
2026-10-08T12:50:59.3713189Z [1m[92m   Compiling[0m wasm-bindgen v0.2.125
2026-10-08T12:51:00.3864477Z [1m[92m   Compiling[0m wasm-bindgen-macro-support v0.2.125
2026-10-08T12:51:01.5976931Z [1m[92m   Compiling[0m purrdf-cdt v3.0.1 (/home/runner/work/purrdf/purrdf/crates/cdt)
2026-10-08T12:51:04.7008912Z [1m[92m   Compiling[0m wasm-bindgen-macro v0.2.125
2026-10-08T12:51:04.8801031Z [1m[92m   Compiling[0m inout v0.2.2
2026-10-08T12:51:05.9771514Z [1m[92m   Compiling[0m purrdf-sparql-algebra v3.0.1 (/home/runner/work/purrdf/purrdf/crates/sparql-algebra)
2026-10-08T12:51:06.5091873Z [1m[92m   Compiling[0m purrdf-stack v3.0.1 (/home/runner/work/purrdf/purrdf/crates/stack)
2026-10-08T12:51:06.6272039Z [1m[92m   Compiling[0m universal-hash v0.6.1
2026-10-08T12:51:06.6812019Z [1m[92m   Compiling[0m cipher v0.5.2
2026-10-08T12:51:06.7231515Z [1m[92m   Compiling[0m polyval v0.7.3
2026-10-08T12:51:06.8560800Z [1m[92m   Compiling[0m twox-hash v2.1.2
2026-10-08T12:51:06.9225645Z [1m[92m   Compiling[0m aes v0.9.3
2026-10-08T12:51:06.9330296Z [1m[92m   Compiling[0m ctr v0.10.1
2026-10-08T12:51:07.0671026Z [1m[92m   Compiling[0m structured-zstd v0.0.49
2026-10-08T12:51:07.2697930Z [1m[92m   Compiling[0m ghash v0.6.0
2026-10-08T12:51:07.3175886Z [1m[92m   Compiling[0m aead v0.6.1
2026-10-08T12:51:07.3933623Z [1m[92m   Compiling[0m aes-gcm v0.11.1
2026-10-08T12:51:07.4761331Z [1m[92m   Compiling[0m purrdf-ed25519 v3.0.1 (/home/runner/work/purrdf/purrdf/crates/ed25519)
2026-10-08T12:51:08.9801054Z [1m[92m   Compiling[0m visual-hashing v1.0.0
2026-10-08T12:51:09.2621295Z [1m[92m   Compiling[0m purrdf-jsonschema v3.0.1 (/home/runner/work/purrdf/purrdf/crates/jsonschema)
2026-10-08T12:51:14.5241202Z [1m[92m   Compiling[0m purrdf-gts v3.0.1 (/home/runner/work/purrdf/purrdf/crates/gts)
2026-10-08T12:51:22.2311442Z [1m[92m   Compiling[0m purrdf-sparql-results v3.0.1 (/home/runner/work/purrdf/purrdf/crates/sparql-results)
2026-10-08T12:51:23.7010405Z [1m[92m   Compiling[0m purrdf-sparql-eval v3.0.1 (/home/runner/work/purrdf/purrdf/crates/sparql-eval)
2026-10-08T12:51:26.3463590Z [1m[92m   Compiling[0m purrdf-datalog v3.0.1 (/home/runner/work/purrdf/purrdf/crates/datalog)
2026-10-08T12:51:45.4531220Z [1m[92m   Compiling[0m purrdf-rdf v3.0.1 (/home/runner/work/purrdf/purrdf/crates/rdf)
2026-10-08T12:51:50.2510872Z [1m[92m   Compiling[0m purrdf-text v3.0.1 (/home/runner/work/purrdf/purrdf/crates/text)
2026-10-08T12:52:04.8981302Z [1m[92m   Compiling[0m purrdf-slice v3.0.1 (/home/runner/work/purrdf/purrdf/crates/slice)
2026-10-08T12:52:14.0901262Z [1m[92m   Compiling[0m purrdf-shapes v3.0.1 (/home/runner/work/purrdf/purrdf/crates/shapes)
2026-10-08T12:52:22.7261040Z [1m[92m   Compiling[0m purrdf-entail v3.0.1 (/home/runner/work/purrdf/purrdf/crates/entail)
2026-10-08T12:52:44.0821091Z [1m[92m   Compiling[0m purrdf-validate v3.0.1 (/home/runner/work/purrdf/purrdf/crates/validate)
2026-10-08T12:52:56.1751608Z [1m[92m   Compiling[0m purrdf-retrieval v3.0.1 (/home/runner/work/purrdf/purrdf/crates/retrieval)
2026-10-08T12:53:01.6142414Z [1m[92m   Compiling[0m purrdf-hnsw v3.0.1 (/home/runner/work/purrdf/purrdf/crates/hnsw)
2026-10-08T12:53:05.7491922Z [1m[92m   Compiling[0m purrdf-geo v3.0.1 (/home/runner/work/purrdf/purrdf/crates/geo)
2026-10-08T12:53:08.8491897Z [1m[92m   Compiling[0m purrdf-markdown v3.0.1 (/home/runner/work/purrdf/purrdf/crates/markdown)
2026-10-08T12:53:12.2719288Z [1m[92m   Compiling[0m purrdf-shex v3.0.1 (/home/runner/work/purrdf/purrdf/crates/shex)
2026-10-08T12:53:13.4601375Z [1m[92m   Compiling[0m purrdf-json v3.0.1 (/home/runner/work/purrdf/purrdf/crates/json)
2026-10-08T12:53:14.6984511Z [1m[92m   Compiling[0m purrdf-columnar v3.0.1 (/home/runner/work/purrdf/purrdf/crates/columnar)
2026-10-08T12:53:20.4251071Z [1m[92m   Compiling[0m purrdf v3.0.1 (/home/runner/work/purrdf/purrdf/crates/purrdf)
2026-10-08T12:53:21.7421600Z [1m[92m   Compiling[0m purrdf-bench v3.0.1 (/home/runner/work/purrdf/purrdf/crates/bench)
2026-10-08T12:54:34.6368075Z [1m[92m   Compiling[0m purrdf-wasm v3.0.1 (/home/runner/work/purrdf/purrdf/crates/rdf-wasm)
2026-10-08T12:55:04.0642782Z [1m[92m    Finished[0m `release` profile [optimized] target(s) in 4m 11s
2026-10-08T12:55:04.1013218Z Post job cleanup.
2026-10-08T12:55:04.1017008Z ##[start-action display=Cache the Rust build;id=__300c4c9b-5229-4e72-8ca0-8170c40bf369.__Swatinem_rust-cache]
2026-10-08T12:55:04.1065217Z Post job cleanup.
2026-10-08T12:55:04.3911428Z ##[group]Cache Configuration
2026-10-08T12:55:04.3912161Z Cache Provider:
2026-10-08T12:55:04.3912499Z     github
2026-10-08T12:55:04.3912937Z Workspaces:
2026-10-08T12:55:04.3915461Z     /home/runner/work/purrdf/purrdf
2026-10-08T12:55:04.3916039Z Cache Paths:
2026-10-08T12:55:04.3916433Z     /home/runner/.cargo/bin
2026-10-08T12:55:04.3916957Z     /home/runner/.cargo/.crates.toml
2026-10-08T12:55:04.3917518Z     /home/runner/.cargo/.crates2.json
2026-10-08T12:55:04.3918093Z     /home/runner/.cargo/registry
2026-10-08T12:55:04.3918606Z     /home/runner/.cargo/git
2026-10-08T12:55:04.3919117Z     /home/runner/work/purrdf/purrdf/target
2026-10-08T12:55:04.3919926Z Restore Key:
2026-10-08T12:55:04.3920525Z     v0-rust-wasm-toolchain-wasm-Linux-x64-ef9e25b4
2026-10-08T12:55:04.3921159Z Cache Key:
2026-10-08T12:55:04.3921694Z     v0-rust-wasm-toolchain-wasm-Linux-x64-ef9e25b4-9efe9e1c
2026-10-08T12:55:04.3922369Z .. Prefix:
2026-10-08T12:55:04.3922812Z   - v0-rust-wasm-toolchain-wasm-Linux-x64
2026-10-08T12:55:04.3923275Z .. Environment considered:
2026-10-08T12:55:04.3923575Z   - Rust Versions:
2026-10-08T12:55:04.3924041Z     - 1.101.0-nightly x86_64-unknown-linux-gnu 1d81eb4ad9cd207e3e638bd32b17ec4fce8412a6
2026-10-08T12:55:04.3924749Z     - 1.99.0 x86_64-unknown-linux-gnu b940084d7eb6a299eb4bfeb8e34901bc051e7ac4
2026-10-08T12:55:04.3925420Z     - 1.101.0-nightly x86_64-unknown-linux-gnu 1d81eb4ad9cd207e3e638bd32b17ec4fce8412a6
2026-10-08T12:55:04.3925945Z   - CARGO_HOME
2026-10-08T12:55:04.3926202Z   - CARGO_INCREMENTAL
2026-10-08T12:55:04.3926479Z   - CARGO_TERM_COLOR
2026-10-08T12:55:04.3926754Z .. Lockfiles considered:
2026-10-08T12:55:04.3927152Z   - /home/runner/work/purrdf/purrdf/bindings/python/Cargo.toml
2026-10-08T12:55:04.3927700Z   - /home/runner/work/purrdf/purrdf/bindings/python/rust-toolchain.toml
2026-10-08T12:55:04.3928135Z   - /home/runner/work/purrdf/purrdf/Cargo.lock
2026-10-08T12:55:04.3928518Z   - /home/runner/work/purrdf/purrdf/crates/alloc-probe/Cargo.toml
2026-10-08T12:55:04.3928941Z   - /home/runner/work/purrdf/purrdf/crates/bench/Cargo.toml
2026-10-08T12:55:04.3929619Z   - /home/runner/work/purrdf/purrdf/crates/cdt/Cargo.toml
2026-10-08T12:55:04.3930068Z   - /home/runner/work/purrdf/purrdf/crates/cli/Cargo.toml
2026-10-08T12:55:04.3930460Z   - /home/runner/work/purrdf/purrdf/crates/columnar/Cargo.toml
2026-10-08T12:55:04.3930908Z   - /home/runner/work/purrdf/purrdf/crates/conformance-kit/Cargo.toml
2026-10-08T12:55:04.3931340Z   - /home/runner/work/purrdf/purrdf/crates/datalog/Cargo.toml
2026-10-08T12:55:04.3931736Z   - /home/runner/work/purrdf/purrdf/crates/deflate/Cargo.toml
2026-10-08T12:55:04.3932117Z   - /home/runner/work/purrdf/purrdf/crates/ed25519/Cargo.toml
2026-10-08T12:55:04.3932501Z   - /home/runner/work/purrdf/purrdf/crates/entail/Cargo.toml
2026-10-08T12:55:04.3932915Z   - /home/runner/work/purrdf/purrdf/crates/envelope-probe/Cargo.toml
2026-10-08T12:55:04.3933327Z   - /home/runner/work/purrdf/purrdf/crates/geo/Cargo.toml
2026-10-08T12:55:04.3933695Z   - /home/runner/work/purrdf/purrdf/crates/gts/Cargo.toml
2026-10-08T12:55:04.3934111Z   - /home/runner/work/purrdf/purrdf/crates/hash-conformance/Cargo.toml
2026-10-08T12:55:04.3934547Z   - /home/runner/work/purrdf/purrdf/crates/hash/Cargo.toml
2026-10-08T12:55:04.3934950Z   - /home/runner/work/purrdf/purrdf/crates/helper-census/Cargo.toml
2026-10-08T12:55:04.3935353Z   - /home/runner/work/purrdf/purrdf/crates/hnsw/Cargo.toml
2026-10-08T12:55:04.3935719Z   - /home/runner/work/purrdf/purrdf/crates/iri/Cargo.toml
2026-10-08T12:55:04.3936141Z   - /home/runner/work/purrdf/purrdf/crates/json/Cargo.toml
2026-10-08T12:55:04.3936529Z   - /home/runner/work/purrdf/purrdf/crates/jsonschema/Cargo.toml
2026-10-08T12:55:04.3936917Z   - /home/runner/work/purrdf/purrdf/crates/lex/Cargo.toml
2026-10-08T12:55:04.3938002Z   - /home/runner/work/purrdf/purrdf/crates/markdown/Cargo.toml
2026-10-08T12:55:04.3938500Z   - /home/runner/work/purrdf/purrdf/crates/purrdf/Cargo.toml
2026-10-08T12:55:04.3938912Z   - /home/runner/work/purrdf/purrdf/crates/rdf-capi/Cargo.toml
2026-10-08T12:55:04.3939934Z   - /home/runner/work/purrdf/purrdf/crates/rdf-core/Cargo.toml
2026-10-08T12:55:04.3940388Z   - /home/runner/work/purrdf/purrdf/crates/rdf-events/Cargo.toml
2026-10-08T12:55:04.3940829Z   - /home/runner/work/purrdf/purrdf/crates/rdf-wasm/Cargo.toml
2026-10-08T12:55:04.3941213Z   - /home/runner/work/purrdf/purrdf/crates/rdf/Cargo.toml
2026-10-08T12:55:04.3941605Z   - /home/runner/work/purrdf/purrdf/crates/retrieval/Cargo.toml
2026-10-08T12:55:04.3942006Z   - /home/runner/work/purrdf/purrdf/crates/shapes/Cargo.toml
2026-10-08T12:55:04.3942401Z   - /home/runner/work/purrdf/purrdf/crates/shex/Cargo.toml
2026-10-08T12:55:04.3942788Z   - /home/runner/work/purrdf/purrdf/crates/slice/Cargo.toml
2026-10-08T12:55:04.3943204Z   - /home/runner/work/purrdf/purrdf/crates/sparql-algebra/Cargo.toml
2026-10-08T12:55:04.3943670Z   - /home/runner/work/purrdf/purrdf/crates/sparql-conformance/Cargo.toml
2026-10-08T12:55:04.3944123Z   - /home/runner/work/purrdf/purrdf/crates/sparql-eval/Cargo.toml
2026-10-08T12:55:04.3944554Z   - /home/runner/work/purrdf/purrdf/crates/sparql-results/Cargo.toml
2026-10-08T12:55:04.3944959Z   - /home/runner/work/purrdf/purrdf/crates/stack/Cargo.toml
2026-10-08T12:55:04.3945340Z   - /home/runner/work/purrdf/purrdf/crates/testkit/Cargo.toml
2026-10-08T12:55:04.3945721Z   - /home/runner/work/purrdf/purrdf/crates/text/Cargo.toml
2026-10-08T12:55:04.3946100Z   - /home/runner/work/purrdf/purrdf/crates/validate/Cargo.toml
2026-10-08T12:55:04.3946501Z   - /home/runner/work/purrdf/purrdf/crates/wasm-link/Cargo.toml
2026-10-08T12:55:04.3946890Z   - /home/runner/work/purrdf/purrdf/crates/xsd/Cargo.toml
2026-10-08T12:55:04.3947256Z   - /home/runner/work/purrdf/purrdf/rust-toolchain.toml
2026-10-08T12:55:04.3947865Z ##[endgroup]
2026-10-08T12:55:04.3947980Z 
2026-10-08T12:55:04.3948823Z (node:3263) [DEP0040] DeprecationWarning: The `punycode` module is deprecated. Please use a userland alternative instead.
2026-10-08T12:55:04.3950019Z (Use `node --trace-deprecation ...` to show where the warning was created)
2026-10-08T12:55:04.6069379Z ... Cleaning /home/runner/work/purrdf/purrdf/target ...
2026-10-08T12:55:04.7206083Z ... Cleaning cargo registry (cache-all-crates: false) ...
2026-10-08T12:55:04.9576181Z ... Cleaning cargo/bin ...
2026-10-08T12:55:04.9607549Z ... Cleaning cargo git cache ...
2026-10-08T12:55:04.9611236Z ... Saving cache ...
2026-10-08T12:55:04.9780914Z [command]/usr/bin/tar --posix -cf cache.tzst --exclude cache.tzst -P -C /home/runner/work/purrdf/purrdf --files-from manifest.txt --use-compress-program zstdmt
2026-10-08T12:55:06.4693076Z Sent 19529728 of 29876381 (65.4%), 18.6 MBs/sec
2026-10-08T12:55:06.7423783Z Sent 29876381 of 29876381 (100.0%), 22.4 MBs/sec
2026-10-08T12:55:07.0099250Z ##[end-action id=__300c4c9b-5229-4e72-8ca0-8170c40bf369.__Swatinem_rust-cache;outcome=success;conclusion=success;duration_ms=2908]
2026-10-08T12:55:07.0186868Z Post job cleanup.
2026-10-08T12:55:07.1027922Z [command]/usr/bin/git version
2026-10-08T12:55:07.1066523Z git version 2.55.0
2026-10-08T12:55:07.1102547Z Temporarily overriding HOME='/home/runner/work/_temp/5b417ea5-a1d8-46d2-8cdc-7b3d3bace64d' before making global git config changes
2026-10-08T12:55:07.1103888Z Adding repository directory to the temporary git global config as a safe directory
2026-10-08T12:55:07.1108497Z [command]/usr/bin/git config --global --add safe.directory /home/runner/work/purrdf/purrdf
2026-10-08T12:55:07.1139744Z Removing SSH command configuration
2026-10-08T12:55:07.1146416Z [command]/usr/bin/git config --local --name-only --get-regexp core\.sshCommand
2026-10-08T12:55:07.1179940Z [command]/usr/bin/git submodule foreach --recursive sh -c "git config --local --name-only --get-regexp 'core\.sshCommand' && git config --local --unset-all 'core.sshCommand' || :"
2026-10-08T12:55:07.1415574Z Removing HTTP extra header
2026-10-08T12:55:07.1421088Z [command]/usr/bin/git config --local --name-only --get-regexp http\.https\:\/\/github\.com\/\.extraheader
2026-10-08T12:55:07.1453949Z [command]/usr/bin/git submodule foreach --recursive sh -c "git config --local --name-only --get-regexp 'http\.https\:\/\/github\.com\/\.extraheader' && git config --local --unset-all 'http.https://github.com/.extraheader' || :"
2026-10-08T12:55:07.1688108Z Removing includeIf entries pointing to credentials config files
2026-10-08T12:55:07.1694903Z [command]/usr/bin/git config --local --name-only --get-regexp ^includeIf\.gitdir:
2026-10-08T12:55:07.1730409Z [command]/usr/bin/git submodule foreach --recursive git config --local --show-origin --name-only --get-regexp remote.origin.url
2026-10-08T12:55:07.2105737Z Cleaning up orphan processes
