2026-10-08T13:23:37.6887369Z Current runner version: '2.337.0'
2026-10-08T13:23:37.6907728Z ##[group]Runner Image Provisioner
2026-10-08T13:23:37.6908473Z Hosted Compute Agent
2026-10-08T13:23:37.6908956Z Version: 20261002.596
2026-10-08T13:23:37.6909457Z Commit: c3d12f3313a95f25162a1503be624f3b0617f8c0
2026-10-08T13:23:37.6910125Z Build Date: 2026-10-02T22:28:27Z
2026-10-08T13:23:37.6910686Z Worker ID: {63b73c19-e124-41cc-bb09-8a9c973243f7}
2026-10-08T13:23:37.6911281Z Region: westus3
2026-10-08T13:23:37.6911750Z Cloud: Azure
2026-10-08T13:23:37.6912193Z ##[endgroup]
2026-10-08T13:23:37.6913350Z ##[group]Operating System
2026-10-08T13:23:37.6914147Z Ubuntu
2026-10-08T13:23:37.6914642Z 24.04.5
2026-10-08T13:23:37.6915084Z LTS
2026-10-08T13:23:37.6915554Z ##[endgroup]
2026-10-08T13:23:37.6916063Z ##[group]Runner Image
2026-10-08T13:23:37.6916545Z Image: ubuntu-24.04
2026-10-08T13:23:37.6916992Z Version: 20261004.327.1
2026-10-08T13:23:37.6918075Z Included Software: https://github.com/actions/runner-images/blob/ubuntu24/20261004.327/images/ubuntu/Ubuntu2404-Readme.md
2026-10-08T13:23:37.6919351Z Image Release: https://github.com/actions/runner-images/releases/tag/ubuntu24%2F20261004.327
2026-10-08T13:23:37.6920141Z ##[endgroup]
2026-10-08T13:23:37.6921084Z ##[group]GITHUB_TOKEN Permissions
2026-10-08T13:23:37.6922604Z Contents: read
2026-10-08T13:23:37.6923208Z Metadata: read
2026-10-08T13:23:37.6923845Z ##[endgroup]
2026-10-08T13:23:37.6925446Z Secret source: Actions
2026-10-08T13:23:37.6926249Z Cache mode: write
2026-10-08T13:23:37.6926835Z Prepare workflow directory
2026-10-08T13:23:37.8011957Z Prepare all required actions
2026-10-08T13:23:37.8065714Z Getting action download info
2026-10-08T13:23:38.1418893Z Download action repository 'actions/checkout@9c091bb21b7c1c1d1991bb908d89e4e9dddfe3e0' (SHA:9c091bb21b7c1c1d1991bb908d89e4e9dddfe3e0)
2026-10-08T13:23:38.7025185Z Download action repository 'dtolnay/rust-toolchain@29eef336d9b2848a0b548edc03f92a220660cdb8' (SHA:29eef336d9b2848a0b548edc03f92a220660cdb8)
2026-10-08T13:23:39.3210975Z Complete job name: cross-arch-riscv64 (determinism-serial)
2026-10-08T13:23:39.3920159Z ##[group]Run actions/checkout@9c091bb21b7c1c1d1991bb908d89e4e9dddfe3e0
2026-10-08T13:23:39.3921494Z with:
2026-10-08T13:23:39.3922176Z   persist-credentials: false
2026-10-08T13:23:39.3923024Z   repository: Blackcat-Informatics/purrdf
2026-10-08T13:23:39.3929927Z   token: ***
2026-10-08T13:23:39.3930609Z   ssh-strict: true
2026-10-08T13:23:39.3931302Z   ssh-user: git
2026-10-08T13:23:39.3931964Z   clean: true
2026-10-08T13:23:39.3932672Z   sparse-checkout-cone-mode: true
2026-10-08T13:23:39.3933995Z   fetch-depth: 1
2026-10-08T13:23:39.3934692Z   fetch-tags: false
2026-10-08T13:23:39.3935394Z   show-progress: true
2026-10-08T13:23:39.3936095Z   lfs: false
2026-10-08T13:23:39.3936739Z   submodules: false
2026-10-08T13:23:39.3937430Z   set-safe-directory: true
2026-10-08T13:23:39.3938210Z   allow-unsafe-pr-checkout: false
2026-10-08T13:23:39.3939341Z env:
2026-10-08T13:23:39.3940240Z   CARGO_TARGET_RISCV64GC_UNKNOWN_LINUX_GNU_LINKER: riscv64-linux-gnu-gcc
2026-10-08T13:23:39.3941843Z   CARGO_TARGET_RISCV64GC_UNKNOWN_LINUX_GNU_RUNNER: qemu-riscv64 -L /usr/riscv64-linux-gnu
2026-10-08T13:23:39.3943288Z   DETERMINISM_SERIAL: a_serial_insert_builds_a_different_graph
2026-10-08T13:23:39.3944709Z   DETERMINISM_ONE_WORKER: the_digest_is_identical_under_one_worker
2026-10-08T13:23:39.3946714Z   DETERMINISM_MORE_WORKERS: the_digest_is_identical_under_two_workers the_digest_is_identical_under_four_workers the_digest_is_identical_under_eight_workers
2026-10-08T13:23:39.3948521Z ##[endgroup]
2026-10-08T13:23:39.4756291Z Syncing repository: Blackcat-Informatics/purrdf
2026-10-08T13:23:39.4758400Z ##[group]Getting Git version info
2026-10-08T13:23:39.4759409Z Working directory is '/home/runner/work/purrdf/purrdf'
2026-10-08T13:23:39.4760865Z [command]/usr/bin/git version
2026-10-08T13:23:39.4808597Z git version 2.55.0
2026-10-08T13:23:39.4823426Z ##[endgroup]
2026-10-08T13:23:39.4831878Z Temporarily overriding HOME='/home/runner/work/_temp/46e8d3f7-8387-46ab-b99c-e460e0d75815' before making global git config changes
2026-10-08T13:23:39.4835604Z Adding repository directory to the temporary git global config as a safe directory
2026-10-08T13:23:39.4837700Z [command]/usr/bin/git config --global --add safe.directory /home/runner/work/purrdf/purrdf
2026-10-08T13:23:39.4870585Z Deleting the contents of '/home/runner/work/purrdf/purrdf'
2026-10-08T13:23:39.4873148Z ##[group]Determining repository object format
2026-10-08T13:23:39.4874783Z ##[endgroup]
2026-10-08T13:23:39.4875912Z ##[group]Initializing the repository
2026-10-08T13:23:39.4877537Z [command]/usr/bin/git init /home/runner/work/purrdf/purrdf
2026-10-08T13:23:39.4948622Z hint: Using 'master' as the name for the initial branch. This default branch name
2026-10-08T13:23:39.4950877Z hint: will change to "main" in Git 3.0. To configure the initial branch name
2026-10-08T13:23:39.4952459Z hint: to use in all of your new repositories, which will suppress this warning,
2026-10-08T13:23:39.4953577Z hint: call:
2026-10-08T13:23:39.4954469Z hint:
2026-10-08T13:23:39.4955575Z hint: 	git config --global init.defaultBranch <name>
2026-10-08T13:23:39.4956519Z hint:
2026-10-08T13:23:39.4957498Z hint: Names commonly chosen instead of 'master' are 'main', 'trunk' and
2026-10-08T13:23:39.4959171Z hint: 'development'. The just-created branch can be renamed via this command:
2026-10-08T13:23:39.4960295Z hint:
2026-10-08T13:23:39.4960936Z hint: 	git branch -m <name>
2026-10-08T13:23:39.4961681Z hint:
2026-10-08T13:23:39.4962798Z hint: Disable this message with "git config set advice.defaultBranchName false"
2026-10-08T13:23:39.4964939Z Initialized empty Git repository in /home/runner/work/purrdf/purrdf/.git/
2026-10-08T13:23:39.4967375Z [command]/usr/bin/git remote add origin https://github.com/Blackcat-Informatics/purrdf
2026-10-08T13:23:39.4998259Z ##[endgroup]
2026-10-08T13:23:39.4999645Z ##[group]Disabling automatic garbage collection
2026-10-08T13:23:39.5000961Z [command]/usr/bin/git config --local gc.auto 0
2026-10-08T13:23:39.5024955Z ##[endgroup]
2026-10-08T13:23:39.5026488Z ##[group]Setting up auth
2026-10-08T13:23:39.5027310Z Removing SSH command configuration
2026-10-08T13:23:39.5028997Z [command]/usr/bin/git config --local --name-only --get-regexp core\.sshCommand
2026-10-08T13:23:39.5053478Z [command]/usr/bin/git submodule foreach --recursive sh -c "git config --local --name-only --get-regexp 'core\.sshCommand' && git config --local --unset-all 'core.sshCommand' || :"
2026-10-08T13:23:39.5306895Z Removing HTTP extra header
2026-10-08T13:23:39.5311118Z [command]/usr/bin/git config --local --name-only --get-regexp http\.https\:\/\/github\.com\/\.extraheader
2026-10-08T13:23:39.5336128Z [command]/usr/bin/git submodule foreach --recursive sh -c "git config --local --name-only --get-regexp 'http\.https\:\/\/github\.com\/\.extraheader' && git config --local --unset-all 'http.https://github.com/.extraheader' || :"
2026-10-08T13:23:39.5509619Z Removing includeIf entries pointing to credentials config files
2026-10-08T13:23:39.5513077Z [command]/usr/bin/git config --local --name-only --get-regexp ^includeIf\.gitdir:
2026-10-08T13:23:39.5538072Z [command]/usr/bin/git submodule foreach --recursive git config --local --show-origin --name-only --get-regexp remote.origin.url
2026-10-08T13:23:39.5719485Z [command]/usr/bin/git config --file /home/runner/work/_temp/git-credentials-7d044d8b-187c-476c-88b6-f6d5448d5d60.config http.https://github.com/.extraheader AUTHORIZATION: basic ***
2026-10-08T13:23:39.5747830Z [command]/usr/bin/git config --local includeIf.gitdir:/home/runner/work/purrdf/purrdf/.git.path /home/runner/work/_temp/git-credentials-7d044d8b-187c-476c-88b6-f6d5448d5d60.config
2026-10-08T13:23:39.5772784Z [command]/usr/bin/git config --local includeIf.gitdir:/home/runner/work/purrdf/purrdf/.git/worktrees/*.path /home/runner/work/_temp/git-credentials-7d044d8b-187c-476c-88b6-f6d5448d5d60.config
2026-10-08T13:23:39.5801377Z [command]/usr/bin/git config --local includeIf.gitdir:/github/workspace/.git.path /github/runner_temp/git-credentials-7d044d8b-187c-476c-88b6-f6d5448d5d60.config
2026-10-08T13:23:39.5827334Z [command]/usr/bin/git config --local includeIf.gitdir:/github/workspace/.git/worktrees/*.path /github/runner_temp/git-credentials-7d044d8b-187c-476c-88b6-f6d5448d5d60.config
2026-10-08T13:23:39.5849838Z ##[endgroup]
2026-10-08T13:23:39.5850959Z ##[group]Fetching the repository
2026-10-08T13:23:39.5855144Z [command]/usr/bin/git -c protocol.version=2 fetch --no-tags --prune --no-recurse-submodules --depth=1 origin +fbe76dc4823f1c9b412f60b7a7da597869321f77:refs/remotes/pull/462/merge
2026-10-08T13:23:44.3682698Z From https://github.com/Blackcat-Informatics/purrdf
2026-10-08T13:23:44.3683997Z  * [new ref]           fbe76dc4823f1c9b412f60b7a7da597869321f77 -> pull/462/merge
2026-10-08T13:23:44.3686443Z ##[endgroup]
2026-10-08T13:23:44.3686829Z ##[group]Determining the checkout info
2026-10-08T13:23:44.3687358Z ##[endgroup]
2026-10-08T13:23:44.3691617Z [command]/usr/bin/git sparse-checkout disable
2026-10-08T13:23:44.3732611Z [command]/usr/bin/git config --local --unset-all extensions.worktreeConfig
2026-10-08T13:23:44.3756396Z ##[group]Checking out the ref
2026-10-08T13:23:44.3759777Z [command]/usr/bin/git checkout --progress --force refs/remotes/pull/462/merge
2026-10-08T13:23:45.3933185Z Updating files:  98% (17978/18278)
2026-10-08T13:23:45.4001763Z Updating files:  99% (18096/18278)
2026-10-08T13:23:45.4002208Z Updating files: 100% (18278/18278)
2026-10-08T13:23:45.4002568Z Updating files: 100% (18278/18278), done.
2026-10-08T13:23:45.4142074Z Note: switching to 'refs/remotes/pull/462/merge'.
2026-10-08T13:23:45.4142436Z 
2026-10-08T13:23:45.4142649Z You are in 'detached HEAD' state. You can look around, make experimental
2026-10-08T13:23:45.4143042Z changes and commit them, and you can discard any commits you make in this
2026-10-08T13:23:45.4143420Z state without impacting any branches by switching back to a branch.
2026-10-08T13:23:45.4143823Z 
2026-10-08T13:23:45.4144037Z If you want to create a new branch to retain commits you create, you may
2026-10-08T13:23:45.4144888Z do so (now or later) by using -c with the switch command. Example:
2026-10-08T13:23:45.4145136Z 
2026-10-08T13:23:45.4145240Z   git switch -c <new-branch-name>
2026-10-08T13:23:45.4145407Z 
2026-10-08T13:23:45.4145532Z Or undo this operation with:
2026-10-08T13:23:45.4145667Z 
2026-10-08T13:23:45.4145751Z   git switch -
2026-10-08T13:23:45.4145862Z 
2026-10-08T13:23:45.4146049Z Turn off this advice by setting config variable advice.detachedHead to false
2026-10-08T13:23:45.4146336Z 
2026-10-08T13:23:45.4146641Z HEAD is now at fbe76dc4 Merge 44dbf5ceaba7908aee0f840e4227bf42b040f697 into 2eb04d61f3d65f34ec77b396b5d03c05c23fd5ee
2026-10-08T13:23:45.4170061Z ##[endgroup]
2026-10-08T13:23:45.4208429Z [command]/usr/bin/git log -1 --format=%H
2026-10-08T13:23:45.4229083Z fbe76dc4823f1c9b412f60b7a7da597869321f77
2026-10-08T13:23:45.4240825Z ##[group]Removing auth
2026-10-08T13:23:45.4241259Z Removing SSH command configuration
2026-10-08T13:23:45.4241821Z [command]/usr/bin/git config --local --name-only --get-regexp core\.sshCommand
2026-10-08T13:23:45.4267549Z [command]/usr/bin/git submodule foreach --recursive sh -c "git config --local --name-only --get-regexp 'core\.sshCommand' && git config --local --unset-all 'core.sshCommand' || :"
2026-10-08T13:23:45.4466078Z Removing HTTP extra header
2026-10-08T13:23:45.4466527Z [command]/usr/bin/git config --local --name-only --get-regexp http\.https\:\/\/github\.com\/\.extraheader
2026-10-08T13:23:45.4495362Z [command]/usr/bin/git submodule foreach --recursive sh -c "git config --local --name-only --get-regexp 'http\.https\:\/\/github\.com\/\.extraheader' && git config --local --unset-all 'http.https://github.com/.extraheader' || :"
2026-10-08T13:23:45.4687955Z Removing includeIf entries pointing to credentials config files
2026-10-08T13:23:45.4690561Z [command]/usr/bin/git config --local --name-only --get-regexp ^includeIf\.gitdir:
2026-10-08T13:23:45.4712818Z includeif.gitdir:/home/runner/work/purrdf/purrdf/.git.path
2026-10-08T13:23:45.4713507Z includeif.gitdir:/home/runner/work/purrdf/purrdf/.git/worktrees/*.path
2026-10-08T13:23:45.4714081Z includeif.gitdir:/github/workspace/.git.path
2026-10-08T13:23:45.4714380Z includeif.gitdir:/github/workspace/.git/worktrees/*.path
2026-10-08T13:23:45.4719192Z [command]/usr/bin/git config --local --get-all includeif.gitdir:/home/runner/work/purrdf/purrdf/.git.path
2026-10-08T13:23:45.4742808Z /home/runner/work/_temp/git-credentials-7d044d8b-187c-476c-88b6-f6d5448d5d60.config
2026-10-08T13:23:45.4812600Z [command]/usr/bin/git config --local --unset includeif.gitdir:/home/runner/work/purrdf/purrdf/.git.path /home/runner/work/_temp/git-credentials-7d044d8b-187c-476c-88b6-f6d5448d5d60.config
2026-10-08T13:23:45.4826123Z [command]/usr/bin/git config --local --get-all includeif.gitdir:/home/runner/work/purrdf/purrdf/.git/worktrees/*.path
2026-10-08T13:23:45.4826771Z /home/runner/work/_temp/git-credentials-7d044d8b-187c-476c-88b6-f6d5448d5d60.config
2026-10-08T13:23:45.4827928Z [command]/usr/bin/git config --local --unset includeif.gitdir:/home/runner/work/purrdf/purrdf/.git/worktrees/*.path /home/runner/work/_temp/git-credentials-7d044d8b-187c-476c-88b6-f6d5448d5d60.config
2026-10-08T13:23:45.4830171Z [command]/usr/bin/git config --local --get-all includeif.gitdir:/github/workspace/.git.path
2026-10-08T13:23:45.4850953Z /github/runner_temp/git-credentials-7d044d8b-187c-476c-88b6-f6d5448d5d60.config
2026-10-08T13:23:45.4856796Z [command]/usr/bin/git config --local --unset includeif.gitdir:/github/workspace/.git.path /github/runner_temp/git-credentials-7d044d8b-187c-476c-88b6-f6d5448d5d60.config
2026-10-08T13:23:45.4884403Z [command]/usr/bin/git config --local --get-all includeif.gitdir:/github/workspace/.git/worktrees/*.path
2026-10-08T13:23:45.4903754Z /github/runner_temp/git-credentials-7d044d8b-187c-476c-88b6-f6d5448d5d60.config
2026-10-08T13:23:45.4911658Z [command]/usr/bin/git config --local --unset includeif.gitdir:/github/workspace/.git/worktrees/*.path /github/runner_temp/git-credentials-7d044d8b-187c-476c-88b6-f6d5448d5d60.config
2026-10-08T13:23:45.4937960Z [command]/usr/bin/git submodule foreach --recursive git config --local --show-origin --name-only --get-regexp remote.origin.url
2026-10-08T13:23:45.5127784Z Removing credentials config '/home/runner/work/_temp/git-credentials-7d044d8b-187c-476c-88b6-f6d5448d5d60.config'
2026-10-08T13:23:45.5135623Z ##[endgroup]
2026-10-08T13:23:45.5437604Z ##[group]Run dtolnay/rust-toolchain@29eef336d9b2848a0b548edc03f92a220660cdb8
2026-10-08T13:23:45.5437951Z with:
2026-10-08T13:23:45.5438139Z   toolchain: nightly
2026-10-08T13:23:45.5438352Z   targets: riscv64gc-unknown-linux-gnu
2026-10-08T13:23:45.5438581Z env:
2026-10-08T13:23:45.5438831Z   CARGO_TARGET_RISCV64GC_UNKNOWN_LINUX_GNU_LINKER: riscv64-linux-gnu-gcc
2026-10-08T13:23:45.5439258Z   CARGO_TARGET_RISCV64GC_UNKNOWN_LINUX_GNU_RUNNER: qemu-riscv64 -L /usr/riscv64-linux-gnu
2026-10-08T13:23:45.5439710Z   DETERMINISM_SERIAL: a_serial_insert_builds_a_different_graph
2026-10-08T13:23:45.5440055Z   DETERMINISM_ONE_WORKER: the_digest_is_identical_under_one_worker
2026-10-08T13:23:45.5440647Z   DETERMINISM_MORE_WORKERS: the_digest_is_identical_under_two_workers the_digest_is_identical_under_four_workers the_digest_is_identical_under_eight_workers
2026-10-08T13:23:45.5441165Z ##[endgroup]
2026-10-08T13:23:45.5511171Z ##[start-action display=Run : parse toolchain version;id=__dtolnay_rust-toolchain.parse]
2026-10-08T13:23:45.5551297Z ##[group]Run : parse toolchain version
2026-10-08T13:23:45.5551618Z [36;1m: parse toolchain version[0m
2026-10-08T13:23:45.5551866Z [36;1mif [[ -z $toolchain ]]; then[0m
2026-10-08T13:23:45.5552304Z [36;1m  # GitHub does not enforce `required: true` inputs itself. https://github.com/actions/runner/issues/1070[0m
2026-10-08T13:23:45.5552767Z [36;1m  echo "'toolchain' is a required input" >&2[0m
2026-10-08T13:23:45.5553016Z [36;1m  exit 1[0m
2026-10-08T13:23:45.5553291Z [36;1melif [[ $toolchain =~ ^stable' '[0-9]+' '(year|month|week|day)s?' 'ago$ ]]; then[0m
2026-10-08T13:23:45.5553937Z [36;1m  if [[ Linux == macOS ]]; then[0m
2026-10-08T13:23:45.5554372Z [36;1m    echo "toolchain=1.$((($(date -v-$(sed 's/stable \([0-9]*\) \(.\).*/\1\2/' <<< $toolchain) +%s)/60/60/24-16569)/7/6))" >> $GITHUB_OUTPUT[0m
2026-10-08T13:23:45.5554771Z [36;1m  else[0m
2026-10-08T13:23:45.5555107Z [36;1m    echo "toolchain=1.$((($(date --date "${toolchain#stable }" +%s)/60/60/24-16569)/7/6))" >> $GITHUB_OUTPUT[0m
2026-10-08T13:23:45.5555486Z [36;1m  fi[0m
2026-10-08T13:23:45.5555747Z [36;1melif [[ $toolchain =~ ^stable' 'minus' '[0-9]+' 'releases?$ ]]; then[0m
2026-10-08T13:23:45.5556162Z [36;1m  echo "toolchain=1.$((($(date +%s)/60/60/24-16569)/7/6-${toolchain//[^0-9]/}))" >> $GITHUB_OUTPUT[0m
2026-10-08T13:23:45.5556531Z [36;1melif [[ $toolchain =~ ^1\.[0-9]+$ ]]; then[0m
2026-10-08T13:23:45.5556942Z [36;1m  echo "toolchain=1.$((i=${toolchain#1.}, c=($(date +%s)/60/60/24-16569)/7/6, i+9*i*(10*i<=c)+90*i*(100*i<=c)))" >> $GITHUB_OUTPUT[0m
2026-10-08T13:23:45.5557336Z [36;1melse[0m
2026-10-08T13:23:45.5557566Z [36;1m  echo "toolchain=$toolchain" >> $GITHUB_OUTPUT[0m
2026-10-08T13:23:45.5557816Z [36;1mfi[0m
2026-10-08T13:23:45.5762468Z shell: /usr/bin/bash --noprofile --norc -e -o pipefail {0}
2026-10-08T13:23:45.5762792Z env:
2026-10-08T13:23:45.5763055Z   CARGO_TARGET_RISCV64GC_UNKNOWN_LINUX_GNU_LINKER: riscv64-linux-gnu-gcc
2026-10-08T13:23:45.5763505Z   CARGO_TARGET_RISCV64GC_UNKNOWN_LINUX_GNU_RUNNER: qemu-riscv64 -L /usr/riscv64-linux-gnu
2026-10-08T13:23:45.5764236Z   DETERMINISM_SERIAL: a_serial_insert_builds_a_different_graph
2026-10-08T13:23:45.5764589Z   DETERMINISM_ONE_WORKER: the_digest_is_identical_under_one_worker
2026-10-08T13:23:45.5765153Z   DETERMINISM_MORE_WORKERS: the_digest_is_identical_under_two_workers the_digest_is_identical_under_four_workers the_digest_is_identical_under_eight_workers
2026-10-08T13:23:45.5765647Z   toolchain: nightly
2026-10-08T13:23:45.5765837Z ##[endgroup]
2026-10-08T13:23:45.5881269Z ##[end-action id=__dtolnay_rust-toolchain.parse;outcome=success;conclusion=success;duration_ms=36]
2026-10-08T13:23:45.5899174Z ##[start-action display=Run : construct rustup command line;id=__dtolnay_rust-toolchain.flags]
2026-10-08T13:23:45.5924242Z ##[group]Run : construct rustup command line
2026-10-08T13:23:45.5924534Z [36;1m: construct rustup command line[0m
2026-10-08T13:23:45.5925071Z [36;1mecho "targets=$(for t in ${targets//,/ }; do echo -n ' --target' $t; done)" >> $GITHUB_OUTPUT[0m
2026-10-08T13:23:45.5925584Z [36;1mecho "components=$(for c in ${components//,/ }; do echo -n ' --component' $c; done)" >> $GITHUB_OUTPUT[0m
2026-10-08T13:23:45.5925990Z [36;1mecho "downgrade=" >> $GITHUB_OUTPUT[0m
2026-10-08T13:23:45.5977408Z shell: /usr/bin/bash --noprofile --norc -e -o pipefail {0}
2026-10-08T13:23:45.5977713Z env:
2026-10-08T13:23:45.5977975Z   CARGO_TARGET_RISCV64GC_UNKNOWN_LINUX_GNU_LINKER: riscv64-linux-gnu-gcc
2026-10-08T13:23:45.5978417Z   CARGO_TARGET_RISCV64GC_UNKNOWN_LINUX_GNU_RUNNER: qemu-riscv64 -L /usr/riscv64-linux-gnu
2026-10-08T13:23:45.5978845Z   DETERMINISM_SERIAL: a_serial_insert_builds_a_different_graph
2026-10-08T13:23:45.5979187Z   DETERMINISM_ONE_WORKER: the_digest_is_identical_under_one_worker
2026-10-08T13:23:45.5979755Z   DETERMINISM_MORE_WORKERS: the_digest_is_identical_under_two_workers the_digest_is_identical_under_four_workers the_digest_is_identical_under_eight_workers
2026-10-08T13:23:45.5980285Z   targets: riscv64gc-unknown-linux-gnu
2026-10-08T13:23:45.5980513Z   components: 
2026-10-08T13:23:45.5980695Z ##[endgroup]
2026-10-08T13:23:45.6064062Z ##[end-action id=__dtolnay_rust-toolchain.flags;outcome=success;conclusion=success;duration_ms=16]
2026-10-08T13:23:45.6067029Z ##[start-action display=Run : set $CARGO_HOME;id=__dtolnay_rust-toolchain.__run]
2026-10-08T13:23:45.6090534Z ##[group]Run : set $CARGO_HOME
2026-10-08T13:23:45.6090775Z [36;1m: set $CARGO_HOME[0m
2026-10-08T13:23:45.6091047Z [36;1mecho CARGO_HOME=${CARGO_HOME:-"$HOME/.cargo"} >> $GITHUB_ENV[0m
2026-10-08T13:23:45.6145120Z shell: /usr/bin/bash --noprofile --norc -e -o pipefail {0}
2026-10-08T13:23:45.6145557Z env:
2026-10-08T13:23:45.6145815Z   CARGO_TARGET_RISCV64GC_UNKNOWN_LINUX_GNU_LINKER: riscv64-linux-gnu-gcc
2026-10-08T13:23:45.6146240Z   CARGO_TARGET_RISCV64GC_UNKNOWN_LINUX_GNU_RUNNER: qemu-riscv64 -L /usr/riscv64-linux-gnu
2026-10-08T13:23:45.6146644Z   DETERMINISM_SERIAL: a_serial_insert_builds_a_different_graph
2026-10-08T13:23:45.6146982Z   DETERMINISM_ONE_WORKER: the_digest_is_identical_under_one_worker
2026-10-08T13:23:45.6147544Z   DETERMINISM_MORE_WORKERS: the_digest_is_identical_under_two_workers the_digest_is_identical_under_four_workers the_digest_is_identical_under_eight_workers
2026-10-08T13:23:45.6148042Z ##[endgroup]
2026-10-08T13:23:45.6225280Z ##[end-action id=__dtolnay_rust-toolchain.__run;outcome=success;conclusion=success;duration_ms=15]
2026-10-08T13:23:45.6227089Z ##[start-action display=Run : install rustup if needed;id=__dtolnay_rust-toolchain.__run_2]
2026-10-08T13:23:45.6255860Z ##[group]Run : install rustup if needed
2026-10-08T13:23:45.6256136Z [36;1m: install rustup if needed[0m
2026-10-08T13:23:45.6256397Z [36;1mif ! command -v rustup &>/dev/null; then[0m
2026-10-08T13:23:45.6256995Z [36;1m  curl --proto '=https' --tlsv1.2 --retry 10 --retry-connrefused --location --silent --show-error --fail https://sh.rustup.rs | sh -s -- --default-toolchain none -y[0m
2026-10-08T13:23:45.6257550Z [36;1m  echo "$CARGO_HOME/bin" >> $GITHUB_PATH[0m
2026-10-08T13:23:45.6257783Z [36;1mfi[0m
2026-10-08T13:23:45.6310993Z shell: /usr/bin/bash --noprofile --norc -e -o pipefail {0}
2026-10-08T13:23:45.6311273Z env:
2026-10-08T13:23:45.6311534Z   CARGO_TARGET_RISCV64GC_UNKNOWN_LINUX_GNU_LINKER: riscv64-linux-gnu-gcc
2026-10-08T13:23:45.6311955Z   CARGO_TARGET_RISCV64GC_UNKNOWN_LINUX_GNU_RUNNER: qemu-riscv64 -L /usr/riscv64-linux-gnu
2026-10-08T13:23:45.6312353Z   DETERMINISM_SERIAL: a_serial_insert_builds_a_different_graph
2026-10-08T13:23:45.6312694Z   DETERMINISM_ONE_WORKER: the_digest_is_identical_under_one_worker
2026-10-08T13:23:45.6313280Z   DETERMINISM_MORE_WORKERS: the_digest_is_identical_under_two_workers the_digest_is_identical_under_four_workers the_digest_is_identical_under_eight_workers
2026-10-08T13:23:45.6313924Z   CARGO_HOME: /home/runner/.cargo
2026-10-08T13:23:45.6314139Z ##[endgroup]
2026-10-08T13:23:45.6388203Z ##[end-action id=__dtolnay_rust-toolchain.__run_2;outcome=success;conclusion=success;duration_ms=16]
2026-10-08T13:23:45.6391349Z ##[start-action display=Run : install rustup if needed on windows;id=__dtolnay_rust-toolchain.__run_3]
2026-10-08T13:23:45.6396894Z ##[end-action id=__dtolnay_rust-toolchain.__run_3;outcome=skipped;conclusion=skipped;duration_ms=0]
2026-10-08T13:23:45.6399648Z ##[start-action display=rustup toolchain install nightly;id=__dtolnay_rust-toolchain.__run_4]
2026-10-08T13:23:45.6424078Z ##[group]Run rustup toolchain install nightly --target riscv64gc-unknown-linux-gnu --profile minimal --no-self-update
2026-10-08T13:23:45.6424733Z [36;1mrustup toolchain install nightly --target riscv64gc-unknown-linux-gnu --profile minimal --no-self-update[0m
2026-10-08T13:23:45.6478151Z shell: /usr/bin/bash --noprofile --norc -e -o pipefail {0}
2026-10-08T13:23:45.6478443Z env:
2026-10-08T13:23:45.6478712Z   CARGO_TARGET_RISCV64GC_UNKNOWN_LINUX_GNU_LINKER: riscv64-linux-gnu-gcc
2026-10-08T13:23:45.6479147Z   CARGO_TARGET_RISCV64GC_UNKNOWN_LINUX_GNU_RUNNER: qemu-riscv64 -L /usr/riscv64-linux-gnu
2026-10-08T13:23:45.6479550Z   DETERMINISM_SERIAL: a_serial_insert_builds_a_different_graph
2026-10-08T13:23:45.6479893Z   DETERMINISM_ONE_WORKER: the_digest_is_identical_under_one_worker
2026-10-08T13:23:45.6480455Z   DETERMINISM_MORE_WORKERS: the_digest_is_identical_under_two_workers the_digest_is_identical_under_four_workers the_digest_is_identical_under_eight_workers
2026-10-08T13:23:45.6480960Z   CARGO_HOME: /home/runner/.cargo
2026-10-08T13:23:45.6481186Z   RUSTUP_PERMIT_COPY_RENAME: 1
2026-10-08T13:23:45.6481392Z ##[endgroup]
2026-10-08T13:23:45.6816889Z info: syncing channel updates for nightly-x86_64-unknown-linux-gnu
2026-10-08T13:23:46.0055749Z info: latest update on 2026-10-08 for version 1.101.0-nightly (1d81eb4ad 2026-10-07)
2026-10-08T13:23:46.0056171Z info: downloading 4 components
2026-10-08T13:23:53.9916850Z 
2026-10-08T13:23:53.9975016Z   nightly-x86_64-unknown-linux-gnu installed - rustc 1.101.0-nightly (1d81eb4ad 2026-10-07)
2026-10-08T13:23:54.0042160Z 
2026-10-08T13:23:54.0047600Z ##[end-action id=__dtolnay_rust-toolchain.__run_4;outcome=success;conclusion=success;duration_ms=8364]
2026-10-08T13:23:54.0052580Z ##[start-action display=Run rustup default nightly;id=__dtolnay_rust-toolchain.__run_5]
2026-10-08T13:23:54.0092671Z ##[group]Run rustup default nightly
2026-10-08T13:23:54.0092931Z [36;1mrustup default nightly[0m
2026-10-08T13:23:54.0146461Z shell: /usr/bin/bash --noprofile --norc -e -o pipefail {0}
2026-10-08T13:23:54.0146743Z env:
2026-10-08T13:23:54.0146993Z   CARGO_TARGET_RISCV64GC_UNKNOWN_LINUX_GNU_LINKER: riscv64-linux-gnu-gcc
2026-10-08T13:23:54.0147415Z   CARGO_TARGET_RISCV64GC_UNKNOWN_LINUX_GNU_RUNNER: qemu-riscv64 -L /usr/riscv64-linux-gnu
2026-10-08T13:23:54.0147824Z   DETERMINISM_SERIAL: a_serial_insert_builds_a_different_graph
2026-10-08T13:23:54.0148154Z   DETERMINISM_ONE_WORKER: the_digest_is_identical_under_one_worker
2026-10-08T13:23:54.0148721Z   DETERMINISM_MORE_WORKERS: the_digest_is_identical_under_two_workers the_digest_is_identical_under_four_workers the_digest_is_identical_under_eight_workers
2026-10-08T13:23:54.0149234Z   CARGO_HOME: /home/runner/.cargo
2026-10-08T13:23:54.0149445Z ##[endgroup]
2026-10-08T13:23:54.0250196Z info: using existing install for nightly-x86_64-unknown-linux-gnu
2026-10-08T13:23:54.0256991Z info: default toolchain set to nightly-x86_64-unknown-linux-gnu
2026-10-08T13:23:54.0257232Z 
2026-10-08T13:23:54.0311179Z   nightly-x86_64-unknown-linux-gnu unchanged - rustc 1.101.0-nightly (1d81eb4ad 2026-10-07)
2026-10-08T13:23:54.0311649Z 
2026-10-08T13:23:54.0312228Z info: note that the toolchain 'nightly-x86_64-unknown-linux-gnu' is currently in use (overridden by '/home/runner/work/purrdf/purrdf/rust-toolchain.toml')
2026-10-08T13:23:54.0325044Z ##[end-action id=__dtolnay_rust-toolchain.__run_5;outcome=success;conclusion=success;duration_ms=27]
2026-10-08T13:23:54.0328466Z ##[start-action display=Run : create cachekey;id=__dtolnay_rust-toolchain.rustc-version]
2026-10-08T13:23:54.0346506Z ##[group]Run : create cachekey
2026-10-08T13:23:54.0346911Z [36;1m: create cachekey[0m
2026-10-08T13:23:54.0347327Z [36;1mDATE=$(rustc +nightly --version --verbose | sed -ne 's/^commit-date: \(20[0-9][0-9]\)-\([01][0-9]\)-\([0-3][0-9]\)$/\1\2\3/p')[0m
2026-10-08T13:23:54.0347840Z [36;1mHASH=$(rustc +nightly --version --verbose | sed -ne 's/^commit-hash: //p')[0m
2026-10-08T13:23:54.0348231Z [36;1mecho "cachekey=$(echo $DATE$HASH | head -c12)" >> $GITHUB_OUTPUT[0m
2026-10-08T13:23:54.0397359Z shell: /usr/bin/bash --noprofile --norc -e -o pipefail {0}
2026-10-08T13:23:54.0397626Z env:
2026-10-08T13:23:54.0397881Z   CARGO_TARGET_RISCV64GC_UNKNOWN_LINUX_GNU_LINKER: riscv64-linux-gnu-gcc
2026-10-08T13:23:54.0398304Z   CARGO_TARGET_RISCV64GC_UNKNOWN_LINUX_GNU_RUNNER: qemu-riscv64 -L /usr/riscv64-linux-gnu
2026-10-08T13:23:54.0398708Z   DETERMINISM_SERIAL: a_serial_insert_builds_a_different_graph
2026-10-08T13:23:54.0399060Z   DETERMINISM_ONE_WORKER: the_digest_is_identical_under_one_worker
2026-10-08T13:23:54.0399624Z   DETERMINISM_MORE_WORKERS: the_digest_is_identical_under_two_workers the_digest_is_identical_under_four_workers the_digest_is_identical_under_eight_workers
2026-10-08T13:23:54.0400126Z   CARGO_HOME: /home/runner/.cargo
2026-10-08T13:23:54.0400338Z ##[endgroup]
2026-10-08T13:23:54.0676105Z ##[end-action id=__dtolnay_rust-toolchain.rustc-version;outcome=success;conclusion=success;duration_ms=34]
2026-10-08T13:23:54.0678336Z ##[start-action display=Run : disable incremental compilation;id=__dtolnay_rust-toolchain.__run_6]
2026-10-08T13:23:54.0696801Z ##[group]Run : disable incremental compilation
2026-10-08T13:23:54.0697096Z [36;1m: disable incremental compilation[0m
2026-10-08T13:23:54.0697508Z [36;1mif [ -z "${CARGO_INCREMENTAL+set}" ]; then[0m
2026-10-08T13:23:54.0697793Z [36;1m  echo CARGO_INCREMENTAL=0 >> $GITHUB_ENV[0m
2026-10-08T13:23:54.0698028Z [36;1mfi[0m
2026-10-08T13:23:54.0750728Z shell: /usr/bin/bash --noprofile --norc -e -o pipefail {0}
2026-10-08T13:23:54.0751001Z env:
2026-10-08T13:23:54.0751263Z   CARGO_TARGET_RISCV64GC_UNKNOWN_LINUX_GNU_LINKER: riscv64-linux-gnu-gcc
2026-10-08T13:23:54.0751685Z   CARGO_TARGET_RISCV64GC_UNKNOWN_LINUX_GNU_RUNNER: qemu-riscv64 -L /usr/riscv64-linux-gnu
2026-10-08T13:23:54.0752078Z   DETERMINISM_SERIAL: a_serial_insert_builds_a_different_graph
2026-10-08T13:23:54.0752408Z   DETERMINISM_ONE_WORKER: the_digest_is_identical_under_one_worker
2026-10-08T13:23:54.0752982Z   DETERMINISM_MORE_WORKERS: the_digest_is_identical_under_two_workers the_digest_is_identical_under_four_workers the_digest_is_identical_under_eight_workers
2026-10-08T13:23:54.0753494Z   CARGO_HOME: /home/runner/.cargo
2026-10-08T13:23:54.0753892Z ##[endgroup]
2026-10-08T13:23:54.0821740Z ##[end-action id=__dtolnay_rust-toolchain.__run_6;outcome=success;conclusion=success;duration_ms=14]
2026-10-08T13:23:54.0823472Z ##[start-action display=Run : enable colors in Cargo output;id=__dtolnay_rust-toolchain.__run_7]
2026-10-08T13:23:54.0881087Z ##[group]Run : enable colors in Cargo output
2026-10-08T13:23:54.0881362Z [36;1m: enable colors in Cargo output[0m
2026-10-08T13:23:54.0881623Z [36;1mif [ -z "${CARGO_TERM_COLOR+set}" ]; then[0m
2026-10-08T13:23:54.0881897Z [36;1m  echo CARGO_TERM_COLOR=always >> $GITHUB_ENV[0m
2026-10-08T13:23:54.0882129Z [36;1mfi[0m
2026-10-08T13:23:54.0929388Z shell: /usr/bin/bash --noprofile --norc -e -o pipefail {0}
2026-10-08T13:23:54.0929658Z env:
2026-10-08T13:23:54.0929917Z   CARGO_TARGET_RISCV64GC_UNKNOWN_LINUX_GNU_LINKER: riscv64-linux-gnu-gcc
2026-10-08T13:23:54.0930322Z   CARGO_TARGET_RISCV64GC_UNKNOWN_LINUX_GNU_RUNNER: qemu-riscv64 -L /usr/riscv64-linux-gnu
2026-10-08T13:23:54.0930717Z   DETERMINISM_SERIAL: a_serial_insert_builds_a_different_graph
2026-10-08T13:23:54.0931059Z   DETERMINISM_ONE_WORKER: the_digest_is_identical_under_one_worker
2026-10-08T13:23:54.0931611Z   DETERMINISM_MORE_WORKERS: the_digest_is_identical_under_two_workers the_digest_is_identical_under_four_workers the_digest_is_identical_under_eight_workers
2026-10-08T13:23:54.0932237Z   CARGO_HOME: /home/runner/.cargo
2026-10-08T13:23:54.0932445Z   CARGO_INCREMENTAL: 0
2026-10-08T13:23:54.0932622Z ##[endgroup]
2026-10-08T13:23:54.0999820Z ##[end-action id=__dtolnay_rust-toolchain.__run_7;outcome=success;conclusion=success;duration_ms=17]
2026-10-08T13:23:54.1003423Z ##[start-action display=Run : enable Cargo sparse registry;id=__dtolnay_rust-toolchain.__run_8]
2026-10-08T13:23:54.1020575Z ##[group]Run : enable Cargo sparse registry
2026-10-08T13:23:54.1020849Z [36;1m: enable Cargo sparse registry[0m
2026-10-08T13:23:54.1021143Z [36;1m# implemented in 1.66, stabilized in 1.68, made default in 1.70[0m
2026-10-08T13:23:54.1021695Z [36;1mif [ -z "${CARGO_REGISTRIES_CRATES_IO_PROTOCOL+set}" -o -f "/home/runner/work/_temp"/.implicit_cargo_registries_crates_io_protocol ]; then[0m
2026-10-08T13:23:54.1022276Z [36;1m  if rustc +nightly --version --verbose | grep -q '^release: 1\.6[89]\.'; then[0m
2026-10-08T13:23:54.1022725Z [36;1m    touch "/home/runner/work/_temp"/.implicit_cargo_registries_crates_io_protocol || true[0m
2026-10-08T13:23:54.1023135Z [36;1m    echo CARGO_REGISTRIES_CRATES_IO_PROTOCOL=sparse >> $GITHUB_ENV[0m
2026-10-08T13:23:54.1023521Z [36;1m  elif rustc +nightly --version --verbose | grep -q '^release: 1\.6[67]\.'; then[0m
2026-10-08T13:23:54.1024157Z [36;1m    touch "/home/runner/work/_temp"/.implicit_cargo_registries_crates_io_protocol || true[0m
2026-10-08T13:23:54.1024549Z [36;1m    echo CARGO_REGISTRIES_CRATES_IO_PROTOCOL=git >> $GITHUB_ENV[0m
2026-10-08T13:23:54.1024827Z [36;1m  fi[0m
2026-10-08T13:23:54.1024989Z [36;1mfi[0m
2026-10-08T13:23:54.1071360Z shell: /usr/bin/bash --noprofile --norc -e -o pipefail {0}
2026-10-08T13:23:54.1071775Z env:
2026-10-08T13:23:54.1072027Z   CARGO_TARGET_RISCV64GC_UNKNOWN_LINUX_GNU_LINKER: riscv64-linux-gnu-gcc
2026-10-08T13:23:54.1072448Z   CARGO_TARGET_RISCV64GC_UNKNOWN_LINUX_GNU_RUNNER: qemu-riscv64 -L /usr/riscv64-linux-gnu
2026-10-08T13:23:54.1072838Z   DETERMINISM_SERIAL: a_serial_insert_builds_a_different_graph
2026-10-08T13:23:54.1073176Z   DETERMINISM_ONE_WORKER: the_digest_is_identical_under_one_worker
2026-10-08T13:23:54.1073922Z   DETERMINISM_MORE_WORKERS: the_digest_is_identical_under_two_workers the_digest_is_identical_under_four_workers the_digest_is_identical_under_eight_workers
2026-10-08T13:23:54.1074434Z   CARGO_HOME: /home/runner/.cargo
2026-10-08T13:23:54.1074657Z   CARGO_INCREMENTAL: 0
2026-10-08T13:23:54.1074843Z   CARGO_TERM_COLOR: always
2026-10-08T13:23:54.1075033Z ##[endgroup]
2026-10-08T13:23:54.1329097Z ##[end-action id=__dtolnay_rust-toolchain.__run_8;outcome=success;conclusion=success;duration_ms=32]
2026-10-08T13:23:54.1332915Z ##[start-action display=Run : work around spurious network errors in curl 8.0;id=__dtolnay_rust-toolchain.__run_9]
2026-10-08T13:23:54.1351441Z ##[group]Run : work around spurious network errors in curl 8.0
2026-10-08T13:23:54.1351800Z [36;1m: work around spurious network errors in curl 8.0[0m
2026-10-08T13:23:54.1352246Z [36;1m# https://rust-lang.zulipchat.com/#narrow/stream/246057-t-cargo/topic/timeout.20investigation[0m
2026-10-08T13:23:54.1352723Z [36;1mif rustc +nightly --version --verbose | grep -q '^release: 1\.7[01]\.'; then[0m
2026-10-08T13:23:54.1353091Z [36;1m  echo CARGO_HTTP_MULTIPLEXING=false >> $GITHUB_ENV[0m
2026-10-08T13:23:54.1353343Z [36;1mfi[0m
2026-10-08T13:23:54.1407051Z shell: /usr/bin/bash --noprofile --norc -e -o pipefail {0}
2026-10-08T13:23:54.1407321Z env:
2026-10-08T13:23:54.1407571Z   CARGO_TARGET_RISCV64GC_UNKNOWN_LINUX_GNU_LINKER: riscv64-linux-gnu-gcc
2026-10-08T13:23:54.1407992Z   CARGO_TARGET_RISCV64GC_UNKNOWN_LINUX_GNU_RUNNER: qemu-riscv64 -L /usr/riscv64-linux-gnu
2026-10-08T13:23:54.1408393Z   DETERMINISM_SERIAL: a_serial_insert_builds_a_different_graph
2026-10-08T13:23:54.1408734Z   DETERMINISM_ONE_WORKER: the_digest_is_identical_under_one_worker
2026-10-08T13:23:54.1409285Z   DETERMINISM_MORE_WORKERS: the_digest_is_identical_under_two_workers the_digest_is_identical_under_four_workers the_digest_is_identical_under_eight_workers
2026-10-08T13:23:54.1409931Z   CARGO_HOME: /home/runner/.cargo
2026-10-08T13:23:54.1410142Z   CARGO_INCREMENTAL: 0
2026-10-08T13:23:54.1410332Z   CARGO_TERM_COLOR: always
2026-10-08T13:23:54.1410524Z ##[endgroup]
2026-10-08T13:23:54.1571545Z ##[end-action id=__dtolnay_rust-toolchain.__run_9;outcome=success;conclusion=success;duration_ms=23]
2026-10-08T13:23:54.1574956Z ##[start-action display=Run rustc +nightly --version --verbose;id=__dtolnay_rust-toolchain.__run_10]
2026-10-08T13:23:54.1592855Z ##[group]Run rustc +nightly --version --verbose
2026-10-08T13:23:54.1593159Z [36;1mrustc +nightly --version --verbose[0m
2026-10-08T13:23:54.1643127Z shell: /usr/bin/bash --noprofile --norc -e -o pipefail {0}
2026-10-08T13:23:54.1643422Z env:
2026-10-08T13:23:54.1643832Z   CARGO_TARGET_RISCV64GC_UNKNOWN_LINUX_GNU_LINKER: riscv64-linux-gnu-gcc
2026-10-08T13:23:54.1644262Z   CARGO_TARGET_RISCV64GC_UNKNOWN_LINUX_GNU_RUNNER: qemu-riscv64 -L /usr/riscv64-linux-gnu
2026-10-08T13:23:54.1644680Z   DETERMINISM_SERIAL: a_serial_insert_builds_a_different_graph
2026-10-08T13:23:54.1645025Z   DETERMINISM_ONE_WORKER: the_digest_is_identical_under_one_worker
2026-10-08T13:23:54.1645580Z   DETERMINISM_MORE_WORKERS: the_digest_is_identical_under_two_workers the_digest_is_identical_under_four_workers the_digest_is_identical_under_eight_workers
2026-10-08T13:23:54.1646081Z   CARGO_HOME: /home/runner/.cargo
2026-10-08T13:23:54.1646299Z   CARGO_INCREMENTAL: 0
2026-10-08T13:23:54.1646492Z   CARGO_TERM_COLOR: always
2026-10-08T13:23:54.1646685Z ##[endgroup]
2026-10-08T13:23:54.1792413Z rustc 1.101.0-nightly (1d81eb4ad 2026-10-07)
2026-10-08T13:23:54.1792962Z binary: rustc
2026-10-08T13:23:54.1793491Z commit-hash: 1d81eb4ad9cd207e3e638bd32b17ec4fce8412a6
2026-10-08T13:23:54.1793995Z commit-date: 2026-10-07
2026-10-08T13:23:54.1794209Z host: x86_64-unknown-linux-gnu
2026-10-08T13:23:54.1794467Z release: 1.101.0-nightly
2026-10-08T13:23:54.1794816Z LLVM version: 23.1.3
2026-10-08T13:23:54.1806740Z ##[end-action id=__dtolnay_rust-toolchain.__run_10;outcome=success;conclusion=success;duration_ms=23]
2026-10-08T13:23:54.1855865Z ##[group]Run sudo apt-get update
2026-10-08T13:23:54.1856119Z [36;1msudo apt-get update[0m
2026-10-08T13:23:54.1856386Z [36;1msudo apt-get install -y --no-install-recommends \[0m
2026-10-08T13:23:54.1856742Z [36;1m  gcc-riscv64-linux-gnu libc6-dev-riscv64-cross qemu-user[0m
2026-10-08T13:23:54.1906339Z shell: /usr/bin/bash -e {0}
2026-10-08T13:23:54.1906557Z env:
2026-10-08T13:23:54.1906818Z   CARGO_TARGET_RISCV64GC_UNKNOWN_LINUX_GNU_LINKER: riscv64-linux-gnu-gcc
2026-10-08T13:23:54.1907240Z   CARGO_TARGET_RISCV64GC_UNKNOWN_LINUX_GNU_RUNNER: qemu-riscv64 -L /usr/riscv64-linux-gnu
2026-10-08T13:23:54.1907659Z   DETERMINISM_SERIAL: a_serial_insert_builds_a_different_graph
2026-10-08T13:23:54.1907992Z   DETERMINISM_ONE_WORKER: the_digest_is_identical_under_one_worker
2026-10-08T13:23:54.1908553Z   DETERMINISM_MORE_WORKERS: the_digest_is_identical_under_two_workers the_digest_is_identical_under_four_workers the_digest_is_identical_under_eight_workers
2026-10-08T13:23:54.1909086Z   CARGO_HOME: /home/runner/.cargo
2026-10-08T13:23:54.1909305Z   CARGO_INCREMENTAL: 0
2026-10-08T13:23:54.1909492Z   CARGO_TERM_COLOR: always
2026-10-08T13:23:54.1909682Z ##[endgroup]
2026-10-08T13:23:54.2664687Z Get:1 file:/etc/apt/apt-mirrors.txt Mirrorlist [144 B]
2026-10-08T13:23:54.2916904Z Hit:2 http://azure.archive.ubuntu.com/ubuntu noble InRelease
2026-10-08T13:23:54.2931047Z Get:3 http://azure.archive.ubuntu.com/ubuntu noble-updates InRelease [126 kB]
2026-10-08T13:23:54.2940240Z Get:6 https://packages.microsoft.com/ubuntu/24.04/prod noble InRelease [3600 B]
2026-10-08T13:23:54.2984426Z Get:4 http://azure.archive.ubuntu.com/ubuntu noble-backports InRelease [126 kB]
2026-10-08T13:23:54.3024619Z Get:5 http://azure.archive.ubuntu.com/ubuntu noble-security InRelease [126 kB]
2026-10-08T13:23:54.4012470Z Get:7 https://packages.microsoft.com/ubuntu/24.04/prod noble/main all Packages [640 B]
2026-10-08T13:23:54.4091197Z Get:8 https://packages.microsoft.com/ubuntu/24.04/prod noble/main amd64 Packages [531 kB]
2026-10-08T13:23:54.4156859Z Get:9 https://packages.microsoft.com/ubuntu/24.04/prod noble/main arm64 Packages [474 kB]
2026-10-08T13:23:54.4200808Z Get:10 https://packages.microsoft.com/ubuntu/24.04/prod noble/main armhf Packages [12.3 kB]
2026-10-08T13:23:54.4421682Z Get:11 http://azure.archive.ubuntu.com/ubuntu noble-updates/main amd64 Packages [1375 kB]
2026-10-08T13:23:54.4504608Z Get:12 http://azure.archive.ubuntu.com/ubuntu noble-updates/main Translation-en [306 kB]
2026-10-08T13:23:54.4528933Z Get:13 http://azure.archive.ubuntu.com/ubuntu noble-updates/universe amd64 Packages [1702 kB]
2026-10-08T13:23:54.4590753Z Get:14 http://azure.archive.ubuntu.com/ubuntu noble-updates/universe Translation-en [341 kB]
2026-10-08T13:23:54.4610184Z Get:15 http://azure.archive.ubuntu.com/ubuntu noble-updates/restricted amd64 Packages [1761 kB]
2026-10-08T13:23:54.4702486Z Get:16 http://azure.archive.ubuntu.com/ubuntu noble-updates/restricted Translation-en [401 kB]
2026-10-08T13:23:54.4719952Z Get:17 http://azure.archive.ubuntu.com/ubuntu noble-updates/multiverse amd64 Packages [55.0 kB]
2026-10-08T13:23:54.4734471Z Get:18 http://azure.archive.ubuntu.com/ubuntu noble-updates/multiverse Translation-en [14.3 kB]
2026-10-08T13:23:54.5261731Z Get:19 http://azure.archive.ubuntu.com/ubuntu noble-security/main amd64 Packages [1074 kB]
2026-10-08T13:23:54.5316150Z Get:20 http://azure.archive.ubuntu.com/ubuntu noble-security/main Translation-en [223 kB]
2026-10-08T13:23:54.5771111Z Get:21 http://azure.archive.ubuntu.com/ubuntu noble-security/universe amd64 Packages [1218 kB]
2026-10-08T13:23:54.5832048Z Get:22 http://azure.archive.ubuntu.com/ubuntu noble-security/universe Translation-en [245 kB]
2026-10-08T13:23:54.5849803Z Get:23 http://azure.archive.ubuntu.com/ubuntu noble-security/multiverse Translation-en [11.6 kB]
2026-10-08T13:24:01.9566816Z Fetched 10.1 MB in 1s (11.7 MB/s)
2026-10-08T13:24:02.6122202Z Reading package lists...
2026-10-08T13:24:02.6378069Z Reading package lists...
2026-10-08T13:24:02.7956418Z Building dependency tree...
2026-10-08T13:24:02.7962344Z Reading state information...
2026-10-08T13:24:02.9246636Z The following additional packages will be installed:
2026-10-08T13:24:02.9247309Z   binutils-riscv64-linux-gnu cpp-13-riscv64-linux-gnu cpp-riscv64-linux-gnu
2026-10-08T13:24:02.9247968Z   gcc-13-cross-base gcc-13-riscv64-linux-gnu gcc-13-riscv64-linux-gnu-base
2026-10-08T13:24:02.9248602Z   gcc-14-cross-base libasan8-riscv64-cross libatomic1-riscv64-cross
2026-10-08T13:24:02.9249254Z   libc6-riscv64-cross libgcc-13-dev-riscv64-cross libgcc-s1-riscv64-cross
2026-10-08T13:24:02.9250308Z   libgomp1-riscv64-cross libitm1-riscv64-cross libstdc++6-riscv64-cross
2026-10-08T13:24:02.9254082Z   libubsan1-riscv64-cross linux-libc-dev-riscv64-cross
2026-10-08T13:24:02.9260619Z Suggested packages:
2026-10-08T13:24:02.9261064Z   binutils-doc gcc-13-locales cpp-13-doc cpp-doc gcc-13-doc manpages-dev
2026-10-08T13:24:02.9261537Z   gdb-riscv64-linux-gnu gcc-doc
2026-10-08T13:24:02.9261753Z Recommended packages:
2026-10-08T13:24:02.9261965Z   qemu-user-binfmt
2026-10-08T13:24:02.9472928Z The following NEW packages will be installed:
2026-10-08T13:24:02.9473514Z   binutils-riscv64-linux-gnu cpp-13-riscv64-linux-gnu cpp-riscv64-linux-gnu
2026-10-08T13:24:02.9474341Z   gcc-13-cross-base gcc-13-riscv64-linux-gnu gcc-13-riscv64-linux-gnu-base
2026-10-08T13:24:02.9474928Z   gcc-14-cross-base gcc-riscv64-linux-gnu libasan8-riscv64-cross
2026-10-08T13:24:02.9475451Z   libatomic1-riscv64-cross libc6-dev-riscv64-cross libc6-riscv64-cross
2026-10-08T13:24:02.9475852Z   libgcc-13-dev-riscv64-cross libgcc-s1-riscv64-cross libgomp1-riscv64-cross
2026-10-08T13:24:02.9477508Z   libitm1-riscv64-cross libstdc++6-riscv64-cross libubsan1-riscv64-cross
2026-10-08T13:24:02.9479667Z   linux-libc-dev-riscv64-cross qemu-user
2026-10-08T13:24:02.9626485Z 0 upgraded, 20 newly installed, 0 to remove and 17 not upgraded.
2026-10-08T13:24:02.9626963Z Need to get 50.1 MB of archives.
2026-10-08T13:24:02.9627313Z After this operation, 202 MB of additional disk space will be used.
2026-10-08T13:24:02.9627651Z Get:1 file:/etc/apt/apt-mirrors.txt Mirrorlist [144 B]
2026-10-08T13:24:03.0398657Z Get:2 http://azure.archive.ubuntu.com/ubuntu noble-updates/main amd64 binutils-riscv64-linux-gnu amd64 2.42-4ubuntu2.10 [1425 kB]
2026-10-08T13:24:03.1125058Z Get:3 http://azure.archive.ubuntu.com/ubuntu noble-updates/main amd64 gcc-13-riscv64-linux-gnu-base amd64 13.3.0-6ubuntu2~24.04.1cross1 [51.8 kB]
2026-10-08T13:24:03.1759628Z Get:4 http://azure.archive.ubuntu.com/ubuntu noble-updates/main amd64 cpp-13-riscv64-linux-gnu amd64 13.3.0-6ubuntu2~24.04.1cross1 [10.0 MB]
2026-10-08T13:24:03.4358790Z Get:5 http://azure.archive.ubuntu.com/ubuntu noble/main amd64 cpp-riscv64-linux-gnu amd64 4:13.2.0-7ubuntu1 [5328 B]
2026-10-08T13:24:03.5615274Z Get:6 http://azure.archive.ubuntu.com/ubuntu noble-updates/main amd64 gcc-13-cross-base all 13.3.0-6ubuntu2~24.04.1cross1 [46.5 kB]
2026-10-08T13:24:03.7509991Z Get:7 http://azure.archive.ubuntu.com/ubuntu noble-updates/main amd64 gcc-14-cross-base all 14.2.0-4ubuntu2~24.04.1cross1 [46.1 kB]
2026-10-08T13:24:03.8452140Z Get:8 http://azure.archive.ubuntu.com/ubuntu noble/main amd64 libc6-riscv64-cross all 2.39-0ubuntu8cross1 [1244 kB]
2026-10-08T13:24:04.1863321Z Get:9 http://azure.archive.ubuntu.com/ubuntu noble-updates/main amd64 libgcc-s1-riscv64-cross all 14.2.0-4ubuntu2~24.04.1cross1 [63.0 kB]
2026-10-08T13:24:04.2512534Z Get:10 http://azure.archive.ubuntu.com/ubuntu noble-updates/main amd64 libgomp1-riscv64-cross all 14.2.0-4ubuntu2~24.04.1cross1 [114 kB]
2026-10-08T13:24:04.3177356Z Get:11 http://azure.archive.ubuntu.com/ubuntu noble-updates/main amd64 libitm1-riscv64-cross all 14.2.0-4ubuntu2~24.04.1cross1 [32.5 kB]
2026-10-08T13:24:04.3841207Z Get:12 http://azure.archive.ubuntu.com/ubuntu noble-updates/main amd64 libatomic1-riscv64-cross all 14.2.0-4ubuntu2~24.04.1cross1 [9606 B]
2026-10-08T13:24:04.4474738Z Get:13 http://azure.archive.ubuntu.com/ubuntu noble-updates/main amd64 libasan8-riscv64-cross all 14.2.0-4ubuntu2~24.04.1cross1 [568 kB]
2026-10-08T13:24:04.5301023Z Get:14 http://azure.archive.ubuntu.com/ubuntu noble-updates/main amd64 libstdc++6-riscv64-cross all 14.2.0-4ubuntu2~24.04.1cross1 [751 kB]
2026-10-08T13:24:04.6181235Z Get:15 http://azure.archive.ubuntu.com/ubuntu noble-updates/main amd64 libubsan1-riscv64-cross all 14.2.0-4ubuntu2~24.04.1cross1 [229 kB]
2026-10-08T13:24:04.6887811Z Get:16 http://azure.archive.ubuntu.com/ubuntu noble-updates/main amd64 libgcc-13-dev-riscv64-cross all 13.3.0-6ubuntu2~24.04.1cross1 [1712 kB]
2026-10-08T13:24:04.8323962Z Get:17 http://azure.archive.ubuntu.com/ubuntu noble-updates/main amd64 gcc-13-riscv64-linux-gnu amd64 13.3.0-6ubuntu2~24.04.1cross1 [19.3 MB]
2026-10-08T13:24:05.3071241Z Get:18 http://azure.archive.ubuntu.com/ubuntu noble/main amd64 gcc-riscv64-linux-gnu amd64 4:13.2.0-7ubuntu1 [1212 B]
2026-10-08T13:24:05.3705158Z Get:19 http://azure.archive.ubuntu.com/ubuntu noble-updates/universe amd64 qemu-user amd64 1:8.2.2+ds-0ubuntu1.18 [9635 kB]
2026-10-08T13:24:05.6505292Z Get:20 http://azure.archive.ubuntu.com/ubuntu noble/main amd64 linux-libc-dev-riscv64-cross all 6.8.0-25.25cross1 [1370 kB]
2026-10-08T13:24:05.7660376Z Get:21 http://azure.archive.ubuntu.com/ubuntu noble/main amd64 libc6-dev-riscv64-cross all 2.39-0ubuntu8cross1 [3501 kB]
2026-10-08T13:24:06.0393257Z Fetched 50.1 MB in 3s (17.4 MB/s)
2026-10-08T13:24:06.0718099Z Selecting previously unselected package binutils-riscv64-linux-gnu.
2026-10-08T13:24:06.0895350Z (Reading database ... 
2026-10-08T13:24:06.0895828Z (Reading database ... 5%
2026-10-08T13:24:06.0896068Z (Reading database ... 10%
2026-10-08T13:24:06.0896312Z (Reading database ... 15%
2026-10-08T13:24:06.0896498Z (Reading database ... 20%
2026-10-08T13:24:06.0896696Z (Reading database ... 25%
2026-10-08T13:24:06.0896889Z (Reading database ... 30%
2026-10-08T13:24:06.0897079Z (Reading database ... 35%
2026-10-08T13:24:06.0897263Z (Reading database ... 40%
2026-10-08T13:24:06.0897440Z (Reading database ... 45%
2026-10-08T13:24:06.0897630Z (Reading database ... 50%
2026-10-08T13:24:06.0928447Z (Reading database ... 55%
2026-10-08T13:24:06.2253435Z (Reading database ... 60%
2026-10-08T13:24:06.4329199Z (Reading database ... 65%
2026-10-08T13:24:06.6358747Z (Reading database ... 70%
2026-10-08T13:24:06.7823861Z (Reading database ... 75%
2026-10-08T13:24:06.9836841Z (Reading database ... 80%
2026-10-08T13:24:07.1271395Z (Reading database ... 85%
2026-10-08T13:24:07.2883356Z (Reading database ... 90%
2026-10-08T13:24:07.4989990Z (Reading database ... 95%
2026-10-08T13:24:07.4990368Z (Reading database ... 100%
2026-10-08T13:24:07.4990801Z (Reading database ... 203191 files and directories currently installed.)
2026-10-08T13:24:07.5029748Z Preparing to unpack .../00-binutils-riscv64-linux-gnu_2.42-4ubuntu2.10_amd64.deb ...
2026-10-08T13:24:07.5326477Z Unpacking binutils-riscv64-linux-gnu (2.42-4ubuntu2.10) ...
2026-10-08T13:24:07.6464699Z Selecting previously unselected package gcc-13-riscv64-linux-gnu-base:amd64.
2026-10-08T13:24:07.6573769Z Preparing to unpack .../01-gcc-13-riscv64-linux-gnu-base_13.3.0-6ubuntu2~24.04.1cross1_amd64.deb ...
2026-10-08T13:24:07.6579174Z Unpacking gcc-13-riscv64-linux-gnu-base:amd64 (13.3.0-6ubuntu2~24.04.1cross1) ...
2026-10-08T13:24:07.6736535Z Selecting previously unselected package cpp-13-riscv64-linux-gnu.
2026-10-08T13:24:07.6836795Z Preparing to unpack .../02-cpp-13-riscv64-linux-gnu_13.3.0-6ubuntu2~24.04.1cross1_amd64.deb ...
2026-10-08T13:24:07.6860611Z Unpacking cpp-13-riscv64-linux-gnu (13.3.0-6ubuntu2~24.04.1cross1) ...
2026-10-08T13:24:07.9196680Z Selecting previously unselected package cpp-riscv64-linux-gnu.
2026-10-08T13:24:07.9306033Z Preparing to unpack .../03-cpp-riscv64-linux-gnu_4%3a13.2.0-7ubuntu1_amd64.deb ...
2026-10-08T13:24:07.9311684Z Unpacking cpp-riscv64-linux-gnu (4:13.2.0-7ubuntu1) ...
2026-10-08T13:24:07.9667607Z Selecting previously unselected package gcc-13-cross-base.
2026-10-08T13:24:07.9770192Z Preparing to unpack .../04-gcc-13-cross-base_13.3.0-6ubuntu2~24.04.1cross1_all.deb ...
2026-10-08T13:24:07.9775983Z Unpacking gcc-13-cross-base (13.3.0-6ubuntu2~24.04.1cross1) ...
2026-10-08T13:24:07.9927106Z Selecting previously unselected package gcc-14-cross-base.
2026-10-08T13:24:08.0028421Z Preparing to unpack .../05-gcc-14-cross-base_14.2.0-4ubuntu2~24.04.1cross1_all.deb ...
2026-10-08T13:24:08.0034468Z Unpacking gcc-14-cross-base (14.2.0-4ubuntu2~24.04.1cross1) ...
2026-10-08T13:24:08.0186314Z Selecting previously unselected package libc6-riscv64-cross.
2026-10-08T13:24:08.0285667Z Preparing to unpack .../06-libc6-riscv64-cross_2.39-0ubuntu8cross1_all.deb ...
2026-10-08T13:24:08.0291297Z Unpacking libc6-riscv64-cross (2.39-0ubuntu8cross1) ...
2026-10-08T13:24:08.0638272Z Selecting previously unselected package libgcc-s1-riscv64-cross.
2026-10-08T13:24:08.0742916Z Preparing to unpack .../07-libgcc-s1-riscv64-cross_14.2.0-4ubuntu2~24.04.1cross1_all.deb ...
2026-10-08T13:24:08.0748101Z Unpacking libgcc-s1-riscv64-cross (14.2.0-4ubuntu2~24.04.1cross1) ...
2026-10-08T13:24:08.0903161Z Selecting previously unselected package libgomp1-riscv64-cross.
2026-10-08T13:24:08.1003386Z Preparing to unpack .../08-libgomp1-riscv64-cross_14.2.0-4ubuntu2~24.04.1cross1_all.deb ...
2026-10-08T13:24:08.1008977Z Unpacking libgomp1-riscv64-cross (14.2.0-4ubuntu2~24.04.1cross1) ...
2026-10-08T13:24:08.1239466Z Selecting previously unselected package libitm1-riscv64-cross.
2026-10-08T13:24:08.1339598Z Preparing to unpack .../09-libitm1-riscv64-cross_14.2.0-4ubuntu2~24.04.1cross1_all.deb ...
2026-10-08T13:24:08.1345115Z Unpacking libitm1-riscv64-cross (14.2.0-4ubuntu2~24.04.1cross1) ...
2026-10-08T13:24:08.1499050Z Selecting previously unselected package libatomic1-riscv64-cross.
2026-10-08T13:24:08.1600000Z Preparing to unpack .../10-libatomic1-riscv64-cross_14.2.0-4ubuntu2~24.04.1cross1_all.deb ...
2026-10-08T13:24:08.1726940Z Unpacking libatomic1-riscv64-cross (14.2.0-4ubuntu2~24.04.1cross1) ...
2026-10-08T13:24:08.1877871Z Selecting previously unselected package libasan8-riscv64-cross.
2026-10-08T13:24:08.1978474Z Preparing to unpack .../11-libasan8-riscv64-cross_14.2.0-4ubuntu2~24.04.1cross1_all.deb ...
2026-10-08T13:24:08.1983907Z Unpacking libasan8-riscv64-cross (14.2.0-4ubuntu2~24.04.1cross1) ...
2026-10-08T13:24:08.2317456Z Selecting previously unselected package libstdc++6-riscv64-cross.
2026-10-08T13:24:08.2423995Z Preparing to unpack .../12-libstdc++6-riscv64-cross_14.2.0-4ubuntu2~24.04.1cross1_all.deb ...
2026-10-08T13:24:08.2429620Z Unpacking libstdc++6-riscv64-cross (14.2.0-4ubuntu2~24.04.1cross1) ...
2026-10-08T13:24:08.2796158Z Selecting previously unselected package libubsan1-riscv64-cross.
2026-10-08T13:24:08.2900271Z Preparing to unpack .../13-libubsan1-riscv64-cross_14.2.0-4ubuntu2~24.04.1cross1_all.deb ...
2026-10-08T13:24:08.2906206Z Unpacking libubsan1-riscv64-cross (14.2.0-4ubuntu2~24.04.1cross1) ...
2026-10-08T13:24:08.3113921Z Selecting previously unselected package libgcc-13-dev-riscv64-cross.
2026-10-08T13:24:08.3217508Z Preparing to unpack .../14-libgcc-13-dev-riscv64-cross_13.3.0-6ubuntu2~24.04.1cross1_all.deb ...
2026-10-08T13:24:08.3224192Z Unpacking libgcc-13-dev-riscv64-cross (13.3.0-6ubuntu2~24.04.1cross1) ...
2026-10-08T13:24:08.4641054Z Selecting previously unselected package gcc-13-riscv64-linux-gnu.
2026-10-08T13:24:08.4750115Z Preparing to unpack .../15-gcc-13-riscv64-linux-gnu_13.3.0-6ubuntu2~24.04.1cross1_amd64.deb ...
2026-10-08T13:24:08.4772865Z Unpacking gcc-13-riscv64-linux-gnu (13.3.0-6ubuntu2~24.04.1cross1) ...
2026-10-08T13:24:08.9118569Z Selecting previously unselected package gcc-riscv64-linux-gnu.
2026-10-08T13:24:08.9228364Z Preparing to unpack .../16-gcc-riscv64-linux-gnu_4%3a13.2.0-7ubuntu1_amd64.deb ...
2026-10-08T13:24:08.9233471Z Unpacking gcc-riscv64-linux-gnu (4:13.2.0-7ubuntu1) ...
2026-10-08T13:24:08.9595916Z Selecting previously unselected package qemu-user.
2026-10-08T13:24:08.9696917Z Preparing to unpack .../17-qemu-user_1%3a8.2.2+ds-0ubuntu1.18_amd64.deb ...
2026-10-08T13:24:08.9702369Z Unpacking qemu-user (1:8.2.2+ds-0ubuntu1.18) ...
2026-10-08T13:24:09.3362616Z Selecting previously unselected package linux-libc-dev-riscv64-cross.
2026-10-08T13:24:09.3473812Z Preparing to unpack .../18-linux-libc-dev-riscv64-cross_6.8.0-25.25cross1_all.deb ...
2026-10-08T13:24:09.3478941Z Unpacking linux-libc-dev-riscv64-cross (6.8.0-25.25cross1) ...
2026-10-08T13:24:09.5092410Z Selecting previously unselected package libc6-dev-riscv64-cross.
2026-10-08T13:24:09.5204801Z Preparing to unpack .../19-libc6-dev-riscv64-cross_2.39-0ubuntu8cross1_all.deb ...
2026-10-08T13:24:09.5210862Z Unpacking libc6-dev-riscv64-cross (2.39-0ubuntu8cross1) ...
2026-10-08T13:24:09.7965257Z Setting up gcc-13-riscv64-linux-gnu-base:amd64 (13.3.0-6ubuntu2~24.04.1cross1) ...
2026-10-08T13:24:09.7980783Z Setting up cpp-13-riscv64-linux-gnu (13.3.0-6ubuntu2~24.04.1cross1) ...
2026-10-08T13:24:09.7994509Z Setting up binutils-riscv64-linux-gnu (2.42-4ubuntu2.10) ...
2026-10-08T13:24:09.8007682Z Setting up gcc-14-cross-base (14.2.0-4ubuntu2~24.04.1cross1) ...
2026-10-08T13:24:09.8020372Z Setting up qemu-user (1:8.2.2+ds-0ubuntu1.18) ...
2026-10-08T13:24:09.8033976Z Setting up gcc-13-cross-base (13.3.0-6ubuntu2~24.04.1cross1) ...
2026-10-08T13:24:09.8046546Z Setting up linux-libc-dev-riscv64-cross (6.8.0-25.25cross1) ...
2026-10-08T13:24:09.8060760Z Setting up libc6-riscv64-cross (2.39-0ubuntu8cross1) ...
2026-10-08T13:24:09.8073426Z Setting up libgomp1-riscv64-cross (14.2.0-4ubuntu2~24.04.1cross1) ...
2026-10-08T13:24:09.8086327Z Setting up libatomic1-riscv64-cross (14.2.0-4ubuntu2~24.04.1cross1) ...
2026-10-08T13:24:09.8098646Z Setting up cpp-riscv64-linux-gnu (4:13.2.0-7ubuntu1) ...
2026-10-08T13:24:09.8113073Z Setting up libitm1-riscv64-cross (14.2.0-4ubuntu2~24.04.1cross1) ...
2026-10-08T13:24:09.8126277Z Setting up libgcc-s1-riscv64-cross (14.2.0-4ubuntu2~24.04.1cross1) ...
2026-10-08T13:24:09.8139504Z Setting up libc6-dev-riscv64-cross (2.39-0ubuntu8cross1) ...
2026-10-08T13:24:09.8152899Z Setting up libasan8-riscv64-cross (14.2.0-4ubuntu2~24.04.1cross1) ...
2026-10-08T13:24:09.8166179Z Setting up libstdc++6-riscv64-cross (14.2.0-4ubuntu2~24.04.1cross1) ...
2026-10-08T13:24:09.8179682Z Setting up libubsan1-riscv64-cross (14.2.0-4ubuntu2~24.04.1cross1) ...
2026-10-08T13:24:09.8192880Z Setting up libgcc-13-dev-riscv64-cross (13.3.0-6ubuntu2~24.04.1cross1) ...
2026-10-08T13:24:09.8206241Z Setting up gcc-13-riscv64-linux-gnu (13.3.0-6ubuntu2~24.04.1cross1) ...
2026-10-08T13:24:09.8219507Z Setting up gcc-riscv64-linux-gnu (4:13.2.0-7ubuntu1) ...
2026-10-08T13:24:09.8235724Z Processing triggers for man-db (2.12.0-4build2) ...
2026-10-08T13:24:09.8251856Z Not building database; man-db/auto-update is not 'true'.
2026-10-08T13:24:09.8260446Z Processing triggers for libc-bin (2.39-0ubuntu8.9) ...
2026-10-08T13:24:10.5466104Z 
2026-10-08T13:24:10.5466554Z Running kernel seems to be up-to-date.
2026-10-08T13:24:10.5466790Z 
2026-10-08T13:24:10.5466890Z No services need to be restarted.
2026-10-08T13:24:10.5467036Z 
2026-10-08T13:24:10.5467134Z No containers need to be restarted.
2026-10-08T13:24:10.5467374Z 
2026-10-08T13:24:10.5467562Z No user sessions are running outdated binaries.
2026-10-08T13:24:10.5467793Z 
2026-10-08T13:24:10.5468029Z No VM guests are running outdated hypervisor (qemu) binaries on this host.
2026-10-08T13:24:11.2911811Z ##[group]Run set -euo pipefail
2026-10-08T13:24:11.2912098Z [36;1mset -euo pipefail[0m
2026-10-08T13:24:11.2912361Z [36;1mtarget=riscv64gc-unknown-linux-gnu[0m
2026-10-08T13:24:11.2912704Z [36;1m# Run the named determinism tests, then require each to have run and passed:[0m
2026-10-08T13:24:11.2913114Z [36;1m# an `--exact` filter that matches nothing runs zero tests and exits 0.[0m
2026-10-08T13:24:11.2913612Z [36;1mdeterminism() {[0m
2026-10-08T13:24:11.2914042Z [36;1m  log="$RUNNER_TEMP/determinism-$PART.log"[0m
2026-10-08T13:24:11.2914392Z [36;1m  cargo test --locked --target "$target" -p purrdf-hnsw --test determinism \[0m
2026-10-08T13:24:11.2914760Z [36;1m    -- --color never --exact "$@" 2>&1 | tee "$log"[0m
2026-10-08T13:24:11.2915018Z [36;1m  for name in "$@"; do[0m
2026-10-08T13:24:11.2915354Z [36;1m    grep -qx "test $name ... ok" "$log" || { echo "::error::$name did not run on this part"; exit 1; }[0m
2026-10-08T13:24:11.2915698Z [36;1m  done[0m
2026-10-08T13:24:11.2915906Z [36;1m}[0m
2026-10-08T13:24:11.2916172Z [36;1m# Word splitting of the DETERMINISM_* lists is intended: each is a list of[0m
2026-10-08T13:24:11.2916481Z [36;1m# test names.[0m
2026-10-08T13:24:11.2916679Z [36;1m# shellcheck disable=SC2086[0m
2026-10-08T13:24:11.2916896Z [36;1mcase "$PART" in[0m
2026-10-08T13:24:11.2917080Z [36;1msuites)[0m
2026-10-08T13:24:11.2917369Z [36;1m  cargo test --locked --target "$target" -p purrdf-hash-conformance --test blake3[0m
2026-10-08T13:24:11.2917786Z [36;1m  cargo test --locked --target "$target" -p purrdf-core --lib distance[0m
2026-10-08T13:24:11.2918160Z [36;1m  cargo test --locked --target "$target" -p purrdf-sparql-eval --lib knn[0m
2026-10-08T13:24:11.2918526Z [36;1m  cargo test --locked --target "$target" -p purrdf-sparql-eval \[0m
2026-10-08T13:24:11.2918876Z [36;1m    --test knn_wasm_determinism --test knn_wasm_reassociated[0m
2026-10-08T13:24:11.2919231Z [36;1m  cargo test --locked --target "$target" -p purrdf-hnsw \[0m
2026-10-08T13:24:11.2919537Z [36;1m    --test conformance --test wasm_reassociated[0m
2026-10-08T13:24:11.2919780Z [36;1m  skips=()[0m
2026-10-08T13:24:11.2920099Z [36;1m  for name in $DETERMINISM_SERIAL $DETERMINISM_ONE_WORKER $DETERMINISM_MORE_WORKERS; do[0m
2026-10-08T13:24:11.2920450Z [36;1m    skips+=(--skip "$name")[0m
2026-10-08T13:24:11.2920656Z [36;1m  done[0m
2026-10-08T13:24:11.2920925Z [36;1m  cargo test --locked --target "$target" -p purrdf-hnsw --test determinism \[0m
2026-10-08T13:24:11.2921251Z [36;1m    -- --exact "${skips[@]}"[0m
2026-10-08T13:24:11.2921450Z [36;1m  ;;[0m
2026-10-08T13:24:11.2921686Z [36;1mdeterminism-serial) determinism $DETERMINISM_SERIAL ;;[0m
2026-10-08T13:24:11.2922039Z [36;1mdeterminism-one-worker) determinism $DETERMINISM_ONE_WORKER ;;[0m
2026-10-08T13:24:11.2922425Z [36;1mdeterminism-more-workers) determinism $DETERMINISM_MORE_WORKERS ;;[0m
2026-10-08T13:24:11.2922775Z [36;1m*) echo "::error::unknown part $PART"; exit 1 ;;[0m
2026-10-08T13:24:11.2923017Z [36;1mesac[0m
2026-10-08T13:24:11.2977555Z shell: /usr/bin/bash --noprofile --norc -e -o pipefail {0}
2026-10-08T13:24:11.2977837Z env:
2026-10-08T13:24:11.2978088Z   CARGO_TARGET_RISCV64GC_UNKNOWN_LINUX_GNU_LINKER: riscv64-linux-gnu-gcc
2026-10-08T13:24:11.2978523Z   CARGO_TARGET_RISCV64GC_UNKNOWN_LINUX_GNU_RUNNER: qemu-riscv64 -L /usr/riscv64-linux-gnu
2026-10-08T13:24:11.2978925Z   DETERMINISM_SERIAL: a_serial_insert_builds_a_different_graph
2026-10-08T13:24:11.2979276Z   DETERMINISM_ONE_WORKER: the_digest_is_identical_under_one_worker
2026-10-08T13:24:11.2979835Z   DETERMINISM_MORE_WORKERS: the_digest_is_identical_under_two_workers the_digest_is_identical_under_four_workers the_digest_is_identical_under_eight_workers
2026-10-08T13:24:11.2980339Z   CARGO_HOME: /home/runner/.cargo
2026-10-08T13:24:11.2980551Z   CARGO_INCREMENTAL: 0
2026-10-08T13:24:11.2980739Z   CARGO_TERM_COLOR: always
2026-10-08T13:24:11.2980987Z   PURRDF_REQUIRE_SIMD_PATHS: distance:portable,blake3:portable
2026-10-08T13:24:11.2981426Z   PART: determinism-serial
2026-10-08T13:24:11.2981619Z ##[endgroup]
2026-10-08T13:24:11.3451499Z info: syncing channel updates for nightly-x86_64-unknown-linux-gnu
2026-10-08T13:24:11.4219684Z info: latest update on 2026-10-08 for version 1.101.0-nightly (1d81eb4ad 2026-10-07)
2026-10-08T13:24:11.4312147Z info: downloading 4 components
2026-10-08T13:24:15.5727915Z [1m[92m    Updating[0m crates.io index
2026-10-08T13:24:15.8355202Z [1m[92m Downloading[0m crates ...
2026-10-08T13:24:15.8864460Z [1m[92m  Downloaded[0m const-oid v0.10.2
2026-10-08T13:24:15.8904661Z [1m[92m  Downloaded[0m crossbeam-utils v0.8.21
2026-10-08T13:24:15.8938297Z [1m[92m  Downloaded[0m cfg-if v1.0.4
2026-10-08T13:24:15.8950588Z [1m[92m  Downloaded[0m crypto-common v0.2.2
2026-10-08T13:24:15.8977013Z [1m[92m  Downloaded[0m cpufeatures v0.3.0
2026-10-08T13:24:15.8992158Z [1m[92m  Downloaded[0m block-buffer v0.12.1
2026-10-08T13:24:15.9126895Z [1m[92m  Downloaded[0m hybrid-array v0.4.15
2026-10-08T13:24:15.9144214Z [1m[92m  Downloaded[0m crossbeam-deque v0.8.6
2026-10-08T13:24:15.9168608Z [1m[92m  Downloaded[0m either v1.16.0
2026-10-08T13:24:15.9213923Z [1m[92m  Downloaded[0m digest v0.11.3
2026-10-08T13:24:15.9231768Z [1m[92m  Downloaded[0m sha2 v0.11.0
2026-10-08T13:24:15.9283835Z [1m[92m  Downloaded[0m getrandom v0.3.4
2026-10-08T13:24:15.9309832Z [1m[92m  Downloaded[0m crossbeam-epoch v0.9.18
2026-10-08T13:24:15.9328471Z [1m[92m  Downloaded[0m rayon-core v1.13.0
2026-10-08T13:24:15.9410598Z [1m[92m  Downloaded[0m memchr v2.8.2
2026-10-08T13:24:15.9453966Z [1m[92m  Downloaded[0m typenum v1.20.1
2026-10-08T13:24:15.9481046Z [1m[92m  Downloaded[0m hashbrown v0.17.1
2026-10-08T13:24:15.9522293Z [1m[92m  Downloaded[0m regex v1.12.4
2026-10-08T13:24:15.9564113Z [1m[92m  Downloaded[0m rayon v1.12.0
2026-10-08T13:24:15.9638450Z [1m[92m  Downloaded[0m aho-corasick v1.1.4
2026-10-08T13:24:15.9679447Z [1m[92m  Downloaded[0m regex-syntax v0.8.11
2026-10-08T13:24:15.9734899Z [1m[92m  Downloaded[0m regex-automata v0.4.14
2026-10-08T13:24:15.9845707Z [1m[92m  Downloaded[0m libc v0.2.186
2026-10-08T13:24:16.0912013Z [1m[92m   Compiling[0m purrdf-hash v3.0.1 (/home/runner/work/purrdf/purrdf/crates/hash)
2026-10-08T13:24:16.0912811Z [1m[92m   Compiling[0m typenum v1.20.1
2026-10-08T13:24:16.0913426Z [1m[92m   Compiling[0m crossbeam-utils v0.8.21
2026-10-08T13:24:16.0913986Z [1m[92m   Compiling[0m regex-syntax v0.8.11
2026-10-08T13:24:16.3625082Z [1m[92m   Compiling[0m cfg-if v1.0.4
2026-10-08T13:24:16.3865078Z [1m[92m   Compiling[0m const-oid v0.10.2
2026-10-08T13:24:17.0695293Z [1m[92m   Compiling[0m purrdf-lex v3.0.1 (/home/runner/work/purrdf/purrdf/crates/lex)
2026-10-08T13:24:17.2226328Z [1m[92m   Compiling[0m hybrid-array v0.4.15
2026-10-08T13:24:17.5034947Z [1m[92m   Compiling[0m libc v0.2.186
2026-10-08T13:24:17.7255029Z [1m[92m   Compiling[0m crypto-common v0.2.2
2026-10-08T13:24:18.0694882Z [1m[92m   Compiling[0m block-buffer v0.12.1
2026-10-08T13:24:18.1615415Z [1m[92m   Compiling[0m purrdf-events v3.0.1 (/home/runner/work/purrdf/purrdf/crates/rdf-events)
2026-10-08T13:24:18.2515160Z [1m[92m   Compiling[0m digest v0.11.3
2026-10-08T13:24:18.3445189Z [1m[92m   Compiling[0m sha2 v0.11.0
2026-10-08T13:24:18.8965616Z [1m[92m   Compiling[0m regex-automata v0.4.14
2026-10-08T13:24:19.6041164Z [1m[92m   Compiling[0m purrdf-iri v3.0.1 (/home/runner/work/purrdf/purrdf/crates/iri)
2026-10-08T13:24:22.7622738Z [1m[92m   Compiling[0m purrdf-xsd v3.0.1 (/home/runner/work/purrdf/purrdf/crates/xsd)
2026-10-08T13:24:22.9195064Z [1m[92m   Compiling[0m crossbeam-epoch v0.9.18
2026-10-08T13:24:23.2105042Z [1m[92m   Compiling[0m rayon-core v1.13.0
2026-10-08T13:24:23.2766199Z [1m[92m   Compiling[0m purrdf-core v3.0.1 (/home/runner/work/purrdf/purrdf/crates/rdf-core)
2026-10-08T13:24:24.3855287Z [1m[92m   Compiling[0m purrdf-cdt v3.0.1 (/home/runner/work/purrdf/purrdf/crates/cdt)
2026-10-08T13:24:28.0805742Z [1m[92m   Compiling[0m crossbeam-deque v0.8.6
2026-10-08T13:24:28.2095524Z [1m[92m   Compiling[0m regex v1.12.4
2026-10-08T13:24:29.1495369Z [1m[92m   Compiling[0m purrdf-deflate v3.0.1 (/home/runner/work/purrdf/purrdf/crates/deflate)
2026-10-08T13:24:29.4355069Z [1m[92m   Compiling[0m getrandom v0.3.4
2026-10-08T13:24:29.7476571Z [1m[92m   Compiling[0m hashbrown v0.17.1
2026-10-08T13:24:30.8004838Z [1m[92m   Compiling[0m either v1.16.0
2026-10-08T13:24:31.0015261Z [1m[92m   Compiling[0m rayon v1.12.0
2026-10-08T13:24:31.4625282Z [1m[92m   Compiling[0m purrdf-stack v3.0.1 (/home/runner/work/purrdf/purrdf/crates/stack)
2026-10-08T13:24:31.5785258Z [1m[92m   Compiling[0m purrdf-sparql-algebra v3.0.1 (/home/runner/work/purrdf/purrdf/crates/sparql-algebra)
2026-10-08T13:24:31.9735243Z [1m[92m   Compiling[0m purrdf-testkit v3.0.1 (/home/runner/work/purrdf/purrdf/crates/testkit)
2026-10-08T13:24:41.4069236Z [1m[92m   Compiling[0m purrdf-sparql-results v3.0.1 (/home/runner/work/purrdf/purrdf/crates/sparql-results)
2026-10-08T13:24:45.8883044Z [1m[92m   Compiling[0m purrdf-sparql-eval v3.0.1 (/home/runner/work/purrdf/purrdf/crates/sparql-eval)
2026-10-08T13:25:03.1446658Z [1m[92m   Compiling[0m purrdf-hnsw v3.0.1 (/home/runner/work/purrdf/purrdf/crates/hnsw)
2026-10-08T13:25:26.4084945Z [1m[92m    Finished[0m `test` profile [optimized] target(s) in 1m 10s
2026-10-08T13:25:26.4209429Z [1m[92m     Running[0m tests/determinism.rs (target/riscv64gc-unknown-linux-gnu/debug/build/purrdf-hnsw/e2c1f0769368fb68/out/determinism-e2c1f0769368fb68)
2026-10-08T13:25:26.4429948Z 
2026-10-08T13:25:26.4430356Z running 1 test
2026-10-08T13:36:25.9804684Z determinism-digest case=a_serial_insert_builds_a_different_graph digest=f0b2fd330bccfcc7 corpus_len=5000
2026-10-08T13:36:25.9811070Z test a_serial_insert_builds_a_different_graph ... ok
2026-10-08T13:36:25.9819861Z 
2026-10-08T13:36:25.9820189Z test result: ok. 1 passed; 0 failed; 0 ignored; 0 measured; 7 filtered out; finished in 659.54s
2026-10-08T13:36:25.9821941Z 
2026-10-08T13:36:26.0006247Z Post job cleanup.
2026-10-08T13:36:26.0689603Z [command]/usr/bin/git version
2026-10-08T13:36:26.0721308Z git version 2.55.0
2026-10-08T13:36:26.0750151Z Temporarily overriding HOME='/home/runner/work/_temp/37ec2b17-cb58-4ed0-a87e-2ef901be75f7' before making global git config changes
2026-10-08T13:36:26.0750957Z Adding repository directory to the temporary git global config as a safe directory
2026-10-08T13:36:26.0754162Z [command]/usr/bin/git config --global --add safe.directory /home/runner/work/purrdf/purrdf
2026-10-08T13:36:26.0778974Z Removing SSH command configuration
2026-10-08T13:36:26.0783887Z [command]/usr/bin/git config --local --name-only --get-regexp core\.sshCommand
2026-10-08T13:36:26.0810306Z [command]/usr/bin/git submodule foreach --recursive sh -c "git config --local --name-only --get-regexp 'core\.sshCommand' && git config --local --unset-all 'core.sshCommand' || :"
2026-10-08T13:36:26.1002528Z Removing HTTP extra header
2026-10-08T13:36:26.1006108Z [command]/usr/bin/git config --local --name-only --get-regexp http\.https\:\/\/github\.com\/\.extraheader
2026-10-08T13:36:26.1032036Z [command]/usr/bin/git submodule foreach --recursive sh -c "git config --local --name-only --get-regexp 'http\.https\:\/\/github\.com\/\.extraheader' && git config --local --unset-all 'http.https://github.com/.extraheader' || :"
2026-10-08T13:36:26.1221769Z Removing includeIf entries pointing to credentials config files
2026-10-08T13:36:26.1226758Z [command]/usr/bin/git config --local --name-only --get-regexp ^includeIf\.gitdir:
2026-10-08T13:36:26.1251899Z [command]/usr/bin/git submodule foreach --recursive git config --local --show-origin --name-only --get-regexp remote.origin.url
2026-10-08T13:36:26.1578394Z Cleaning up orphan processes
