   Compiling typenum v1.20.1
   Compiling crossbeam-utils v0.8.21
   Compiling purrdf-hash v3.0.1 (/home/paudley/Active/purrdf/.worktrees/458-purrdf-gts-composite-ml-dsa-65-ed25519/crates/hash)
   Compiling hybrid-array v0.4.15
   Compiling crypto-common v0.2.2
   Compiling block-buffer v0.12.1
   Compiling inout v0.2.2
   Compiling cmov v0.5.4
   Compiling ctutils v0.4.2
   Compiling cpubits v0.1.1
   Compiling crossbeam-epoch v0.9.18
   Compiling universal-hash v0.6.1
   Compiling cipher v0.5.2
   Compiling rayon-core v1.13.0
   Compiling polyval v0.7.3
   Compiling crossbeam-deque v0.8.6
   Compiling purrdf-lex v3.0.1 (/home/paudley/Active/purrdf/.worktrees/458-purrdf-gts-composite-ml-dsa-65-ed25519/crates/lex)
   Compiling digest v0.11.3
   Compiling cfg-if v1.0.4
   Compiling sha2 v0.11.0
   Compiling ghash v0.6.0
   Compiling aes v0.9.3
   Compiling ctr v0.10.1
   Compiling aead v0.6.1
   Compiling either v1.16.0
   Compiling fastrand v2.4.1
   Compiling twox-hash v2.1.2
   Compiling structured-zstd v0.0.49
   Compiling rayon v1.12.0
   Compiling aes-gcm v0.11.1
   Compiling purrdf-ed25519 v3.0.1 (/home/paudley/Active/purrdf/.worktrees/458-purrdf-gts-composite-ml-dsa-65-ed25519/crates/ed25519)
   Compiling purrdf-deflate v3.0.1 (/home/paudley/Active/purrdf/.worktrees/458-purrdf-gts-composite-ml-dsa-65-ed25519/crates/deflate)
   Compiling purrdf-events v3.0.1 (/home/paudley/Active/purrdf/.worktrees/458-purrdf-gts-composite-ml-dsa-65-ed25519/crates/rdf-events)
   Compiling visual-hashing v1.0.0
   Compiling purrdf-iri v3.0.1 (/home/paudley/Active/purrdf/.worktrees/458-purrdf-gts-composite-ml-dsa-65-ed25519/crates/iri)
   Compiling purrdf-xsd v3.0.1 (/home/paudley/Active/purrdf/.worktrees/458-purrdf-gts-composite-ml-dsa-65-ed25519/crates/xsd)
   Compiling purrdf-gts v3.0.1 (/home/paudley/Active/purrdf/.worktrees/458-purrdf-gts-composite-ml-dsa-65-ed25519/crates/gts)
    Finished `release` profile [optimized] target(s) in 19.10s
