    Checking purrdf-core v3.0.1 (/home/paudley/Active/purrdf/.worktrees/457-paged-tier-an-lsm-style-stack-of-sealed/crates/rdf-core)
    Checking purrdf-sparql-results v3.0.1 (/home/paudley/Active/purrdf/.worktrees/457-paged-tier-an-lsm-style-stack-of-sealed/crates/sparql-results)
    Checking purrdf-sparql-eval v3.0.1 (/home/paudley/Active/purrdf/.worktrees/457-paged-tier-an-lsm-style-stack-of-sealed/crates/sparql-eval)
    Checking purrdf-datalog v3.0.1 (/home/paudley/Active/purrdf/.worktrees/457-paged-tier-an-lsm-style-stack-of-sealed/crates/datalog)
    Checking purrdf-rdf v3.0.1 (/home/paudley/Active/purrdf/.worktrees/457-paged-tier-an-lsm-style-stack-of-sealed/crates/rdf)
    Checking purrdf-entail v3.0.1 (/home/paudley/Active/purrdf/.worktrees/457-paged-tier-an-lsm-style-stack-of-sealed/crates/entail)
    Checking purrdf-text v3.0.1 (/home/paudley/Active/purrdf/.worktrees/457-paged-tier-an-lsm-style-stack-of-sealed/crates/text)
    Checking purrdf-retrieval v3.0.1 (/home/paudley/Active/purrdf/.worktrees/457-paged-tier-an-lsm-style-stack-of-sealed/crates/retrieval)
    Checking purrdf-hnsw v3.0.1 (/home/paudley/Active/purrdf/.worktrees/457-paged-tier-an-lsm-style-stack-of-sealed/crates/hnsw)
    Checking purrdf-geo v3.0.1 (/home/paudley/Active/purrdf/.worktrees/457-paged-tier-an-lsm-style-stack-of-sealed/crates/geo)
    Checking purrdf-shex v3.0.1 (/home/paudley/Active/purrdf/.worktrees/457-paged-tier-an-lsm-style-stack-of-sealed/crates/shex)
    Checking purrdf-slice v3.0.1 (/home/paudley/Active/purrdf/.worktrees/457-paged-tier-an-lsm-style-stack-of-sealed/crates/slice)
    Checking purrdf-markdown v3.0.1 (/home/paudley/Active/purrdf/.worktrees/457-paged-tier-an-lsm-style-stack-of-sealed/crates/markdown)
    Checking purrdf-json v3.0.1 (/home/paudley/Active/purrdf/.worktrees/457-paged-tier-an-lsm-style-stack-of-sealed/crates/json)
    Checking purrdf-shapes v3.0.1 (/home/paudley/Active/purrdf/.worktrees/457-paged-tier-an-lsm-style-stack-of-sealed/crates/shapes)
    Checking purrdf-columnar v3.0.1 (/home/paudley/Active/purrdf/.worktrees/457-paged-tier-an-lsm-style-stack-of-sealed/crates/columnar)
    Checking purrdf-validate v3.0.1 (/home/paudley/Active/purrdf/.worktrees/457-paged-tier-an-lsm-style-stack-of-sealed/crates/validate)
    Checking purrdf v3.0.1 (/home/paudley/Active/purrdf/.worktrees/457-paged-tier-an-lsm-style-stack-of-sealed/crates/purrdf)
error: redundant clone
    --> crates/rdf-core/tests/paged_stack.rs:1163:22
     |
1163 |         vec![ordinary.clone(), declarations.clone()]
     |                      ^^^^^^^^ help: remove this
     |
note: this value is dropped without further use
    --> crates/rdf-core/tests/paged_stack.rs:1163:14
     |
1163 |         vec![ordinary.clone(), declarations.clone()]
     |              ^^^^^^^^
     = help: for further information visit https://rust-lang.github.io/rust-clippy/main/index.html#redundant_clone
     = note: `-D clippy::redundant-clone` implied by `-D warnings`
     = help: to override `-D warnings` add `#[allow(clippy::redundant_clone)]`

error: could not compile `purrdf-core` (test "paged_stack") due to 1 previous error
warning: build failed, waiting for other jobs to finish...
