   Compiling purrdf-hash v3.0.1 (/home/paudley/Active/purrdf/.worktrees/458-purrdf-gts-composite-ml-dsa-65-ed25519/crates/hash)
   Compiling purrdf-testkit v3.0.1 (/home/paudley/Active/purrdf/.worktrees/458-purrdf-gts-composite-ml-dsa-65-ed25519/crates/testkit)
   Compiling purrdf-ed25519 v3.0.1 (/home/paudley/Active/purrdf/.worktrees/458-purrdf-gts-composite-ml-dsa-65-ed25519/crates/ed25519)
   Compiling purrdf-lex v3.0.1 (/home/paudley/Active/purrdf/.worktrees/458-purrdf-gts-composite-ml-dsa-65-ed25519/crates/lex)
   Compiling purrdf-hash-conformance v3.0.1 (/home/paudley/Active/purrdf/.worktrees/458-purrdf-gts-composite-ml-dsa-65-ed25519/crates/hash-conformance)
    Finished `test` profile [optimized] target(s) in 34.11s
     Running tests/rfc8032.rs (/opt/.cargo/slots/caa92a003e12f897/0/build/debug/build/purrdf-ed25519/06469c41430ae39b/out/rfc8032-06469c41430ae39b)

running 3 tests
test shared_clearing_preserves_live_array_and_ed25519_api ... ok
test every_section_7_1_signature_is_refused_over_a_changed_message ... ok
test every_section_7_1_vector_reproduces_and_verifies ... ok

test result: ok. 3 passed; 0 failed; 0 ignored; 0 measured; 0 filtered out; finished in 0.00s

     Running tests/digest_differential.rs (/opt/.cargo/slots/caa92a003e12f897/0/build/debug/build/purrdf-hash-conformance/34918c6e19f5ea06/out/digest_differential-34918c6e19f5ea06)

running 8 tests
test required_sha1_and_crc32_paths_are_available_and_selected ... ok
crc32: x86-pclmulqdq reproduced
sha1: x86-sha reproduced
crc32: portable reproduced
test md5_vectors_are_reproduced ... ok
test crc32_vectors_are_reproduced_on_every_path ... ok
test sha3_224_vectors_are_reproduced ... ok
test sha3_256_vectors_are_reproduced ... ok
sha1: portable reproduced
test sha3_384_vectors_are_reproduced ... ok
test sha1_vectors_are_reproduced_on_every_path ... ok
test sha3_512_vectors_are_reproduced ... ok

test result: ok. 8 passed; 0 failed; 0 ignored; 0 measured; 0 filtered out; finished in 0.82s

     Running tests/shake.rs (/opt/.cargo/slots/caa92a003e12f897/0/build/debug/build/purrdf-hash-conformance/b153566cd762a6e6/out/shake-b153566cd762a6e6)

running 2 tests
test complete_nist_512_byte_answers ... ok
test independent_absorption_boundaries_and_long_output ... ok

test result: ok. 2 passed; 0 failed; 0 ignored; 0 measured; 0 filtered out; finished in 0.02s

