variant=base assertions=true
sha3_256_64KiB: iterations=30 ns_per_operation_samples=[104623.46666666666, 105591.1, 106243.1, 107430.73333333334, 104974.8, 105161.46666666666, 106806.4, 105240.8, 104455.13333333333]
md5_64KiB: iterations=50 ns_per_operation_samples=[80025.56, 80141.96, 82077.88, 83275.66, 85397.0, 85094.6, 85077.0, 82675.48, 76821.86]
sha1_64KiB: iterations=50 ns_per_operation_samples=[27072.18, 27362.36, 27947.74, 28436.74, 28308.94, 27904.54, 27321.98, 27336.96, 27215.76]
shake256_128in_640out: iterations=1000 ns_per_operation_samples=[1087.387, 1070.877, 1160.615, 1070.117, 1126.746, 1067.247, 1063.478, 1087.866, 1083.887]
keccak_f1600: iterations=3000 ns_per_operation_samples=[196.054, 196.56066666666666, 194.78733333333332, 196.174, 196.244, 222.47333333333333, 200.89366666666666, 200.45066666666668, 203.41366666666667]
signature_identity=d221e89921473da22be53c3707a081bb770265866dbe2ba64b25d36e27c2aa0c
mldsa65_keygen: iterations=30 ns_per_operation_samples=[129447.4, 126932.43333333333, 125965.16666666667, 130064.7, 136178.83333333334, 142671.0, 162576.03333333333, 145525.2, 401040.43333333335]
mldsa65_sign: iterations=20 ns_per_operation_samples=[298557.35, 298660.9, 437149.15, 318559.3, 320110.7, 317497.85, 316635.8, 310871.05, 311944.45]
mldsa65_verify: iterations=30 ns_per_operation_samples=[143134.96666666667, 143084.96666666667, 142157.0, 142087.0, 146584.2, 146000.2, 143115.3, 142338.33333333334, 142973.63333333333]
variant=head assertions=true
sha3_256_64KiB: iterations=30 ns_per_operation_samples=[104234.13333333333, 104279.16666666667, 112307.56666666667, 110313.63333333333, 112497.9, 107658.03333333334, 104439.83333333333, 102294.2, 100568.26666666666]
md5_64KiB: iterations=50 ns_per_operation_samples=[74234.74, 73447.56, 75693.08, 78952.6, 78601.6, 78796.8, 78551.8, 78745.0, 78700.78]
sha1_64KiB: iterations=50 ns_per_operation_samples=[28641.72, 28636.32, 28758.12, 28743.72, 28940.92, 28964.12, 28945.72, 28707.92, 28733.72]
shake256_128in_640out: iterations=1000 ns_per_operation_samples=[1236.522, 1236.203, 1237.402, 1236.412, 1238.032, 1241.412, 1234.763, 1226.462, 1227.823]
keccak_f1600: iterations=3000 ns_per_operation_samples=[213.65366666666668, 215.15333333333334, 215.07366666666667, 214.26, 215.17666666666668, 215.52, 215.50366666666667, 216.48333333333332, 216.16]
signature_identity=d221e89921473da22be53c3707a081bb770265866dbe2ba64b25d36e27c2aa0c
mldsa65_keygen: iterations=30 ns_per_operation_samples=[136736.13333333333, 136088.2, 136129.16666666666, 136073.83333333334, 135114.9, 136011.5, 136157.53333333333, 135281.53333333333, 134709.86666666667]
mldsa65_sign: iterations=20 ns_per_operation_samples=[310439.5, 310666.55, 310409.0, 315962.9, 309667.55, 301466.3, 317312.3, 312653.95, 304093.2]
mldsa65_verify: iterations=30 ns_per_operation_samples=[133700.23333333334, 131250.33333333334, 129548.73333333334, 133096.93333333332, 134943.86666666667, 137529.46666666667, 135473.86666666667, 154249.96666666667, 138401.43333333332]
variant=head assertions=true
sha3_256_64KiB: iterations=30 ns_per_operation_samples=[108141.36666666667, 101972.9, 165561.6, 108763.66666666667, 113378.9, 112343.53333333334, 115683.16666666667, 125869.13333333333, 112083.6]
md5_64KiB: iterations=50 ns_per_operation_samples=[84674.42, 82802.88, 81857.7, 83407.84, 84580.62, 84944.02, 85533.78, 87278.54, 89429.06]
sha1_64KiB: iterations=50 ns_per_operation_samples=[33246.38, 33813.38, 34165.14, 34601.54, 35069.34, 35240.72, 35329.92, 35571.12, 35255.12]
shake256_128in_640out: iterations=1000 ns_per_operation_samples=[1536.023, 1506.924, 1496.984, 1478.485, 1530.753, 1557.343, 1455.795, 1443.416, 1509.334]
keccak_f1600: iterations=3000 ns_per_operation_samples=[251.659, 249.40566666666666, 246.90566666666666, 249.83566666666667, 252.93233333333333, 254.38233333333332, 260.6286666666667, 257.052, 251.099]
signature_identity=d221e89921473da22be53c3707a081bb770265866dbe2ba64b25d36e27c2aa0c
mldsa65_keygen: iterations=30 ns_per_operation_samples=[145359.9, 147155.83333333334, 142478.0, 143197.96666666667, 149662.1, 144750.23333333334, 143466.96666666667, 143451.63333333333, 142539.3]
mldsa65_sign: iterations=20 ns_per_operation_samples=[310706.0, 300752.85, 302812.75, 333538.3, 348835.85, 350882.3, 345217.95, 342935.55, 338371.65]
mldsa65_verify: iterations=30 ns_per_operation_samples=[149896.76666666666, 149633.1, 149076.43333333332, 140295.4, 132773.26666666666, 132578.3, 133458.93333333332, 134606.2, 136391.16666666666]
variant=base assertions=true
sha3_256_64KiB: iterations=30 ns_per_operation_samples=[102463.53333333334, 95098.76666666666, 94652.76666666666, 96096.73333333334, 101800.9, 102348.2, 97157.36666666667, 98546.33333333333, 98456.33333333333]
md5_64KiB: iterations=50 ns_per_operation_samples=[78049.02, 78015.82, 78643.2, 77851.62, 79842.36, 81115.72, 81340.72, 82586.88, 85969.38]
sha1_64KiB: iterations=50 ns_per_operation_samples=[30606.66, 30650.66, 30584.26, 30476.88, 30458.66, 30172.88, 29939.3, 29880.28, 29768.68]
shake256_128in_640out: iterations=1000 ns_per_operation_samples=[1201.503, 1200.074, 1198.493, 1188.004, 1222.583, 1226.852, 1220.913, 1226.273, 1221.432]
keccak_f1600: iterations=3000 ns_per_operation_samples=[221.65, 221.34633333333332, 218.75666666666666, 215.01366666666667, 214.17, 213.67366666666666, 215.07333333333332, 214.27666666666667, 215.34]
signature_identity=d221e89921473da22be53c3707a081bb770265866dbe2ba64b25d36e27c2aa0c
mldsa65_keygen: iterations=30 ns_per_operation_samples=[141748.66666666666, 135606.2, 133072.6, 133756.23333333334, 138919.43333333332, 142851.96666666667, 142895.63333333333, 142897.66666666666, 142925.3]
mldsa65_sign: iterations=20 ns_per_operation_samples=[330735.9, 306322.65, 296776.45, 298810.4, 295226.0, 311240.0, 340292.1, 347219.4, 342601.05]
mldsa65_verify: iterations=30 ns_per_operation_samples=[151924.36666666667, 151777.7, 151988.36666666667, 154502.93333333332, 150590.4, 150309.43333333332, 149306.76666666666, 150168.73333333334, 151894.7]
variant=base assertions=true
sha3_256_64KiB: iterations=30 ns_per_operation_samples=[104585.13333333333, 104759.46666666666, 107612.06666666667, 108289.03333333334, 108946.0, 110105.96666666666, 103940.16666666667, 107084.73333333334, 102532.86666666667]
md5_64KiB: iterations=50 ns_per_operation_samples=[80263.54, 77350.64, 76008.68, 74912.72, 72188.2, 73496.74, 74686.34, 76976.04, 77465.24]
sha1_64KiB: iterations=50 ns_per_operation_samples=[27816.14, 28056.36, 27972.34, 28484.92, 28590.34, 27928.34, 27566.76, 27262.96, 27457.36]
shake256_128in_640out: iterations=1000 ns_per_operation_samples=[1127.326, 1142.925, 1157.125, 1170.144, 1185.984, 1184.404, 1196.843, 1201.083, 1203.523]
keccak_f1600: iterations=3000 ns_per_operation_samples=[212.30033333333333, 212.08, 214.707, 214.72666666666666, 221.65666666666667, 217.13, 216.98, 218.76666666666668, 218.19666666666666]
signature_identity=d221e89921473da22be53c3707a081bb770265866dbe2ba64b25d36e27c2aa0c
mldsa65_keygen: iterations=30 ns_per_operation_samples=[144524.26666666666, 144871.23333333334, 145196.9, 139799.06666666668, 139372.76666666666, 143474.6, 142608.33333333334, 144844.56666666668, 141113.7]
mldsa65_sign: iterations=20 ns_per_operation_samples=[323481.65, 356027.15, 359533.5, 350644.8, 341829.55, 370837.7, 343999.5, 320180.2, 322385.7]
mldsa65_verify: iterations=30 ns_per_operation_samples=[145436.86666666667, 146042.56666666668, 144056.26666666666, 148684.13333333333, 147218.5, 146562.86666666667, 145073.23333333334, 146139.86666666667, 149259.43333333332]
variant=head assertions=true
sha3_256_64KiB: iterations=30 ns_per_operation_samples=[102550.53333333334, 106259.4, 116883.43333333333, 118182.06666666667, 114030.2, 113901.83333333333, 160190.13333333333, 154404.6, 113147.23333333334]
md5_64KiB: iterations=50 ns_per_operation_samples=[82945.08, 84237.02, 80703.74, 80407.54, 83420.86, 85327.2, 82930.86, 78688.6, 82728.08]
sha1_64KiB: iterations=50 ns_per_operation_samples=[28751.12, 31081.44, 26232.6, 26444.0, 26624.78, 26808.38, 26851.8, 26916.36, 26964.78]
shake256_128in_640out: iterations=1000 ns_per_operation_samples=[1174.144, 1201.673, 1175.174, 1173.694, 1204.034, 1248.342, 1331.639, 1291.391, 1296.33]
keccak_f1600: iterations=3000 ns_per_operation_samples=[250.496, 250.539, 252.64233333333334, 252.71866666666668, 252.54233333333335, 251.47233333333332, 252.16233333333332, 251.59566666666666, 251.22233333333332]
signature_identity=d221e89921473da22be53c3707a081bb770265866dbe2ba64b25d36e27c2aa0c
mldsa65_keygen: iterations=30 ns_per_operation_samples=[144131.93333333332, 142924.96666666667, 141412.03333333333, 139930.06666666668, 144447.9, 144165.6, 143055.3, 140280.06666666668, 140527.03333333333]
mldsa65_sign: iterations=20 ns_per_operation_samples=[322405.7, 315383.35, 314521.4, 316509.35, 328343.45, 330650.95, 328718.95, 322714.15, 325848.55]
mldsa65_verify: iterations=30 ns_per_operation_samples=[150161.43333333332, 148465.8, 150638.06666666668, 150309.06666666668, 146943.83333333334, 151668.73333333334, 151382.36666666667, 150978.4, 156348.23333333334]
