2026-10-06T21:13:33.4723784Z Current runner version: '2.337.0'
2026-10-06T21:13:33.4741896Z ##[group]Runner Image Provisioner
2026-10-06T21:13:33.4742659Z Hosted Compute Agent
2026-10-06T21:13:33.4743159Z Version: 20260901.588
2026-10-06T21:13:33.4743649Z Commit: f88ec8081b781fac6c440065ac7ff9e710ce3d0b
2026-10-06T21:13:33.4744230Z Build Date: 2026-09-01T19:56:44Z
2026-10-06T21:13:33.4744778Z Worker ID: {466fafd9-0cb5-45a5-a723-8b10959decc3}
2026-10-06T21:13:33.4745328Z Azure Region: centralus
2026-10-06T21:13:33.4745806Z ##[endgroup]
2026-10-06T21:13:33.4747059Z ##[group]Operating System
2026-10-06T21:13:33.4747563Z Ubuntu
2026-10-06T21:13:33.4747964Z 24.04.5
2026-10-06T21:13:33.4748348Z LTS
2026-10-06T21:13:33.4748779Z ##[endgroup]
2026-10-06T21:13:33.4749195Z ##[group]Runner Image
2026-10-06T21:13:33.4749647Z Image: ubuntu-24.04
2026-10-06T21:13:33.4750121Z Version: 20260927.320.1
2026-10-06T21:13:33.4751112Z Included Software: https://github.com/actions/runner-images/blob/ubuntu24/20260927.320/images/ubuntu/Ubuntu2404-Readme.md
2026-10-06T21:13:33.4752323Z Image Release: https://github.com/actions/runner-images/releases/tag/ubuntu24%2F20260927.320
2026-10-06T21:13:33.4753388Z ##[endgroup]
2026-10-06T21:13:33.4754232Z ##[group]GITHUB_TOKEN Permissions
2026-10-06T21:13:33.4755976Z Contents: read
2026-10-06T21:13:33.4756499Z Metadata: read
2026-10-06T21:13:33.4757119Z ##[endgroup]
2026-10-06T21:13:33.4758787Z Secret source: Actions
2026-10-06T21:13:33.4759498Z Cache mode: write
2026-10-06T21:13:33.4760090Z Prepare workflow directory
2026-10-06T21:13:33.5091444Z Prepare all required actions
2026-10-06T21:13:33.5131581Z Getting action download info
2026-10-06T21:13:33.7707595Z Download action repository 'actions/checkout@9c091bb21b7c1c1d1991bb908d89e4e9dddfe3e0' (SHA:9c091bb21b7c1c1d1991bb908d89e4e9dddfe3e0)
2026-10-06T21:13:33.8647223Z Download action repository 'dtolnay/rust-toolchain@29eef336d9b2848a0b548edc03f92a220660cdb8' (SHA:29eef336d9b2848a0b548edc03f92a220660cdb8)
2026-10-06T21:13:34.0332286Z Download action repository 'actions/upload-artifact@043fb46d1a93c77aae656e7c1c64a875d1fc6a0a' (SHA:043fb46d1a93c77aae656e7c1c64a875d1fc6a0a)
2026-10-06T21:13:34.2305598Z Complete job name: simd-asm-projection
2026-10-06T21:13:34.2869683Z ##[group]Run actions/checkout@9c091bb21b7c1c1d1991bb908d89e4e9dddfe3e0
2026-10-06T21:13:34.2870495Z with:
2026-10-06T21:13:34.2870907Z   persist-credentials: false
2026-10-06T21:13:34.2871388Z   repository: Blackcat-Informatics/purrdf
2026-10-06T21:13:34.2874752Z   token: ***
2026-10-06T21:13:34.2875140Z   ssh-strict: true
2026-10-06T21:13:34.2875536Z   ssh-user: git
2026-10-06T21:13:34.2875926Z   clean: true
2026-10-06T21:13:34.2876335Z   sparse-checkout-cone-mode: true
2026-10-06T21:13:34.2876984Z   fetch-depth: 1
2026-10-06T21:13:34.2877395Z   fetch-tags: false
2026-10-06T21:13:34.2877788Z   show-progress: true
2026-10-06T21:13:34.2878247Z   lfs: false
2026-10-06T21:13:34.2878630Z   submodules: false
2026-10-06T21:13:34.2879065Z   set-safe-directory: true
2026-10-06T21:13:34.2879514Z   allow-unsafe-pr-checkout: false
2026-10-06T21:13:34.2880118Z env:
2026-10-06T21:13:34.2880516Z   CARGO_BUILD_JOBS: 2
2026-10-06T21:13:34.2880928Z ##[endgroup]
2026-10-06T21:13:34.3664356Z Syncing repository: Blackcat-Informatics/purrdf
2026-10-06T21:13:34.3665893Z ##[group]Getting Git version info
2026-10-06T21:13:34.3666451Z Working directory is '/home/runner/work/purrdf/purrdf'
2026-10-06T21:13:34.3667569Z [command]/usr/bin/git version
2026-10-06T21:13:34.3747578Z git version 2.55.0
2026-10-06T21:13:34.3761992Z ##[endgroup]
2026-10-06T21:13:34.3770875Z Temporarily overriding HOME='/home/runner/work/_temp/674077f9-c8ed-41da-9132-db7e239adce9' before making global git config changes
2026-10-06T21:13:34.3772510Z Adding repository directory to the temporary git global config as a safe directory
2026-10-06T21:13:34.3775426Z [command]/usr/bin/git config --global --add safe.directory /home/runner/work/purrdf/purrdf
2026-10-06T21:13:34.3814878Z Deleting the contents of '/home/runner/work/purrdf/purrdf'
2026-10-06T21:13:34.3817904Z ##[group]Determining repository object format
2026-10-06T21:13:34.3819448Z ##[endgroup]
2026-10-06T21:13:34.3820387Z ##[group]Initializing the repository
2026-10-06T21:13:34.3823314Z [command]/usr/bin/git init /home/runner/work/purrdf/purrdf
2026-10-06T21:13:34.3919438Z hint: Using 'master' as the name for the initial branch. This default branch name
2026-10-06T21:13:34.3920819Z hint: will change to "main" in Git 3.0. To configure the initial branch name
2026-10-06T21:13:34.3921899Z hint: to use in all of your new repositories, which will suppress this warning,
2026-10-06T21:13:34.3922898Z hint: call:
2026-10-06T21:13:34.3923455Z hint:
2026-10-06T21:13:34.3924024Z hint: 	git config --global init.defaultBranch <name>
2026-10-06T21:13:34.3924606Z hint:
2026-10-06T21:13:34.3925108Z hint: Names commonly chosen instead of 'master' are 'main', 'trunk' and
2026-10-06T21:13:34.3925877Z hint: 'development'. The just-created branch can be renamed via this command:
2026-10-06T21:13:34.3926509Z hint:
2026-10-06T21:13:34.3927121Z hint: 	git branch -m <name>
2026-10-06T21:13:34.3927659Z hint:
2026-10-06T21:13:34.3928205Z hint: Disable this message with "git config set advice.defaultBranchName false"
2026-10-06T21:13:34.3929205Z Initialized empty Git repository in /home/runner/work/purrdf/purrdf/.git/
2026-10-06T21:13:34.3930753Z [command]/usr/bin/git remote add origin https://github.com/Blackcat-Informatics/purrdf
2026-10-06T21:13:34.3976325Z ##[endgroup]
2026-10-06T21:13:34.3977246Z ##[group]Disabling automatic garbage collection
2026-10-06T21:13:34.3978860Z [command]/usr/bin/git config --local gc.auto 0
2026-10-06T21:13:34.4003520Z ##[endgroup]
2026-10-06T21:13:34.4004477Z ##[group]Setting up auth
2026-10-06T21:13:34.4007706Z Removing SSH command configuration
2026-10-06T21:13:34.4009297Z [command]/usr/bin/git config --local --name-only --get-regexp core\.sshCommand
2026-10-06T21:13:34.4032051Z [command]/usr/bin/git submodule foreach --recursive sh -c "git config --local --name-only --get-regexp 'core\.sshCommand' && git config --local --unset-all 'core.sshCommand' || :"
2026-10-06T21:13:34.4308152Z Removing HTTP extra header
2026-10-06T21:13:34.4312954Z [command]/usr/bin/git config --local --name-only --get-regexp http\.https\:\/\/github\.com\/\.extraheader
2026-10-06T21:13:34.4334309Z [command]/usr/bin/git submodule foreach --recursive sh -c "git config --local --name-only --get-regexp 'http\.https\:\/\/github\.com\/\.extraheader' && git config --local --unset-all 'http.https://github.com/.extraheader' || :"
2026-10-06T21:13:34.4492561Z Removing includeIf entries pointing to credentials config files
2026-10-06T21:13:34.4493848Z [command]/usr/bin/git config --local --name-only --get-regexp ^includeIf\.gitdir:
2026-10-06T21:13:34.4513084Z [command]/usr/bin/git submodule foreach --recursive git config --local --show-origin --name-only --get-regexp remote.origin.url
2026-10-06T21:13:34.4667336Z [command]/usr/bin/git config --file /home/runner/work/_temp/git-credentials-6063129b-7195-4818-a5ea-cb7739044c49.config http.https://github.com/.extraheader AUTHORIZATION: basic ***
2026-10-06T21:13:34.4691619Z [command]/usr/bin/git config --local includeIf.gitdir:/home/runner/work/purrdf/purrdf/.git.path /home/runner/work/_temp/git-credentials-6063129b-7195-4818-a5ea-cb7739044c49.config
2026-10-06T21:13:34.4718534Z [command]/usr/bin/git config --local includeIf.gitdir:/home/runner/work/purrdf/purrdf/.git/worktrees/*.path /home/runner/work/_temp/git-credentials-6063129b-7195-4818-a5ea-cb7739044c49.config
2026-10-06T21:13:34.4748465Z [command]/usr/bin/git config --local includeIf.gitdir:/github/workspace/.git.path /github/runner_temp/git-credentials-6063129b-7195-4818-a5ea-cb7739044c49.config
2026-10-06T21:13:34.4773308Z [command]/usr/bin/git config --local includeIf.gitdir:/github/workspace/.git/worktrees/*.path /github/runner_temp/git-credentials-6063129b-7195-4818-a5ea-cb7739044c49.config
2026-10-06T21:13:34.4799023Z ##[endgroup]
2026-10-06T21:13:34.4800035Z ##[group]Fetching the repository
2026-10-06T21:13:34.4804807Z [command]/usr/bin/git -c protocol.version=2 fetch --no-tags --prune --no-recurse-submodules --depth=1 origin +8364b29c9fb70195f123e2bc084160d83f78850a:refs/remotes/origin/paudley/457-paged-tier-an-lsm-style-stack-of-sealed
2026-10-06T21:13:36.3853410Z From https://github.com/Blackcat-Informatics/purrdf
2026-10-06T21:13:36.3854742Z  * [new ref]         8364b29c9fb70195f123e2bc084160d83f78850a -> origin/paudley/457-paged-tier-an-lsm-style-stack-of-sealed
2026-10-06T21:13:36.3860496Z [command]/usr/bin/git branch --list --remote origin/paudley/457-paged-tier-an-lsm-style-stack-of-sealed
2026-10-06T21:13:36.3879167Z   origin/paudley/457-paged-tier-an-lsm-style-stack-of-sealed
2026-10-06T21:13:36.3883670Z [command]/usr/bin/git rev-parse refs/remotes/origin/paudley/457-paged-tier-an-lsm-style-stack-of-sealed
2026-10-06T21:13:36.3899320Z 8364b29c9fb70195f123e2bc084160d83f78850a
2026-10-06T21:13:36.3901575Z ##[endgroup]
2026-10-06T21:13:36.3902561Z ##[group]Determining the checkout info
2026-10-06T21:13:36.3903964Z ##[endgroup]
2026-10-06T21:13:36.3905216Z [command]/usr/bin/git sparse-checkout disable
2026-10-06T21:13:36.3948610Z [command]/usr/bin/git config --local --unset-all extensions.worktreeConfig
2026-10-06T21:13:36.3971154Z ##[group]Checking out the ref
2026-10-06T21:13:36.3972932Z [command]/usr/bin/git checkout --progress --force -B paudley/457-paged-tier-an-lsm-style-stack-of-sealed refs/remotes/origin/paudley/457-paged-tier-an-lsm-style-stack-of-sealed
2026-10-06T21:13:37.1794788Z Switched to a new branch 'paudley/457-paged-tier-an-lsm-style-stack-of-sealed'
2026-10-06T21:13:37.1797818Z branch 'paudley/457-paged-tier-an-lsm-style-stack-of-sealed' set up to track 'origin/paudley/457-paged-tier-an-lsm-style-stack-of-sealed'.
2026-10-06T21:13:37.1810672Z ##[endgroup]
2026-10-06T21:13:37.1842500Z [command]/usr/bin/git log -1 --format=%H
2026-10-06T21:13:37.1861854Z 8364b29c9fb70195f123e2bc084160d83f78850a
2026-10-06T21:13:37.1868405Z ##[group]Removing auth
2026-10-06T21:13:37.1869533Z Removing SSH command configuration
2026-10-06T21:13:37.1871245Z [command]/usr/bin/git config --local --name-only --get-regexp core\.sshCommand
2026-10-06T21:13:37.1893851Z [command]/usr/bin/git submodule foreach --recursive sh -c "git config --local --name-only --get-regexp 'core\.sshCommand' && git config --local --unset-all 'core.sshCommand' || :"
2026-10-06T21:13:37.2049646Z Removing HTTP extra header
2026-10-06T21:13:37.2051357Z [command]/usr/bin/git config --local --name-only --get-regexp http\.https\:\/\/github\.com\/\.extraheader
2026-10-06T21:13:37.2071585Z [command]/usr/bin/git submodule foreach --recursive sh -c "git config --local --name-only --get-regexp 'http\.https\:\/\/github\.com\/\.extraheader' && git config --local --unset-all 'http.https://github.com/.extraheader' || :"
2026-10-06T21:13:37.2216519Z Removing includeIf entries pointing to credentials config files
2026-10-06T21:13:37.2218763Z [command]/usr/bin/git config --local --name-only --get-regexp ^includeIf\.gitdir:
2026-10-06T21:13:37.2235279Z includeif.gitdir:/home/runner/work/purrdf/purrdf/.git.path
2026-10-06T21:13:37.2237376Z includeif.gitdir:/home/runner/work/purrdf/purrdf/.git/worktrees/*.path
2026-10-06T21:13:37.2239042Z includeif.gitdir:/github/workspace/.git.path
2026-10-06T21:13:37.2240967Z includeif.gitdir:/github/workspace/.git/worktrees/*.path
2026-10-06T21:13:37.2244534Z [command]/usr/bin/git config --local --get-all includeif.gitdir:/home/runner/work/purrdf/purrdf/.git.path
2026-10-06T21:13:37.2254461Z /home/runner/work/_temp/git-credentials-6063129b-7195-4818-a5ea-cb7739044c49.config
2026-10-06T21:13:37.2262316Z [command]/usr/bin/git config --local --unset includeif.gitdir:/home/runner/work/purrdf/purrdf/.git.path /home/runner/work/_temp/git-credentials-6063129b-7195-4818-a5ea-cb7739044c49.config
2026-10-06T21:13:37.2285797Z [command]/usr/bin/git config --local --get-all includeif.gitdir:/home/runner/work/purrdf/purrdf/.git/worktrees/*.path
2026-10-06T21:13:37.2302075Z /home/runner/work/_temp/git-credentials-6063129b-7195-4818-a5ea-cb7739044c49.config
2026-10-06T21:13:37.2309587Z [command]/usr/bin/git config --local --unset includeif.gitdir:/home/runner/work/purrdf/purrdf/.git/worktrees/*.path /home/runner/work/_temp/git-credentials-6063129b-7195-4818-a5ea-cb7739044c49.config
2026-10-06T21:13:37.2331485Z [command]/usr/bin/git config --local --get-all includeif.gitdir:/github/workspace/.git.path
2026-10-06T21:13:37.2382089Z /github/runner_temp/git-credentials-6063129b-7195-4818-a5ea-cb7739044c49.config
2026-10-06T21:13:37.2387137Z [command]/usr/bin/git config --local --unset includeif.gitdir:/github/workspace/.git.path /github/runner_temp/git-credentials-6063129b-7195-4818-a5ea-cb7739044c49.config
2026-10-06T21:13:37.2425395Z [command]/usr/bin/git config --local --get-all includeif.gitdir:/github/workspace/.git/worktrees/*.path
2026-10-06T21:13:37.2438381Z /github/runner_temp/git-credentials-6063129b-7195-4818-a5ea-cb7739044c49.config
2026-10-06T21:13:37.2445184Z [command]/usr/bin/git config --local --unset includeif.gitdir:/github/workspace/.git/worktrees/*.path /github/runner_temp/git-credentials-6063129b-7195-4818-a5ea-cb7739044c49.config
2026-10-06T21:13:37.2469862Z [command]/usr/bin/git submodule foreach --recursive git config --local --show-origin --name-only --get-regexp remote.origin.url
2026-10-06T21:13:37.2615830Z Removing credentials config '/home/runner/work/_temp/git-credentials-6063129b-7195-4818-a5ea-cb7739044c49.config'
2026-10-06T21:13:37.2626848Z ##[endgroup]
2026-10-06T21:13:37.3035917Z ##[group]Run dtolnay/rust-toolchain@29eef336d9b2848a0b548edc03f92a220660cdb8
2026-10-06T21:13:37.3037290Z with:
2026-10-06T21:13:37.3037953Z   toolchain: nightly
2026-10-06T21:13:37.3038844Z   targets: wasm32-unknown-unknown, aarch64-unknown-linux-gnu
2026-10-06T21:13:37.3039848Z env:
2026-10-06T21:13:37.3040501Z   CARGO_BUILD_JOBS: 2
2026-10-06T21:13:37.3041183Z ##[endgroup]
2026-10-06T21:13:37.3126938Z ##[start-action display=Run : parse toolchain version;id=__dtolnay_rust-toolchain.parse]
2026-10-06T21:13:37.3179137Z ##[group]Run : parse toolchain version
2026-10-06T21:13:37.3180156Z [36;1m: parse toolchain version[0m
2026-10-06T21:13:37.3181100Z [36;1mif [[ -z $toolchain ]]; then[0m
2026-10-06T21:13:37.3182501Z [36;1m  # GitHub does not enforce `required: true` inputs itself. https://github.com/actions/runner/issues/1070[0m
2026-10-06T21:13:37.3184049Z [36;1m  echo "'toolchain' is a required input" >&2[0m
2026-10-06T21:13:37.3185006Z [36;1m  exit 1[0m
2026-10-06T21:13:37.3186108Z [36;1melif [[ $toolchain =~ ^stable' '[0-9]+' '(year|month|week|day)s?' 'ago$ ]]; then[0m
2026-10-06T21:13:37.3187436Z [36;1m  if [[ Linux == macOS ]]; then[0m
2026-10-06T21:13:37.3188897Z [36;1m    echo "toolchain=1.$((($(date -v-$(sed 's/stable \([0-9]*\) \(.\).*/\1\2/' <<< $toolchain) +%s)/60/60/24-16569)/7/6))" >> $GITHUB_OUTPUT[0m
2026-10-06T21:13:37.3190391Z [36;1m  else[0m
2026-10-06T21:13:37.3191539Z [36;1m    echo "toolchain=1.$((($(date --date "${toolchain#stable }" +%s)/60/60/24-16569)/7/6))" >> $GITHUB_OUTPUT[0m
2026-10-06T21:13:37.3192924Z [36;1m  fi[0m
2026-10-06T21:13:37.3193850Z [36;1melif [[ $toolchain =~ ^stable' 'minus' '[0-9]+' 'releases?$ ]]; then[0m
2026-10-06T21:13:37.3195354Z [36;1m  echo "toolchain=1.$((($(date +%s)/60/60/24-16569)/7/6-${toolchain//[^0-9]/}))" >> $GITHUB_OUTPUT[0m
2026-10-06T21:13:37.3196773Z [36;1melif [[ $toolchain =~ ^1\.[0-9]+$ ]]; then[0m
2026-10-06T21:13:37.3198340Z [36;1m  echo "toolchain=1.$((i=${toolchain#1.}, c=($(date +%s)/60/60/24-16569)/7/6, i+9*i*(10*i<=c)+90*i*(100*i<=c)))" >> $GITHUB_OUTPUT[0m
2026-10-06T21:13:37.3199753Z [36;1melse[0m
2026-10-06T21:13:37.3200580Z [36;1m  echo "toolchain=$toolchain" >> $GITHUB_OUTPUT[0m
2026-10-06T21:13:37.3201524Z [36;1mfi[0m
2026-10-06T21:13:37.3376324Z shell: /usr/bin/bash --noprofile --norc -e -o pipefail {0}
2026-10-06T21:13:37.3377535Z env:
2026-10-06T21:13:37.3378182Z   CARGO_BUILD_JOBS: 2
2026-10-06T21:13:37.3378882Z   toolchain: nightly
2026-10-06T21:13:37.3379589Z ##[endgroup]
2026-10-06T21:13:37.3479577Z ##[end-action id=__dtolnay_rust-toolchain.parse;outcome=success;conclusion=success;duration_ms=35]
2026-10-06T21:13:37.3500733Z ##[start-action display=Run : construct rustup command line;id=__dtolnay_rust-toolchain.flags]
2026-10-06T21:13:37.3535081Z ##[group]Run : construct rustup command line
2026-10-06T21:13:37.3536059Z [36;1m: construct rustup command line[0m
2026-10-06T21:13:37.3537499Z [36;1mecho "targets=$(for t in ${targets//,/ }; do echo -n ' --target' $t; done)" >> $GITHUB_OUTPUT[0m
2026-10-06T21:13:37.3539260Z [36;1mecho "components=$(for c in ${components//,/ }; do echo -n ' --component' $c; done)" >> $GITHUB_OUTPUT[0m
2026-10-06T21:13:37.3540630Z [36;1mecho "downgrade=" >> $GITHUB_OUTPUT[0m
2026-10-06T21:13:37.3568927Z shell: /usr/bin/bash --noprofile --norc -e -o pipefail {0}
2026-10-06T21:13:37.3569913Z env:
2026-10-06T21:13:37.3570576Z   CARGO_BUILD_JOBS: 2
2026-10-06T21:13:37.3571489Z   targets: wasm32-unknown-unknown, aarch64-unknown-linux-gnu
2026-10-06T21:13:37.3572500Z   components: 
2026-10-06T21:13:37.3573177Z ##[endgroup]
2026-10-06T21:13:37.3638240Z ##[end-action id=__dtolnay_rust-toolchain.flags;outcome=success;conclusion=success;duration_ms=13]
2026-10-06T21:13:37.3644568Z ##[start-action display=Run : set $CARGO_HOME;id=__dtolnay_rust-toolchain.__run]
2026-10-06T21:13:37.3677950Z ##[group]Run : set $CARGO_HOME
2026-10-06T21:13:37.3678747Z [36;1m: set $CARGO_HOME[0m
2026-10-06T21:13:37.3679838Z [36;1mecho CARGO_HOME=${CARGO_HOME:-"$HOME/.cargo"} >> $GITHUB_ENV[0m
2026-10-06T21:13:37.3703842Z shell: /usr/bin/bash --noprofile --norc -e -o pipefail {0}
2026-10-06T21:13:37.3704861Z env:
2026-10-06T21:13:37.3705531Z   CARGO_BUILD_JOBS: 2
2026-10-06T21:13:37.3706208Z ##[endgroup]
2026-10-06T21:13:37.3762767Z ##[end-action id=__dtolnay_rust-toolchain.__run;outcome=success;conclusion=success;duration_ms=11]
2026-10-06T21:13:37.3767940Z ##[start-action display=Run : install rustup if needed;id=__dtolnay_rust-toolchain.__run_2]
2026-10-06T21:13:37.3811375Z ##[group]Run : install rustup if needed
2026-10-06T21:13:37.3812269Z [36;1m: install rustup if needed[0m
2026-10-06T21:13:37.3813155Z [36;1mif ! command -v rustup &>/dev/null; then[0m
2026-10-06T21:13:37.3815034Z [36;1m  curl --proto '=https' --tlsv1.2 --retry 10 --retry-connrefused --location --silent --show-error --fail https://sh.rustup.rs | sh -s -- --default-toolchain none -y[0m
2026-10-06T21:13:37.3817031Z [36;1m  echo "$CARGO_HOME/bin" >> $GITHUB_PATH[0m
2026-10-06T21:13:37.3817899Z [36;1mfi[0m
2026-10-06T21:13:37.3840995Z shell: /usr/bin/bash --noprofile --norc -e -o pipefail {0}
2026-10-06T21:13:37.3841955Z env:
2026-10-06T21:13:37.3842612Z   CARGO_BUILD_JOBS: 2
2026-10-06T21:13:37.3843346Z   CARGO_HOME: /home/runner/.cargo
2026-10-06T21:13:37.3844126Z ##[endgroup]
2026-10-06T21:13:37.3897167Z ##[end-action id=__dtolnay_rust-toolchain.__run_2;outcome=success;conclusion=success;duration_ms=12]
2026-10-06T21:13:37.3904075Z ##[start-action display=Run : install rustup if needed on windows;id=__dtolnay_rust-toolchain.__run_3]
2026-10-06T21:13:37.3915040Z ##[end-action id=__dtolnay_rust-toolchain.__run_3;outcome=skipped;conclusion=skipped;duration_ms=0]
2026-10-06T21:13:37.3921518Z ##[start-action display=rustup toolchain install nightly;id=__dtolnay_rust-toolchain.__run_4]
2026-10-06T21:13:37.3956949Z ##[group]Run rustup toolchain install nightly --target wasm32-unknown-unknown --target aarch64-unknown-linux-gnu --profile minimal --no-self-update
2026-10-06T21:13:37.3959573Z [36;1mrustup toolchain install nightly --target wasm32-unknown-unknown --target aarch64-unknown-linux-gnu --profile minimal --no-self-update[0m
2026-10-06T21:13:37.3983399Z shell: /usr/bin/bash --noprofile --norc -e -o pipefail {0}
2026-10-06T21:13:37.3984388Z env:
2026-10-06T21:13:37.3985006Z   CARGO_BUILD_JOBS: 2
2026-10-06T21:13:37.3985756Z   CARGO_HOME: /home/runner/.cargo
2026-10-06T21:13:37.3986557Z   RUSTUP_PERMIT_COPY_RENAME: 1
2026-10-06T21:13:37.3987483Z ##[endgroup]
2026-10-06T21:13:37.4449982Z info: syncing channel updates for nightly-x86_64-unknown-linux-gnu
2026-10-06T21:13:37.6989685Z info: latest update on 2026-10-06 for version 1.101.0-nightly (ea137335b 2026-10-05)
2026-10-06T21:13:37.6990434Z info: downloading 5 components
2026-10-06T21:13:46.9722007Z 
2026-10-06T21:13:46.9784997Z   nightly-x86_64-unknown-linux-gnu installed - rustc 1.101.0-nightly (ea137335b 2026-10-05)
2026-10-06T21:13:46.9785708Z 
2026-10-06T21:13:46.9823061Z ##[end-action id=__dtolnay_rust-toolchain.__run_4;outcome=success;conclusion=success;duration_ms=9590]
2026-10-06T21:13:46.9831806Z ##[start-action display=Run rustup default nightly;id=__dtolnay_rust-toolchain.__run_5]
2026-10-06T21:13:46.9859671Z ##[group]Run rustup default nightly
2026-10-06T21:13:46.9859984Z [36;1mrustup default nightly[0m
2026-10-06T21:13:46.9897083Z shell: /usr/bin/bash --noprofile --norc -e -o pipefail {0}
2026-10-06T21:13:46.9897429Z env:
2026-10-06T21:13:46.9897643Z   CARGO_BUILD_JOBS: 2
2026-10-06T21:13:46.9897902Z   CARGO_HOME: /home/runner/.cargo
2026-10-06T21:13:46.9898174Z ##[endgroup]
2026-10-06T21:13:46.9982245Z info: using existing install for nightly-x86_64-unknown-linux-gnu
2026-10-06T21:13:46.9994544Z info: default toolchain set to nightly-x86_64-unknown-linux-gnu
2026-10-06T21:13:46.9994832Z 
2026-10-06T21:13:47.0048983Z   nightly-x86_64-unknown-linux-gnu unchanged - rustc 1.101.0-nightly (ea137335b 2026-10-05)
2026-10-06T21:13:47.0049320Z 
2026-10-06T21:13:47.0050202Z info: note that the toolchain 'nightly-x86_64-unknown-linux-gnu' is currently in use (overridden by '/home/runner/work/purrdf/purrdf/rust-toolchain.toml')
2026-10-06T21:13:47.0060157Z ##[end-action id=__dtolnay_rust-toolchain.__run_5;outcome=success;conclusion=success;duration_ms=22]
2026-10-06T21:13:47.0064357Z ##[start-action display=Run : create cachekey;id=__dtolnay_rust-toolchain.rustc-version]
2026-10-06T21:13:47.0084538Z ##[group]Run : create cachekey
2026-10-06T21:13:47.0084854Z [36;1m: create cachekey[0m
2026-10-06T21:13:47.0085278Z [36;1mDATE=$(rustc +nightly --version --verbose | sed -ne 's/^commit-date: \(20[0-9][0-9]\)-\([01][0-9]\)-\([0-3][0-9]\)$/\1\2\3/p')[0m
2026-10-06T21:13:47.0085794Z [36;1mHASH=$(rustc +nightly --version --verbose | sed -ne 's/^commit-hash: //p')[0m
2026-10-06T21:13:47.0086239Z [36;1mecho "cachekey=$(echo $DATE$HASH | head -c12)" >> $GITHUB_OUTPUT[0m
2026-10-06T21:13:47.0114354Z shell: /usr/bin/bash --noprofile --norc -e -o pipefail {0}
2026-10-06T21:13:47.0114699Z env:
2026-10-06T21:13:47.0114945Z   CARGO_BUILD_JOBS: 2
2026-10-06T21:13:47.0115221Z   CARGO_HOME: /home/runner/.cargo
2026-10-06T21:13:47.0115455Z ##[endgroup]
2026-10-06T21:13:47.0351196Z ##[end-action id=__dtolnay_rust-toolchain.rustc-version;outcome=success;conclusion=success;duration_ms=28]
2026-10-06T21:13:47.0353332Z ##[start-action display=Run : disable incremental compilation;id=__dtolnay_rust-toolchain.__run_6]
2026-10-06T21:13:47.0379072Z ##[group]Run : disable incremental compilation
2026-10-06T21:13:47.0379419Z [36;1m: disable incremental compilation[0m
2026-10-06T21:13:47.0379718Z [36;1mif [ -z "${CARGO_INCREMENTAL+set}" ]; then[0m
2026-10-06T21:13:47.0380044Z [36;1m  echo CARGO_INCREMENTAL=0 >> $GITHUB_ENV[0m
2026-10-06T21:13:47.0380317Z [36;1mfi[0m
2026-10-06T21:13:47.0409299Z shell: /usr/bin/bash --noprofile --norc -e -o pipefail {0}
2026-10-06T21:13:47.0409619Z env:
2026-10-06T21:13:47.0409872Z   CARGO_BUILD_JOBS: 2
2026-10-06T21:13:47.0410103Z   CARGO_HOME: /home/runner/.cargo
2026-10-06T21:13:47.0410375Z ##[endgroup]
2026-10-06T21:13:47.0459428Z ##[end-action id=__dtolnay_rust-toolchain.__run_6;outcome=success;conclusion=success;duration_ms=10]
2026-10-06T21:13:47.0461525Z ##[start-action display=Run : enable colors in Cargo output;id=__dtolnay_rust-toolchain.__run_7]
2026-10-06T21:13:47.0480677Z ##[group]Run : enable colors in Cargo output
2026-10-06T21:13:47.0480984Z [36;1m: enable colors in Cargo output[0m
2026-10-06T21:13:47.0481256Z [36;1mif [ -z "${CARGO_TERM_COLOR+set}" ]; then[0m
2026-10-06T21:13:47.0481635Z [36;1m  echo CARGO_TERM_COLOR=always >> $GITHUB_ENV[0m
2026-10-06T21:13:47.0481896Z [36;1mfi[0m
2026-10-06T21:13:47.0509249Z shell: /usr/bin/bash --noprofile --norc -e -o pipefail {0}
2026-10-06T21:13:47.0509684Z env:
2026-10-06T21:13:47.0509952Z   CARGO_BUILD_JOBS: 2
2026-10-06T21:13:47.0510185Z   CARGO_HOME: /home/runner/.cargo
2026-10-06T21:13:47.0510540Z   CARGO_INCREMENTAL: 0
2026-10-06T21:13:47.0510763Z ##[endgroup]
2026-10-06T21:13:47.0557565Z ##[end-action id=__dtolnay_rust-toolchain.__run_7;outcome=success;conclusion=success;duration_ms=9]
2026-10-06T21:13:47.0561527Z ##[start-action display=Run : enable Cargo sparse registry;id=__dtolnay_rust-toolchain.__run_8]
2026-10-06T21:13:47.0581402Z ##[group]Run : enable Cargo sparse registry
2026-10-06T21:13:47.0581735Z [36;1m: enable Cargo sparse registry[0m
2026-10-06T21:13:47.0582051Z [36;1m# implemented in 1.66, stabilized in 1.68, made default in 1.70[0m
2026-10-06T21:13:47.0582592Z [36;1mif [ -z "${CARGO_REGISTRIES_CRATES_IO_PROTOCOL+set}" -o -f "/home/runner/work/_temp"/.implicit_cargo_registries_crates_io_protocol ]; then[0m
2026-10-06T21:13:47.0583134Z [36;1m  if rustc +nightly --version --verbose | grep -q '^release: 1\.6[89]\.'; then[0m
2026-10-06T21:13:47.0583653Z [36;1m    touch "/home/runner/work/_temp"/.implicit_cargo_registries_crates_io_protocol || true[0m
2026-10-06T21:13:47.0584070Z [36;1m    echo CARGO_REGISTRIES_CRATES_IO_PROTOCOL=sparse >> $GITHUB_ENV[0m
2026-10-06T21:13:47.0584568Z [36;1m  elif rustc +nightly --version --verbose | grep -q '^release: 1\.6[67]\.'; then[0m
2026-10-06T21:13:47.0585030Z [36;1m    touch "/home/runner/work/_temp"/.implicit_cargo_registries_crates_io_protocol || true[0m
2026-10-06T21:13:47.0585487Z [36;1m    echo CARGO_REGISTRIES_CRATES_IO_PROTOCOL=git >> $GITHUB_ENV[0m
2026-10-06T21:13:47.0585811Z [36;1m  fi[0m
2026-10-06T21:13:47.0586043Z [36;1mfi[0m
2026-10-06T21:13:47.0613791Z shell: /usr/bin/bash --noprofile --norc -e -o pipefail {0}
2026-10-06T21:13:47.0614150Z env:
2026-10-06T21:13:47.0614417Z   CARGO_BUILD_JOBS: 2
2026-10-06T21:13:47.0614649Z   CARGO_HOME: /home/runner/.cargo
2026-10-06T21:13:47.0614902Z   CARGO_INCREMENTAL: 0
2026-10-06T21:13:47.0615149Z   CARGO_TERM_COLOR: always
2026-10-06T21:13:47.0615407Z ##[endgroup]
2026-10-06T21:13:47.0824221Z ##[end-action id=__dtolnay_rust-toolchain.__run_8;outcome=success;conclusion=success;duration_ms=26]
2026-10-06T21:13:47.0827761Z ##[start-action display=Run : work around spurious network errors in curl 8.0;id=__dtolnay_rust-toolchain.__run_9]
2026-10-06T21:13:47.0848216Z ##[group]Run : work around spurious network errors in curl 8.0
2026-10-06T21:13:47.0848590Z [36;1m: work around spurious network errors in curl 8.0[0m
2026-10-06T21:13:47.0849057Z [36;1m# https://rust-lang.zulipchat.com/#narrow/stream/246057-t-cargo/topic/timeout.20investigation[0m
2026-10-06T21:13:47.0849574Z [36;1mif rustc +nightly --version --verbose | grep -q '^release: 1\.7[01]\.'; then[0m
2026-10-06T21:13:47.0849956Z [36;1m  echo CARGO_HTTP_MULTIPLEXING=false >> $GITHUB_ENV[0m
2026-10-06T21:13:47.0850237Z [36;1mfi[0m
2026-10-06T21:13:47.0878003Z shell: /usr/bin/bash --noprofile --norc -e -o pipefail {0}
2026-10-06T21:13:47.0878389Z env:
2026-10-06T21:13:47.0878601Z   CARGO_BUILD_JOBS: 2
2026-10-06T21:13:47.0878832Z   CARGO_HOME: /home/runner/.cargo
2026-10-06T21:13:47.0879084Z   CARGO_INCREMENTAL: 0
2026-10-06T21:13:47.0879333Z   CARGO_TERM_COLOR: always
2026-10-06T21:13:47.0879574Z ##[endgroup]
2026-10-06T21:13:47.1003241Z ##[end-action id=__dtolnay_rust-toolchain.__run_9;outcome=success;conclusion=success;duration_ms=17]
2026-10-06T21:13:47.1006235Z ##[start-action display=Run rustc +nightly --version --verbose;id=__dtolnay_rust-toolchain.__run_10]
2026-10-06T21:13:47.1028601Z ##[group]Run rustc +nightly --version --verbose
2026-10-06T21:13:47.1028935Z [36;1mrustc +nightly --version --verbose[0m
2026-10-06T21:13:47.1055051Z shell: /usr/bin/bash --noprofile --norc -e -o pipefail {0}
2026-10-06T21:13:47.1055356Z env:
2026-10-06T21:13:47.1055547Z   CARGO_BUILD_JOBS: 2
2026-10-06T21:13:47.1055798Z   CARGO_HOME: /home/runner/.cargo
2026-10-06T21:13:47.1056052Z   CARGO_INCREMENTAL: 0
2026-10-06T21:13:47.1056380Z   CARGO_TERM_COLOR: always
2026-10-06T21:13:47.1056704Z ##[endgroup]
2026-10-06T21:13:47.1167307Z rustc 1.101.0-nightly (ea137335b 2026-10-05)
2026-10-06T21:13:47.1168108Z binary: rustc
2026-10-06T21:13:47.1168689Z commit-hash: ea137335b78829b4514bf1b4c16302f74fab8581
2026-10-06T21:13:47.1169535Z commit-date: 2026-10-05
2026-10-06T21:13:47.1170209Z host: x86_64-unknown-linux-gnu
2026-10-06T21:13:47.1170946Z release: 1.101.0-nightly
2026-10-06T21:13:47.1171461Z LLVM version: 23.1.3
2026-10-06T21:13:47.1180063Z ##[end-action id=__dtolnay_rust-toolchain.__run_10;outcome=success;conclusion=success;duration_ms=17]
2026-10-06T21:13:47.1232928Z ##[group]Run sudo apt-get update
2026-10-06T21:13:47.1233227Z [36;1msudo apt-get update[0m
2026-10-06T21:13:47.1233522Z [36;1msudo apt-get install -y --no-install-recommends \[0m
2026-10-06T21:13:47.1233888Z [36;1m  clang llvm gcc-aarch64-linux-gnu libc6-dev-arm64-cross[0m
2026-10-06T21:13:47.1261300Z shell: /usr/bin/bash -e {0}
2026-10-06T21:13:47.1261608Z env:
2026-10-06T21:13:47.1261848Z   CARGO_BUILD_JOBS: 2
2026-10-06T21:13:47.1262054Z   CARGO_HOME: /home/runner/.cargo
2026-10-06T21:13:47.1262289Z   CARGO_INCREMENTAL: 0
2026-10-06T21:13:47.1262487Z   CARGO_TERM_COLOR: always
2026-10-06T21:13:47.1262687Z ##[endgroup]
2026-10-06T21:13:47.1822533Z Get:1 file:/etc/apt/apt-mirrors.txt Mirrorlist [144 B]
2026-10-06T21:13:47.2168600Z Hit:2 http://azure.archive.ubuntu.com/ubuntu noble InRelease
2026-10-06T21:13:47.2228066Z Get:3 http://azure.archive.ubuntu.com/ubuntu noble-updates InRelease [126 kB]
2026-10-06T21:13:47.2238578Z Get:6 https://packages.microsoft.com/ubuntu/24.04/prod noble InRelease [3600 B]
2026-10-06T21:13:47.2258486Z Get:4 http://azure.archive.ubuntu.com/ubuntu noble-backports InRelease [126 kB]
2026-10-06T21:13:47.2277309Z Get:5 http://azure.archive.ubuntu.com/ubuntu noble-security InRelease [126 kB]
2026-10-06T21:13:47.3145346Z Get:7 http://azure.archive.ubuntu.com/ubuntu noble-updates/main amd64 Packages [1373 kB]
2026-10-06T21:13:47.3240132Z Get:8 http://azure.archive.ubuntu.com/ubuntu noble-updates/main Translation-en [306 kB]
2026-10-06T21:13:47.3261888Z Get:9 http://azure.archive.ubuntu.com/ubuntu noble-updates/main amd64 Components [181 kB]
2026-10-06T21:13:47.3274918Z Get:17 https://packages.microsoft.com/ubuntu/24.04/prod noble/main amd64 Packages [519 kB]
2026-10-06T21:13:47.3276229Z Get:10 http://azure.archive.ubuntu.com/ubuntu noble-updates/universe amd64 Packages [1700 kB]
2026-10-06T21:13:47.3347724Z Get:11 http://azure.archive.ubuntu.com/ubuntu noble-updates/universe Translation-en [341 kB]
2026-10-06T21:13:47.3360378Z Get:12 http://azure.archive.ubuntu.com/ubuntu noble-updates/universe amd64 Components [388 kB]
2026-10-06T21:13:47.3388100Z Get:13 http://azure.archive.ubuntu.com/ubuntu noble-updates/restricted amd64 Packages [1730 kB]
2026-10-06T21:13:47.3401505Z Get:18 https://packages.microsoft.com/ubuntu/24.04/prod noble/main armhf Packages [12.6 kB]
2026-10-06T21:13:47.3447529Z Get:19 https://packages.microsoft.com/ubuntu/24.04/prod noble/main arm64 Packages [463 kB]
2026-10-06T21:13:47.3463119Z Get:14 http://azure.archive.ubuntu.com/ubuntu noble-updates/restricted Translation-en [396 kB]
2026-10-06T21:13:47.3481258Z Get:15 http://azure.archive.ubuntu.com/ubuntu noble-updates/multiverse Translation-en [13.3 kB]
2026-10-06T21:13:47.3526263Z Get:16 http://azure.archive.ubuntu.com/ubuntu noble-updates/multiverse amd64 Components [940 B]
2026-10-06T21:13:47.4001601Z Get:20 http://azure.archive.ubuntu.com/ubuntu noble-backports/main amd64 Components [5752 B]
2026-10-06T21:13:47.4013245Z Get:21 http://azure.archive.ubuntu.com/ubuntu noble-backports/universe amd64 Components [12.6 kB]
2026-10-06T21:13:47.4024398Z Get:22 http://azure.archive.ubuntu.com/ubuntu noble-security/main amd64 Packages [1072 kB]
2026-10-06T21:13:47.4082607Z Get:23 http://azure.archive.ubuntu.com/ubuntu noble-security/main Translation-en [222 kB]
2026-10-06T21:13:47.4089550Z Get:24 http://azure.archive.ubuntu.com/ubuntu noble-security/main amd64 Components [46.4 kB]
2026-10-06T21:13:47.4102585Z Get:25 http://azure.archive.ubuntu.com/ubuntu noble-security/universe amd64 Packages [1217 kB]
2026-10-06T21:13:47.4154028Z Get:26 http://azure.archive.ubuntu.com/ubuntu noble-security/universe Translation-en [245 kB]
2026-10-06T21:13:47.4177258Z Get:27 http://azure.archive.ubuntu.com/ubuntu noble-security/universe amd64 Components [76.3 kB]
2026-10-06T21:13:47.4191540Z Get:28 http://azure.archive.ubuntu.com/ubuntu noble-security/restricted amd64 Packages [1566 kB]
2026-10-06T21:13:47.4251346Z Get:29 http://azure.archive.ubuntu.com/ubuntu noble-security/restricted Translation-en [361 kB]
2026-10-06T21:13:47.4274445Z Get:30 http://azure.archive.ubuntu.com/ubuntu noble-security/multiverse Translation-en [11.6 kB]
2026-10-06T21:13:53.5112184Z Fetched 12.6 MB in 1s (12.0 MB/s)
2026-10-06T21:13:54.1633865Z Reading package lists...
2026-10-06T21:13:54.1891688Z Reading package lists...
2026-10-06T21:13:54.3135573Z Building dependency tree...
2026-10-06T21:13:54.3140988Z Reading state information...
2026-10-06T21:13:54.4560036Z The following additional packages will be installed:
2026-10-06T21:13:54.4560655Z   binutils-aarch64-linux-gnu cpp-13-aarch64-linux-gnu cpp-aarch64-linux-gnu
2026-10-06T21:13:54.4561268Z   gcc-13-aarch64-linux-gnu gcc-13-aarch64-linux-gnu-base gcc-13-cross-base
2026-10-06T21:13:54.4561944Z   gcc-14-cross-base libasan8-arm64-cross libatomic1-arm64-cross
2026-10-06T21:13:54.4562479Z   libc6-arm64-cross libgcc-13-dev-arm64-cross libgcc-s1-arm64-cross
2026-10-06T21:13:54.4562930Z   libgomp1-arm64-cross libhwasan0-arm64-cross libitm1-arm64-cross
2026-10-06T21:13:54.4564083Z   liblsan0-arm64-cross libstdc++6-arm64-cross libtsan2-arm64-cross
2026-10-06T21:13:54.4566441Z   libubsan1-arm64-cross linux-libc-dev-arm64-cross llvm-runtime
2026-10-06T21:13:54.4573071Z Suggested packages:
2026-10-06T21:13:54.4573474Z   binutils-doc gcc-13-locales cpp-13-doc cpp-doc gcc-13-doc manpages-dev
2026-10-06T21:13:54.4764680Z   gdb-aarch64-linux-gnu gcc-doc
2026-10-06T21:13:54.4765075Z The following NEW packages will be installed:
2026-10-06T21:13:54.4765719Z   binutils-aarch64-linux-gnu clang cpp-13-aarch64-linux-gnu
2026-10-06T21:13:54.4766279Z   cpp-aarch64-linux-gnu gcc-13-aarch64-linux-gnu gcc-13-aarch64-linux-gnu-base
2026-10-06T21:13:54.4766886Z   gcc-13-cross-base gcc-14-cross-base gcc-aarch64-linux-gnu
2026-10-06T21:13:54.4777653Z   libasan8-arm64-cross libatomic1-arm64-cross libc6-arm64-cross
2026-10-06T21:13:54.4778255Z   libc6-dev-arm64-cross libgcc-13-dev-arm64-cross libgcc-s1-arm64-cross
2026-10-06T21:13:54.4778952Z   libgomp1-arm64-cross libhwasan0-arm64-cross libitm1-arm64-cross
2026-10-06T21:13:54.4779509Z   liblsan0-arm64-cross libstdc++6-arm64-cross libtsan2-arm64-cross
2026-10-06T21:13:54.4780086Z   libubsan1-arm64-cross linux-libc-dev-arm64-cross llvm llvm-runtime
2026-10-06T21:13:54.4918246Z 0 upgraded, 25 newly installed, 0 to remove and 29 not upgraded.
2026-10-06T21:13:54.4920274Z Need to get 45.2 MB of archives.
2026-10-06T21:13:54.4920808Z After this operation, 168 MB of additional disk space will be used.
2026-10-06T21:13:54.4921381Z Get:1 file:/etc/apt/apt-mirrors.txt Mirrorlist [144 B]
2026-10-06T21:13:54.6504311Z Get:2 http://azure.archive.ubuntu.com/ubuntu noble/universe amd64 clang amd64 1:18.0-59~exp2 [5846 B]
2026-10-06T21:13:54.6828730Z Get:3 http://azure.archive.ubuntu.com/ubuntu noble-updates/main amd64 gcc-13-aarch64-linux-gnu-base amd64 13.3.0-6ubuntu2~24.04.1cross1 [51.9 kB]
2026-10-06T21:13:54.7160224Z Get:4 http://azure.archive.ubuntu.com/ubuntu noble-updates/main amd64 cpp-13-aarch64-linux-gnu amd64 13.3.0-6ubuntu2~24.04.1cross1 [10.8 MB]
2026-10-06T21:13:54.8793469Z Get:5 http://azure.archive.ubuntu.com/ubuntu noble/main amd64 cpp-aarch64-linux-gnu amd64 4:13.2.0-7ubuntu1 [5332 B]
2026-10-06T21:13:54.9146489Z Get:6 http://azure.archive.ubuntu.com/ubuntu noble-updates/main amd64 binutils-aarch64-linux-gnu amd64 2.42-4ubuntu2.10 [3711 kB]
2026-10-06T21:13:54.9920286Z Get:7 http://azure.archive.ubuntu.com/ubuntu noble-updates/main amd64 gcc-13-cross-base all 13.3.0-6ubuntu2~24.04.1cross1 [46.5 kB]
2026-10-06T21:13:55.0275886Z Get:8 http://azure.archive.ubuntu.com/ubuntu noble-updates/main amd64 gcc-14-cross-base all 14.2.0-4ubuntu2~24.04.1cross1 [46.1 kB]
2026-10-06T21:13:55.0633276Z Get:9 http://azure.archive.ubuntu.com/ubuntu noble/main amd64 libc6-arm64-cross all 2.39-0ubuntu8cross1 [1197 kB]
2026-10-06T21:13:55.1052674Z Get:10 http://azure.archive.ubuntu.com/ubuntu noble-updates/main amd64 libgcc-s1-arm64-cross all 14.2.0-4ubuntu2~24.04.1cross1 [61.9 kB]
2026-10-06T21:13:55.1412001Z Get:11 http://azure.archive.ubuntu.com/ubuntu noble-updates/main amd64 libgomp1-arm64-cross all 14.2.0-4ubuntu2~24.04.1cross1 [110 kB]
2026-10-06T21:13:55.1777001Z Get:12 http://azure.archive.ubuntu.com/ubuntu noble-updates/main amd64 libitm1-arm64-cross all 14.2.0-4ubuntu2~24.04.1cross1 [31.1 kB]
2026-10-06T21:13:55.2067034Z Get:13 http://azure.archive.ubuntu.com/ubuntu noble-updates/main amd64 libatomic1-arm64-cross all 14.2.0-4ubuntu2~24.04.1cross1 [11.5 kB]
2026-10-06T21:13:55.2375882Z Get:14 http://azure.archive.ubuntu.com/ubuntu noble-updates/main amd64 libasan8-arm64-cross all 14.2.0-4ubuntu2~24.04.1cross1 [524 kB]
2026-10-06T21:13:55.2784825Z Get:15 http://azure.archive.ubuntu.com/ubuntu noble-updates/main amd64 liblsan0-arm64-cross all 14.2.0-4ubuntu2~24.04.1cross1 [238 kB]
2026-10-06T21:13:55.3148067Z Get:16 http://azure.archive.ubuntu.com/ubuntu noble-updates/main amd64 libtsan2-arm64-cross all 14.2.0-4ubuntu2~24.04.1cross1 [500 kB]
2026-10-06T21:13:55.3528844Z Get:17 http://azure.archive.ubuntu.com/ubuntu noble-updates/main amd64 libstdc++6-arm64-cross all 14.2.0-4ubuntu2~24.04.1cross1 [659 kB]
2026-10-06T21:13:55.3917193Z Get:18 http://azure.archive.ubuntu.com/ubuntu noble-updates/main amd64 libubsan1-arm64-cross all 14.2.0-4ubuntu2~24.04.1cross1 [219 kB]
2026-10-06T21:13:55.4739577Z Get:19 http://azure.archive.ubuntu.com/ubuntu noble-updates/main amd64 libhwasan0-arm64-cross all 14.2.0-4ubuntu2~24.04.1cross1 [304 kB]
2026-10-06T21:13:55.5128961Z Get:20 http://azure.archive.ubuntu.com/ubuntu noble-updates/main amd64 libgcc-13-dev-arm64-cross all 13.3.0-6ubuntu2~24.04.1cross1 [2616 kB]
2026-10-06T21:13:55.6094477Z Get:21 http://azure.archive.ubuntu.com/ubuntu noble-updates/main amd64 gcc-13-aarch64-linux-gnu amd64 13.3.0-6ubuntu2~24.04.1cross1 [21.1 MB]
2026-10-06T21:13:55.8788964Z Get:22 http://azure.archive.ubuntu.com/ubuntu noble/main amd64 gcc-aarch64-linux-gnu amd64 4:13.2.0-7ubuntu1 [1210 B]
2026-10-06T21:13:55.9161777Z Get:23 http://azure.archive.ubuntu.com/ubuntu noble/universe amd64 llvm-runtime amd64 1:18.0-59~exp2 [5496 B]
2026-10-06T21:13:55.9525343Z Get:24 http://azure.archive.ubuntu.com/ubuntu noble/universe amd64 llvm amd64 1:18.0-59~exp2 [4146 B]
2026-10-06T21:13:55.9887342Z Get:25 http://azure.archive.ubuntu.com/ubuntu noble/main amd64 linux-libc-dev-arm64-cross all 6.8.0-25.25cross1 [1375 kB]
2026-10-06T21:13:56.0249386Z Get:26 http://azure.archive.ubuntu.com/ubuntu noble/main amd64 libc6-dev-arm64-cross all 2.39-0ubuntu8cross1 [1629 kB]
2026-10-06T21:13:56.2686280Z Fetched 45.2 MB in 2s (28.7 MB/s)
2026-10-06T21:13:56.2874155Z Selecting previously unselected package clang.
2026-10-06T21:13:56.3055551Z (Reading database ... 
2026-10-06T21:13:56.3055890Z (Reading database ... 5%
2026-10-06T21:13:56.3056258Z (Reading database ... 10%
2026-10-06T21:13:56.3056480Z (Reading database ... 15%
2026-10-06T21:13:56.3056835Z (Reading database ... 20%
2026-10-06T21:13:56.3057184Z (Reading database ... 25%
2026-10-06T21:13:56.3057471Z (Reading database ... 30%
2026-10-06T21:13:56.3057704Z (Reading database ... 35%
2026-10-06T21:13:56.3057908Z (Reading database ... 40%
2026-10-06T21:13:56.3058126Z (Reading database ... 45%
2026-10-06T21:13:56.3058351Z (Reading database ... 50%
2026-10-06T21:13:56.3091293Z (Reading database ... 55%
2026-10-06T21:13:56.4269276Z (Reading database ... 60%
2026-10-06T21:13:56.6332592Z (Reading database ... 65%
2026-10-06T21:13:56.8231856Z (Reading database ... 70%
2026-10-06T21:13:57.0232537Z (Reading database ... 75%
2026-10-06T21:13:57.1812767Z (Reading database ... 80%
2026-10-06T21:13:57.3685347Z (Reading database ... 85%
2026-10-06T21:13:57.5713252Z (Reading database ... 90%
2026-10-06T21:13:57.7385798Z (Reading database ... 95%
2026-10-06T21:13:57.7386135Z (Reading database ... 100%
2026-10-06T21:13:57.7386543Z (Reading database ... 202296 files and directories currently installed.)
2026-10-06T21:13:57.7421878Z Preparing to unpack .../00-clang_1%3a18.0-59~exp2_amd64.deb ...
2026-10-06T21:13:57.7439029Z Unpacking clang (1:18.0-59~exp2) ...
2026-10-06T21:13:57.7605301Z Selecting previously unselected package gcc-13-aarch64-linux-gnu-base:amd64.
2026-10-06T21:13:57.7685312Z Preparing to unpack .../01-gcc-13-aarch64-linux-gnu-base_13.3.0-6ubuntu2~24.04.1cross1_amd64.deb ...
2026-10-06T21:13:57.7692995Z Unpacking gcc-13-aarch64-linux-gnu-base:amd64 (13.3.0-6ubuntu2~24.04.1cross1) ...
2026-10-06T21:13:57.7846818Z Selecting previously unselected package cpp-13-aarch64-linux-gnu.
2026-10-06T21:13:57.7922497Z Preparing to unpack .../02-cpp-13-aarch64-linux-gnu_13.3.0-6ubuntu2~24.04.1cross1_amd64.deb ...
2026-10-06T21:13:57.7944928Z Unpacking cpp-13-aarch64-linux-gnu (13.3.0-6ubuntu2~24.04.1cross1) ...
2026-10-06T21:13:58.0087582Z Selecting previously unselected package cpp-aarch64-linux-gnu.
2026-10-06T21:13:58.0169889Z Preparing to unpack .../03-cpp-aarch64-linux-gnu_4%3a13.2.0-7ubuntu1_amd64.deb ...
2026-10-06T21:13:58.0177642Z Unpacking cpp-aarch64-linux-gnu (4:13.2.0-7ubuntu1) ...
2026-10-06T21:13:58.0314079Z Selecting previously unselected package binutils-aarch64-linux-gnu.
2026-10-06T21:13:58.0393586Z Preparing to unpack .../04-binutils-aarch64-linux-gnu_2.42-4ubuntu2.10_amd64.deb ...
2026-10-06T21:13:58.0412146Z Unpacking binutils-aarch64-linux-gnu (2.42-4ubuntu2.10) ...
2026-10-06T21:13:58.2117928Z Selecting previously unselected package gcc-13-cross-base.
2026-10-06T21:13:58.2196008Z Preparing to unpack .../05-gcc-13-cross-base_13.3.0-6ubuntu2~24.04.1cross1_all.deb ...
2026-10-06T21:13:58.2204194Z Unpacking gcc-13-cross-base (13.3.0-6ubuntu2~24.04.1cross1) ...
2026-10-06T21:13:58.2330559Z Selecting previously unselected package gcc-14-cross-base.
2026-10-06T21:13:58.2407055Z Preparing to unpack .../06-gcc-14-cross-base_14.2.0-4ubuntu2~24.04.1cross1_all.deb ...
2026-10-06T21:13:58.2415272Z Unpacking gcc-14-cross-base (14.2.0-4ubuntu2~24.04.1cross1) ...
2026-10-06T21:13:58.2546260Z Selecting previously unselected package libc6-arm64-cross.
2026-10-06T21:13:58.2622620Z Preparing to unpack .../07-libc6-arm64-cross_2.39-0ubuntu8cross1_all.deb ...
2026-10-06T21:13:58.2630944Z Unpacking libc6-arm64-cross (2.39-0ubuntu8cross1) ...
2026-10-06T21:13:58.2897419Z Selecting previously unselected package libgcc-s1-arm64-cross.
2026-10-06T21:13:58.2979851Z Preparing to unpack .../08-libgcc-s1-arm64-cross_14.2.0-4ubuntu2~24.04.1cross1_all.deb ...
2026-10-06T21:13:58.2987613Z Unpacking libgcc-s1-arm64-cross (14.2.0-4ubuntu2~24.04.1cross1) ...
2026-10-06T21:13:58.3157835Z Selecting previously unselected package libgomp1-arm64-cross.
2026-10-06T21:13:58.3242081Z Preparing to unpack .../09-libgomp1-arm64-cross_14.2.0-4ubuntu2~24.04.1cross1_all.deb ...
2026-10-06T21:13:58.3251489Z Unpacking libgomp1-arm64-cross (14.2.0-4ubuntu2~24.04.1cross1) ...
2026-10-06T21:13:58.3400539Z Selecting previously unselected package libitm1-arm64-cross.
2026-10-06T21:13:58.3475801Z Preparing to unpack .../10-libitm1-arm64-cross_14.2.0-4ubuntu2~24.04.1cross1_all.deb ...
2026-10-06T21:13:58.3483950Z Unpacking libitm1-arm64-cross (14.2.0-4ubuntu2~24.04.1cross1) ...
2026-10-06T21:13:58.3619697Z Selecting previously unselected package libatomic1-arm64-cross.
2026-10-06T21:13:58.3695611Z Preparing to unpack .../11-libatomic1-arm64-cross_14.2.0-4ubuntu2~24.04.1cross1_all.deb ...
2026-10-06T21:13:58.3703586Z Unpacking libatomic1-arm64-cross (14.2.0-4ubuntu2~24.04.1cross1) ...
2026-10-06T21:13:58.3834427Z Selecting previously unselected package libasan8-arm64-cross.
2026-10-06T21:13:58.3908668Z Preparing to unpack .../12-libasan8-arm64-cross_14.2.0-4ubuntu2~24.04.1cross1_all.deb ...
2026-10-06T21:13:58.3917107Z Unpacking libasan8-arm64-cross (14.2.0-4ubuntu2~24.04.1cross1) ...
2026-10-06T21:13:58.4182233Z Selecting previously unselected package liblsan0-arm64-cross.
2026-10-06T21:13:58.4256761Z Preparing to unpack .../13-liblsan0-arm64-cross_14.2.0-4ubuntu2~24.04.1cross1_all.deb ...
2026-10-06T21:13:58.4264356Z Unpacking liblsan0-arm64-cross (14.2.0-4ubuntu2~24.04.1cross1) ...
2026-10-06T21:13:58.4421032Z Selecting previously unselected package libtsan2-arm64-cross.
2026-10-06T21:13:58.4495597Z Preparing to unpack .../14-libtsan2-arm64-cross_14.2.0-4ubuntu2~24.04.1cross1_all.deb ...
2026-10-06T21:13:58.4502357Z Unpacking libtsan2-arm64-cross (14.2.0-4ubuntu2~24.04.1cross1) ...
2026-10-06T21:13:58.4749448Z Selecting previously unselected package libstdc++6-arm64-cross.
2026-10-06T21:13:58.4824781Z Preparing to unpack .../15-libstdc++6-arm64-cross_14.2.0-4ubuntu2~24.04.1cross1_all.deb ...
2026-10-06T21:13:58.4832299Z Unpacking libstdc++6-arm64-cross (14.2.0-4ubuntu2~24.04.1cross1) ...
2026-10-06T21:13:58.5081108Z Selecting previously unselected package libubsan1-arm64-cross.
2026-10-06T21:13:58.5156859Z Preparing to unpack .../16-libubsan1-arm64-cross_14.2.0-4ubuntu2~24.04.1cross1_all.deb ...
2026-10-06T21:13:58.5164638Z Unpacking libubsan1-arm64-cross (14.2.0-4ubuntu2~24.04.1cross1) ...
2026-10-06T21:13:58.5360003Z Selecting previously unselected package libhwasan0-arm64-cross.
2026-10-06T21:13:58.5435458Z Preparing to unpack .../17-libhwasan0-arm64-cross_14.2.0-4ubuntu2~24.04.1cross1_all.deb ...
2026-10-06T21:13:58.5443042Z Unpacking libhwasan0-arm64-cross (14.2.0-4ubuntu2~24.04.1cross1) ...
2026-10-06T21:13:58.5598880Z Selecting previously unselected package libgcc-13-dev-arm64-cross.
2026-10-06T21:13:58.5676321Z Preparing to unpack .../18-libgcc-13-dev-arm64-cross_13.3.0-6ubuntu2~24.04.1cross1_all.deb ...
2026-10-06T21:13:58.5684379Z Unpacking libgcc-13-dev-arm64-cross (13.3.0-6ubuntu2~24.04.1cross1) ...
2026-10-06T21:13:58.6680642Z Selecting previously unselected package gcc-13-aarch64-linux-gnu.
2026-10-06T21:13:58.6756920Z Preparing to unpack .../19-gcc-13-aarch64-linux-gnu_13.3.0-6ubuntu2~24.04.1cross1_amd64.deb ...
2026-10-06T21:13:58.6777231Z Unpacking gcc-13-aarch64-linux-gnu (13.3.0-6ubuntu2~24.04.1cross1) ...
2026-10-06T21:13:59.1114191Z Selecting previously unselected package gcc-aarch64-linux-gnu.
2026-10-06T21:13:59.1215690Z Preparing to unpack .../20-gcc-aarch64-linux-gnu_4%3a13.2.0-7ubuntu1_amd64.deb ...
2026-10-06T21:13:59.1224380Z Unpacking gcc-aarch64-linux-gnu (4:13.2.0-7ubuntu1) ...
2026-10-06T21:13:59.1369109Z Selecting previously unselected package llvm-runtime:amd64.
2026-10-06T21:13:59.1467476Z Preparing to unpack .../21-llvm-runtime_1%3a18.0-59~exp2_amd64.deb ...
2026-10-06T21:13:59.1476437Z Unpacking llvm-runtime:amd64 (1:18.0-59~exp2) ...
2026-10-06T21:13:59.1609024Z Selecting previously unselected package llvm.
2026-10-06T21:13:59.1684767Z Preparing to unpack .../22-llvm_1%3a18.0-59~exp2_amd64.deb ...
2026-10-06T21:13:59.1705374Z Unpacking llvm (1:18.0-59~exp2) ...
2026-10-06T21:13:59.1859284Z Selecting previously unselected package linux-libc-dev-arm64-cross.
2026-10-06T21:13:59.1934875Z Preparing to unpack .../23-linux-libc-dev-arm64-cross_6.8.0-25.25cross1_all.deb ...
2026-10-06T21:13:59.1942652Z Unpacking linux-libc-dev-arm64-cross (6.8.0-25.25cross1) ...
2026-10-06T21:13:59.2801744Z Selecting previously unselected package libc6-dev-arm64-cross.
2026-10-06T21:13:59.2880120Z Preparing to unpack .../24-libc6-dev-arm64-cross_2.39-0ubuntu8cross1_all.deb ...
2026-10-06T21:13:59.2887461Z Unpacking libc6-dev-arm64-cross (2.39-0ubuntu8cross1) ...
2026-10-06T21:13:59.4017527Z Setting up binutils-aarch64-linux-gnu (2.42-4ubuntu2.10) ...
2026-10-06T21:13:59.4038609Z Setting up gcc-14-cross-base (14.2.0-4ubuntu2~24.04.1cross1) ...
2026-10-06T21:13:59.4057525Z Setting up clang (1:18.0-59~exp2) ...
2026-10-06T21:13:59.4252795Z Setting up gcc-13-cross-base (13.3.0-6ubuntu2~24.04.1cross1) ...
2026-10-06T21:13:59.4271246Z Setting up llvm-runtime:amd64 (1:18.0-59~exp2) ...
2026-10-06T21:13:59.4289943Z Setting up libc6-arm64-cross (2.39-0ubuntu8cross1) ...
2026-10-06T21:13:59.4309471Z Setting up llvm (1:18.0-59~exp2) ...
2026-10-06T21:13:59.4327151Z Setting up libitm1-arm64-cross (14.2.0-4ubuntu2~24.04.1cross1) ...
2026-10-06T21:13:59.4344106Z Setting up linux-libc-dev-arm64-cross (6.8.0-25.25cross1) ...
2026-10-06T21:13:59.4361411Z Setting up gcc-13-aarch64-linux-gnu-base:amd64 (13.3.0-6ubuntu2~24.04.1cross1) ...
2026-10-06T21:13:59.4381860Z Setting up libgcc-s1-arm64-cross (14.2.0-4ubuntu2~24.04.1cross1) ...
2026-10-06T21:13:59.4404087Z Setting up libatomic1-arm64-cross (14.2.0-4ubuntu2~24.04.1cross1) ...
2026-10-06T21:13:59.4427785Z Setting up liblsan0-arm64-cross (14.2.0-4ubuntu2~24.04.1cross1) ...
2026-10-06T21:13:59.4444725Z Setting up libgomp1-arm64-cross (14.2.0-4ubuntu2~24.04.1cross1) ...
2026-10-06T21:13:59.4461908Z Setting up cpp-13-aarch64-linux-gnu (13.3.0-6ubuntu2~24.04.1cross1) ...
2026-10-06T21:13:59.4479722Z Setting up libhwasan0-arm64-cross (14.2.0-4ubuntu2~24.04.1cross1) ...
2026-10-06T21:13:59.4495975Z Setting up libc6-dev-arm64-cross (2.39-0ubuntu8cross1) ...
2026-10-06T21:13:59.4515647Z Setting up libstdc++6-arm64-cross (14.2.0-4ubuntu2~24.04.1cross1) ...
2026-10-06T21:13:59.4534484Z Setting up cpp-aarch64-linux-gnu (4:13.2.0-7ubuntu1) ...
2026-10-06T21:13:59.4555518Z Setting up libasan8-arm64-cross (14.2.0-4ubuntu2~24.04.1cross1) ...
2026-10-06T21:13:59.4576966Z Setting up libtsan2-arm64-cross (14.2.0-4ubuntu2~24.04.1cross1) ...
2026-10-06T21:13:59.4596729Z Setting up libubsan1-arm64-cross (14.2.0-4ubuntu2~24.04.1cross1) ...
2026-10-06T21:13:59.4617290Z Setting up libgcc-13-dev-arm64-cross (13.3.0-6ubuntu2~24.04.1cross1) ...
2026-10-06T21:13:59.4639226Z Setting up gcc-13-aarch64-linux-gnu (13.3.0-6ubuntu2~24.04.1cross1) ...
2026-10-06T21:13:59.4660822Z Setting up gcc-aarch64-linux-gnu (4:13.2.0-7ubuntu1) ...
2026-10-06T21:13:59.4684448Z Processing triggers for man-db (2.12.0-4build2) ...
2026-10-06T21:13:59.4702821Z Not building database; man-db/auto-update is not 'true'.
2026-10-06T21:13:59.4712363Z Processing triggers for libc-bin (2.39-0ubuntu8.9) ...
2026-10-06T21:14:00.1104118Z 
2026-10-06T21:14:00.1105298Z Running kernel seems to be up-to-date.
2026-10-06T21:14:00.1105602Z 
2026-10-06T21:14:00.1105736Z No services need to be restarted.
2026-10-06T21:14:00.1105888Z 
2026-10-06T21:14:00.1106044Z No containers need to be restarted.
2026-10-06T21:14:00.1106224Z 
2026-10-06T21:14:00.1106379Z No user sessions are running outdated binaries.
2026-10-06T21:14:00.1106764Z 
2026-10-06T21:14:00.1106955Z No VM guests are running outdated hypervisor (qemu) binaries on this host.
2026-10-06T21:14:00.7074611Z ##[group]Run mkdir -p target/asm-projection/reports
2026-10-06T21:14:00.7074996Z [36;1mmkdir -p target/asm-projection/reports[0m
2026-10-06T21:14:00.7075295Z [36;1mrustc -vV > target/asm-projection/compiler.txt[0m
2026-10-06T21:14:00.7075701Z [36;1mgit rev-parse HEAD 'HEAD^{tree}' > target/asm-projection/checkout.txt[0m
2026-10-06T21:14:00.7076113Z [36;1mgit status --porcelain=v1 > target/asm-projection/source-status-before.txt[0m
2026-10-06T21:14:00.7076509Z [36;1mtest ! -s target/asm-projection/source-status-before.txt[0m
2026-10-06T21:14:00.7077208Z [36;1msha256sum .github/workflows/ci.yaml Makefile Cargo.toml Cargo.lock rust-toolchain.toml \[0m
2026-10-06T21:14:00.7077662Z [36;1m  scripts/check-simd-asm.py scripts/simd_asm_runtime.py \[0m
2026-10-06T21:14:00.7078073Z [36;1m  scripts/simd-asm-manifest.toml crates/rdf-core/src/ir/dataset.rs \[0m
2026-10-06T21:14:00.7078509Z [36;1m  crates/rdf-core/src/ir/paged/mod.rs crates/rdf-core/src/ir/paged/query.rs \[0m
2026-10-06T21:14:00.7078990Z [36;1m  crates/rdf-core/src/ir/paged/translation.rs docs/design/purrdf-simd.md \[0m
2026-10-06T21:14:00.7079389Z [36;1m  > target/asm-projection/inputs-before.sha256[0m
2026-10-06T21:14:00.7115833Z shell: /usr/bin/bash -e {0}
2026-10-06T21:14:00.7116102Z env:
2026-10-06T21:14:00.7116366Z   CARGO_BUILD_JOBS: 2
2026-10-06T21:14:00.7116696Z   CARGO_HOME: /home/runner/.cargo
2026-10-06T21:14:00.7117006Z   CARGO_INCREMENTAL: 0
2026-10-06T21:14:00.7117382Z   CARGO_TERM_COLOR: always
2026-10-06T21:14:00.7117606Z ##[endgroup]
2026-10-06T21:14:00.7544955Z info: syncing channel updates for nightly-x86_64-unknown-linux-gnu
2026-10-06T21:14:00.8938098Z info: latest update on 2026-10-06 for version 1.101.0-nightly (ea137335b 2026-10-05)
2026-10-06T21:14:00.9018069Z info: component rust-std for target aarch64-unknown-linux-gnu is up to date
2026-10-06T21:14:00.9018580Z info: component rust-std for target wasm32-unknown-unknown is up to date
2026-10-06T21:14:00.9021655Z info: downloading 2 components
2026-10-06T21:14:01.7259253Z ##[group]Run make simd-asm SIMD_ASM_ARGS="--config x86_64-v3 --jobs 1 --crate purrdf_core --probe 'PagedDataset.*from_provider|QuadIds.*map_ids|PageTranslation.*to_global' --dump" \
2026-10-06T21:14:01.7260567Z [36;1mmake simd-asm SIMD_ASM_ARGS="--config x86_64-v3 --jobs 1 --crate purrdf_core --probe 'PagedDataset.*from_provider|QuadIds.*map_ids|PageTranslation.*to_global' --dump" \[0m
2026-10-06T21:14:01.7261376Z [36;1m  > target/asm-projection/x86-v3-body-probe.log 2>&1[0m
2026-10-06T21:14:01.7294650Z shell: /usr/bin/bash -e {0}
2026-10-06T21:14:01.7294884Z env:
2026-10-06T21:14:01.7295158Z   CARGO_BUILD_JOBS: 2
2026-10-06T21:14:01.7295361Z   CARGO_HOME: /home/runner/.cargo
2026-10-06T21:14:01.7295597Z   CARGO_INCREMENTAL: 0
2026-10-06T21:14:01.7295800Z   CARGO_TERM_COLOR: always
2026-10-06T21:14:01.7295999Z ##[endgroup]
2026-10-06T21:19:33.9116975Z ##[group]Run make simd-asm SIMD_ASM_ARGS="--config x86_64-v4 --jobs 1 --crate purrdf_core --probe 'PagedDataset.*from_provider|QuadIds.*map_ids|PageTranslation.*to_global' --dump" \
2026-10-06T21:19:33.9117918Z [36;1mmake simd-asm SIMD_ASM_ARGS="--config x86_64-v4 --jobs 1 --crate purrdf_core --probe 'PagedDataset.*from_provider|QuadIds.*map_ids|PageTranslation.*to_global' --dump" \[0m
2026-10-06T21:19:33.9118497Z [36;1m  > target/asm-projection/x86-v4-body-probe.log 2>&1[0m
2026-10-06T21:19:33.9153378Z shell: /usr/bin/bash -e {0}
2026-10-06T21:19:33.9153701Z env:
2026-10-06T21:19:33.9153918Z   CARGO_BUILD_JOBS: 2
2026-10-06T21:19:33.9154179Z   CARGO_HOME: /home/runner/.cargo
2026-10-06T21:19:33.9154434Z   CARGO_INCREMENTAL: 0
2026-10-06T21:19:33.9154658Z   CARGO_TERM_COLOR: always
2026-10-06T21:19:33.9154861Z ##[endgroup]
2026-10-06T21:25:08.3741971Z ##[group]Run make simd-asm SIMD_ASM_ARGS="--write-doc --jobs 2" \
2026-10-06T21:25:08.3742377Z [36;1mmake simd-asm SIMD_ASM_ARGS="--write-doc --jobs 2" \[0m
2026-10-06T21:25:08.3742729Z [36;1m  > target/asm-projection/generation.log 2>&1[0m
2026-10-06T21:25:08.3743115Z [36;1mgit diff --exit-code -- . ':(exclude)docs/design/purrdf-simd.md'[0m
2026-10-06T21:25:08.3849967Z [36;1mgit ls-files --others --exclude-standard > target/asm-projection/untracked-after.txt[0m
2026-10-06T21:25:08.3850449Z [36;1mtest ! -s target/asm-projection/untracked-after.txt[0m
2026-10-06T21:25:08.3850806Z [36;1mgit diff --binary -- docs/design/purrdf-simd.md > target/asm-projection/projection.patch[0m
2026-10-06T21:25:08.3851193Z [36;1mcp docs/design/purrdf-simd.md target/asm-projection/purrdf-simd.md[0m
2026-10-06T21:25:08.3851538Z [36;1msha256sum docs/design/purrdf-simd.md scripts/simd-asm-manifest.toml \[0m
2026-10-06T21:25:08.3851876Z [36;1m  > target/asm-projection/inputs-after.sha256[0m
2026-10-06T21:25:08.3852163Z [36;1mgit status --porcelain=v1 > target/asm-projection/source-status-after.txt[0m
2026-10-06T21:25:08.3888394Z shell: /usr/bin/bash -e {0}
2026-10-06T21:25:08.3888565Z env:
2026-10-06T21:25:08.3888702Z   CARGO_BUILD_JOBS: 2
2026-10-06T21:25:08.3888849Z   CARGO_HOME: /home/runner/.cargo
2026-10-06T21:25:08.3889020Z   CARGO_INCREMENTAL: 0
2026-10-06T21:25:08.3889174Z   CARGO_TERM_COLOR: always
2026-10-06T21:25:08.3889317Z ##[endgroup]
2026-10-06T21:50:35.1712739Z ##[group]Run make simd-asm SIMD_ASM_ARGS="--jobs 2 --report target/asm-projection/reports/all-configurations.json" \
2026-10-06T21:50:35.1713307Z [36;1mmake simd-asm SIMD_ASM_ARGS="--jobs 2 --report target/asm-projection/reports/all-configurations.json" \[0m
2026-10-06T21:50:35.1713797Z [36;1m  > target/asm-projection/qualification.log 2>&1[0m
2026-10-06T21:50:35.1747338Z shell: /usr/bin/bash -e {0}
2026-10-06T21:50:35.1747536Z env:
2026-10-06T21:50:35.1747682Z   CARGO_BUILD_JOBS: 2
2026-10-06T21:50:35.1747850Z   CARGO_HOME: /home/runner/.cargo
2026-10-06T21:50:35.1748026Z   CARGO_INCREMENTAL: 0
2026-10-06T21:50:35.1748185Z   CARGO_TERM_COLOR: always
2026-10-06T21:50:35.1748346Z ##[endgroup]
2026-10-06T21:50:48.7959223Z ##[group]Run make simd-asm SIMD_ASM_ARGS="--merge-reports target/asm-projection/reports" \
2026-10-06T21:50:48.7959648Z [36;1mmake simd-asm SIMD_ASM_ARGS="--merge-reports target/asm-projection/reports" \[0m
2026-10-06T21:50:48.7959959Z [36;1m  > target/asm-projection/aggregate.log 2>&1[0m
2026-10-06T21:50:48.7960223Z [36;1mrustc -vV > target/asm-projection/compiler-after.txt[0m
2026-10-06T21:50:48.7960564Z [36;1mcmp target/asm-projection/compiler.txt target/asm-projection/compiler-after.txt[0m
2026-10-06T21:50:48.7994782Z shell: /usr/bin/bash -e {0}
2026-10-06T21:50:48.7994985Z env:
2026-10-06T21:50:48.7995145Z   CARGO_BUILD_JOBS: 2
2026-10-06T21:50:48.7995312Z   CARGO_HOME: /home/runner/.cargo
2026-10-06T21:50:48.7995492Z   CARGO_INCREMENTAL: 0
2026-10-06T21:50:48.7995651Z   CARGO_TERM_COLOR: always
2026-10-06T21:50:48.7995806Z ##[endgroup]
2026-10-06T21:50:50.3628757Z ##[group]Run mkdir -p target/asm-projection
2026-10-06T21:50:50.3629032Z [36;1mmkdir -p target/asm-projection[0m
2026-10-06T21:50:50.3629312Z [36;1mfind target/asm-projection -type f ! -name artifacts.sha256 -print0 \[0m
2026-10-06T21:50:50.3629655Z [36;1m  | sort -z | xargs -0 sha256sum > target/asm-projection/artifacts.sha256[0m
2026-10-06T21:50:50.3665014Z shell: /usr/bin/bash -e {0}
2026-10-06T21:50:50.3665229Z env:
2026-10-06T21:50:50.3665385Z   CARGO_BUILD_JOBS: 2
2026-10-06T21:50:50.3665556Z   CARGO_HOME: /home/runner/.cargo
2026-10-06T21:50:50.3665744Z   CARGO_INCREMENTAL: 0
2026-10-06T21:50:50.3665902Z   CARGO_TERM_COLOR: always
2026-10-06T21:50:50.3666106Z ##[endgroup]
2026-10-06T21:50:50.3823471Z ##[group]Run actions/upload-artifact@043fb46d1a93c77aae656e7c1c64a875d1fc6a0a
2026-10-06T21:50:50.3823751Z with:
2026-10-06T21:50:50.3823902Z   name: asm-projection
2026-10-06T21:50:50.3824466Z   path: target/asm-projection/
target/simd-asm/contexts/**/purrdf_core*.s
target/simd-asm/contexts/**/cargo.graph-*.stdout.jsonl
target/simd-asm/contexts/**/cargo.graph-*.stderr.log
target/simd-asm/contexts/**/evidence/*.json

2026-10-06T21:50:50.3825050Z   if-no-files-found: error
2026-10-06T21:50:50.3825222Z   compression-level: 6
2026-10-06T21:50:50.3825376Z   overwrite: false
2026-10-06T21:50:50.3825527Z   include-hidden-files: false
2026-10-06T21:50:50.3825691Z   archive: true
2026-10-06T21:50:50.3825829Z env:
2026-10-06T21:50:50.3825956Z   CARGO_BUILD_JOBS: 2
2026-10-06T21:50:50.3826108Z   CARGO_HOME: /home/runner/.cargo
2026-10-06T21:50:50.3826290Z   CARGO_INCREMENTAL: 0
2026-10-06T21:50:50.3826437Z   CARGO_TERM_COLOR: always
2026-10-06T21:50:50.3826773Z ##[endgroup]
2026-10-06T21:50:51.4030070Z Multiple search paths detected. Calculating the least common ancestor of all paths
2026-10-06T21:50:51.4031909Z The least common ancestor is /home/runner/work/purrdf/purrdf/target. This will be the root directory of the artifact
2026-10-06T21:50:51.4032477Z With the provided path, there will be 550 files uploaded
2026-10-06T21:50:51.4036081Z Artifact name is valid!
2026-10-06T21:50:51.4036340Z Root directory input is valid!
2026-10-06T21:50:51.7208181Z Uploading artifact: asm-projection.zip
2026-10-06T21:50:51.7237020Z Beginning upload of artifact content to blob storage
2026-10-06T21:50:53.2320340Z Uploaded bytes 8388608
2026-10-06T21:50:54.1028791Z Uploaded bytes 16777216
2026-10-06T21:50:54.2529772Z Uploaded bytes 19110670
2026-10-06T21:50:54.2865238Z Finished uploading artifact content to blob storage!
2026-10-06T21:50:54.2866055Z SHA256 digest of uploaded artifact is cda92e37b3cb12f92735f2e3ab8880ffa5db36193d2e039ee2c9867e87923e89
2026-10-06T21:50:54.2868706Z Finalizing artifact upload
2026-10-06T21:50:54.5788607Z Artifact asm-projection successfully finalized. Artifact ID 11445534280
2026-10-06T21:50:54.5789301Z Artifact asm-projection has been successfully uploaded! Final size is 19110670 bytes. Artifact ID is 11445534280
2026-10-06T21:50:54.5791438Z Artifact download URL: https://github.com/Blackcat-Informatics/purrdf/actions/runs/37532305791/artifacts/11445534280
2026-10-06T21:50:54.5964866Z Post job cleanup.
2026-10-06T21:50:54.6565103Z [command]/usr/bin/git version
2026-10-06T21:50:54.6589680Z git version 2.55.0
2026-10-06T21:50:54.6617059Z Temporarily overriding HOME='/home/runner/work/_temp/1cd6f5c2-9ee8-46b2-be6d-f47e5fc4e0af' before making global git config changes
2026-10-06T21:50:54.6617700Z Adding repository directory to the temporary git global config as a safe directory
2026-10-06T21:50:54.6620615Z [command]/usr/bin/git config --global --add safe.directory /home/runner/work/purrdf/purrdf
2026-10-06T21:50:54.6641346Z Removing SSH command configuration
2026-10-06T21:50:54.6645895Z [command]/usr/bin/git config --local --name-only --get-regexp core\.sshCommand
2026-10-06T21:50:54.6668966Z [command]/usr/bin/git submodule foreach --recursive sh -c "git config --local --name-only --get-regexp 'core\.sshCommand' && git config --local --unset-all 'core.sshCommand' || :"
2026-10-06T21:50:54.6827034Z Removing HTTP extra header
2026-10-06T21:50:54.6830307Z [command]/usr/bin/git config --local --name-only --get-regexp http\.https\:\/\/github\.com\/\.extraheader
2026-10-06T21:50:54.6851322Z [command]/usr/bin/git submodule foreach --recursive sh -c "git config --local --name-only --get-regexp 'http\.https\:\/\/github\.com\/\.extraheader' && git config --local --unset-all 'http.https://github.com/.extraheader' || :"
2026-10-06T21:50:54.6999329Z Removing includeIf entries pointing to credentials config files
2026-10-06T21:50:54.7003209Z [command]/usr/bin/git config --local --name-only --get-regexp ^includeIf\.gitdir:
2026-10-06T21:50:54.7022885Z [command]/usr/bin/git submodule foreach --recursive git config --local --show-origin --name-only --get-regexp remote.origin.url
2026-10-06T21:50:54.7262447Z Cleaning up orphan processes
