crates/hash-conformance/tests/vectors/shake_boundary_vectors.txt: OK
crates/gts/tests/mldsa65/keyGen.txt: OK
crates/gts/tests/mldsa65/sigGen.txt: OK
crates/gts/tests/mldsa65/sigVer.txt: OK
crates/gts/tests/mldsa65/PROVENANCE.md: OK
crates/gts/tests/mldsa65/NIST-NOTICE.txt: OK
crates/gts/tests/cose_composite.rs: OK
crates/gts/tests/hedged_writer.rs: OK
crates/rdf/tests/gts_composite_compaction.rs: OK
crates/ed25519/tests/rfc8032.rs: OK
.stage/purrdf-gts-composite-ml-dsa-65-ed25519/raw/S2-reader-performance.rs: OK
.stage/purrdf-gts-composite-ml-dsa-65-ed25519/raw/S2-performance-head-probe/Cargo.toml: OK
.stage/purrdf-gts-composite-ml-dsa-65-ed25519/raw/S2-performance-head-probe/Cargo.lock: OK
.stage/purrdf-gts-composite-ml-dsa-65-ed25519/raw/S2-security-state-probe/src/main.rs: OK
.stage/purrdf-gts-composite-ml-dsa-65-ed25519/raw/S2-security-state-probe/Cargo.toml: OK
.stage/purrdf-gts-composite-ml-dsa-65-ed25519/raw/S2-security-state-probe/Cargo.lock: OK
.stage/purrdf-gts-composite-ml-dsa-65-ed25519/raw/S2-performance-corpus/ordinary_unique.gts: OK
.stage/purrdf-gts-composite-ml-dsa-65-ed25519/raw/S2-performance-corpus/ordinary_repeated.gts: OK
.stage/purrdf-gts-composite-ml-dsa-65-ed25519/raw/S2-performance-corpus/genuine_pack.gts: OK
crates/hash-conformance/tests/vectors/shake_nist_vectors.txt: OK
crates/hash-conformance/tests/vectors/md5_differential_vectors.txt: OK
crates/hash-conformance/tests/vectors/sha1_differential_vectors.txt: OK
crates/hash-conformance/tests/vectors/sha3_224_differential_vectors.txt: OK
crates/hash-conformance/tests/vectors/sha3_256_differential_vectors.txt: OK
crates/hash-conformance/tests/vectors/sha3_384_differential_vectors.txt: OK
crates/hash-conformance/tests/vectors/sha3_512_differential_vectors.txt: OK
crates/hash-conformance/tests/vectors/crc32_differential_vectors.txt: OK
crates/gts/tests/composite/ietf-cose-example.txt: OK
vectors/cose/sign1-basic.json: OK
vectors/cose/sign1-empty-id.json: OK
