raw/G3-native-closure.log: OK
raw/G3-owner-native-name-corrected.log: OK
raw/G3-primitive-native-final.log: OK
raw/G3-gts-native-final.log: OK
raw/G3-rdf-native-final.log: OK
raw/G3-primitive-wasm-final.log: OK
raw/G3-gts-wasm-portable.log: OK
raw/G3-rdf-wasm-portable.log: OK
raw/G3-hash-wasm-name-corrected.log: OK
raw/G3-clippy-final.log: OK
raw/G3-clippy-name-corrected.log: OK
raw/G3-docs-final.log: OK
raw/G3-docs-name-corrected.log: OK
raw/G3-docs-prose-corrected.log: OK
raw/G3-hygiene-name-corrected.log: OK
raw/G3-generated-final.log: OK
raw/G3-wasm-release-final.log: OK
raw/G3-reader-performance.log: OK
raw/G3-non-rust-ratchet-corrected.log: OK
raw/G3-original-security-probe.log: OK
raw/G3-no-features-final.log: OK
