   Compiling typenum v1.20.1
   Compiling purrdf-hash v3.0.1 (/home/paudley/Active/purrdf/.worktrees/458-purrdf-gts-composite-ml-dsa-65-ed25519/crates/hash)
   Compiling hybrid-array v0.4.15
   Compiling crypto-common v0.2.2
   Compiling block-buffer v0.12.1
   Compiling wasm-bindgen-shared v0.2.125
   Compiling proc-macro2 v1.0.106
   Compiling unicode-ident v1.0.24
   Compiling crossbeam-utils v0.8.21
   Compiling quote v1.0.46
   Compiling cfg-if v1.0.4
   Compiling const-oid v0.10.2
   Compiling digest v0.11.3
   Compiling inout v0.2.2
   Compiling purrdf-events v3.0.1 (/home/paudley/Active/purrdf/.worktrees/458-purrdf-gts-composite-ml-dsa-65-ed25519/crates/rdf-events)
   Compiling cmov v0.5.4
   Compiling rustversion v1.0.22
   Compiling ctutils v0.4.2
   Compiling crossbeam-epoch v0.9.18
   Compiling sha2 v0.11.0
   Compiling regex-syntax v0.8.11
   Compiling rayon-core v1.13.0
   Compiling cpubits v0.1.1
   Compiling regex-automata v0.4.14
   Compiling syn v2.0.118
   Compiling crossbeam-deque v0.8.6
   Compiling universal-hash v0.6.1
   Compiling cipher v0.5.2
   Compiling purrdf-core v3.0.1 (/home/paudley/Active/purrdf/.worktrees/458-purrdf-gts-composite-ml-dsa-65-ed25519/crates/rdf-core)
   Compiling bumpalo v3.20.3
   Compiling wasm-bindgen-macro-support v0.2.125
   Compiling wasm-bindgen v0.2.125
   Compiling polyval v0.7.3
   Compiling regex v1.12.4
   Compiling hashbrown v0.17.1
   Compiling either v1.16.0
   Compiling rayon v1.12.0
   Compiling purrdf-lex v3.0.1 (/home/paudley/Active/purrdf/.worktrees/458-purrdf-gts-composite-ml-dsa-65-ed25519/crates/lex)
   Compiling purrdf-deflate v3.0.1 (/home/paudley/Active/purrdf/.worktrees/458-purrdf-gts-composite-ml-dsa-65-ed25519/crates/deflate)
   Compiling ghash v0.6.0
   Compiling wasm-bindgen-macro v0.2.125
   Compiling ctr v0.10.1
   Compiling aes v0.9.3
   Compiling aead v0.6.1
   Compiling once_cell v1.21.4
   Compiling twox-hash v2.1.2
   Compiling fastrand v2.4.1
   Compiling structured-zstd v0.0.49
   Compiling aes-gcm v0.11.1
   Compiling purrdf-ed25519 v3.0.1 (/home/paudley/Active/purrdf/.worktrees/458-purrdf-gts-composite-ml-dsa-65-ed25519/crates/ed25519)
   Compiling purrdf-stack v3.0.1 (/home/paudley/Active/purrdf/.worktrees/458-purrdf-gts-composite-ml-dsa-65-ed25519/crates/stack)
   Compiling visual-hashing v1.0.0
   Compiling purrdf-iri v3.0.1 (/home/paudley/Active/purrdf/.worktrees/458-purrdf-gts-composite-ml-dsa-65-ed25519/crates/iri)
   Compiling purrdf-xsd v3.0.1 (/home/paudley/Active/purrdf/.worktrees/458-purrdf-gts-composite-ml-dsa-65-ed25519/crates/xsd)
   Compiling purrdf-cdt v3.0.1 (/home/paudley/Active/purrdf/.worktrees/458-purrdf-gts-composite-ml-dsa-65-ed25519/crates/cdt)
   Compiling purrdf-gts v3.0.1 (/home/paudley/Active/purrdf/.worktrees/458-purrdf-gts-composite-ml-dsa-65-ed25519/crates/gts)
   Compiling purrdf-sparql-algebra v3.0.1 (/home/paudley/Active/purrdf/.worktrees/458-purrdf-gts-composite-ml-dsa-65-ed25519/crates/sparql-algebra)
   Compiling purrdf-sparql-results v3.0.1 (/home/paudley/Active/purrdf/.worktrees/458-purrdf-gts-composite-ml-dsa-65-ed25519/crates/sparql-results)
   Compiling purrdf-sparql-eval v3.0.1 (/home/paudley/Active/purrdf/.worktrees/458-purrdf-gts-composite-ml-dsa-65-ed25519/crates/sparql-eval)
   Compiling purrdf-rdf v3.0.1 (/home/paudley/Active/purrdf/.worktrees/458-purrdf-gts-composite-ml-dsa-65-ed25519/crates/rdf)
    Finished `release` profile [optimized] target(s) in 4m 49s
