2026-10-06T21:13:03.7067283Z Current runner version: '2.337.0'
2026-10-06T21:13:03.7087181Z ##[group]Runner Image Provisioner
2026-10-06T21:13:03.7087984Z Hosted Compute Agent
2026-10-06T21:13:03.7088462Z Version: 20261002.596
2026-10-06T21:13:03.7089012Z Commit: c3d12f3313a95f25162a1503be624f3b0617f8c0
2026-10-06T21:13:03.7089603Z Build Date: 2026-10-02T22:28:27Z
2026-10-06T21:13:03.7090396Z Worker ID: {ab8f88f2-7dfa-46b0-90e8-80219f5ac6c8}
2026-10-06T21:13:03.7091045Z Region: westus3
2026-10-06T21:13:03.7091497Z Cloud: Azure
2026-10-06T21:13:03.7091968Z ##[endgroup]
2026-10-06T21:13:03.7093084Z ##[group]Operating System
2026-10-06T21:13:03.7093622Z Ubuntu
2026-10-06T21:13:03.7094149Z 24.04.5
2026-10-06T21:13:03.7094576Z LTS
2026-10-06T21:13:03.7095030Z ##[endgroup]
2026-10-06T21:13:03.7095496Z ##[group]Runner Image
2026-10-06T21:13:03.7096019Z Image: ubuntu-24.04
2026-10-06T21:13:03.7096519Z Version: 20261004.327.1
2026-10-06T21:13:03.7097539Z Included Software: https://github.com/actions/runner-images/blob/ubuntu24/20261004.327/images/ubuntu/Ubuntu2404-Readme.md
2026-10-06T21:13:03.7098827Z Image Release: https://github.com/actions/runner-images/releases/tag/ubuntu24%2F20261004.327
2026-10-06T21:13:03.7099637Z ##[endgroup]
2026-10-06T21:13:03.7100719Z ##[group]GITHUB_TOKEN Permissions
2026-10-06T21:13:03.7102231Z Contents: read
2026-10-06T21:13:03.7102793Z Metadata: read
2026-10-06T21:13:03.7103282Z ##[endgroup]
2026-10-06T21:13:03.7104867Z Secret source: Actions
2026-10-06T21:13:03.7105778Z Cache mode: write
2026-10-06T21:13:03.7106318Z Prepare workflow directory
2026-10-06T21:13:03.7365998Z Prepare all required actions
2026-10-06T21:13:03.7406303Z Getting action download info
2026-10-06T21:13:04.0492875Z Download action repository 'actions/checkout@9c091bb21b7c1c1d1991bb908d89e4e9dddfe3e0' (SHA:9c091bb21b7c1c1d1991bb908d89e4e9dddfe3e0)
2026-10-06T21:13:04.3172571Z Download action repository 'dtolnay/rust-toolchain@29eef336d9b2848a0b548edc03f92a220660cdb8' (SHA:29eef336d9b2848a0b548edc03f92a220660cdb8)
2026-10-06T21:13:04.6871935Z Download action repository 'actions/cache@0057852bfaa89a56745cba8c7296529d2fc39830' (SHA:0057852bfaa89a56745cba8c7296529d2fc39830)
2026-10-06T21:13:05.0895809Z Download action repository 'actions/upload-artifact@043fb46d1a93c77aae656e7c1c64a875d1fc6a0a' (SHA:043fb46d1a93c77aae656e7c1c64a875d1fc6a0a)
2026-10-06T21:13:05.4589199Z Complete job name: simd-asm-config (x86_64-v4)
2026-10-06T21:13:05.5331383Z ##[group]Run actions/checkout@9c091bb21b7c1c1d1991bb908d89e4e9dddfe3e0
2026-10-06T21:13:05.5332249Z with:
2026-10-06T21:13:05.5332598Z   persist-credentials: false
2026-10-06T21:13:05.5333027Z   repository: Blackcat-Informatics/purrdf
2026-10-06T21:13:05.5336334Z   token: ***
2026-10-06T21:13:05.5336681Z   ssh-strict: true
2026-10-06T21:13:05.5337028Z   ssh-user: git
2026-10-06T21:13:05.5337359Z   clean: true
2026-10-06T21:13:05.5337714Z   sparse-checkout-cone-mode: true
2026-10-06T21:13:05.5338129Z   fetch-depth: 1
2026-10-06T21:13:05.5338469Z   fetch-tags: false
2026-10-06T21:13:05.5338816Z   show-progress: true
2026-10-06T21:13:05.5339213Z   lfs: false
2026-10-06T21:13:05.5339545Z   submodules: false
2026-10-06T21:13:05.5339901Z   set-safe-directory: true
2026-10-06T21:13:05.5340478Z   allow-unsafe-pr-checkout: false
2026-10-06T21:13:05.5341078Z ##[endgroup]
2026-10-06T21:13:05.6147288Z Syncing repository: Blackcat-Informatics/purrdf
2026-10-06T21:13:05.6148919Z ##[group]Getting Git version info
2026-10-06T21:13:05.6149465Z Working directory is '/home/runner/work/purrdf/purrdf'
2026-10-06T21:13:05.6150472Z [command]/usr/bin/git version
2026-10-06T21:13:05.7253886Z git version 2.55.0
2026-10-06T21:13:05.7268844Z ##[endgroup]
2026-10-06T21:13:05.7278050Z Temporarily overriding HOME='/home/runner/work/_temp/1f2f7232-2bb4-4de3-ae95-54dde2e2d4a6' before making global git config changes
2026-10-06T21:13:05.7279459Z Adding repository directory to the temporary git global config as a safe directory
2026-10-06T21:13:05.7282643Z [command]/usr/bin/git config --global --add safe.directory /home/runner/work/purrdf/purrdf
2026-10-06T21:13:05.7372800Z Deleting the contents of '/home/runner/work/purrdf/purrdf'
2026-10-06T21:13:05.7375677Z ##[group]Determining repository object format
2026-10-06T21:13:05.7376851Z ##[endgroup]
2026-10-06T21:13:05.7377555Z ##[group]Initializing the repository
2026-10-06T21:13:05.7380060Z [command]/usr/bin/git init /home/runner/work/purrdf/purrdf
2026-10-06T21:13:05.7540503Z hint: Using 'master' as the name for the initial branch. This default branch name
2026-10-06T21:13:05.7541799Z hint: will change to "main" in Git 3.0. To configure the initial branch name
2026-10-06T21:13:05.7543346Z hint: to use in all of your new repositories, which will suppress this warning,
2026-10-06T21:13:05.7544319Z hint: call:
2026-10-06T21:13:05.7544846Z hint:
2026-10-06T21:13:05.7545508Z hint: 	git config --global init.defaultBranch <name>
2026-10-06T21:13:05.7546289Z hint:
2026-10-06T21:13:05.7547033Z hint: Names commonly chosen instead of 'master' are 'main', 'trunk' and
2026-10-06T21:13:05.7548211Z hint: 'development'. The just-created branch can be renamed via this command:
2026-10-06T21:13:05.7549134Z hint:
2026-10-06T21:13:05.7549620Z hint: 	git branch -m <name>
2026-10-06T21:13:05.7550367Z hint:
2026-10-06T21:13:05.7551166Z hint: Disable this message with "git config set advice.defaultBranchName false"
2026-10-06T21:13:05.7552441Z Initialized empty Git repository in /home/runner/work/purrdf/purrdf/.git/
2026-10-06T21:13:05.7554569Z [command]/usr/bin/git remote add origin https://github.com/Blackcat-Informatics/purrdf
2026-10-06T21:13:05.7658609Z ##[endgroup]
2026-10-06T21:13:05.7659935Z ##[group]Disabling automatic garbage collection
2026-10-06T21:13:05.7663311Z [command]/usr/bin/git config --local gc.auto 0
2026-10-06T21:13:05.7757599Z ##[endgroup]
2026-10-06T21:13:05.7758416Z ##[group]Setting up auth
2026-10-06T21:13:05.7759143Z Removing SSH command configuration
2026-10-06T21:13:05.7763449Z [command]/usr/bin/git config --local --name-only --get-regexp core\.sshCommand
2026-10-06T21:13:05.7792536Z [command]/usr/bin/git submodule foreach --recursive sh -c "git config --local --name-only --get-regexp 'core\.sshCommand' && git config --local --unset-all 'core.sshCommand' || :"
2026-10-06T21:13:05.8086929Z Removing HTTP extra header
2026-10-06T21:13:05.8091351Z [command]/usr/bin/git config --local --name-only --get-regexp http\.https\:\/\/github\.com\/\.extraheader
2026-10-06T21:13:05.8116791Z [command]/usr/bin/git submodule foreach --recursive sh -c "git config --local --name-only --get-regexp 'http\.https\:\/\/github\.com\/\.extraheader' && git config --local --unset-all 'http.https://github.com/.extraheader' || :"
2026-10-06T21:13:05.8293912Z Removing includeIf entries pointing to credentials config files
2026-10-06T21:13:05.8297564Z [command]/usr/bin/git config --local --name-only --get-regexp ^includeIf\.gitdir:
2026-10-06T21:13:05.8322530Z [command]/usr/bin/git submodule foreach --recursive git config --local --show-origin --name-only --get-regexp remote.origin.url
2026-10-06T21:13:05.8506434Z [command]/usr/bin/git config --file /home/runner/work/_temp/git-credentials-73228f1c-7a6f-4dd2-8b2f-972c32fed8d6.config http.https://github.com/.extraheader AUTHORIZATION: basic ***
2026-10-06T21:13:05.9374693Z [command]/usr/bin/git config --local includeIf.gitdir:/home/runner/work/purrdf/purrdf/.git.path /home/runner/work/_temp/git-credentials-73228f1c-7a6f-4dd2-8b2f-972c32fed8d6.config
2026-10-06T21:13:05.9491948Z [command]/usr/bin/git config --local includeIf.gitdir:/home/runner/work/purrdf/purrdf/.git/worktrees/*.path /home/runner/work/_temp/git-credentials-73228f1c-7a6f-4dd2-8b2f-972c32fed8d6.config
2026-10-06T21:13:05.9798610Z [command]/usr/bin/git config --local includeIf.gitdir:/github/workspace/.git.path /github/runner_temp/git-credentials-73228f1c-7a6f-4dd2-8b2f-972c32fed8d6.config
2026-10-06T21:13:05.9849871Z [command]/usr/bin/git config --local includeIf.gitdir:/github/workspace/.git/worktrees/*.path /github/runner_temp/git-credentials-73228f1c-7a6f-4dd2-8b2f-972c32fed8d6.config
2026-10-06T21:13:05.9877322Z ##[endgroup]
2026-10-06T21:13:05.9878519Z ##[group]Fetching the repository
2026-10-06T21:13:05.9883982Z [command]/usr/bin/git -c protocol.version=2 fetch --no-tags --prune --no-recurse-submodules --depth=1 origin +e32f3cfd0681ab438f58d924b5d426c836c724c0:refs/remotes/pull/466/merge
2026-10-06T21:13:08.6662224Z From https://github.com/Blackcat-Informatics/purrdf
2026-10-06T21:13:08.6664051Z  * [new ref]         e32f3cfd0681ab438f58d924b5d426c836c724c0 -> pull/466/merge
2026-10-06T21:13:08.6666840Z ##[endgroup]
2026-10-06T21:13:08.6667761Z ##[group]Determining the checkout info
2026-10-06T21:13:08.6668955Z ##[endgroup]
2026-10-06T21:13:08.6669846Z [command]/usr/bin/git sparse-checkout disable
2026-10-06T21:13:08.6712285Z [command]/usr/bin/git config --local --unset-all extensions.worktreeConfig
2026-10-06T21:13:08.6736260Z ##[group]Checking out the ref
2026-10-06T21:13:08.6738637Z [command]/usr/bin/git checkout --progress --force refs/remotes/pull/466/merge
2026-10-06T21:13:09.6948106Z Note: switching to 'refs/remotes/pull/466/merge'.
2026-10-06T21:13:09.6948502Z 
2026-10-06T21:13:09.6948704Z You are in 'detached HEAD' state. You can look around, make experimental
2026-10-06T21:13:09.6949146Z changes and commit them, and you can discard any commits you make in this
2026-10-06T21:13:09.6949581Z state without impacting any branches by switching back to a branch.
2026-10-06T21:13:09.6949995Z 
2026-10-06T21:13:09.6950523Z If you want to create a new branch to retain commits you create, you may
2026-10-06T21:13:09.6951127Z do so (now or later) by using -c with the switch command. Example:
2026-10-06T21:13:09.6951471Z 
2026-10-06T21:13:09.6951631Z   git switch -c <new-branch-name>
2026-10-06T21:13:09.6951876Z 
2026-10-06T21:13:09.6952037Z Or undo this operation with:
2026-10-06T21:13:09.6952266Z 
2026-10-06T21:13:09.6952394Z   git switch -
2026-10-06T21:13:09.6952587Z 
2026-10-06T21:13:09.6952991Z Turn off this advice by setting config variable advice.detachedHead to false
2026-10-06T21:13:09.6953424Z 
2026-10-06T21:13:09.6953863Z HEAD is now at e32f3cf Merge 8364b29c9fb70195f123e2bc084160d83f78850a into b6f7c9b0f6b84ffe496719e39f2d2ba52d5ed3ac
2026-10-06T21:13:09.6975244Z ##[endgroup]
2026-10-06T21:13:09.7010793Z [command]/usr/bin/git log -1 --format=%H
2026-10-06T21:13:09.7030368Z e32f3cfd0681ab438f58d924b5d426c836c724c0
2026-10-06T21:13:09.7041054Z ##[group]Removing auth
2026-10-06T21:13:09.7041606Z Removing SSH command configuration
2026-10-06T21:13:09.7042005Z [command]/usr/bin/git config --local --name-only --get-regexp core\.sshCommand
2026-10-06T21:13:09.7066161Z [command]/usr/bin/git submodule foreach --recursive sh -c "git config --local --name-only --get-regexp 'core\.sshCommand' && git config --local --unset-all 'core.sshCommand' || :"
2026-10-06T21:13:09.7260688Z Removing HTTP extra header
2026-10-06T21:13:09.7263476Z [command]/usr/bin/git config --local --name-only --get-regexp http\.https\:\/\/github\.com\/\.extraheader
2026-10-06T21:13:09.7288775Z [command]/usr/bin/git submodule foreach --recursive sh -c "git config --local --name-only --get-regexp 'http\.https\:\/\/github\.com\/\.extraheader' && git config --local --unset-all 'http.https://github.com/.extraheader' || :"
2026-10-06T21:13:09.7488096Z Removing includeIf entries pointing to credentials config files
2026-10-06T21:13:09.7489913Z [command]/usr/bin/git config --local --name-only --get-regexp ^includeIf\.gitdir:
2026-10-06T21:13:09.7513093Z includeif.gitdir:/home/runner/work/purrdf/purrdf/.git.path
2026-10-06T21:13:09.7513635Z includeif.gitdir:/home/runner/work/purrdf/purrdf/.git/worktrees/*.path
2026-10-06T21:13:09.7514031Z includeif.gitdir:/github/workspace/.git.path
2026-10-06T21:13:09.7514358Z includeif.gitdir:/github/workspace/.git/worktrees/*.path
2026-10-06T21:13:09.7520796Z [command]/usr/bin/git config --local --get-all includeif.gitdir:/home/runner/work/purrdf/purrdf/.git.path
2026-10-06T21:13:09.7538296Z /home/runner/work/_temp/git-credentials-73228f1c-7a6f-4dd2-8b2f-972c32fed8d6.config
2026-10-06T21:13:09.7547152Z [command]/usr/bin/git config --local --unset includeif.gitdir:/home/runner/work/purrdf/purrdf/.git.path /home/runner/work/_temp/git-credentials-73228f1c-7a6f-4dd2-8b2f-972c32fed8d6.config
2026-10-06T21:13:09.7605439Z [command]/usr/bin/git config --local --get-all includeif.gitdir:/home/runner/work/purrdf/purrdf/.git/worktrees/*.path
2026-10-06T21:13:09.7623162Z /home/runner/work/_temp/git-credentials-73228f1c-7a6f-4dd2-8b2f-972c32fed8d6.config
2026-10-06T21:13:09.7629181Z [command]/usr/bin/git config --local --unset includeif.gitdir:/home/runner/work/purrdf/purrdf/.git/worktrees/*.path /home/runner/work/_temp/git-credentials-73228f1c-7a6f-4dd2-8b2f-972c32fed8d6.config
2026-10-06T21:13:09.8094065Z [command]/usr/bin/git config --local --get-all includeif.gitdir:/github/workspace/.git.path
2026-10-06T21:13:09.8113546Z /github/runner_temp/git-credentials-73228f1c-7a6f-4dd2-8b2f-972c32fed8d6.config
2026-10-06T21:13:09.8119897Z [command]/usr/bin/git config --local --unset includeif.gitdir:/github/workspace/.git.path /github/runner_temp/git-credentials-73228f1c-7a6f-4dd2-8b2f-972c32fed8d6.config
2026-10-06T21:13:09.8147547Z [command]/usr/bin/git config --local --get-all includeif.gitdir:/github/workspace/.git/worktrees/*.path
2026-10-06T21:13:09.8165196Z /github/runner_temp/git-credentials-73228f1c-7a6f-4dd2-8b2f-972c32fed8d6.config
2026-10-06T21:13:09.8174288Z [command]/usr/bin/git config --local --unset includeif.gitdir:/github/workspace/.git/worktrees/*.path /github/runner_temp/git-credentials-73228f1c-7a6f-4dd2-8b2f-972c32fed8d6.config
2026-10-06T21:13:09.8199425Z [command]/usr/bin/git submodule foreach --recursive git config --local --show-origin --name-only --get-regexp remote.origin.url
2026-10-06T21:13:09.8388143Z Removing credentials config '/home/runner/work/_temp/git-credentials-73228f1c-7a6f-4dd2-8b2f-972c32fed8d6.config'
2026-10-06T21:13:09.8396503Z ##[endgroup]
2026-10-06T21:13:09.8660489Z ##[group]Run dtolnay/rust-toolchain@29eef336d9b2848a0b548edc03f92a220660cdb8
2026-10-06T21:13:09.8660874Z with:
2026-10-06T21:13:09.8661083Z   toolchain: nightly
2026-10-06T21:13:09.8661385Z   targets: wasm32-unknown-unknown, aarch64-unknown-linux-gnu
2026-10-06T21:13:09.8661695Z ##[endgroup]
2026-10-06T21:13:09.8735094Z ##[start-action display=Run : parse toolchain version;id=__dtolnay_rust-toolchain.parse]
2026-10-06T21:13:09.8774228Z ##[group]Run : parse toolchain version
2026-10-06T21:13:09.8774579Z [36;1m: parse toolchain version[0m
2026-10-06T21:13:09.8774851Z [36;1mif [[ -z $toolchain ]]; then[0m
2026-10-06T21:13:09.8775303Z [36;1m  # GitHub does not enforce `required: true` inputs itself. https://github.com/actions/runner/issues/1070[0m
2026-10-06T21:13:09.8775791Z [36;1m  echo "'toolchain' is a required input" >&2[0m
2026-10-06T21:13:09.8776065Z [36;1m  exit 1[0m
2026-10-06T21:13:09.8776417Z [36;1melif [[ $toolchain =~ ^stable' '[0-9]+' '(year|month|week|day)s?' 'ago$ ]]; then[0m
2026-10-06T21:13:09.8776779Z [36;1m  if [[ Linux == macOS ]]; then[0m
2026-10-06T21:13:09.8777218Z [36;1m    echo "toolchain=1.$((($(date -v-$(sed 's/stable \([0-9]*\) \(.\).*/\1\2/' <<< $toolchain) +%s)/60/60/24-16569)/7/6))" >> $GITHUB_OUTPUT[0m
2026-10-06T21:13:09.8777640Z [36;1m  else[0m
2026-10-06T21:13:09.8777987Z [36;1m    echo "toolchain=1.$((($(date --date "${toolchain#stable }" +%s)/60/60/24-16569)/7/6))" >> $GITHUB_OUTPUT[0m
2026-10-06T21:13:09.8778368Z [36;1m  fi[0m
2026-10-06T21:13:09.8778643Z [36;1melif [[ $toolchain =~ ^stable' 'minus' '[0-9]+' 'releases?$ ]]; then[0m
2026-10-06T21:13:09.8779085Z [36;1m  echo "toolchain=1.$((($(date +%s)/60/60/24-16569)/7/6-${toolchain//[^0-9]/}))" >> $GITHUB_OUTPUT[0m
2026-10-06T21:13:09.8779467Z [36;1melif [[ $toolchain =~ ^1\.[0-9]+$ ]]; then[0m
2026-10-06T21:13:09.8779901Z [36;1m  echo "toolchain=1.$((i=${toolchain#1.}, c=($(date +%s)/60/60/24-16569)/7/6, i+9*i*(10*i<=c)+90*i*(100*i<=c)))" >> $GITHUB_OUTPUT[0m
2026-10-06T21:13:09.8780422Z [36;1melse[0m
2026-10-06T21:13:09.8780655Z [36;1m  echo "toolchain=$toolchain" >> $GITHUB_OUTPUT[0m
2026-10-06T21:13:09.8780919Z [36;1mfi[0m
2026-10-06T21:13:10.2699169Z shell: /usr/bin/bash --noprofile --norc -e -o pipefail {0}
2026-10-06T21:13:10.2699482Z env:
2026-10-06T21:13:10.2699660Z   toolchain: nightly
2026-10-06T21:13:10.2699844Z ##[endgroup]
2026-10-06T21:13:10.2817782Z ##[end-action id=__dtolnay_rust-toolchain.parse;outcome=success;conclusion=success;duration_ms=408]
2026-10-06T21:13:10.2835961Z ##[start-action display=Run : construct rustup command line;id=__dtolnay_rust-toolchain.flags]
2026-10-06T21:13:10.2859150Z ##[group]Run : construct rustup command line
2026-10-06T21:13:10.2859420Z [36;1m: construct rustup command line[0m
2026-10-06T21:13:10.2859781Z [36;1mecho "targets=$(for t in ${targets//,/ }; do echo -n ' --target' $t; done)" >> $GITHUB_OUTPUT[0m
2026-10-06T21:13:10.2860596Z [36;1mecho "components=$(for c in ${components//,/ }; do echo -n ' --component' $c; done)" >> $GITHUB_OUTPUT[0m
2026-10-06T21:13:10.2861036Z [36;1mecho "downgrade=" >> $GITHUB_OUTPUT[0m
2026-10-06T21:13:10.2908580Z shell: /usr/bin/bash --noprofile --norc -e -o pipefail {0}
2026-10-06T21:13:10.2908863Z env:
2026-10-06T21:13:10.2909096Z   targets: wasm32-unknown-unknown, aarch64-unknown-linux-gnu
2026-10-06T21:13:10.2909368Z   components: 
2026-10-06T21:13:10.2909534Z ##[endgroup]
2026-10-06T21:13:10.2986641Z ##[end-action id=__dtolnay_rust-toolchain.flags;outcome=success;conclusion=success;duration_ms=14]
2026-10-06T21:13:10.2989452Z ##[start-action display=Run : set $CARGO_HOME;id=__dtolnay_rust-toolchain.__run]
2026-10-06T21:13:10.3012948Z ##[group]Run : set $CARGO_HOME
2026-10-06T21:13:10.3013170Z [36;1m: set $CARGO_HOME[0m
2026-10-06T21:13:10.3013434Z [36;1mecho CARGO_HOME=${CARGO_HOME:-"$HOME/.cargo"} >> $GITHUB_ENV[0m
2026-10-06T21:13:10.3060702Z shell: /usr/bin/bash --noprofile --norc -e -o pipefail {0}
2026-10-06T21:13:10.3060975Z ##[endgroup]
2026-10-06T21:13:10.3131900Z ##[end-action id=__dtolnay_rust-toolchain.__run;outcome=success;conclusion=success;duration_ms=14]
2026-10-06T21:13:10.3133694Z ##[start-action display=Run : install rustup if needed;id=__dtolnay_rust-toolchain.__run_2]
2026-10-06T21:13:10.3217593Z ##[group]Run : install rustup if needed
2026-10-06T21:13:10.3217845Z [36;1m: install rustup if needed[0m
2026-10-06T21:13:10.3218088Z [36;1mif ! command -v rustup &>/dev/null; then[0m
2026-10-06T21:13:10.3218691Z [36;1m  curl --proto '=https' --tlsv1.2 --retry 10 --retry-connrefused --location --silent --show-error --fail https://sh.rustup.rs | sh -s -- --default-toolchain none -y[0m
2026-10-06T21:13:10.3219240Z [36;1m  echo "$CARGO_HOME/bin" >> $GITHUB_PATH[0m
2026-10-06T21:13:10.3219465Z [36;1mfi[0m
2026-10-06T21:13:10.3267192Z shell: /usr/bin/bash --noprofile --norc -e -o pipefail {0}
2026-10-06T21:13:10.3267460Z env:
2026-10-06T21:13:10.3267635Z   CARGO_HOME: /home/runner/.cargo
2026-10-06T21:13:10.3267843Z ##[endgroup]
2026-10-06T21:13:10.3336586Z ##[end-action id=__dtolnay_rust-toolchain.__run_2;outcome=success;conclusion=success;duration_ms=20]
2026-10-06T21:13:10.3339709Z ##[start-action display=Run : install rustup if needed on windows;id=__dtolnay_rust-toolchain.__run_3]
2026-10-06T21:13:10.3344923Z ##[end-action id=__dtolnay_rust-toolchain.__run_3;outcome=skipped;conclusion=skipped;duration_ms=0]
2026-10-06T21:13:10.3347481Z ##[start-action display=rustup toolchain install nightly;id=__dtolnay_rust-toolchain.__run_4]
2026-10-06T21:13:10.3369637Z ##[group]Run rustup toolchain install nightly --target wasm32-unknown-unknown --target aarch64-unknown-linux-gnu --profile minimal --no-self-update
2026-10-06T21:13:10.3370641Z [36;1mrustup toolchain install nightly --target wasm32-unknown-unknown --target aarch64-unknown-linux-gnu --profile minimal --no-self-update[0m
2026-10-06T21:13:10.3417603Z shell: /usr/bin/bash --noprofile --norc -e -o pipefail {0}
2026-10-06T21:13:10.3417868Z env:
2026-10-06T21:13:10.3418036Z   CARGO_HOME: /home/runner/.cargo
2026-10-06T21:13:10.3418265Z   RUSTUP_PERMIT_COPY_RENAME: 1
2026-10-06T21:13:10.3418460Z ##[endgroup]
2026-10-06T21:13:10.4813206Z info: syncing channel updates for nightly-x86_64-unknown-linux-gnu
2026-10-06T21:13:11.3088162Z info: latest update on 2026-10-06 for version 1.101.0-nightly (ea137335b 2026-10-05)
2026-10-06T21:13:11.3088687Z info: downloading 5 components
2026-10-06T21:13:22.0646768Z 
2026-10-06T21:13:22.0708631Z   nightly-x86_64-unknown-linux-gnu installed - rustc 1.101.0-nightly (ea137335b 2026-10-05)
2026-10-06T21:13:22.0709141Z 
2026-10-06T21:13:22.0759904Z ##[end-action id=__dtolnay_rust-toolchain.__run_4;outcome=success;conclusion=success;duration_ms=11741]
2026-10-06T21:13:22.0765449Z ##[start-action display=Run rustup default nightly;id=__dtolnay_rust-toolchain.__run_5]
2026-10-06T21:13:22.1642689Z ##[group]Run rustup default nightly
2026-10-06T21:13:22.1642959Z [36;1mrustup default nightly[0m
2026-10-06T21:13:22.1696979Z shell: /usr/bin/bash --noprofile --norc -e -o pipefail {0}
2026-10-06T21:13:22.1697260Z env:
2026-10-06T21:13:22.1697434Z   CARGO_HOME: /home/runner/.cargo
2026-10-06T21:13:22.1697649Z ##[endgroup]
2026-10-06T21:13:22.1801354Z info: using existing install for nightly-x86_64-unknown-linux-gnu
2026-10-06T21:13:22.2188986Z info: default toolchain set to nightly-x86_64-unknown-linux-gnu
2026-10-06T21:13:22.2189321Z 
2026-10-06T21:13:22.2245306Z   nightly-x86_64-unknown-linux-gnu unchanged - rustc 1.101.0-nightly (ea137335b 2026-10-05)
2026-10-06T21:13:22.2246265Z info: note that the toolchain 'nightly-x86_64-unknown-linux-gnu' is currently in use (overridden by '/home/runner/work/purrdf/purrdf/rust-toolchain.toml')
2026-10-06T21:13:22.2246908Z 
2026-10-06T21:13:22.2260830Z ##[end-action id=__dtolnay_rust-toolchain.__run_5;outcome=success;conclusion=success;duration_ms=149]
2026-10-06T21:13:22.2264790Z ##[start-action display=Run : create cachekey;id=__dtolnay_rust-toolchain.rustc-version]
2026-10-06T21:13:22.2282393Z ##[group]Run : create cachekey
2026-10-06T21:13:22.2282834Z [36;1m: create cachekey[0m
2026-10-06T21:13:22.2283236Z [36;1mDATE=$(rustc +nightly --version --verbose | sed -ne 's/^commit-date: \(20[0-9][0-9]\)-\([01][0-9]\)-\([0-3][0-9]\)$/\1\2\3/p')[0m
2026-10-06T21:13:22.2283781Z [36;1mHASH=$(rustc +nightly --version --verbose | sed -ne 's/^commit-hash: //p')[0m
2026-10-06T21:13:22.2284170Z [36;1mecho "cachekey=$(echo $DATE$HASH | head -c12)" >> $GITHUB_OUTPUT[0m
2026-10-06T21:13:22.2335752Z shell: /usr/bin/bash --noprofile --norc -e -o pipefail {0}
2026-10-06T21:13:22.2336017Z env:
2026-10-06T21:13:22.2336183Z   CARGO_HOME: /home/runner/.cargo
2026-10-06T21:13:22.2336387Z ##[endgroup]
2026-10-06T21:13:22.2619754Z ##[end-action id=__dtolnay_rust-toolchain.rustc-version;outcome=success;conclusion=success;duration_ms=35]
2026-10-06T21:13:22.2622294Z ##[start-action display=Run : disable incremental compilation;id=__dtolnay_rust-toolchain.__run_6]
2026-10-06T21:13:22.2639382Z ##[group]Run : disable incremental compilation
2026-10-06T21:13:22.2639689Z [36;1m: disable incremental compilation[0m
2026-10-06T21:13:22.2639947Z [36;1mif [ -z "${CARGO_INCREMENTAL+set}" ]; then[0m
2026-10-06T21:13:22.2640431Z [36;1m  echo CARGO_INCREMENTAL=0 >> $GITHUB_ENV[0m
2026-10-06T21:13:22.2640670Z [36;1mfi[0m
2026-10-06T21:13:22.2695491Z shell: /usr/bin/bash --noprofile --norc -e -o pipefail {0}
2026-10-06T21:13:22.2695769Z env:
2026-10-06T21:13:22.2695940Z   CARGO_HOME: /home/runner/.cargo
2026-10-06T21:13:22.2696145Z ##[endgroup]
2026-10-06T21:13:22.2765113Z ##[end-action id=__dtolnay_rust-toolchain.__run_6;outcome=success;conclusion=success;duration_ms=14]
2026-10-06T21:13:22.2766821Z ##[start-action display=Run : enable colors in Cargo output;id=__dtolnay_rust-toolchain.__run_7]
2026-10-06T21:13:22.2783023Z ##[group]Run : enable colors in Cargo output
2026-10-06T21:13:22.2783285Z [36;1m: enable colors in Cargo output[0m
2026-10-06T21:13:22.2783530Z [36;1mif [ -z "${CARGO_TERM_COLOR+set}" ]; then[0m
2026-10-06T21:13:22.2783821Z [36;1m  echo CARGO_TERM_COLOR=always >> $GITHUB_ENV[0m
2026-10-06T21:13:22.2784052Z [36;1mfi[0m
2026-10-06T21:13:22.2829431Z shell: /usr/bin/bash --noprofile --norc -e -o pipefail {0}
2026-10-06T21:13:22.2829693Z env:
2026-10-06T21:13:22.2830014Z   CARGO_HOME: /home/runner/.cargo
2026-10-06T21:13:22.2830352Z   CARGO_INCREMENTAL: 0
2026-10-06T21:13:22.2830527Z ##[endgroup]
2026-10-06T21:13:22.2896256Z ##[end-action id=__dtolnay_rust-toolchain.__run_7;outcome=success;conclusion=success;duration_ms=12]
2026-10-06T21:13:22.2899880Z ##[start-action display=Run : enable Cargo sparse registry;id=__dtolnay_rust-toolchain.__run_8]
2026-10-06T21:13:22.2916524Z ##[group]Run : enable Cargo sparse registry
2026-10-06T21:13:22.2916787Z [36;1m: enable Cargo sparse registry[0m
2026-10-06T21:13:22.2917073Z [36;1m# implemented in 1.66, stabilized in 1.68, made default in 1.70[0m
2026-10-06T21:13:22.2917615Z [36;1mif [ -z "${CARGO_REGISTRIES_CRATES_IO_PROTOCOL+set}" -o -f "/home/runner/work/_temp"/.implicit_cargo_registries_crates_io_protocol ]; then[0m
2026-10-06T21:13:22.2918183Z [36;1m  if rustc +nightly --version --verbose | grep -q '^release: 1\.6[89]\.'; then[0m
2026-10-06T21:13:22.2918621Z [36;1m    touch "/home/runner/work/_temp"/.implicit_cargo_registries_crates_io_protocol || true[0m
2026-10-06T21:13:22.2919037Z [36;1m    echo CARGO_REGISTRIES_CRATES_IO_PROTOCOL=sparse >> $GITHUB_ENV[0m
2026-10-06T21:13:22.2919419Z [36;1m  elif rustc +nightly --version --verbose | grep -q '^release: 1\.6[67]\.'; then[0m
2026-10-06T21:13:22.2919842Z [36;1m    touch "/home/runner/work/_temp"/.implicit_cargo_registries_crates_io_protocol || true[0m
2026-10-06T21:13:22.2920479Z [36;1m    echo CARGO_REGISTRIES_CRATES_IO_PROTOCOL=git >> $GITHUB_ENV[0m
2026-10-06T21:13:22.2920762Z [36;1m  fi[0m
2026-10-06T21:13:22.2920921Z [36;1mfi[0m
2026-10-06T21:13:22.2967524Z shell: /usr/bin/bash --noprofile --norc -e -o pipefail {0}
2026-10-06T21:13:22.2967797Z env:
2026-10-06T21:13:22.2967964Z   CARGO_HOME: /home/runner/.cargo
2026-10-06T21:13:22.2968301Z   CARGO_INCREMENTAL: 0
2026-10-06T21:13:22.2968482Z   CARGO_TERM_COLOR: always
2026-10-06T21:13:22.2968669Z ##[endgroup]
2026-10-06T21:13:22.3223118Z ##[end-action id=__dtolnay_rust-toolchain.__run_8;outcome=success;conclusion=success;duration_ms=32]
2026-10-06T21:13:22.3226940Z ##[start-action display=Run : work around spurious network errors in curl 8.0;id=__dtolnay_rust-toolchain.__run_9]
2026-10-06T21:13:22.3244264Z ##[group]Run : work around spurious network errors in curl 8.0
2026-10-06T21:13:22.3244618Z [36;1m: work around spurious network errors in curl 8.0[0m
2026-10-06T21:13:22.3245080Z [36;1m# https://rust-lang.zulipchat.com/#narrow/stream/246057-t-cargo/topic/timeout.20investigation[0m
2026-10-06T21:13:22.3245549Z [36;1mif rustc +nightly --version --verbose | grep -q '^release: 1\.7[01]\.'; then[0m
2026-10-06T21:13:22.3245908Z [36;1m  echo CARGO_HTTP_MULTIPLEXING=false >> $GITHUB_ENV[0m
2026-10-06T21:13:22.3246153Z [36;1mfi[0m
2026-10-06T21:13:22.3300593Z shell: /usr/bin/bash --noprofile --norc -e -o pipefail {0}
2026-10-06T21:13:22.3300862Z env:
2026-10-06T21:13:22.3301032Z   CARGO_HOME: /home/runner/.cargo
2026-10-06T21:13:22.3301242Z   CARGO_INCREMENTAL: 0
2026-10-06T21:13:22.3301422Z   CARGO_TERM_COLOR: always
2026-10-06T21:13:22.3301611Z ##[endgroup]
2026-10-06T21:13:22.3464097Z ##[end-action id=__dtolnay_rust-toolchain.__run_9;outcome=success;conclusion=success;duration_ms=23]
2026-10-06T21:13:22.3467788Z ##[start-action display=Run rustc +nightly --version --verbose;id=__dtolnay_rust-toolchain.__run_10]
2026-10-06T21:13:22.3502645Z ##[group]Run rustc +nightly --version --verbose
2026-10-06T21:13:22.3502938Z [36;1mrustc +nightly --version --verbose[0m
2026-10-06T21:13:22.3553323Z shell: /usr/bin/bash --noprofile --norc -e -o pipefail {0}
2026-10-06T21:13:22.3553593Z env:
2026-10-06T21:13:22.3553768Z   CARGO_HOME: /home/runner/.cargo
2026-10-06T21:13:22.3553978Z   CARGO_INCREMENTAL: 0
2026-10-06T21:13:22.3554187Z   CARGO_TERM_COLOR: always
2026-10-06T21:13:22.3554447Z ##[endgroup]
2026-10-06T21:13:22.3705125Z rustc 1.101.0-nightly (ea137335b 2026-10-05)
2026-10-06T21:13:22.3705540Z binary: rustc
2026-10-06T21:13:22.3705862Z commit-hash: ea137335b78829b4514bf1b4c16302f74fab8581
2026-10-06T21:13:22.3706330Z commit-date: 2026-10-05
2026-10-06T21:13:22.3706525Z host: x86_64-unknown-linux-gnu
2026-10-06T21:13:22.3706732Z release: 1.101.0-nightly
2026-10-06T21:13:22.3706950Z LLVM version: 23.1.3
2026-10-06T21:13:22.3718215Z ##[end-action id=__dtolnay_rust-toolchain.__run_10;outcome=success;conclusion=success;duration_ms=24]
2026-10-06T21:13:22.3767287Z ##[group]Run echo "identity=$(rustc -vV | sha256sum | cut -d ' ' -f 1)" >> "$GITHUB_OUTPUT"
2026-10-06T21:13:22.3767759Z [36;1mecho "identity=$(rustc -vV | sha256sum | cut -d ' ' -f 1)" >> "$GITHUB_OUTPUT"[0m
2026-10-06T21:13:22.3817987Z shell: /usr/bin/bash -e {0}
2026-10-06T21:13:22.3818204Z env:
2026-10-06T21:13:22.3818374Z   CARGO_HOME: /home/runner/.cargo
2026-10-06T21:13:22.3818596Z   CARGO_INCREMENTAL: 0
2026-10-06T21:13:22.3818774Z   CARGO_TERM_COLOR: always
2026-10-06T21:13:22.3818957Z ##[endgroup]
2026-10-06T21:13:22.4315265Z info: syncing channel updates for nightly-x86_64-unknown-linux-gnu
2026-10-06T21:13:22.5851948Z info: latest update on 2026-10-06 for version 1.101.0-nightly (ea137335b 2026-10-05)
2026-10-06T21:13:22.5956382Z info: component rust-std for target aarch64-unknown-linux-gnu is up to date
2026-10-06T21:13:22.5957402Z info: component rust-std for target wasm32-unknown-unknown is up to date
2026-10-06T21:13:22.5960265Z info: downloading 2 components
2026-10-06T21:13:23.4091174Z ##[group]Run actions/cache@0057852bfaa89a56745cba8c7296529d2fc39830
2026-10-06T21:13:23.4091495Z with:
2026-10-06T21:13:23.4091669Z   path: target/simd-asm
2026-10-06T21:13:23.4092389Z   key: simd-asm-v1-Linux-x86_64-v4-ec3667c8adc6a73da9a5c33c88b8767792f4f2d3f42acfab44337ebd1806be0f-fa00854421c244ad4e5e608df22635bbc10fdd3625cd981f707bb7ad9b629b3d-e32f3cfd0681ab438f58d924b5d426c836c724c0
2026-10-06T21:13:23.4093513Z   restore-keys: simd-asm-v1-Linux-x86_64-v4-ec3667c8adc6a73da9a5c33c88b8767792f4f2d3f42acfab44337ebd1806be0f-fa00854421c244ad4e5e608df22635bbc10fdd3625cd981f707bb7ad9b629b3d-

2026-10-06T21:13:23.4094123Z   enableCrossOsArchive: false
2026-10-06T21:13:23.4094349Z   fail-on-cache-miss: false
2026-10-06T21:13:23.4094540Z   lookup-only: false
2026-10-06T21:13:23.4094713Z   save-always: false
2026-10-06T21:13:23.4094876Z env:
2026-10-06T21:13:23.4095045Z   CARGO_HOME: /home/runner/.cargo
2026-10-06T21:13:23.4095249Z   CARGO_INCREMENTAL: 0
2026-10-06T21:13:23.4095459Z   CARGO_TERM_COLOR: always
2026-10-06T21:13:23.4095642Z ##[endgroup]
2026-10-06T21:13:23.5057916Z (node:2327) [DEP0040] DeprecationWarning: The `punycode` module is deprecated. Please use a userland alternative instead.
2026-10-06T21:13:23.5058758Z (Use `node --trace-deprecation ...` to show where the warning was created)
2026-10-06T21:13:23.7044523Z Cache hit for restore-key: simd-asm-v1-Linux-x86_64-v4-ec3667c8adc6a73da9a5c33c88b8767792f4f2d3f42acfab44337ebd1806be0f-fa00854421c244ad4e5e608df22635bbc10fdd3625cd981f707bb7ad9b629b3d-b6f7c9b0f6b84ffe496719e39f2d2ba52d5ed3ac
2026-10-06T21:13:23.7122293Z (node:2327) [DEP0169] DeprecationWarning: `url.parse()` behavior is not standardized and prone to errors that have security implications. Use the WHATWG URL API instead. CVEs are not issued for `url.parse()` vulnerabilities.
2026-10-06T21:13:24.9107812Z Received 41943040 of 103383043 (40.6%), 40.0 MBs/sec
2026-10-06T21:13:25.8316341Z Received 103383043 of 103383043 (100.0%), 51.3 MBs/sec
2026-10-06T21:13:25.8317608Z Cache Size: ~99 MB (103383043 B)
2026-10-06T21:13:25.8370624Z [command]/usr/bin/tar -xf /home/runner/work/_temp/b43bf821-ac14-4f5f-b78f-9c5a077f738b/cache.tzst -P -C /home/runner/work/purrdf/purrdf --use-compress-program unzstd
2026-10-06T21:13:26.4378829Z Cache restored successfully
2026-10-06T21:13:26.4485341Z Cache restored from key: simd-asm-v1-Linux-x86_64-v4-ec3667c8adc6a73da9a5c33c88b8767792f4f2d3f42acfab44337ebd1806be0f-fa00854421c244ad4e5e608df22635bbc10fdd3625cd981f707bb7ad9b629b3d-b6f7c9b0f6b84ffe496719e39f2d2ba52d5ed3ac
2026-10-06T21:13:26.4586899Z ##[group]Run mkdir -p target/asm-diagnostics
2026-10-06T21:13:26.4587225Z [36;1mmkdir -p target/asm-diagnostics[0m
2026-10-06T21:13:26.4587665Z [36;1mrustc -vV > target/asm-diagnostics/compiler.txt[0m
2026-10-06T21:13:26.4588024Z [36;1mgit rev-parse HEAD 'HEAD^{tree}' > target/asm-diagnostics/checkout.txt[0m
2026-10-06T21:13:26.4588424Z [36;1mgit status --porcelain=v1 > target/asm-diagnostics/source-status.txt[0m
2026-10-06T21:13:26.4588782Z [36;1mtest ! -s target/asm-diagnostics/source-status.txt[0m
2026-10-06T21:13:26.4589127Z [36;1msha256sum Makefile Cargo.toml Cargo.lock rust-toolchain.toml \[0m
2026-10-06T21:13:26.4589488Z [36;1m  scripts/check-simd-asm.py scripts/simd_asm_runtime.py \[0m
2026-10-06T21:13:26.4589830Z [36;1m  scripts/simd-asm-manifest.toml docs/design/purrdf-simd.md \[0m
2026-10-06T21:13:26.4590405Z [36;1m  > target/asm-diagnostics/inputs.sha256[0m
2026-10-06T21:13:26.4643077Z shell: /usr/bin/bash -e {0}
2026-10-06T21:13:26.4643291Z env:
2026-10-06T21:13:26.4643501Z   CARGO_HOME: /home/runner/.cargo
2026-10-06T21:13:26.4643722Z   CARGO_INCREMENTAL: 0
2026-10-06T21:13:26.4643906Z   CARGO_TERM_COLOR: always
2026-10-06T21:13:26.4644106Z ##[endgroup]
2026-10-06T21:13:26.9368759Z ##[group]Run # Bound scalar WASM compilation through the existing Cargo job budget.
2026-10-06T21:13:26.9369245Z [36;1m# Bound scalar WASM compilation through the existing Cargo job budget.[0m
2026-10-06T21:13:26.9369606Z [36;1m# Other configurations keep their current scheduling.[0m
2026-10-06T21:13:26.9369888Z [36;1mif [ "x86_64-v4" = wasm32 ]; then[0m
2026-10-06T21:13:26.9370294Z [36;1m  export CARGO_BUILD_JOBS=2[0m
2026-10-06T21:13:26.9370518Z [36;1mfi[0m
2026-10-06T21:13:26.9370852Z [36;1mmake simd-asm SIMD_ASM_ARGS="--config x86_64-v4 --jobs 1 --report target/asm-reports/x86_64-v4.json"[0m
2026-10-06T21:13:26.9426032Z shell: /usr/bin/bash -e {0}
2026-10-06T21:13:26.9426242Z env:
2026-10-06T21:13:26.9426420Z   CARGO_HOME: /home/runner/.cargo
2026-10-06T21:13:26.9426649Z   CARGO_INCREMENTAL: 0
2026-10-06T21:13:26.9426835Z   CARGO_TERM_COLOR: always
2026-10-06T21:13:26.9427026Z ##[endgroup]
2026-10-06T21:13:27.1286291Z python3 scripts/check-simd-asm.py --doc --config x86_64-v4 --jobs 1 --report target/asm-reports/x86_64-v4.json
2026-10-06T21:13:29.2015128Z == x86_64-v4: 4 Cargo jobs
2026-10-06T21:13:29.2018194Z == x86_64-v4 graph 0: /home/runner/work/purrdf/purrdf/target/simd-asm/contexts/5651b23f3fee308586b8d2c433cc1a00a2510901d807755d363291dd544aff6b/cargo.graph-0.stderr.log
2026-10-06T21:17:29.2618680Z == x86_64-v4 graph 1: /home/runner/work/purrdf/purrdf/target/simd-asm/contexts/5651b23f3fee308586b8d2c433cc1a00a2510901d807755d363291dd544aff6b/cargo.graph-1.stderr.log
2026-10-06T21:17:59.9294332Z == x86_64-v4: {"analysis_seconds": 2.158469976000049, "build_seconds": 268.25824882300003, "fresh_artifacts": 105, "lock_seconds": 0.00013534800000059022, "parsed_units": 1, "reused_units": 135, "rustc_invocations": 31, "seconds": 270.728251471}
2026-10-06T21:18:00.1568512Z 
2026-10-06T21:18:00.1569025Z site                            x86_64-v4
2026-10-06T21:18:00.1570382Z lex.find-byte2-sparql-string    avx512 v12·f0·r0·req✓ / call site (in run) v6·f0·r0
2026-10-06T21:18:00.1571293Z lex.find-byte2-line-split       avx512 v12·f0·r0·req✓ / call site (parallel) v26·f0·r0 / call site (lines) v0·f0·r0
2026-10-06T21:18:00.1572165Z core.xsd-regex-scan             pair avx512 masks v79·f0·r0·req✓ / range avx512 masks v158·f0·r0·req✓
2026-10-06T21:18:00.1572728Z sha2.sha256-compress            sha-ni v122·f0·r0·req✓
2026-10-06T21:18:00.1573725Z blake3.hash-many-dispatch       avx512 tree v584·f0·r0·req✓ / avx512 chunks v605·f0·r0·req✓ / avx512 partial chunks v633·f0·r0·req✓ / avx512 four complete chunks v233·f0·r0·req✓ / avx512vl two parents v229·f0·r0·req✓
2026-10-06T21:18:00.1574703Z blake3.single-block             sse2 v216·f0·r0 / ssse3 v216·f0·r0 / avx2 v215·f0·r0 / avx512 v215·f0·r0 / scalar rotation v0·f0·r0·req✓
2026-10-06T21:18:00.1575602Z sparql.lexer-trivia             scan avx512 masks v18·f0·r0·req✓ / call site (in run) v6·f0·r0
2026-10-06T21:18:00.1576191Z sparql.lexer-iri                scan avx512 masks v8·f0·r0·req✓ / call site (in run) v6·f0·r0
2026-10-06T21:18:00.1577159Z sparql.lexer-cursor             peek v3·f0·r0 / cur (in run) v6·f0·r0
2026-10-06T21:18:00.1589809Z sparql.scope-admission          v0·f0·r0
2026-10-06T21:18:00.1594468Z rdf.escape-scan                 iri scan avx512 masks v10·f0·r0·req✓ / iri (in iri_escape::escape) v0·f0·r0 / literal scan avx512 masks v6·f0·r0·req✓ / literal v0·f0·r0
2026-10-06T21:18:00.1595048Z rdf.sort-canonical              v0·f0·r0
2026-10-06T21:18:00.1595458Z iri.delimiter-scan              scheme avx512 v18·f0·r0·req✓ / authority avx512 v17·f0·r0·req✓
2026-10-06T21:18:00.1595864Z lex.scan-trivia                 avx512 masks v18·f0·r0·req✓
2026-10-06T21:18:00.1596202Z lex.scan-iri-body               avx512 masks v8·f0·r0·req✓
2026-10-06T21:18:00.1596530Z lex.scan-json-string            avx512 masks v17·f0·r0·req✓
2026-10-06T21:18:00.1596862Z lex.json-escape-controls        avx512 masks v5·f0·r0·req✓
2026-10-06T21:18:00.1597226Z lex.json-escape-ascii           avx512 masks v18·f0·r0·req✓
2026-10-06T21:18:00.1597850Z lex.scan-xml                    avx512 masks v6·f0·r0·req✓
2026-10-06T21:18:00.1598177Z iri.validate-component          avx512 masks v20·f0·r0·req✓
2026-10-06T21:18:00.1598485Z lex.terminals-in-ranges         table v0·f0·r0
2026-10-06T21:18:00.1598920Z xsd.whitespace                  replace avx512 masks v15·f0·r0·req✓ / collapse avx512 masks v14·f0·r0·req✓
2026-10-06T21:18:00.1599315Z xsd.canonical-double            v0·f0·r0
2026-10-06T21:18:00.1599678Z json.parser-string              scan avx512 masks v17·f0·r0·req✓ / call site v0·f0·r0
2026-10-06T21:18:00.1600274Z json.parser-whitespace          occurrences v0·f0·r0 / tree v2·f0·r0
2026-10-06T21:18:00.1600644Z core.intern                     v10·f0·r0
2026-10-06T21:18:00.1601074Z hash.hex-decode                 canonical avx512 masks v38·f0·r0·req✓ / either-case avx512 masks v42·f0·r0·req✓
2026-10-06T21:18:00.1601499Z hash.hex-lower                  avx512 v50·f0·r0·req✓
2026-10-06T21:18:00.1601814Z core.pack-select-in-word        broadword v0·f0·r0·req✓
2026-10-06T21:18:00.1602156Z core.pack-rank1                 popcnt v0·f0·r0·req✓
2026-10-06T21:18:00.1602440Z core.pack-intvector-get         v0·f0·r0
2026-10-06T21:18:00.1602792Z core.dataset-scan-filter        avx512 masks v18·f0·r0·req✓ / cursor v34·f0·r0
2026-10-06T21:18:00.1603204Z core.pack-triples-intersect     intersect v0·f0·r0 / delta v0·f0·r0
2026-10-06T21:18:00.1603797Z core.canon-escape               iri scan avx512 masks v10·f0·r0·req✓ / iri v0·f0·r0 / literal scan avx512 masks v18·f0·r0·req✓ / literal v3·f0·r0
2026-10-06T21:18:00.1604357Z core.purremb-f32-decode         fold avx512 v10·f0·r0·req✓ / iterator v0·f0·r0
2026-10-06T21:18:00.1604691Z core.purremb-norm               v1·f0·r0
2026-10-06T21:18:00.1604940Z core.paged-map-quad             v0·f0·r0
2026-10-06T21:18:00.1605292Z core.loss-json-escape           scan avx512 masks v17·f0·r0·req✓ / call site v0·f0·r0
2026-10-06T21:18:00.1605639Z eval.regex-row-alloc            v0·f0·r0
2026-10-06T21:18:00.1605994Z eval.solution-compatible        compatible v0·f0·r0 / bind_row v0·f0·r0
2026-10-06T21:18:00.1606328Z eval.bgp-cost-planner           v40·f0·r0
2026-10-06T21:18:00.1606589Z eval.bgp-join-probe             v54·f0·r0
2026-10-06T21:18:00.1607065Z eval.aggregate-fold             step v0·f0·r0 / combine v0·f0·r0 / numeric_add v0·f0·r0 / add_i128 v0·f0·r0 / add_assign v0·f0·r0
2026-10-06T21:18:00.1607565Z datalog.relation-contains       avx512 masks v10·f0·r0·req✓
2026-10-06T21:18:00.1607939Z datalog.gallop-leapfrog         gallop v0·f0·r0 / leapfrog v0·f0·r0
2026-10-06T21:18:00.1608255Z datalog.chase                   v0·f0·r0
2026-10-06T21:18:00.1608819Z entail.escape                   iri scan avx512 masks v10·f0·r0·req✓ / iri v0·f0·r0 / literal scan avx512 masks v18·f0·r0·req✓ / literal (in write_leaf_surface) v0·f0·r0
2026-10-06T21:18:00.1609377Z entail.classify                 decide v0·f0·r0 / saturate v0·f0·r0
2026-10-06T21:18:00.1609721Z shapes.frontier-dedup           avx512 masks v50·f0·r0·req✓
2026-10-06T21:18:00.1610364Z shapes.path-eval                v0·f0·r0
2026-10-06T21:18:00.1610622Z shapes.finish-report            v0·f0·r0
2026-10-06T21:18:00.1610904Z shex.char-count                 std count v15·f0·r0·req✓
2026-10-06T21:18:00.1611179Z shex.matcher                    v0·f0·r0
2026-10-06T21:18:00.1611576Z results.xml-escape              scan avx512 masks v6·f0·r0·req✓ / push_into v0·f0·r0 / writer v0·f0·r0
2026-10-06T21:18:00.1612070Z core.csv-field                  scan avx512 masks v8·f0·r0·req✓ / scan avx2 masks v8·f0·r0·req✓
2026-10-06T21:18:00.1612518Z results.json-escape             scan avx512 masks v17·f0·r0·req✓ / call site v0·f0·r0
2026-10-06T21:18:00.1612985Z markdown.lines                  scan avx512 masks v1·f0·r0·req✓ / call site (in analyze) v0·f0·r0
2026-10-06T21:18:00.1613593Z distance.exact.dot              batch f64×f64 v133·f0·r0·req✓ / indexed f64×f32 v161·f0·r0·req✓ / indexed f32×f32 v189·f0·r0·req✓
2026-10-06T21:18:00.1614609Z distance.exact.sqeuclid         bounded f64×f64 v133·f0·r0·req✓ / bounded f32×f32 v89·f0·r0·req✓ / pair f64×f64 v133·f0·r0·req✓ / pair f32×f32 v89·f0·r0·req✓
2026-10-06T21:18:00.1616757Z distance.reassociated.dot       avx2+fma f64×f64 v13·f21·r0·req✓ / avx512f f64×f64 (v4 tuning) v13·f21·r0·req✓ / baseline f64×f64 v13·f21·r0·req✓ / avx2+fma f64×f32 v34·f21·r0·req✓ / avx512f f64×f32 (v4 tuning) v34·f21·r0·req✓ / baseline f64×f32 v34·f21·r0·req✓ / avx2+fma f32×f64 v34·f21·r0·req✓ / avx512f f32×f64 (v4 tuning) v34·f21·r0·req✓ / baseline f32×f64 v34·f21·r0·req✓ / avx2+fma f32×f32 v55·f21·r0·req✓ / avx512f f32×f32 (v4 tuning) v55·f21·r0·req✓ / baseline f32×f32 v55·f21·r0·req✓
2026-10-06T21:18:00.1619872Z distance.reassociated.sqeuclid  avx2+fma f64×f64 v34·f21·r0·req✓ / avx512f f64×f64 (v4 tuning) v34·f21·r0·req✓ / baseline f64×f64 v34·f21·r0·req✓ / avx2+fma f64×f32 v55·f21·r0·req✓ / avx512f f64×f32 (v4 tuning) v55·f21·r0·req✓ / baseline f64×f32 v55·f21·r0·req✓ / avx2+fma f32×f64 v55·f21·r0·req✓ / avx512f f32×f64 (v4 tuning) v55·f21·r0·req✓ / baseline f32×f64 v55·f21·r0·req✓ / avx2+fma f32×f32 v76·f21·r0·req✓ / avx512f f32×f32 (v4 tuning) v76·f21·r0·req✓ / baseline f32×f32 v76·f21·r0·req✓
2026-10-06T21:18:00.1621603Z knn.norm                        v0·f0·r0
2026-10-06T21:18:00.1622094Z hnsw.search-build               search v0·f0·r0 / build v46·f0·r0 / search reassociated v0·f0·r0 / build reassociated v46·f0·r0
2026-10-06T21:18:00.1622544Z hnsw.distance-cache             v0·f0·r0
2026-10-06T21:18:00.1622787Z text.bm25f                      v0·f0·r0
2026-10-06T21:18:00.1623017Z retrieval.rrf                   v0·f0·r0
2026-10-06T21:18:00.1623326Z retrieval.fusion-frontier       take v0·f0·r0 / insert v0·f0·r0
2026-10-06T21:18:00.1623671Z facade.multimodal-read          text lookup v0·f0·r0
2026-10-06T21:18:00.1624049Z columnar.plain-codec            encode v0·f0·r0·req✓ / decode v0·f0·r0·req✓
2026-10-06T21:18:00.1624376Z columnar.rle                    v0·f0·r0
2026-10-06T21:18:00.1624663Z geo.exact-limbs                 mag_add v0·f0·r0 / gcd v0·f0·r0
2026-10-06T21:18:00.1625028Z geo.relate                      relate v0·f0·r0 / intersect v0·f0·r0
2026-10-06T21:18:00.1625561Z geo.json-write-string           scan avx512 masks v17·f0·r0·req✓ / call site (values) v0·f0·r0 / call site (names) v0·f0·r0
2026-10-06T21:18:00.1626006Z gts.cbor-writer                 v0·f0·r0
2026-10-06T21:18:00.1626351Z gts.mmr-json-escape             scan avx512 masks v5·f0·r0·req✓ / call site v0·f0·r0
2026-10-06T21:18:00.1626808Z gts.replication-json-string     scan avx512 masks v5·f0·r0·req✓ / call site v0·f0·r0
2026-10-06T21:18:00.1627156Z wasm.term-marshal               v0·f0·r0
2026-10-06T21:18:00.1627465Z slice.ownership                 analyze v24·f0·r0 / iri refs v22·f0·r0
2026-10-06T21:18:00.1627877Z slice.prefix-json-string        scan avx512 masks v17·f0·r0·req✓ / call site v0·f0·r0
2026-10-06T21:18:00.1628329Z slice.dsl-stats-json-string     scan avx512 masks v18·f0·r0·req✓ / call site v0·f0·r0
2026-10-06T21:18:00.1628675Z cli.pack-input                  v2·f0·r0
2026-10-06T21:18:00.1629050Z rdf.viz-layout                  v37·f0·r0
2026-10-06T21:18:00.1629304Z rdf.projections                 v23·f0·r0
2026-10-06T21:18:00.1629727Z lex.percent-encode              reserved avx512 masks v9·f0·r0·req✓ / simple avx512 masks v10·f0·r0·req✓
2026-10-06T21:18:00.1630258Z rdf.csvw-uri-template           call site v0·f0·r0
2026-10-06T21:18:00.1630529Z core.sssom-tsv                  v8·f0·r0
2026-10-06T21:18:00.1630768Z shapes.pydantic-emit            v5·f0·r0
2026-10-06T21:18:00.1631008Z shapes.schema-compile           v0·f0·r0
2026-10-06T21:18:00.1631328Z deflate.match-copy              copy sse2 v0·f0·r0 / copy avx2 v0·f0·r0
2026-10-06T21:18:00.7249210Z 
2026-10-06T21:18:00.7249653Z FAIL: 1 problem(s):
2026-10-06T21:18:00.7250698Z   - row `core.paged-map-quad` `x86_64-v4` reads 'v10·f0·r0', measured 'v0·f0·r0' (run `python3 scripts/check-simd-asm.py --write-doc`)
2026-10-06T21:18:00.7478885Z deflate.match-length            compare sse2 (avx512 build) v1·f0·r0 / compare avx2 (avx512 build) v1·f0·r0 / steps v4·f0·r0·req✓
2026-10-06T21:18:00.7479894Z deflate.hash-windows            hash avx2 v4·f0·r0·req✓
2026-10-06T21:18:00.7480485Z hash.sha1-block                 sha-ni v99·f0·r0·req✓
2026-10-06T21:18:00.7480822Z hash.crc32-update               vpclmulqdq v33·f0·r0·req✓
2026-10-06T21:18:00.7481182Z hash.hex-encode                 ssse3 (inlined, unrolled) v21·f0·r0·req✓
2026-10-06T21:18:00.7481545Z hash.digest-portable            md5 v0·f0·r0 / sha3 v0·f0·r0
2026-10-06T21:18:00.7481865Z hash.fixed-compress             portable v0·f0·r0
2026-10-06T21:18:00.7482196Z hash.fixed-terminal             portable frozen lookup v2·f0·r0
2026-10-06T21:18:00.7482593Z jsonschema.compile-validate     from_document v0·f0·r0 / is_valid v0·f0·r0
2026-10-06T21:18:00.7482975Z text.unicode-ascii-lower        x86_64-v4 v32·f0·r0·req✓
2026-10-06T21:18:00.7483359Z xsd.rfc3339-lexical             parse v0·f0·r0 / format x86_64-v4 v8·f0·r0·req✓
2026-10-06T21:18:00.7483836Z shapes.instance-projection      graph v4·f0·r0 / subject v3·f0·r0 / list index v9·f0·r0
2026-10-06T21:18:00.7484230Z ed25519.sign                    v9·f0·r0
2026-10-06T21:18:00.7484474Z ed25519.verify                  v35·f0·r0
2026-10-06T21:18:00.7484832Z text.dictionary-storage         build v4·f0·r0 / load v4·f0·r0 / lookup v0·f0·r0
2026-10-06T21:18:00.7485256Z text.dictionary-lattice         lattice entry v0·f0·r0 / prepare v2·f0·r0
2026-10-06T21:18:00.7485669Z text.emoji-recognition          recognize v3·f0·r0 / finite lookup v0·f0·r0
2026-10-06T21:18:00.7486096Z text.phonetic-spelling          canonicalize v0·f0·r0 / encode canonical v0·f0·r0
2026-10-06T21:18:00.7486630Z text.phonetic-distance          prepare band v0·f0·r0 / band v6·f0·r0 / prepare Myers v0·f0·r0 / Myers v0·f0·r0
2026-10-06T21:18:00.7487064Z text.surface-build              assemble v0·f0·r0
2026-10-06T21:18:00.7487345Z text.surface-substring          retrieve v0·f0·r0
2026-10-06T21:18:00.7638053Z make: *** [Makefile:685: simd-asm] Error 1
2026-10-06T21:18:00.7651725Z ##[error]Process completed with exit code 2.
2026-10-06T21:18:00.7714243Z ##[group]Run actions/upload-artifact@043fb46d1a93c77aae656e7c1c64a875d1fc6a0a
2026-10-06T21:18:00.7714554Z with:
2026-10-06T21:18:00.7714729Z   name: asm-diagnostics-x86_64-v4
2026-10-06T21:18:00.7715475Z   path: target/asm-diagnostics/
target/asm-reports/x86_64-v4.json
target/simd-asm/contexts/**/purrdf_core*.s
target/simd-asm/contexts/**/cargo.graph-*.stdout.jsonl
target/simd-asm/contexts/**/cargo.graph-*.stderr.log
target/simd-asm/contexts/**/evidence/*.json

2026-10-06T21:18:00.7716198Z   if-no-files-found: error
2026-10-06T21:18:00.7716391Z   compression-level: 6
2026-10-06T21:18:00.7716564Z   overwrite: false
2026-10-06T21:18:00.7716742Z   include-hidden-files: false
2026-10-06T21:18:00.7716934Z   archive: true
2026-10-06T21:18:00.7717093Z env:
2026-10-06T21:18:00.7717252Z   CARGO_HOME: /home/runner/.cargo
2026-10-06T21:18:00.7717447Z   CARGO_INCREMENTAL: 0
2026-10-06T21:18:00.7717623Z   CARGO_TERM_COLOR: always
2026-10-06T21:18:00.7717798Z ##[endgroup]
2026-10-06T21:18:01.0505695Z Multiple search paths detected. Calculating the least common ancestor of all paths
2026-10-06T21:18:01.0507902Z The least common ancestor is /home/runner/work/purrdf/purrdf/target. This will be the root directory of the artifact
2026-10-06T21:18:01.0508687Z With the provided path, there will be 82 files uploaded
2026-10-06T21:18:01.0512463Z Artifact name is valid!
2026-10-06T21:18:01.0512964Z Root directory input is valid!
2026-10-06T21:18:01.3930975Z Uploading artifact: asm-diagnostics-x86_64-v4.zip
2026-10-06T21:18:01.3962877Z Beginning upload of artifact content to blob storage
2026-10-06T21:18:02.4069661Z Uploaded bytes 2934577
2026-10-06T21:18:02.4673105Z Finished uploading artifact content to blob storage!
2026-10-06T21:18:02.4673835Z SHA256 digest of uploaded artifact is 049ea49dbaf47248007f41059d767dc02a5a960d90dc25f0a08e3ab6b2edd48c
2026-10-06T21:18:02.4674456Z Finalizing artifact upload
2026-10-06T21:18:02.8536703Z Artifact asm-diagnostics-x86_64-v4 successfully finalized. Artifact ID 11444917866
2026-10-06T21:18:02.8537703Z Artifact asm-diagnostics-x86_64-v4 has been successfully uploaded! Final size is 2934577 bytes. Artifact ID is 11444917866
2026-10-06T21:18:02.8541301Z Artifact download URL: https://github.com/Blackcat-Informatics/purrdf/actions/runs/37532186299/artifacts/11444917866
2026-10-06T21:18:02.8716561Z Post job cleanup.
2026-10-06T21:18:02.9388593Z [command]/usr/bin/git version
2026-10-06T21:18:02.9420273Z git version 2.55.0
2026-10-06T21:18:02.9446105Z Temporarily overriding HOME='/home/runner/work/_temp/8386d146-33f3-4909-a1f8-d97f3cbb27c5' before making global git config changes
2026-10-06T21:18:02.9447071Z Adding repository directory to the temporary git global config as a safe directory
2026-10-06T21:18:02.9450793Z [command]/usr/bin/git config --global --add safe.directory /home/runner/work/purrdf/purrdf
2026-10-06T21:18:02.9475747Z Removing SSH command configuration
2026-10-06T21:18:02.9480823Z [command]/usr/bin/git config --local --name-only --get-regexp core\.sshCommand
2026-10-06T21:18:02.9508278Z [command]/usr/bin/git submodule foreach --recursive sh -c "git config --local --name-only --get-regexp 'core\.sshCommand' && git config --local --unset-all 'core.sshCommand' || :"
2026-10-06T21:18:02.9709296Z Removing HTTP extra header
2026-10-06T21:18:02.9713673Z [command]/usr/bin/git config --local --name-only --get-regexp http\.https\:\/\/github\.com\/\.extraheader
2026-10-06T21:18:02.9742445Z [command]/usr/bin/git submodule foreach --recursive sh -c "git config --local --name-only --get-regexp 'http\.https\:\/\/github\.com\/\.extraheader' && git config --local --unset-all 'http.https://github.com/.extraheader' || :"
2026-10-06T21:18:02.9938940Z Removing includeIf entries pointing to credentials config files
2026-10-06T21:18:02.9944707Z [command]/usr/bin/git config --local --name-only --get-regexp ^includeIf\.gitdir:
2026-10-06T21:18:02.9971656Z [command]/usr/bin/git submodule foreach --recursive git config --local --show-origin --name-only --get-regexp remote.origin.url
2026-10-06T21:18:03.0284956Z Cleaning up orphan processes
2026-10-06T21:18:03.0527401Z ##[warning]Node.js 20 is deprecated. The following actions target Node.js 20 but are being forced to run on Node.js 24: actions/cache@0057852bfaa89a56745cba8c7296529d2fc39830. For more information see: https://github.blog/changelog/2025-09-19-deprecation-of-node-20-on-github-actions-runners/
