2026-10-06T22:02:06.9264856Z Current runner version: '2.337.0'
2026-10-06T22:02:06.9289506Z ##[group]Runner Image Provisioner
2026-10-06T22:02:06.9290377Z Hosted Compute Agent
2026-10-06T22:02:06.9291080Z Version: 20260901.588
2026-10-06T22:02:06.9291981Z Commit: f88ec8081b781fac6c440065ac7ff9e710ce3d0b
2026-10-06T22:02:06.9292756Z Build Date: 2026-09-01T19:56:44Z
2026-10-06T22:02:06.9293529Z Worker ID: {d5d5e5f5-f45a-4a25-8914-9a464b5854c0}
2026-10-06T22:02:06.9294258Z Azure Region: westus2
2026-10-06T22:02:06.9294885Z ##[endgroup]
2026-10-06T22:02:06.9296417Z ##[group]Operating System
2026-10-06T22:02:06.9297103Z Ubuntu
2026-10-06T22:02:06.9297733Z 24.04.5
2026-10-06T22:02:06.9298268Z LTS
2026-10-06T22:02:06.9298836Z ##[endgroup]
2026-10-06T22:02:06.9299420Z ##[group]Runner Image
2026-10-06T22:02:06.9300060Z Image: ubuntu-24.04
2026-10-06T22:02:06.9300681Z Version: 20260927.320.1
2026-10-06T22:02:06.9302462Z Included Software: https://github.com/actions/runner-images/blob/ubuntu24/20260927.320/images/ubuntu/Ubuntu2404-Readme.md
2026-10-06T22:02:06.9304192Z Image Release: https://github.com/actions/runner-images/releases/tag/ubuntu24%2F20260927.320
2026-10-06T22:02:06.9305222Z ##[endgroup]
2026-10-06T22:02:06.9306404Z ##[group]GITHUB_TOKEN Permissions
2026-10-06T22:02:06.9308286Z Contents: read
2026-10-06T22:02:06.9309010Z Metadata: read
2026-10-06T22:02:06.9309594Z ##[endgroup]
2026-10-06T22:02:06.9312049Z Secret source: Actions
2026-10-06T22:02:06.9313034Z Cache mode: write
2026-10-06T22:02:06.9313721Z Prepare workflow directory
2026-10-06T22:02:06.9695017Z Prepare all required actions
2026-10-06T22:02:06.9753634Z Getting action download info
2026-10-06T22:02:07.3869927Z Download action repository 'actions/checkout@9c091bb21b7c1c1d1991bb908d89e4e9dddfe3e0' (SHA:9c091bb21b7c1c1d1991bb908d89e4e9dddfe3e0)
2026-10-06T22:02:07.5174076Z Download action repository 'dtolnay/rust-toolchain@29eef336d9b2848a0b548edc03f92a220660cdb8' (SHA:29eef336d9b2848a0b548edc03f92a220660cdb8)
2026-10-06T22:02:07.7026304Z Download action repository 'actions/cache@0057852bfaa89a56745cba8c7296529d2fc39830' (SHA:0057852bfaa89a56745cba8c7296529d2fc39830)
2026-10-06T22:02:07.8428636Z Download action repository 'actions/upload-artifact@043fb46d1a93c77aae656e7c1c64a875d1fc6a0a' (SHA:043fb46d1a93c77aae656e7c1c64a875d1fc6a0a)
2026-10-06T22:02:08.0590946Z Complete job name: simd-asm-config (x86_64-v3)
2026-10-06T22:02:08.1460708Z ##[group]Run actions/checkout@9c091bb21b7c1c1d1991bb908d89e4e9dddfe3e0
2026-10-06T22:02:08.1462287Z with:
2026-10-06T22:02:08.1462810Z   persist-credentials: false
2026-10-06T22:02:08.1463428Z   repository: Blackcat-Informatics/purrdf
2026-10-06T22:02:08.1467344Z   token: ***
2026-10-06T22:02:08.1467828Z   ssh-strict: true
2026-10-06T22:02:08.1468304Z   ssh-user: git
2026-10-06T22:02:08.1468785Z   clean: true
2026-10-06T22:02:08.1469273Z   sparse-checkout-cone-mode: true
2026-10-06T22:02:08.1469863Z   fetch-depth: 1
2026-10-06T22:02:08.1470352Z   fetch-tags: false
2026-10-06T22:02:08.1470844Z   show-progress: true
2026-10-06T22:02:08.1471604Z   lfs: false
2026-10-06T22:02:08.1472141Z   submodules: false
2026-10-06T22:02:08.1472636Z   set-safe-directory: true
2026-10-06T22:02:08.1473201Z   allow-unsafe-pr-checkout: false
2026-10-06T22:02:08.1474114Z ##[endgroup]
2026-10-06T22:02:08.2533782Z Syncing repository: Blackcat-Informatics/purrdf
2026-10-06T22:02:08.2535943Z ##[group]Getting Git version info
2026-10-06T22:02:08.2536770Z Working directory is '/home/runner/work/purrdf/purrdf'
2026-10-06T22:02:08.2537880Z [command]/usr/bin/git version
2026-10-06T22:02:08.2602586Z git version 2.55.0
2026-10-06T22:02:08.2623869Z ##[endgroup]
2026-10-06T22:02:08.2635036Z Temporarily overriding HOME='/home/runner/work/_temp/eab09f30-8e59-4f81-8e45-28718974d7b2' before making global git config changes
2026-10-06T22:02:08.2636824Z Adding repository directory to the temporary git global config as a safe directory
2026-10-06T22:02:08.2640468Z [command]/usr/bin/git config --global --add safe.directory /home/runner/work/purrdf/purrdf
2026-10-06T22:02:08.2688037Z Deleting the contents of '/home/runner/work/purrdf/purrdf'
2026-10-06T22:02:08.2691931Z ##[group]Determining repository object format
2026-10-06T22:02:08.2693572Z ##[endgroup]
2026-10-06T22:02:08.2694488Z ##[group]Initializing the repository
2026-10-06T22:02:08.2697782Z [command]/usr/bin/git init /home/runner/work/purrdf/purrdf
2026-10-06T22:02:08.2805935Z hint: Using 'master' as the name for the initial branch. This default branch name
2026-10-06T22:02:08.2807608Z hint: will change to "main" in Git 3.0. To configure the initial branch name
2026-10-06T22:02:08.2808685Z hint: to use in all of your new repositories, which will suppress this warning,
2026-10-06T22:02:08.2809524Z hint: call:
2026-10-06T22:02:08.2809973Z hint:
2026-10-06T22:02:08.2810553Z hint: 	git config --global init.defaultBranch <name>
2026-10-06T22:02:08.2811236Z hint:
2026-10-06T22:02:08.2812414Z hint: Names commonly chosen instead of 'master' are 'main', 'trunk' and
2026-10-06T22:02:08.2814090Z hint: 'development'. The just-created branch can be renamed via this command:
2026-10-06T22:02:08.2815421Z hint:
2026-10-06T22:02:08.2815998Z hint: 	git branch -m <name>
2026-10-06T22:02:08.2816543Z hint:
2026-10-06T22:02:08.2817248Z hint: Disable this message with "git config set advice.defaultBranchName false"
2026-10-06T22:02:08.2818693Z Initialized empty Git repository in /home/runner/work/purrdf/purrdf/.git/
2026-10-06T22:02:08.2823811Z [command]/usr/bin/git remote add origin https://github.com/Blackcat-Informatics/purrdf
2026-10-06T22:02:08.2874368Z ##[endgroup]
2026-10-06T22:02:08.2875436Z ##[group]Disabling automatic garbage collection
2026-10-06T22:02:08.2876657Z [command]/usr/bin/git config --local gc.auto 0
2026-10-06T22:02:08.2907967Z ##[endgroup]
2026-10-06T22:02:08.2909444Z ##[group]Setting up auth
2026-10-06T22:02:08.2910451Z Removing SSH command configuration
2026-10-06T22:02:08.2913971Z [command]/usr/bin/git config --local --name-only --get-regexp core\.sshCommand
2026-10-06T22:02:08.2945397Z [command]/usr/bin/git submodule foreach --recursive sh -c "git config --local --name-only --get-regexp 'core\.sshCommand' && git config --local --unset-all 'core.sshCommand' || :"
2026-10-06T22:02:08.3292482Z Removing HTTP extra header
2026-10-06T22:02:08.3298367Z [command]/usr/bin/git config --local --name-only --get-regexp http\.https\:\/\/github\.com\/\.extraheader
2026-10-06T22:02:08.3333380Z [command]/usr/bin/git submodule foreach --recursive sh -c "git config --local --name-only --get-regexp 'http\.https\:\/\/github\.com\/\.extraheader' && git config --local --unset-all 'http.https://github.com/.extraheader' || :"
2026-10-06T22:02:08.3554186Z Removing includeIf entries pointing to credentials config files
2026-10-06T22:02:08.3560214Z [command]/usr/bin/git config --local --name-only --get-regexp ^includeIf\.gitdir:
2026-10-06T22:02:08.3595225Z [command]/usr/bin/git submodule foreach --recursive git config --local --show-origin --name-only --get-regexp remote.origin.url
2026-10-06T22:02:08.3819845Z [command]/usr/bin/git config --file /home/runner/work/_temp/git-credentials-21a5e86a-da3e-4a53-b29e-79bd96857251.config http.https://github.com/.extraheader AUTHORIZATION: basic ***
2026-10-06T22:02:08.3856064Z [command]/usr/bin/git config --local includeIf.gitdir:/home/runner/work/purrdf/purrdf/.git.path /home/runner/work/_temp/git-credentials-21a5e86a-da3e-4a53-b29e-79bd96857251.config
2026-10-06T22:02:08.3885383Z [command]/usr/bin/git config --local includeIf.gitdir:/home/runner/work/purrdf/purrdf/.git/worktrees/*.path /home/runner/work/_temp/git-credentials-21a5e86a-da3e-4a53-b29e-79bd96857251.config
2026-10-06T22:02:08.3918644Z [command]/usr/bin/git config --local includeIf.gitdir:/github/workspace/.git.path /github/runner_temp/git-credentials-21a5e86a-da3e-4a53-b29e-79bd96857251.config
2026-10-06T22:02:08.3951314Z [command]/usr/bin/git config --local includeIf.gitdir:/github/workspace/.git/worktrees/*.path /github/runner_temp/git-credentials-21a5e86a-da3e-4a53-b29e-79bd96857251.config
2026-10-06T22:02:08.3979240Z ##[endgroup]
2026-10-06T22:02:08.3980877Z ##[group]Fetching the repository
2026-10-06T22:02:08.3988186Z [command]/usr/bin/git -c protocol.version=2 fetch --no-tags --prune --no-recurse-submodules --depth=1 origin +a582b06e0789d9fc29d71d7426846f56bda56382:refs/remotes/pull/466/merge
2026-10-06T22:02:10.7206541Z From https://github.com/Blackcat-Informatics/purrdf
2026-10-06T22:02:10.7207726Z  * [new ref]         a582b06e0789d9fc29d71d7426846f56bda56382 -> pull/466/merge
2026-10-06T22:02:10.7217559Z ##[endgroup]
2026-10-06T22:02:10.7218338Z ##[group]Determining the checkout info
2026-10-06T22:02:10.7218857Z ##[endgroup]
2026-10-06T22:02:10.7220695Z [command]/usr/bin/git sparse-checkout disable
2026-10-06T22:02:10.7270719Z [command]/usr/bin/git config --local --unset-all extensions.worktreeConfig
2026-10-06T22:02:10.7298944Z ##[group]Checking out the ref
2026-10-06T22:02:10.7303255Z [command]/usr/bin/git checkout --progress --force refs/remotes/pull/466/merge
2026-10-06T22:02:11.7681032Z Updating files:  63% (11378/17999)
2026-10-06T22:02:11.7752107Z Updating files:  64% (11520/17999)
2026-10-06T22:02:11.7819818Z Updating files:  65% (11700/17999)
2026-10-06T22:02:11.7897344Z Updating files:  66% (11880/17999)
2026-10-06T22:02:11.7969403Z Updating files:  67% (12060/17999)
2026-10-06T22:02:11.8035905Z Updating files:  68% (12240/17999)
2026-10-06T22:02:11.8097818Z Updating files:  69% (12420/17999)
2026-10-06T22:02:11.8157688Z Updating files:  70% (12600/17999)
2026-10-06T22:02:11.8225584Z Updating files:  71% (12780/17999)
2026-10-06T22:02:11.8289094Z Updating files:  72% (12960/17999)
2026-10-06T22:02:11.8357389Z Updating files:  73% (13140/17999)
2026-10-06T22:02:11.8422679Z Updating files:  74% (13320/17999)
2026-10-06T22:02:11.8484968Z Updating files:  75% (13500/17999)
2026-10-06T22:02:11.8549096Z Updating files:  76% (13680/17999)
2026-10-06T22:02:11.8615030Z Updating files:  77% (13860/17999)
2026-10-06T22:02:11.8690353Z Updating files:  78% (14040/17999)
2026-10-06T22:02:11.8754655Z Updating files:  79% (14220/17999)
2026-10-06T22:02:11.8818572Z Updating files:  80% (14400/17999)
2026-10-06T22:02:11.8881925Z Updating files:  81% (14580/17999)
2026-10-06T22:02:11.8944455Z Updating files:  82% (14760/17999)
2026-10-06T22:02:11.9035845Z Updating files:  83% (14940/17999)
2026-10-06T22:02:11.9099100Z Updating files:  84% (15120/17999)
2026-10-06T22:02:11.9164539Z Updating files:  85% (15300/17999)
2026-10-06T22:02:11.9230902Z Updating files:  86% (15480/17999)
2026-10-06T22:02:11.9295331Z Updating files:  87% (15660/17999)
2026-10-06T22:02:11.9359111Z Updating files:  88% (15840/17999)
2026-10-06T22:02:11.9431068Z Updating files:  89% (16020/17999)
2026-10-06T22:02:11.9500466Z Updating files:  90% (16200/17999)
2026-10-06T22:02:11.9566967Z Updating files:  91% (16380/17999)
2026-10-06T22:02:11.9635231Z Updating files:  92% (16560/17999)
2026-10-06T22:02:11.9702429Z Updating files:  93% (16740/17999)
2026-10-06T22:02:11.9771124Z Updating files:  94% (16920/17999)
2026-10-06T22:02:11.9842166Z Updating files:  95% (17100/17999)
2026-10-06T22:02:11.9913625Z Updating files:  96% (17280/17999)
2026-10-06T22:02:11.9986905Z Updating files:  97% (17460/17999)
2026-10-06T22:02:12.0062894Z Updating files:  98% (17640/17999)
2026-10-06T22:02:12.0133886Z Updating files:  99% (17820/17999)
2026-10-06T22:02:12.0134484Z Updating files: 100% (17999/17999)
2026-10-06T22:02:12.0134947Z Updating files: 100% (17999/17999), done.
2026-10-06T22:02:12.0312860Z Note: switching to 'refs/remotes/pull/466/merge'.
2026-10-06T22:02:12.0313176Z 
2026-10-06T22:02:12.0313405Z You are in 'detached HEAD' state. You can look around, make experimental
2026-10-06T22:02:12.0314309Z changes and commit them, and you can discard any commits you make in this
2026-10-06T22:02:12.0314957Z state without impacting any branches by switching back to a branch.
2026-10-06T22:02:12.0315256Z 
2026-10-06T22:02:12.0315453Z If you want to create a new branch to retain commits you create, you may
2026-10-06T22:02:12.0315922Z do so (now or later) by using -c with the switch command. Example:
2026-10-06T22:02:12.0316189Z 
2026-10-06T22:02:12.0316606Z   git switch -c <new-branch-name>
2026-10-06T22:02:12.0316788Z 
2026-10-06T22:02:12.0316907Z Or undo this operation with:
2026-10-06T22:02:12.0317072Z 
2026-10-06T22:02:12.0317171Z   git switch -
2026-10-06T22:02:12.0317299Z 
2026-10-06T22:02:12.0317541Z Turn off this advice by setting config variable advice.detachedHead to false
2026-10-06T22:02:12.0317859Z 
2026-10-06T22:02:12.0318211Z HEAD is now at a582b06 Merge d48be7c960adfeaba44d642630cde4a66d7e86e7 into b6f7c9b0f6b84ffe496719e39f2d2ba52d5ed3ac
2026-10-06T22:02:12.0361030Z ##[endgroup]
2026-10-06T22:02:12.0424678Z [command]/usr/bin/git log -1 --format=%H
2026-10-06T22:02:12.0452084Z a582b06e0789d9fc29d71d7426846f56bda56382
2026-10-06T22:02:12.0464355Z ##[group]Removing auth
2026-10-06T22:02:12.0464848Z Removing SSH command configuration
2026-10-06T22:02:12.0469230Z [command]/usr/bin/git config --local --name-only --get-regexp core\.sshCommand
2026-10-06T22:02:12.0502862Z [command]/usr/bin/git submodule foreach --recursive sh -c "git config --local --name-only --get-regexp 'core\.sshCommand' && git config --local --unset-all 'core.sshCommand' || :"
2026-10-06T22:02:12.0736825Z Removing HTTP extra header
2026-10-06T22:02:12.0740432Z [command]/usr/bin/git config --local --name-only --get-regexp http\.https\:\/\/github\.com\/\.extraheader
2026-10-06T22:02:12.0772123Z [command]/usr/bin/git submodule foreach --recursive sh -c "git config --local --name-only --get-regexp 'http\.https\:\/\/github\.com\/\.extraheader' && git config --local --unset-all 'http.https://github.com/.extraheader' || :"
2026-10-06T22:02:12.1000141Z Removing includeIf entries pointing to credentials config files
2026-10-06T22:02:12.1003665Z [command]/usr/bin/git config --local --name-only --get-regexp ^includeIf\.gitdir:
2026-10-06T22:02:12.1030370Z includeif.gitdir:/home/runner/work/purrdf/purrdf/.git.path
2026-10-06T22:02:12.1031247Z includeif.gitdir:/home/runner/work/purrdf/purrdf/.git/worktrees/*.path
2026-10-06T22:02:12.1032154Z includeif.gitdir:/github/workspace/.git.path
2026-10-06T22:02:12.1032697Z includeif.gitdir:/github/workspace/.git/worktrees/*.path
2026-10-06T22:02:12.1039480Z [command]/usr/bin/git config --local --get-all includeif.gitdir:/home/runner/work/purrdf/purrdf/.git.path
2026-10-06T22:02:12.1062090Z /home/runner/work/_temp/git-credentials-21a5e86a-da3e-4a53-b29e-79bd96857251.config
2026-10-06T22:02:12.1105488Z [command]/usr/bin/git config --local --unset includeif.gitdir:/home/runner/work/purrdf/purrdf/.git.path /home/runner/work/_temp/git-credentials-21a5e86a-da3e-4a53-b29e-79bd96857251.config
2026-10-06T22:02:12.1138606Z [command]/usr/bin/git config --local --get-all includeif.gitdir:/home/runner/work/purrdf/purrdf/.git/worktrees/*.path
2026-10-06T22:02:12.1159842Z /home/runner/work/_temp/git-credentials-21a5e86a-da3e-4a53-b29e-79bd96857251.config
2026-10-06T22:02:12.1168713Z [command]/usr/bin/git config --local --unset includeif.gitdir:/home/runner/work/purrdf/purrdf/.git/worktrees/*.path /home/runner/work/_temp/git-credentials-21a5e86a-da3e-4a53-b29e-79bd96857251.config
2026-10-06T22:02:12.1205515Z [command]/usr/bin/git config --local --get-all includeif.gitdir:/github/workspace/.git.path
2026-10-06T22:02:12.1229332Z /github/runner_temp/git-credentials-21a5e86a-da3e-4a53-b29e-79bd96857251.config
2026-10-06T22:02:12.1238214Z [command]/usr/bin/git config --local --unset includeif.gitdir:/github/workspace/.git.path /github/runner_temp/git-credentials-21a5e86a-da3e-4a53-b29e-79bd96857251.config
2026-10-06T22:02:12.1272360Z [command]/usr/bin/git config --local --get-all includeif.gitdir:/github/workspace/.git/worktrees/*.path
2026-10-06T22:02:12.1294310Z /github/runner_temp/git-credentials-21a5e86a-da3e-4a53-b29e-79bd96857251.config
2026-10-06T22:02:12.1302088Z [command]/usr/bin/git config --local --unset includeif.gitdir:/github/workspace/.git/worktrees/*.path /github/runner_temp/git-credentials-21a5e86a-da3e-4a53-b29e-79bd96857251.config
2026-10-06T22:02:12.1333275Z [command]/usr/bin/git submodule foreach --recursive git config --local --show-origin --name-only --get-regexp remote.origin.url
2026-10-06T22:02:12.1562100Z Removing credentials config '/home/runner/work/_temp/git-credentials-21a5e86a-da3e-4a53-b29e-79bd96857251.config'
2026-10-06T22:02:12.1571086Z ##[endgroup]
2026-10-06T22:02:12.1909036Z ##[group]Run dtolnay/rust-toolchain@29eef336d9b2848a0b548edc03f92a220660cdb8
2026-10-06T22:02:12.1909470Z with:
2026-10-06T22:02:12.1909677Z   toolchain: nightly
2026-10-06T22:02:12.1909985Z   targets: wasm32-unknown-unknown, aarch64-unknown-linux-gnu
2026-10-06T22:02:12.1910335Z ##[endgroup]
2026-10-06T22:02:12.2007473Z ##[start-action display=Run : parse toolchain version;id=__dtolnay_rust-toolchain.parse]
2026-10-06T22:02:12.2057069Z ##[group]Run : parse toolchain version
2026-10-06T22:02:12.2057446Z [36;1m: parse toolchain version[0m
2026-10-06T22:02:12.2057737Z [36;1mif [[ -z $toolchain ]]; then[0m
2026-10-06T22:02:12.2058275Z [36;1m  # GitHub does not enforce `required: true` inputs itself. https://github.com/actions/runner/issues/1070[0m
2026-10-06T22:02:12.2058888Z [36;1m  echo "'toolchain' is a required input" >&2[0m
2026-10-06T22:02:12.2059191Z [36;1m  exit 1[0m
2026-10-06T22:02:12.2059570Z [36;1melif [[ $toolchain =~ ^stable' '[0-9]+' '(year|month|week|day)s?' 'ago$ ]]; then[0m
2026-10-06T22:02:12.2059996Z [36;1m  if [[ Linux == macOS ]]; then[0m
2026-10-06T22:02:12.2060528Z [36;1m    echo "toolchain=1.$((($(date -v-$(sed 's/stable \([0-9]*\) \(.\).*/\1\2/' <<< $toolchain) +%s)/60/60/24-16569)/7/6))" >> $GITHUB_OUTPUT[0m
2026-10-06T22:02:12.2061042Z [36;1m  else[0m
2026-10-06T22:02:12.2061766Z [36;1m    echo "toolchain=1.$((($(date --date "${toolchain#stable }" +%s)/60/60/24-16569)/7/6))" >> $GITHUB_OUTPUT[0m
2026-10-06T22:02:12.2062264Z [36;1m  fi[0m
2026-10-06T22:02:12.2062572Z [36;1melif [[ $toolchain =~ ^stable' 'minus' '[0-9]+' 'releases?$ ]]; then[0m
2026-10-06T22:02:12.2063131Z [36;1m  echo "toolchain=1.$((($(date +%s)/60/60/24-16569)/7/6-${toolchain//[^0-9]/}))" >> $GITHUB_OUTPUT[0m
2026-10-06T22:02:12.2063614Z [36;1melif [[ $toolchain =~ ^1\.[0-9]+$ ]]; then[0m
2026-10-06T22:02:12.2064153Z [36;1m  echo "toolchain=1.$((i=${toolchain#1.}, c=($(date +%s)/60/60/24-16569)/7/6, i+9*i*(10*i<=c)+90*i*(100*i<=c)))" >> $GITHUB_OUTPUT[0m
2026-10-06T22:02:12.2064671Z [36;1melse[0m
2026-10-06T22:02:12.2064948Z [36;1m  echo "toolchain=$toolchain" >> $GITHUB_OUTPUT[0m
2026-10-06T22:02:12.2065289Z [36;1mfi[0m
2026-10-06T22:02:12.2334644Z shell: /usr/bin/bash --noprofile --norc -e -o pipefail {0}
2026-10-06T22:02:12.2335040Z env:
2026-10-06T22:02:12.2335268Z   toolchain: nightly
2026-10-06T22:02:12.2335527Z ##[endgroup]
2026-10-06T22:02:12.2476552Z ##[end-action id=__dtolnay_rust-toolchain.parse;outcome=success;conclusion=success;duration_ms=46]
2026-10-06T22:02:12.2500403Z ##[start-action display=Run : construct rustup command line;id=__dtolnay_rust-toolchain.flags]
2026-10-06T22:02:12.2531659Z ##[group]Run : construct rustup command line
2026-10-06T22:02:12.2532039Z [36;1m: construct rustup command line[0m
2026-10-06T22:02:12.2532537Z [36;1mecho "targets=$(for t in ${targets//,/ }; do echo -n ' --target' $t; done)" >> $GITHUB_OUTPUT[0m
2026-10-06T22:02:12.2533206Z [36;1mecho "components=$(for c in ${components//,/ }; do echo -n ' --component' $c; done)" >> $GITHUB_OUTPUT[0m
2026-10-06T22:02:12.2533748Z [36;1mecho "downgrade=" >> $GITHUB_OUTPUT[0m
2026-10-06T22:02:12.2596104Z shell: /usr/bin/bash --noprofile --norc -e -o pipefail {0}
2026-10-06T22:02:12.2596453Z env:
2026-10-06T22:02:12.2596748Z   targets: wasm32-unknown-unknown, aarch64-unknown-linux-gnu
2026-10-06T22:02:12.2597106Z   components: 
2026-10-06T22:02:12.2597319Z ##[endgroup]
2026-10-06T22:02:12.2699868Z ##[end-action id=__dtolnay_rust-toolchain.flags;outcome=success;conclusion=success;duration_ms=19]
2026-10-06T22:02:12.2704370Z ##[start-action display=Run : set $CARGO_HOME;id=__dtolnay_rust-toolchain.__run]
2026-10-06T22:02:12.2734753Z ##[group]Run : set $CARGO_HOME
2026-10-06T22:02:12.2735034Z [36;1m: set $CARGO_HOME[0m
2026-10-06T22:02:12.2735367Z [36;1mecho CARGO_HOME=${CARGO_HOME:-"$HOME/.cargo"} >> $GITHUB_ENV[0m
2026-10-06T22:02:12.2800753Z shell: /usr/bin/bash --noprofile --norc -e -o pipefail {0}
2026-10-06T22:02:12.2801109Z ##[endgroup]
2026-10-06T22:02:12.2899229Z ##[end-action id=__dtolnay_rust-toolchain.__run;outcome=success;conclusion=success;duration_ms=19]
2026-10-06T22:02:12.2902176Z ##[start-action display=Run : install rustup if needed;id=__dtolnay_rust-toolchain.__run_2]
2026-10-06T22:02:12.3023519Z ##[group]Run : install rustup if needed
2026-10-06T22:02:12.3023870Z [36;1m: install rustup if needed[0m
2026-10-06T22:02:12.3024213Z [36;1mif ! command -v rustup &>/dev/null; then[0m
2026-10-06T22:02:12.3024981Z [36;1m  curl --proto '=https' --tlsv1.2 --retry 10 --retry-connrefused --location --silent --show-error --fail https://sh.rustup.rs | sh -s -- --default-toolchain none -y[0m
2026-10-06T22:02:12.3025747Z [36;1m  echo "$CARGO_HOME/bin" >> $GITHUB_PATH[0m
2026-10-06T22:02:12.3026055Z [36;1mfi[0m
2026-10-06T22:02:12.3093784Z shell: /usr/bin/bash --noprofile --norc -e -o pipefail {0}
2026-10-06T22:02:12.3094156Z env:
2026-10-06T22:02:12.3094376Z   CARGO_HOME: /home/runner/.cargo
2026-10-06T22:02:12.3094645Z ##[endgroup]
2026-10-06T22:02:12.3186964Z ##[end-action id=__dtolnay_rust-toolchain.__run_2;outcome=success;conclusion=success;duration_ms=28]
2026-10-06T22:02:12.3192078Z ##[start-action display=Run : install rustup if needed on windows;id=__dtolnay_rust-toolchain.__run_3]
2026-10-06T22:02:12.3199939Z ##[end-action id=__dtolnay_rust-toolchain.__run_3;outcome=skipped;conclusion=skipped;duration_ms=0]
2026-10-06T22:02:12.3204035Z ##[start-action display=rustup toolchain install nightly;id=__dtolnay_rust-toolchain.__run_4]
2026-10-06T22:02:12.3234928Z ##[group]Run rustup toolchain install nightly --target wasm32-unknown-unknown --target aarch64-unknown-linux-gnu --profile minimal --no-self-update
2026-10-06T22:02:12.3236003Z [36;1mrustup toolchain install nightly --target wasm32-unknown-unknown --target aarch64-unknown-linux-gnu --profile minimal --no-self-update[0m
2026-10-06T22:02:12.3302809Z shell: /usr/bin/bash --noprofile --norc -e -o pipefail {0}
2026-10-06T22:02:12.3303158Z env:
2026-10-06T22:02:12.3303366Z   CARGO_HOME: /home/runner/.cargo
2026-10-06T22:02:12.3303651Z   RUSTUP_PERMIT_COPY_RENAME: 1
2026-10-06T22:02:12.3303900Z ##[endgroup]
2026-10-06T22:02:12.3822430Z info: syncing channel updates for nightly-x86_64-unknown-linux-gnu
2026-10-06T22:02:12.5350969Z info: latest update on 2026-10-06 for version 1.101.0-nightly (ea137335b 2026-10-05)
2026-10-06T22:02:12.5351946Z info: downloading 5 components
2026-10-06T22:02:23.8010288Z 
2026-10-06T22:02:23.8076479Z   nightly-x86_64-unknown-linux-gnu installed - rustc 1.101.0-nightly (ea137335b 2026-10-05)
2026-10-06T22:02:23.8077120Z 
2026-10-06T22:02:23.8139703Z ##[end-action id=__dtolnay_rust-toolchain.__run_4;outcome=success;conclusion=success;duration_ms=11493]
2026-10-06T22:02:23.8145857Z ##[start-action display=Run rustup default nightly;id=__dtolnay_rust-toolchain.__run_5]
2026-10-06T22:02:23.8167982Z ##[group]Run rustup default nightly
2026-10-06T22:02:23.8168283Z [36;1mrustup default nightly[0m
2026-10-06T22:02:23.8228488Z shell: /usr/bin/bash --noprofile --norc -e -o pipefail {0}
2026-10-06T22:02:23.8228859Z env:
2026-10-06T22:02:23.8229069Z   CARGO_HOME: /home/runner/.cargo
2026-10-06T22:02:23.8229337Z ##[endgroup]
2026-10-06T22:02:23.8347590Z info: using existing install for nightly-x86_64-unknown-linux-gnu
2026-10-06T22:02:23.8352848Z info: default toolchain set to nightly-x86_64-unknown-linux-gnu
2026-10-06T22:02:23.8353152Z 
2026-10-06T22:02:23.8415117Z   nightly-x86_64-unknown-linux-gnu unchanged - rustc 1.101.0-nightly (ea137335b 2026-10-05)
2026-10-06T22:02:23.8415648Z 
2026-10-06T22:02:23.8416172Z info: note that the toolchain 'nightly-x86_64-unknown-linux-gnu' is currently in use (overridden by '/home/runner/work/purrdf/purrdf/rust-toolchain.toml')
2026-10-06T22:02:23.8432800Z ##[end-action id=__dtolnay_rust-toolchain.__run_5;outcome=success;conclusion=success;duration_ms=28]
2026-10-06T22:02:23.8437576Z ##[start-action display=Run : create cachekey;id=__dtolnay_rust-toolchain.rustc-version]
2026-10-06T22:02:23.8458554Z ##[group]Run : create cachekey
2026-10-06T22:02:23.8459047Z [36;1m: create cachekey[0m
2026-10-06T22:02:23.8459576Z [36;1mDATE=$(rustc +nightly --version --verbose | sed -ne 's/^commit-date: \(20[0-9][0-9]\)-\([01][0-9]\)-\([0-3][0-9]\)$/\1\2\3/p')[0m
2026-10-06T22:02:23.8460258Z [36;1mHASH=$(rustc +nightly --version --verbose | sed -ne 's/^commit-hash: //p')[0m
2026-10-06T22:02:23.8460798Z [36;1mecho "cachekey=$(echo $DATE$HASH | head -c12)" >> $GITHUB_OUTPUT[0m
2026-10-06T22:02:23.8520356Z shell: /usr/bin/bash --noprofile --norc -e -o pipefail {0}
2026-10-06T22:02:23.8520707Z env:
2026-10-06T22:02:23.8520918Z   CARGO_HOME: /home/runner/.cargo
2026-10-06T22:02:23.8521179Z ##[endgroup]
2026-10-06T22:02:23.8841061Z ##[end-action id=__dtolnay_rust-toolchain.rustc-version;outcome=success;conclusion=success;duration_ms=40]
2026-10-06T22:02:23.8844219Z ##[start-action display=Run : disable incremental compilation;id=__dtolnay_rust-toolchain.__run_6]
2026-10-06T22:02:23.8864667Z ##[group]Run : disable incremental compilation
2026-10-06T22:02:23.8865053Z [36;1m: disable incremental compilation[0m
2026-10-06T22:02:23.8865382Z [36;1mif [ -z "${CARGO_INCREMENTAL+set}" ]; then[0m
2026-10-06T22:02:23.8865726Z [36;1m  echo CARGO_INCREMENTAL=0 >> $GITHUB_ENV[0m
2026-10-06T22:02:23.8866017Z [36;1mfi[0m
2026-10-06T22:02:23.8926565Z shell: /usr/bin/bash --noprofile --norc -e -o pipefail {0}
2026-10-06T22:02:23.8926959Z env:
2026-10-06T22:02:23.8927176Z   CARGO_HOME: /home/runner/.cargo
2026-10-06T22:02:23.8927443Z ##[endgroup]
2026-10-06T22:02:23.9008356Z ##[end-action id=__dtolnay_rust-toolchain.__run_6;outcome=success;conclusion=success;duration_ms=16]
2026-10-06T22:02:23.9010549Z ##[start-action display=Run : enable colors in Cargo output;id=__dtolnay_rust-toolchain.__run_7]
2026-10-06T22:02:23.9030461Z ##[group]Run : enable colors in Cargo output
2026-10-06T22:02:23.9030809Z [36;1m: enable colors in Cargo output[0m
2026-10-06T22:02:23.9031136Z [36;1mif [ -z "${CARGO_TERM_COLOR+set}" ]; then[0m
2026-10-06T22:02:23.9031830Z [36;1m  echo CARGO_TERM_COLOR=always >> $GITHUB_ENV[0m
2026-10-06T22:02:23.9032137Z [36;1mfi[0m
2026-10-06T22:02:23.9085679Z shell: /usr/bin/bash --noprofile --norc -e -o pipefail {0}
2026-10-06T22:02:23.9086025Z env:
2026-10-06T22:02:23.9086231Z   CARGO_HOME: /home/runner/.cargo
2026-10-06T22:02:23.9086498Z   CARGO_INCREMENTAL: 0
2026-10-06T22:02:23.9086715Z ##[endgroup]
2026-10-06T22:02:23.9166623Z ##[end-action id=__dtolnay_rust-toolchain.__run_7;outcome=success;conclusion=success;duration_ms=15]
2026-10-06T22:02:23.9171233Z ##[start-action display=Run : enable Cargo sparse registry;id=__dtolnay_rust-toolchain.__run_8]
2026-10-06T22:02:23.9192267Z ##[group]Run : enable Cargo sparse registry
2026-10-06T22:02:23.9192610Z [36;1m: enable Cargo sparse registry[0m
2026-10-06T22:02:23.9192981Z [36;1m# implemented in 1.66, stabilized in 1.68, made default in 1.70[0m
2026-10-06T22:02:23.9193720Z [36;1mif [ -z "${CARGO_REGISTRIES_CRATES_IO_PROTOCOL+set}" -o -f "/home/runner/work/_temp"/.implicit_cargo_registries_crates_io_protocol ]; then[0m
2026-10-06T22:02:23.9194473Z [36;1m  if rustc +nightly --version --verbose | grep -q '^release: 1\.6[89]\.'; then[0m
2026-10-06T22:02:23.9195093Z [36;1m    touch "/home/runner/work/_temp"/.implicit_cargo_registries_crates_io_protocol || true[0m
2026-10-06T22:02:23.9195646Z [36;1m    echo CARGO_REGISTRIES_CRATES_IO_PROTOCOL=sparse >> $GITHUB_ENV[0m
2026-10-06T22:02:23.9196163Z [36;1m  elif rustc +nightly --version --verbose | grep -q '^release: 1\.6[67]\.'; then[0m
2026-10-06T22:02:23.9196742Z [36;1m    touch "/home/runner/work/_temp"/.implicit_cargo_registries_crates_io_protocol || true[0m
2026-10-06T22:02:23.9197267Z [36;1m    echo CARGO_REGISTRIES_CRATES_IO_PROTOCOL=git >> $GITHUB_ENV[0m
2026-10-06T22:02:23.9197629Z [36;1m  fi[0m
2026-10-06T22:02:23.9197828Z [36;1mfi[0m
2026-10-06T22:02:23.9251248Z shell: /usr/bin/bash --noprofile --norc -e -o pipefail {0}
2026-10-06T22:02:23.9251790Z env:
2026-10-06T22:02:23.9251998Z   CARGO_HOME: /home/runner/.cargo
2026-10-06T22:02:23.9252436Z   CARGO_INCREMENTAL: 0
2026-10-06T22:02:23.9252673Z   CARGO_TERM_COLOR: always
2026-10-06T22:02:23.9252902Z ##[endgroup]
2026-10-06T22:02:23.9549690Z ##[end-action id=__dtolnay_rust-toolchain.__run_8;outcome=success;conclusion=success;duration_ms=37]
2026-10-06T22:02:23.9554911Z ##[start-action display=Run : work around spurious network errors in curl 8.0;id=__dtolnay_rust-toolchain.__run_9]
2026-10-06T22:02:23.9576530Z ##[group]Run : work around spurious network errors in curl 8.0
2026-10-06T22:02:23.9577067Z [36;1m: work around spurious network errors in curl 8.0[0m
2026-10-06T22:02:23.9577800Z [36;1m# https://rust-lang.zulipchat.com/#narrow/stream/246057-t-cargo/topic/timeout.20investigation[0m
2026-10-06T22:02:23.9578635Z [36;1mif rustc +nightly --version --verbose | grep -q '^release: 1\.7[01]\.'; then[0m
2026-10-06T22:02:23.9579250Z [36;1m  echo CARGO_HTTP_MULTIPLEXING=false >> $GITHUB_ENV[0m
2026-10-06T22:02:23.9579689Z [36;1mfi[0m
2026-10-06T22:02:23.9640077Z shell: /usr/bin/bash --noprofile --norc -e -o pipefail {0}
2026-10-06T22:02:23.9640532Z env:
2026-10-06T22:02:23.9640876Z   CARGO_HOME: /home/runner/.cargo
2026-10-06T22:02:23.9641254Z   CARGO_INCREMENTAL: 0
2026-10-06T22:02:23.9641815Z   CARGO_TERM_COLOR: always
2026-10-06T22:02:23.9642200Z ##[endgroup]
2026-10-06T22:02:23.9850193Z ##[end-action id=__dtolnay_rust-toolchain.__run_9;outcome=success;conclusion=success;duration_ms=29]
2026-10-06T22:02:23.9854795Z ##[start-action display=Run rustc +nightly --version --verbose;id=__dtolnay_rust-toolchain.__run_10]
2026-10-06T22:02:23.9875911Z ##[group]Run rustc +nightly --version --verbose
2026-10-06T22:02:23.9876274Z [36;1mrustc +nightly --version --verbose[0m
2026-10-06T22:02:23.9935694Z shell: /usr/bin/bash --noprofile --norc -e -o pipefail {0}
2026-10-06T22:02:23.9936047Z env:
2026-10-06T22:02:23.9936273Z   CARGO_HOME: /home/runner/.cargo
2026-10-06T22:02:23.9936543Z   CARGO_INCREMENTAL: 0
2026-10-06T22:02:23.9936779Z   CARGO_TERM_COLOR: always
2026-10-06T22:02:23.9937010Z ##[endgroup]
2026-10-06T22:02:24.0111846Z rustc 1.101.0-nightly (ea137335b 2026-10-05)
2026-10-06T22:02:24.0112436Z binary: rustc
2026-10-06T22:02:24.0112900Z commit-hash: ea137335b78829b4514bf1b4c16302f74fab8581
2026-10-06T22:02:24.0113368Z commit-date: 2026-10-05
2026-10-06T22:02:24.0113618Z host: x86_64-unknown-linux-gnu
2026-10-06T22:02:24.0113884Z release: 1.101.0-nightly
2026-10-06T22:02:24.0114129Z LLVM version: 23.1.3
2026-10-06T22:02:24.0128035Z ##[end-action id=__dtolnay_rust-toolchain.__run_10;outcome=success;conclusion=success;duration_ms=27]
2026-10-06T22:02:24.0188296Z ##[group]Run echo "identity=$(rustc -vV | sha256sum | cut -d ' ' -f 1)" >> "$GITHUB_OUTPUT"
2026-10-06T22:02:24.0188945Z [36;1mecho "identity=$(rustc -vV | sha256sum | cut -d ' ' -f 1)" >> "$GITHUB_OUTPUT"[0m
2026-10-06T22:02:24.0247647Z shell: /usr/bin/bash -e {0}
2026-10-06T22:02:24.0247929Z env:
2026-10-06T22:02:24.0248137Z   CARGO_HOME: /home/runner/.cargo
2026-10-06T22:02:24.0248404Z   CARGO_INCREMENTAL: 0
2026-10-06T22:02:24.0248633Z   CARGO_TERM_COLOR: always
2026-10-06T22:02:24.0248861Z ##[endgroup]
2026-10-06T22:02:24.0855449Z info: syncing channel updates for nightly-x86_64-unknown-linux-gnu
2026-10-06T22:02:24.2037418Z info: latest update on 2026-10-06 for version 1.101.0-nightly (ea137335b 2026-10-05)
2026-10-06T22:02:24.2164422Z info: component rust-std for target aarch64-unknown-linux-gnu is up to date
2026-10-06T22:02:24.2165355Z info: component rust-std for target wasm32-unknown-unknown is up to date
2026-10-06T22:02:24.2169214Z info: downloading 2 components
2026-10-06T22:02:25.0325297Z ##[group]Run actions/cache@0057852bfaa89a56745cba8c7296529d2fc39830
2026-10-06T22:02:25.0325713Z with:
2026-10-06T22:02:25.0325939Z   path: target/simd-asm
2026-10-06T22:02:25.0326872Z   key: simd-asm-v1-Linux-x86_64-v3-ec3667c8adc6a73da9a5c33c88b8767792f4f2d3f42acfab44337ebd1806be0f-fa00854421c244ad4e5e608df22635bbc10fdd3625cd981f707bb7ad9b629b3d-a582b06e0789d9fc29d71d7426846f56bda56382
2026-10-06T22:02:25.0328588Z   restore-keys: simd-asm-v1-Linux-x86_64-v3-ec3667c8adc6a73da9a5c33c88b8767792f4f2d3f42acfab44337ebd1806be0f-fa00854421c244ad4e5e608df22635bbc10fdd3625cd981f707bb7ad9b629b3d-

2026-10-06T22:02:25.0329421Z   enableCrossOsArchive: false
2026-10-06T22:02:25.0329686Z   fail-on-cache-miss: false
2026-10-06T22:02:25.0329943Z   lookup-only: false
2026-10-06T22:02:25.0330163Z   save-always: false
2026-10-06T22:02:25.0330375Z env:
2026-10-06T22:02:25.0330577Z   CARGO_HOME: /home/runner/.cargo
2026-10-06T22:02:25.0330837Z   CARGO_INCREMENTAL: 0
2026-10-06T22:02:25.0331133Z   CARGO_TERM_COLOR: always
2026-10-06T22:02:25.0331833Z ##[endgroup]
2026-10-06T22:02:25.1372370Z (node:2559) [DEP0040] DeprecationWarning: The `punycode` module is deprecated. Please use a userland alternative instead.
2026-10-06T22:02:25.1373122Z (Use `node --trace-deprecation ...` to show where the warning was created)
2026-10-06T22:02:25.3842534Z Cache hit for restore-key: simd-asm-v1-Linux-x86_64-v3-ec3667c8adc6a73da9a5c33c88b8767792f4f2d3f42acfab44337ebd1806be0f-fa00854421c244ad4e5e608df22635bbc10fdd3625cd981f707bb7ad9b629b3d-b6f7c9b0f6b84ffe496719e39f2d2ba52d5ed3ac
2026-10-06T22:02:25.3952002Z (node:2559) [DEP0169] DeprecationWarning: `url.parse()` behavior is not standardized and prone to errors that have security implications. Use the WHATWG URL API instead. CVEs are not issued for `url.parse()` vulnerabilities.
2026-10-06T22:02:26.6806454Z Received 0 of 103485638 (0.0%), 0.0 MBs/sec
2026-10-06T22:02:27.4945149Z Received 103485638 of 103485638 (100.0%), 54.4 MBs/sec
2026-10-06T22:02:27.4947610Z Cache Size: ~99 MB (103485638 B)
2026-10-06T22:02:27.4992953Z [command]/usr/bin/tar -xf /home/runner/work/_temp/5075170f-09e8-4799-96cd-4b16a49bc0aa/cache.tzst -P -C /home/runner/work/purrdf/purrdf --use-compress-program unzstd
2026-10-06T22:02:28.2795381Z Cache restored successfully
2026-10-06T22:02:28.2923714Z Cache restored from key: simd-asm-v1-Linux-x86_64-v3-ec3667c8adc6a73da9a5c33c88b8767792f4f2d3f42acfab44337ebd1806be0f-fa00854421c244ad4e5e608df22635bbc10fdd3625cd981f707bb7ad9b629b3d-b6f7c9b0f6b84ffe496719e39f2d2ba52d5ed3ac
2026-10-06T22:02:28.3061329Z ##[group]Run mkdir -p target/asm-diagnostics
2026-10-06T22:02:28.3062098Z [36;1mmkdir -p target/asm-diagnostics[0m
2026-10-06T22:02:28.3062469Z [36;1mrustc -vV > target/asm-diagnostics/compiler.txt[0m
2026-10-06T22:02:28.3062933Z [36;1mgit rev-parse HEAD 'HEAD^{tree}' > target/asm-diagnostics/checkout.txt[0m
2026-10-06T22:02:28.3063494Z [36;1mgit status --porcelain=v1 > target/asm-diagnostics/source-status.txt[0m
2026-10-06T22:02:28.3063977Z [36;1mtest ! -s target/asm-diagnostics/source-status.txt[0m
2026-10-06T22:02:28.3064430Z [36;1msha256sum Makefile Cargo.toml Cargo.lock rust-toolchain.toml \[0m
2026-10-06T22:02:28.3064927Z [36;1m  scripts/check-simd-asm.py scripts/simd_asm_runtime.py \[0m
2026-10-06T22:02:28.3065408Z [36;1m  scripts/simd-asm-manifest.toml docs/design/purrdf-simd.md \[0m
2026-10-06T22:02:28.3065844Z [36;1m  > target/asm-diagnostics/inputs.sha256[0m
2026-10-06T22:02:28.3125244Z shell: /usr/bin/bash -e {0}
2026-10-06T22:02:28.3125514Z env:
2026-10-06T22:02:28.3125780Z   CARGO_HOME: /home/runner/.cargo
2026-10-06T22:02:28.3126056Z   CARGO_INCREMENTAL: 0
2026-10-06T22:02:28.3126297Z   CARGO_TERM_COLOR: always
2026-10-06T22:02:28.3126537Z ##[endgroup]
2026-10-06T22:02:28.4261659Z ##[group]Run # Bound scalar WASM compilation through the existing Cargo job budget.
2026-10-06T22:02:28.4262317Z [36;1m# Bound scalar WASM compilation through the existing Cargo job budget.[0m
2026-10-06T22:02:28.4262821Z [36;1m# Other configurations keep their current scheduling.[0m
2026-10-06T22:02:28.4263199Z [36;1mif [ "x86_64-v3" = wasm32 ]; then[0m
2026-10-06T22:02:28.4263504Z [36;1m  export CARGO_BUILD_JOBS=2[0m
2026-10-06T22:02:28.4263785Z [36;1mfi[0m
2026-10-06T22:02:28.4264226Z [36;1mmake simd-asm SIMD_ASM_ARGS="--config x86_64-v3 --jobs 1 --report target/asm-reports/x86_64-v3.json"[0m
2026-10-06T22:02:28.4324860Z shell: /usr/bin/bash -e {0}
2026-10-06T22:02:28.4325126Z env:
2026-10-06T22:02:28.4325341Z   CARGO_HOME: /home/runner/.cargo
2026-10-06T22:02:28.4325628Z   CARGO_INCREMENTAL: 0
2026-10-06T22:02:28.4325871Z   CARGO_TERM_COLOR: always
2026-10-06T22:02:28.4326110Z ##[endgroup]
2026-10-06T22:02:28.5192011Z python3 scripts/check-simd-asm.py --doc --config x86_64-v3 --jobs 1 --report target/asm-reports/x86_64-v3.json
2026-10-06T22:02:31.0959648Z == x86_64-v3: 4 Cargo jobs
2026-10-06T22:02:31.0964597Z == x86_64-v3 graph 0: /home/runner/work/purrdf/purrdf/target/simd-asm/contexts/d75186906acf6aa57f7af1854ce87d03683eddd78ee35759a18ac497d3856047/cargo.graph-0.stderr.log
2026-10-06T22:07:27.5381103Z == x86_64-v3 graph 1: /home/runner/work/purrdf/purrdf/target/simd-asm/contexts/d75186906acf6aa57f7af1854ce87d03683eddd78ee35759a18ac497d3856047/cargo.graph-1.stderr.log
2026-10-06T22:08:04.1506762Z == x86_64-v3: {"analysis_seconds": 2.7300708910000253, "build_seconds": 329.85351370700005, "fresh_artifacts": 105, "lock_seconds": 0.00019806200000260787, "parsed_units": 1, "reused_units": 135, "rustc_invocations": 31, "seconds": 333.055071264}
2026-10-06T22:08:04.5110058Z 
2026-10-06T22:08:04.5110731Z site                            x86_64-v3
2026-10-06T22:08:04.5112742Z lex.find-byte2-sparql-string    avx2 v19·f0·r0·req✓ / call site (in run) v11·f0·r0
2026-10-06T22:08:04.5114199Z lex.find-byte2-line-split       avx2 v19·f0·r0·req✓ / call site (parallel) v46·f0·r0 / call site (lines) v0·f0·r0
2026-10-06T22:08:04.5115467Z core.xsd-regex-scan             pair avx2 v120·f0·r0·req✓ / range avx2 v249·f0·r0·req✓
2026-10-06T22:08:04.5116417Z sha2.sha256-compress            sha-ni v126·f0·r0·req✓
2026-10-06T22:08:04.5118544Z blake3.hash-many-dispatch       avx512 tree v584·f0·r0·req✓ / avx2 tree v2259·f0·r0·req✓ / avx512 chunks v605·f0·r0·req✓ / avx512 narrow chunks v1259·f0·r0·req✓ / avx512 four complete chunks v227·f0·r0·req✓ / avx512vl two parents v226·f0·r0·req✓
2026-10-06T22:08:04.5120219Z blake3.single-block             sse2 v309·f0·r0 / ssse3 v309·f0·r0 / avx2 v350·f0·r0 / avx512 v215·f0·r0 / scalar rotation v0·f0·r0·req✓
2026-10-06T22:08:04.5120978Z sparql.lexer-trivia             scan avx2 v22·f0·r0·req✓ / call site (in run) v11·f0·r0
2026-10-06T22:08:04.5122033Z sparql.lexer-iri                scan avx2 v16·f0·r0·req✓ / call site (in run) v11·f0·r0
2026-10-06T22:08:04.5122652Z sparql.lexer-cursor             peek v4·f0·r0 / cur (in run) v11·f0·r0
2026-10-06T22:08:04.5123091Z sparql.scope-admission          v0·f0·r0
2026-10-06T22:08:04.5128056Z rdf.escape-scan                 iri scan avx2 v22·f0·r0·req✓ / iri (in iri_escape::escape) v0·f0·r0 / literal scan avx2 v13·f0·r0·req✓ / literal v0·f0·r0
2026-10-06T22:08:04.5128768Z rdf.sort-canonical              v0·f0·r0
2026-10-06T22:08:04.5129274Z iri.delimiter-scan              scheme avx2 v22·f0·r0·req✓ / authority avx2 v19·f0·r0·req✓
2026-10-06T22:08:04.5129787Z lex.scan-trivia                 avx2 v22·f0·r0·req✓
2026-10-06T22:08:04.5130206Z lex.scan-iri-body               avx2 v16·f0·r0·req✓
2026-10-06T22:08:04.5130585Z lex.scan-json-string            avx2 v21·f0·r0·req✓
2026-10-06T22:08:04.5130964Z lex.json-escape-controls        avx2 v11·f0·r0·req✓
2026-10-06T22:08:04.5131668Z lex.json-escape-ascii           avx2 v24·f0·r0·req✓
2026-10-06T22:08:04.5132147Z lex.scan-xml                    avx2 v11·f0·r0·req✓
2026-10-06T22:08:04.5132991Z iri.validate-component          avx2 v62·f0·r0·req✓
2026-10-06T22:08:04.5133414Z lex.terminals-in-ranges         table v0·f0·r0
2026-10-06T22:08:04.5133931Z xsd.whitespace                  replace avx2 v30·f0·r0·req✓ / collapse avx2 v19·f0·r0·req✓
2026-10-06T22:08:04.5134408Z xsd.canonical-double            v0·f0·r0
2026-10-06T22:08:04.5134862Z json.parser-string              scan avx2 v21·f0·r0·req✓ / call site v0·f0·r0
2026-10-06T22:08:04.5135404Z json.parser-whitespace          occurrences v0·f0·r0 / tree v2·f0·r0
2026-10-06T22:08:04.5135833Z core.intern                     v14·f0·r0
2026-10-06T22:08:04.5136639Z hash.hex-decode                 canonical avx2 v65·f0·r0·req✓ / either-case avx2 v69·f0·r0·req✓
2026-10-06T22:08:04.5137155Z hash.hex-lower                  avx2 v54·f0·r0·req✓
2026-10-06T22:08:04.5137570Z core.pack-select-in-word        broadword v0·f0·r0·req✓
2026-10-06T22:08:04.5138005Z core.pack-rank1                 popcnt v0·f0·r0·req✓
2026-10-06T22:08:04.5138393Z core.pack-intvector-get         v0·f0·r0
2026-10-06T22:08:04.5138836Z core.dataset-scan-filter        avx2 v47·f0·r0·req✓ / cursor v63·f0·r0
2026-10-06T22:08:04.5139362Z core.pack-triples-intersect     intersect v0·f0·r0 / delta v0·f0·r0
2026-10-06T22:08:04.5140104Z core.canon-escape               iri scan avx2 v22·f0·r0·req✓ / iri v0·f0·r0 / literal scan avx2 v23·f0·r0·req✓ / literal v4·f0·r0
2026-10-06T22:08:04.5140816Z core.purremb-f32-decode         fold avx2 v30·f0·r0·req✓ / iterator v0·f0·r0
2026-10-06T22:08:04.5141262Z core.purremb-norm               v1·f0·r0
2026-10-06T22:08:04.5142001Z core.paged-map-quad             v0·f0·r0
2026-10-06T22:08:04.5142472Z core.loss-json-escape           scan avx2 v21·f0·r0·req✓ / call site v0·f0·r0
2026-10-06T22:08:04.5142919Z eval.regex-row-alloc            v0·f0·r0
2026-10-06T22:08:04.5143362Z eval.solution-compatible        compatible v0·f0·r0 / bind_row v0·f0·r0
2026-10-06T22:08:04.5143808Z eval.bgp-cost-planner           v40·f0·r0
2026-10-06T22:08:04.5144193Z eval.bgp-join-probe             v56·f0·r0
2026-10-06T22:08:04.5144837Z eval.aggregate-fold             step v0·f0·r0 / combine v0·f0·r0 / numeric_add v0·f0·r0 / add_i128 v0·f0·r0 / add_assign v0·f0·r0
2026-10-06T22:08:04.5145463Z datalog.relation-contains       avx2 v34·f0·r0·req✓
2026-10-06T22:08:04.5145929Z datalog.gallop-leapfrog         gallop v0·f0·r0 / leapfrog v0·f0·r0
2026-10-06T22:08:04.5146347Z datalog.chase                   v0·f0·r0
2026-10-06T22:08:04.5147062Z entail.escape                   iri scan avx2 v22·f0·r0·req✓ / iri v0·f0·r0 / literal scan avx2 v23·f0·r0·req✓ / literal (in write_leaf_surface) v0·f0·r0
2026-10-06T22:08:04.5147801Z entail.classify                 decide v9·f0·r0 / saturate v0·f0·r0
2026-10-06T22:08:04.5148245Z shapes.frontier-dedup           avx2 v173·f0·r0·req✓
2026-10-06T22:08:04.5148617Z shapes.path-eval                v0·f0·r0
2026-10-06T22:08:04.5148944Z shapes.finish-report            v0·f0·r0
2026-10-06T22:08:04.5149314Z shex.char-count                 std count v23·f0·r0·req✓
2026-10-06T22:08:04.5149694Z shex.matcher                    v0·f0·r0
2026-10-06T22:08:04.5150197Z results.xml-escape              scan avx2 v11·f0·r0·req✓ / push_into v0·f0·r0 / writer v0·f0·r0
2026-10-06T22:08:04.5150815Z core.csv-field                  scan sse2 (vex) v17·f0·r0·req✓ / scan avx2 v17·f0·r0·req✓
2026-10-06T22:08:04.5151613Z results.json-escape             scan avx2 v21·f0·r0·req✓ / call site v0·f0·r0
2026-10-06T22:08:04.5152267Z markdown.lines                  scan avx2 v2·f0·r0·req✓ / call site (in analyze) v0·f0·r0
2026-10-06T22:08:04.5153712Z distance.exact.dot              batch f64×f64 avx512f v133·f0·r0·req✓ / batch f64×f64 v157·f0·r0·req✓ / indexed f64×f32 avx512f v161·f0·r0·req✓ / indexed f64×f32 v197·f0·r0·req✓ / indexed f32×f32 avx512f v189·f0·r0·req✓ / indexed f32×f32 v237·f0·r0·req✓
2026-10-06T22:08:04.5156363Z distance.exact.sqeuclid         bounded f64×f64 avx512f v133·f0·r0·req✓ / bounded f64×f64 v157·f0·r0·req✓ / bounded f32×f32 avx512f v89·f0·r0·req✓ / bounded f32×f32 v125·f0·r0·req✓ / pair f64×f64 avx512f v133·f0·r0·req✓ / pair f64×f64 v157·f0·r0·req✓ / pair f32×f32 avx512f v89·f0·r0·req✓ / pair f32×f32 v125·f0·r0·req✓
2026-10-06T22:08:04.5159676Z distance.reassociated.dot       avx2+fma f64×f64 v13·f21·r0·req✓ / avx512f f64×f64 v15·f11·r0·req✓ / baseline f64×f64 v13·f21·r0·req✓ / avx2+fma f64×f32 v34·f21·r0·req✓ / avx512f f64×f32 v26·f11·r0·req✓ / baseline f64×f32 v34·f21·r0·req✓ / avx2+fma f32×f64 v34·f21·r0·req✓ / avx512f f32×f64 v26·f11·r0·req✓ / baseline f32×f64 v34·f21·r0·req✓ / avx2+fma f32×f32 v55·f21·r0·req✓ / avx512f f32×f32 v37·f11·r0·req✓ / baseline f32×f32 v55·f21·r0·req✓
2026-10-06T22:08:04.5163676Z distance.reassociated.sqeuclid  avx2+fma f64×f64 v34·f21·r0·req✓ / avx512f f64×f64 v26·f11·r0·req✓ / baseline f64×f64 v34·f21·r0·req✓ / avx2+fma f64×f32 v55·f21·r0·req✓ / avx512f f64×f32 v37·f11·r0·req✓ / baseline f64×f32 v55·f21·r0·req✓ / avx2+fma f32×f64 v55·f21·r0·req✓ / avx512f f32×f64 v37·f11·r0·req✓ / baseline f32×f64 v55·f21·r0·req✓ / avx2+fma f32×f32 v76·f21·r0·req✓ / avx512f f32×f32 v48·f11·r0·req✓ / baseline f32×f32 v76·f21·r0·req✓
2026-10-06T22:08:04.5165671Z knn.norm                        v0·f0·r0
2026-10-06T22:08:04.5166347Z hnsw.search-build               search v0·f0·r0 / build v132·f0·r0 / search reassociated v0·f0·r0 / build reassociated v132·f0·r0
2026-10-06T22:08:04.5166989Z hnsw.distance-cache             v0·f0·r0
2026-10-06T22:08:04.5167312Z text.bm25f                      v0·f0·r0
2026-10-06T22:08:04.5167630Z retrieval.rrf                   v0·f0·r0
2026-10-06T22:08:04.5168036Z retrieval.fusion-frontier       take v0·f0·r0 / insert v0·f0·r0
2026-10-06T22:08:04.5168514Z facade.multimodal-read          text lookup v0·f0·r0
2026-10-06T22:08:04.5169011Z columnar.plain-codec            encode v0·f0·r0·req✓ / decode v0·f0·r0·req✓
2026-10-06T22:08:04.5169455Z columnar.rle                    v0·f0·r0
2026-10-06T22:08:04.5169835Z geo.exact-limbs                 mag_add v0·f0·r0 / gcd v0·f0·r0
2026-10-06T22:08:04.5170302Z geo.relate                      relate v0·f0·r0 / intersect v0·f0·r0
2026-10-06T22:08:04.5170988Z geo.json-write-string           scan avx2 v21·f0·r0·req✓ / call site (values) v0·f0·r0 / call site (names) v0·f0·r0
2026-10-06T22:08:04.5171731Z gts.cbor-writer                 v0·f0·r0
2026-10-06T22:08:04.5172176Z gts.mmr-json-escape             scan avx2 v11·f0·r0·req✓ / call site v0·f0·r0
2026-10-06T22:08:04.5172754Z gts.replication-json-string     scan avx2 v11·f0·r0·req✓ / call site v0·f0·r0
2026-10-06T22:08:04.5173207Z wasm.term-marshal               v0·f0·r0
2026-10-06T22:08:04.5173623Z slice.ownership                 analyze v32·f0·r0 / iri refs v19·f0·r0
2026-10-06T22:08:04.5174172Z slice.prefix-json-string        scan avx2 v21·f0·r0·req✓ / call site v0·f0·r0
2026-10-06T22:08:04.5174748Z slice.dsl-stats-json-string     scan avx2 v24·f0·r0·req✓ / call site v0·f0·r0
2026-10-06T22:08:04.5175201Z cli.pack-input                  v2·f0·r0
2026-10-06T22:08:04.5175533Z rdf.viz-layout                  v37·f0·r0
2026-10-06T22:08:04.5175872Z rdf.projections                 v24·f0·r0
2026-10-06T22:08:04.5176382Z lex.percent-encode              reserved avx2 v21·f0·r0·req✓ / simple avx2 v24·f0·r0·req✓
2026-10-06T22:08:04.5176903Z rdf.csvw-uri-template           call site v0·f0·r0
2026-10-06T22:08:04.5177362Z core.sssom-tsv                  v9·f0·r0
2026-10-06T22:08:04.5177971Z shapes.pydantic-emit            v10·f0·r0
2026-10-06T22:08:04.5178571Z shapes.schema-compile           v0·f0·r0
2026-10-06T22:08:04.5179079Z deflate.match-copy              copy sse2 v0·f0·r0 / copy avx2 v0·f0·r0
2026-10-06T22:08:04.5179846Z deflate.match-length            compare sse2 (avx2 build) v2·f0·r0·req✓ / compare avx2 v2·f0·r0·req✓ / steps v4·f0·r0·req✓
2026-10-06T22:08:05.9965194Z deflate.hash-windows            hash avx2 v4·f0·r0·req✓
2026-10-06T22:08:05.9965939Z hash.sha1-block                 sha-ni v97·f0·r0·req✓
2026-10-06T22:08:05.9966655Z hash.crc32-update               vpclmulqdq v41·f0·r0·req✓
2026-10-06T22:08:05.9968021Z hash.hex-encode                 ssse3 (inlined, unrolled) v21·f0·r0·req✓
2026-10-06T22:08:05.9968814Z hash.digest-portable            md5 v0·f0·r0 / sha3 v0·f0·r0
2026-10-06T22:08:05.9969497Z hash.fixed-compress             portable v0·f0·r0
2026-10-06T22:08:05.9970209Z hash.fixed-terminal             portable frozen lookup v4·f0·r0
2026-10-06T22:08:05.9971073Z jsonschema.compile-validate     from_document v0·f0·r0 / is_valid v0·f0·r0
2026-10-06T22:08:05.9972249Z text.unicode-ascii-lower        x86_64-v3 v54·f0·r0·req✓
2026-10-06T22:08:05.9973066Z xsd.rfc3339-lexical             parse v0·f0·r0 / format x86_64-v3 v12·f0·r0·req✓
2026-10-06T22:08:05.9974275Z shapes.instance-projection      graph v6·f0·r0 / subject v4·f0·r0 / list index v15·f0·r0
2026-10-06T22:08:05.9975120Z ed25519.sign                    v3·f0·r0
2026-10-06T22:08:05.9975627Z ed25519.verify                  v23·f0·r0
2026-10-06T22:08:05.9976366Z text.dictionary-storage         build v4·f0·r0 / load v4·f0·r0 / lookup v0·f0·r0
2026-10-06T22:08:05.9977303Z text.dictionary-lattice         lattice entry v0·f0·r0 / prepare v4·f0·r0
2026-10-06T22:08:05.9978204Z text.emoji-recognition          recognize v4·f0·r0 / finite lookup v0·f0·r0
2026-10-06T22:08:05.9979141Z text.phonetic-spelling          canonicalize v0·f0·r0 / encode canonical v0·f0·r0
2026-10-06T22:08:05.9980300Z text.phonetic-distance          prepare band v0·f0·r0 / band v6·f0·r0 / prepare Myers v0·f0·r0 / Myers v0·f0·r0
2026-10-06T22:08:05.9980989Z text.surface-build              assemble v0·f0·r0
2026-10-06T22:08:05.9981531Z text.surface-substring          retrieve v0·f0·r0
2026-10-06T22:08:05.9981789Z 
2026-10-06T22:08:05.9982006Z OK: 110 site(s) measured on 1 configurations (partial configuration shard)
2026-10-06T22:08:06.0202155Z ##[group]Run actions/upload-artifact@043fb46d1a93c77aae656e7c1c64a875d1fc6a0a
2026-10-06T22:08:06.0202623Z with:
2026-10-06T22:08:06.0202842Z   name: simd-asm-x86_64-v3
2026-10-06T22:08:06.0203116Z   path: target/asm-reports/*.json
2026-10-06T22:08:06.0203394Z   if-no-files-found: error
2026-10-06T22:08:06.0203653Z   compression-level: 6
2026-10-06T22:08:06.0203881Z   overwrite: false
2026-10-06T22:08:06.0204113Z   include-hidden-files: false
2026-10-06T22:08:06.0204363Z   archive: true
2026-10-06T22:08:06.0204567Z env:
2026-10-06T22:08:06.0204769Z   CARGO_HOME: /home/runner/.cargo
2026-10-06T22:08:06.0205036Z   CARGO_INCREMENTAL: 0
2026-10-06T22:08:06.0205263Z   CARGO_TERM_COLOR: always
2026-10-06T22:08:06.0205501Z ##[endgroup]
2026-10-06T22:08:06.1646431Z With the provided path, there will be 1 file uploaded
2026-10-06T22:08:06.1654063Z Artifact name is valid!
2026-10-06T22:08:06.1654566Z Root directory input is valid!
2026-10-06T22:08:06.5330032Z Uploading artifact: simd-asm-x86_64-v3.zip
2026-10-06T22:08:06.5372424Z Beginning upload of artifact content to blob storage
2026-10-06T22:08:06.8578726Z Uploaded bytes 2998
2026-10-06T22:08:06.9367275Z Finished uploading artifact content to blob storage!
2026-10-06T22:08:06.9368273Z SHA256 digest of uploaded artifact is 249b9b91a862f990cb94fcee18fa35ae29a4bd8de43249903f50b2715457bb9a
2026-10-06T22:08:06.9369256Z Finalizing artifact upload
2026-10-06T22:08:07.3541785Z Artifact simd-asm-x86_64-v3 successfully finalized. Artifact ID 11448140624
2026-10-06T22:08:07.3543900Z Artifact simd-asm-x86_64-v3 has been successfully uploaded! Final size is 2998 bytes. Artifact ID is 11448140624
2026-10-06T22:08:07.3547152Z Artifact download URL: https://github.com/Blackcat-Informatics/purrdf/actions/runs/37537944878/artifacts/11448140624
2026-10-06T22:08:07.4819734Z Post job cleanup.
2026-10-06T22:08:07.5970445Z (node:3070) [DEP0040] DeprecationWarning: The `punycode` module is deprecated. Please use a userland alternative instead.
2026-10-06T22:08:07.5972317Z (Use `node --trace-deprecation ...` to show where the warning was created)
2026-10-06T22:08:07.6136011Z [command]/usr/bin/tar --posix -cf cache.tzst --exclude cache.tzst -P -C /home/runner/work/purrdf/purrdf --files-from manifest.txt --use-compress-program zstdmt
2026-10-06T22:08:08.9722797Z (node:3070) [DEP0169] DeprecationWarning: `url.parse()` behavior is not standardized and prone to errors that have security implications. Use the WHATWG URL API instead. CVEs are not issued for `url.parse()` vulnerabilities.
2026-10-06T22:08:09.9645836Z Sent 19726336 of 103922539 (19.0%), 18.8 MBs/sec
2026-10-06T22:08:10.9644765Z Sent 77463552 of 103922539 (74.5%), 36.9 MBs/sec
2026-10-06T22:08:11.6468848Z Sent 103922539 of 103922539 (100.0%), 36.9 MBs/sec
2026-10-06T22:08:11.8164378Z Cache saved with key: simd-asm-v1-Linux-x86_64-v3-ec3667c8adc6a73da9a5c33c88b8767792f4f2d3f42acfab44337ebd1806be0f-fa00854421c244ad4e5e608df22635bbc10fdd3625cd981f707bb7ad9b629b3d-a582b06e0789d9fc29d71d7426846f56bda56382
2026-10-06T22:08:11.8337191Z Post job cleanup.
2026-10-06T22:08:11.9203337Z [command]/usr/bin/git version
2026-10-06T22:08:11.9243656Z git version 2.55.0
2026-10-06T22:08:11.9279997Z Temporarily overriding HOME='/home/runner/work/_temp/d05d5410-5fa6-45c8-a1c7-b7d019008f5c' before making global git config changes
2026-10-06T22:08:11.9281953Z Adding repository directory to the temporary git global config as a safe directory
2026-10-06T22:08:11.9285175Z [command]/usr/bin/git config --global --add safe.directory /home/runner/work/purrdf/purrdf
2026-10-06T22:08:11.9314529Z Removing SSH command configuration
2026-10-06T22:08:11.9320899Z [command]/usr/bin/git config --local --name-only --get-regexp core\.sshCommand
2026-10-06T22:08:11.9354349Z [command]/usr/bin/git submodule foreach --recursive sh -c "git config --local --name-only --get-regexp 'core\.sshCommand' && git config --local --unset-all 'core.sshCommand' || :"
2026-10-06T22:08:11.9598391Z Removing HTTP extra header
2026-10-06T22:08:11.9604631Z [command]/usr/bin/git config --local --name-only --get-regexp http\.https\:\/\/github\.com\/\.extraheader
2026-10-06T22:08:11.9642060Z [command]/usr/bin/git submodule foreach --recursive sh -c "git config --local --name-only --get-regexp 'http\.https\:\/\/github\.com\/\.extraheader' && git config --local --unset-all 'http.https://github.com/.extraheader' || :"
2026-10-06T22:08:11.9876936Z Removing includeIf entries pointing to credentials config files
2026-10-06T22:08:11.9883941Z [command]/usr/bin/git config --local --name-only --get-regexp ^includeIf\.gitdir:
2026-10-06T22:08:11.9916563Z [command]/usr/bin/git submodule foreach --recursive git config --local --show-origin --name-only --get-regexp remote.origin.url
2026-10-06T22:08:12.0293170Z Cleaning up orphan processes
2026-10-06T22:08:12.0594812Z ##[warning]Node.js 20 is deprecated. The following actions target Node.js 20 but are being forced to run on Node.js 24: actions/cache@0057852bfaa89a56745cba8c7296529d2fc39830. For more information see: https://github.blog/changelog/2025-09-19-deprecation-of-node-20-on-github-actions-runners/
