governed_eval/row_loops_16384/filter/parallel/ungoverned time:   [3.649 ms 3.675 ms 3.685 ms]  mad: 15.25 µs  (10 samples × 138 iterations)
                         change: [-1.7274% -1.0726% -0.6761%] against `main`: Change within noise threshold.
                         outliers: 1 of 10 (0 low severe, 1 low mild, 0 high mild, 0 high severe)
governed_eval/row_loops_16384/filter/parallel/stop_signal time:   [4.506 ms 4.538 ms 4.552 ms]  mad: 19.20 µs  (10 samples × 111 iterations)
                         change: [-4.9992% -4.3352% -3.8400%] against `main`: Performance has improved.
                         outliers: 1 of 10 (1 low severe, 0 low mild, 0 high mild, 0 high severe)
governed_eval/row_loops_16384/filter/parallel/fuel_and_stop_signal time:   [5.045 ms 5.228 ms 5.387 ms]  mad: 152.6 µs  (10 samples × 100 iterations)
                         change: [-4.3572% -0.8250% +2.4536%] against `main`: No change in performance detected.
                         outliers: 1 of 10 (0 low severe, 0 low mild, 1 high mild, 0 high severe)
governed_eval/row_loops_16384/bind/parallel/ungoverned time:   [10.73 ms 10.87 ms 11.06 ms]  mad: 144.2 µs  (10 samples × 46 iterations)
                         change: [-4.0348% -0.5947% +2.5617%] against `main`: No change in performance detected.
governed_eval/row_loops_16384/bind/parallel/stop_signal time:   [11.47 ms 11.56 ms 11.65 ms]  mad: 88.32 µs  (10 samples × 43 iterations)
                         change: [-2.0748% -1.0359% +0.2630%] against `main`: No change in performance detected.
governed_eval/row_loops_16384/bind/parallel/fuel_and_stop_signal time:   [11.81 ms 11.94 ms 11.98 ms]  mad: 39.77 µs  (10 samples × 43 iterations)
                         change: [-3.5690% -1.5316% -1.0355%] against `main`: Performance has improved.
                         outliers: 3 of 10 (0 low severe, 2 low mild, 1 high mild, 0 high severe)
union preparation count=16 retained_bytes=24235
union preparation count=64 retained_bytes=96235
union preparation count=256 retained_bytes=385174

6 benchmarks measured; 0 failed
