2026-10-06T20:16:17.9156105Z Current runner version: '2.337.0'
2026-10-06T20:16:17.9182368Z ##[group]Runner Image Provisioner
2026-10-06T20:16:17.9183252Z Hosted Compute Agent
2026-10-06T20:16:17.9184208Z Version: 20260901.588
2026-10-06T20:16:17.9184861Z Commit: f88ec8081b781fac6c440065ac7ff9e710ce3d0b
2026-10-06T20:16:17.9185657Z Build Date: 2026-09-01T19:56:44Z
2026-10-06T20:16:17.9186364Z Worker ID: {9f947b18-2ea9-4076-9787-f7b5a5a9401f}
2026-10-06T20:16:17.9187083Z Azure Region: westus
2026-10-06T20:16:17.9187731Z ##[endgroup]
2026-10-06T20:16:17.9189246Z ##[group]Operating System
2026-10-06T20:16:17.9189874Z Ubuntu
2026-10-06T20:16:17.9190528Z 24.04.5
2026-10-06T20:16:17.9191048Z LTS
2026-10-06T20:16:17.9191647Z ##[endgroup]
2026-10-06T20:16:17.9192201Z ##[group]Runner Image
2026-10-06T20:16:17.9192799Z Image: ubuntu-24.04
2026-10-06T20:16:17.9193437Z Version: 20260927.320.1
2026-10-06T20:16:17.9194960Z Included Software: https://github.com/actions/runner-images/blob/ubuntu24/20260927.320/images/ubuntu/Ubuntu2404-Readme.md
2026-10-06T20:16:17.9196607Z Image Release: https://github.com/actions/runner-images/releases/tag/ubuntu24%2F20260927.320
2026-10-06T20:16:17.9197569Z ##[endgroup]
2026-10-06T20:16:17.9198755Z ##[group]GITHUB_TOKEN Permissions
2026-10-06T20:16:17.9200656Z Contents: read
2026-10-06T20:16:17.9201361Z Metadata: read
2026-10-06T20:16:17.9201927Z ##[endgroup]
2026-10-06T20:16:17.9204307Z Secret source: Actions
2026-10-06T20:16:17.9205361Z Cache mode: write
2026-10-06T20:16:17.9206111Z Prepare workflow directory
2026-10-06T20:16:17.9569309Z Prepare all required actions
2026-10-06T20:16:17.9641039Z Getting action download info
2026-10-06T20:16:18.3798905Z Download action repository 'actions/checkout@9c091bb21b7c1c1d1991bb908d89e4e9dddfe3e0' (SHA:9c091bb21b7c1c1d1991bb908d89e4e9dddfe3e0)
2026-10-06T20:16:18.4881225Z Download action repository 'dtolnay/rust-toolchain@29eef336d9b2848a0b548edc03f92a220660cdb8' (SHA:29eef336d9b2848a0b548edc03f92a220660cdb8)
2026-10-06T20:16:18.7125208Z Download action repository 'actions/cache@0057852bfaa89a56745cba8c7296529d2fc39830' (SHA:0057852bfaa89a56745cba8c7296529d2fc39830)
2026-10-06T20:16:18.8123280Z Download action repository 'actions/upload-artifact@043fb46d1a93c77aae656e7c1c64a875d1fc6a0a' (SHA:043fb46d1a93c77aae656e7c1c64a875d1fc6a0a)
2026-10-06T20:16:19.0577269Z Complete job name: simd-asm-config (x86_64-v3)
2026-10-06T20:16:19.1437606Z ##[group]Run actions/checkout@9c091bb21b7c1c1d1991bb908d89e4e9dddfe3e0
2026-10-06T20:16:19.1439043Z with:
2026-10-06T20:16:19.1439590Z   persist-credentials: false
2026-10-06T20:16:19.1440329Z   repository: Blackcat-Informatics/purrdf
2026-10-06T20:16:19.1448208Z   token: ***
2026-10-06T20:16:19.1448742Z   ssh-strict: true
2026-10-06T20:16:19.1449288Z   ssh-user: git
2026-10-06T20:16:19.1449808Z   clean: true
2026-10-06T20:16:19.1450380Z   sparse-checkout-cone-mode: true
2026-10-06T20:16:19.1451094Z   fetch-depth: 1
2026-10-06T20:16:19.1451638Z   fetch-tags: false
2026-10-06T20:16:19.1452219Z   show-progress: true
2026-10-06T20:16:19.1452783Z   lfs: false
2026-10-06T20:16:19.1453321Z   submodules: false
2026-10-06T20:16:19.1454288Z   set-safe-directory: true
2026-10-06T20:16:19.1455025Z   allow-unsafe-pr-checkout: false
2026-10-06T20:16:19.1456061Z ##[endgroup]
2026-10-06T20:16:19.2467930Z Syncing repository: Blackcat-Informatics/purrdf
2026-10-06T20:16:19.2470641Z ##[group]Getting Git version info
2026-10-06T20:16:19.2471640Z Working directory is '/home/runner/work/purrdf/purrdf'
2026-10-06T20:16:19.2473015Z [command]/usr/bin/git version
2026-10-06T20:16:19.2567010Z git version 2.55.0
2026-10-06T20:16:19.2592028Z ##[endgroup]
2026-10-06T20:16:19.2604881Z Temporarily overriding HOME='/home/runner/work/_temp/ffda0fa7-f85f-4655-990c-84dd840554c4' before making global git config changes
2026-10-06T20:16:19.2609014Z Adding repository directory to the temporary git global config as a safe directory
2026-10-06T20:16:19.2612285Z [command]/usr/bin/git config --global --add safe.directory /home/runner/work/purrdf/purrdf
2026-10-06T20:16:19.2664850Z Deleting the contents of '/home/runner/work/purrdf/purrdf'
2026-10-06T20:16:19.2668636Z ##[group]Determining repository object format
2026-10-06T20:16:19.2670888Z ##[endgroup]
2026-10-06T20:16:19.2672516Z ##[group]Initializing the repository
2026-10-06T20:16:19.2675281Z [command]/usr/bin/git init /home/runner/work/purrdf/purrdf
2026-10-06T20:16:19.2805625Z hint: Using 'master' as the name for the initial branch. This default branch name
2026-10-06T20:16:19.2807214Z hint: will change to "main" in Git 3.0. To configure the initial branch name
2026-10-06T20:16:19.2808964Z hint: to use in all of your new repositories, which will suppress this warning,
2026-10-06T20:16:19.2810903Z hint: call:
2026-10-06T20:16:19.2811512Z hint:
2026-10-06T20:16:19.2812530Z hint: 	git config --global init.defaultBranch <name>
2026-10-06T20:16:19.2813422Z hint:
2026-10-06T20:16:19.2814696Z hint: Names commonly chosen instead of 'master' are 'main', 'trunk' and
2026-10-06T20:16:19.2816624Z hint: 'development'. The just-created branch can be renamed via this command:
2026-10-06T20:16:19.2887506Z hint:
2026-10-06T20:16:19.2888560Z hint: 	git branch -m <name>
2026-10-06T20:16:19.2889828Z hint:
2026-10-06T20:16:19.2891381Z hint: Disable this message with "git config set advice.defaultBranchName false"
2026-10-06T20:16:19.2894653Z Initialized empty Git repository in /home/runner/work/purrdf/purrdf/.git/
2026-10-06T20:16:19.2897581Z [command]/usr/bin/git remote add origin https://github.com/Blackcat-Informatics/purrdf
2026-10-06T20:16:19.2899915Z ##[endgroup]
2026-10-06T20:16:19.2900876Z ##[group]Disabling automatic garbage collection
2026-10-06T20:16:19.2901794Z [command]/usr/bin/git config --local gc.auto 0
2026-10-06T20:16:19.2911692Z ##[endgroup]
2026-10-06T20:16:19.2913288Z ##[group]Setting up auth
2026-10-06T20:16:19.2914345Z Removing SSH command configuration
2026-10-06T20:16:19.2917525Z [command]/usr/bin/git config --local --name-only --get-regexp core\.sshCommand
2026-10-06T20:16:19.2949078Z [command]/usr/bin/git submodule foreach --recursive sh -c "git config --local --name-only --get-regexp 'core\.sshCommand' && git config --local --unset-all 'core.sshCommand' || :"
2026-10-06T20:16:19.3321763Z Removing HTTP extra header
2026-10-06T20:16:19.3327994Z [command]/usr/bin/git config --local --name-only --get-regexp http\.https\:\/\/github\.com\/\.extraheader
2026-10-06T20:16:19.3360389Z [command]/usr/bin/git submodule foreach --recursive sh -c "git config --local --name-only --get-regexp 'http\.https\:\/\/github\.com\/\.extraheader' && git config --local --unset-all 'http.https://github.com/.extraheader' || :"
2026-10-06T20:16:19.3575334Z Removing includeIf entries pointing to credentials config files
2026-10-06T20:16:19.3581122Z [command]/usr/bin/git config --local --name-only --get-regexp ^includeIf\.gitdir:
2026-10-06T20:16:19.3614178Z [command]/usr/bin/git submodule foreach --recursive git config --local --show-origin --name-only --get-regexp remote.origin.url
2026-10-06T20:16:19.3832761Z [command]/usr/bin/git config --file /home/runner/work/_temp/git-credentials-7f89f806-1e84-441a-abb1-fddead055869.config http.https://github.com/.extraheader AUTHORIZATION: basic ***
2026-10-06T20:16:19.3868728Z [command]/usr/bin/git config --local includeIf.gitdir:/home/runner/work/purrdf/purrdf/.git.path /home/runner/work/_temp/git-credentials-7f89f806-1e84-441a-abb1-fddead055869.config
2026-10-06T20:16:19.3898919Z [command]/usr/bin/git config --local includeIf.gitdir:/home/runner/work/purrdf/purrdf/.git/worktrees/*.path /home/runner/work/_temp/git-credentials-7f89f806-1e84-441a-abb1-fddead055869.config
2026-10-06T20:16:19.3932013Z [command]/usr/bin/git config --local includeIf.gitdir:/github/workspace/.git.path /github/runner_temp/git-credentials-7f89f806-1e84-441a-abb1-fddead055869.config
2026-10-06T20:16:19.3964192Z [command]/usr/bin/git config --local includeIf.gitdir:/github/workspace/.git/worktrees/*.path /github/runner_temp/git-credentials-7f89f806-1e84-441a-abb1-fddead055869.config
2026-10-06T20:16:19.3993304Z ##[endgroup]
2026-10-06T20:16:19.3994602Z ##[group]Fetching the repository
2026-10-06T20:16:19.4000535Z [command]/usr/bin/git -c protocol.version=2 fetch --no-tags --prune --no-recurse-submodules --depth=1 origin +44a368ac1503db6f10bda40c24fd90bca063dc34:refs/remotes/pull/466/merge
2026-10-06T20:16:21.3862718Z From https://github.com/Blackcat-Informatics/purrdf
2026-10-06T20:16:21.3864185Z  * [new ref]         44a368ac1503db6f10bda40c24fd90bca063dc34 -> pull/466/merge
2026-10-06T20:16:21.3867600Z ##[endgroup]
2026-10-06T20:16:21.3868532Z ##[group]Determining the checkout info
2026-10-06T20:16:21.3869697Z ##[endgroup]
2026-10-06T20:16:21.3875249Z [command]/usr/bin/git sparse-checkout disable
2026-10-06T20:16:21.3926836Z [command]/usr/bin/git config --local --unset-all extensions.worktreeConfig
2026-10-06T20:16:21.3954590Z ##[group]Checking out the ref
2026-10-06T20:16:21.3958066Z [command]/usr/bin/git checkout --progress --force refs/remotes/pull/466/merge
2026-10-06T20:16:22.4170617Z Updating files:  62% (11257/17999)
2026-10-06T20:16:22.4402158Z Updating files:  63% (11340/17999)
2026-10-06T20:16:22.4467432Z Updating files:  64% (11520/17999)
2026-10-06T20:16:22.4536419Z Updating files:  65% (11700/17999)
2026-10-06T20:16:22.4616304Z Updating files:  66% (11880/17999)
2026-10-06T20:16:22.4689780Z Updating files:  67% (12060/17999)
2026-10-06T20:16:22.4754299Z Updating files:  68% (12240/17999)
2026-10-06T20:16:22.4814262Z Updating files:  69% (12420/17999)
2026-10-06T20:16:22.4897141Z Updating files:  70% (12600/17999)
2026-10-06T20:16:22.4966925Z Updating files:  71% (12780/17999)
2026-10-06T20:16:22.5040819Z Updating files:  72% (12960/17999)
2026-10-06T20:16:22.5125977Z Updating files:  73% (13140/17999)
2026-10-06T20:16:22.5224710Z Updating files:  74% (13320/17999)
2026-10-06T20:16:22.5281372Z Updating files:  75% (13500/17999)
2026-10-06T20:16:22.5360463Z Updating files:  76% (13680/17999)
2026-10-06T20:16:22.5442835Z Updating files:  77% (13860/17999)
2026-10-06T20:16:22.5551138Z Updating files:  78% (14040/17999)
2026-10-06T20:16:22.5603225Z Updating files:  79% (14220/17999)
2026-10-06T20:16:22.5681994Z Updating files:  80% (14400/17999)
2026-10-06T20:16:22.5749051Z Updating files:  81% (14580/17999)
2026-10-06T20:16:22.5812610Z Updating files:  82% (14760/17999)
2026-10-06T20:16:22.5906535Z Updating files:  83% (14940/17999)
2026-10-06T20:16:22.5973233Z Updating files:  84% (15120/17999)
2026-10-06T20:16:22.6040602Z Updating files:  85% (15300/17999)
2026-10-06T20:16:22.6115133Z Updating files:  86% (15480/17999)
2026-10-06T20:16:22.6182792Z Updating files:  87% (15660/17999)
2026-10-06T20:16:22.6267810Z Updating files:  88% (15840/17999)
2026-10-06T20:16:22.6384094Z Updating files:  89% (16020/17999)
2026-10-06T20:16:22.6510628Z Updating files:  90% (16200/17999)
2026-10-06T20:16:22.6582681Z Updating files:  91% (16380/17999)
2026-10-06T20:16:22.6655902Z Updating files:  92% (16560/17999)
2026-10-06T20:16:22.6722829Z Updating files:  93% (16740/17999)
2026-10-06T20:16:22.6798478Z Updating files:  94% (16920/17999)
2026-10-06T20:16:22.6879612Z Updating files:  95% (17100/17999)
2026-10-06T20:16:22.6952254Z Updating files:  96% (17280/17999)
2026-10-06T20:16:22.7027006Z Updating files:  97% (17460/17999)
2026-10-06T20:16:22.7122473Z Updating files:  98% (17640/17999)
2026-10-06T20:16:22.7198516Z Updating files:  99% (17820/17999)
2026-10-06T20:16:22.7199056Z Updating files: 100% (17999/17999)
2026-10-06T20:16:22.7199577Z Updating files: 100% (17999/17999), done.
2026-10-06T20:16:22.7381458Z Note: switching to 'refs/remotes/pull/466/merge'.
2026-10-06T20:16:22.7381740Z 
2026-10-06T20:16:22.7381959Z You are in 'detached HEAD' state. You can look around, make experimental
2026-10-06T20:16:22.7382457Z changes and commit them, and you can discard any commits you make in this
2026-10-06T20:16:22.7383176Z state without impacting any branches by switching back to a branch.
2026-10-06T20:16:22.7383926Z 
2026-10-06T20:16:22.7384325Z If you want to create a new branch to retain commits you create, you may
2026-10-06T20:16:22.7385185Z do so (now or later) by using -c with the switch command. Example:
2026-10-06T20:16:22.7386047Z 
2026-10-06T20:16:22.7386292Z   git switch -c <new-branch-name>
2026-10-06T20:16:22.7386633Z 
2026-10-06T20:16:22.7386828Z Or undo this operation with:
2026-10-06T20:16:22.7387118Z 
2026-10-06T20:16:22.7387274Z   git switch -
2026-10-06T20:16:22.7387616Z 
2026-10-06T20:16:22.7388028Z Turn off this advice by setting config variable advice.detachedHead to false
2026-10-06T20:16:22.7388555Z 
2026-10-06T20:16:22.7389158Z HEAD is now at 44a368a Merge b2edf7450cf654d20ae97bd856d67102d0916b7b into b6f7c9b0f6b84ffe496719e39f2d2ba52d5ed3ac
2026-10-06T20:16:22.7422912Z ##[endgroup]
2026-10-06T20:16:22.7468609Z [command]/usr/bin/git log -1 --format=%H
2026-10-06T20:16:22.7498578Z 44a368ac1503db6f10bda40c24fd90bca063dc34
2026-10-06T20:16:22.7508432Z ##[group]Removing auth
2026-10-06T20:16:22.7508993Z Removing SSH command configuration
2026-10-06T20:16:22.7512542Z [command]/usr/bin/git config --local --name-only --get-regexp core\.sshCommand
2026-10-06T20:16:22.7545449Z [command]/usr/bin/git submodule foreach --recursive sh -c "git config --local --name-only --get-regexp 'core\.sshCommand' && git config --local --unset-all 'core.sshCommand' || :"
2026-10-06T20:16:22.7787160Z Removing HTTP extra header
2026-10-06T20:16:22.7790488Z [command]/usr/bin/git config --local --name-only --get-regexp http\.https\:\/\/github\.com\/\.extraheader
2026-10-06T20:16:22.7821297Z [command]/usr/bin/git submodule foreach --recursive sh -c "git config --local --name-only --get-regexp 'http\.https\:\/\/github\.com\/\.extraheader' && git config --local --unset-all 'http.https://github.com/.extraheader' || :"
2026-10-06T20:16:22.8067178Z Removing includeIf entries pointing to credentials config files
2026-10-06T20:16:22.8067838Z [command]/usr/bin/git config --local --name-only --get-regexp ^includeIf\.gitdir:
2026-10-06T20:16:22.8095994Z includeif.gitdir:/home/runner/work/purrdf/purrdf/.git.path
2026-10-06T20:16:22.8096802Z includeif.gitdir:/home/runner/work/purrdf/purrdf/.git/worktrees/*.path
2026-10-06T20:16:22.8097288Z includeif.gitdir:/github/workspace/.git.path
2026-10-06T20:16:22.8097657Z includeif.gitdir:/github/workspace/.git/worktrees/*.path
2026-10-06T20:16:22.8105258Z [command]/usr/bin/git config --local --get-all includeif.gitdir:/home/runner/work/purrdf/purrdf/.git.path
2026-10-06T20:16:22.8136410Z /home/runner/work/_temp/git-credentials-7f89f806-1e84-441a-abb1-fddead055869.config
2026-10-06T20:16:22.8147473Z [command]/usr/bin/git config --local --unset includeif.gitdir:/home/runner/work/purrdf/purrdf/.git.path /home/runner/work/_temp/git-credentials-7f89f806-1e84-441a-abb1-fddead055869.config
2026-10-06T20:16:22.8188243Z [command]/usr/bin/git config --local --get-all includeif.gitdir:/home/runner/work/purrdf/purrdf/.git/worktrees/*.path
2026-10-06T20:16:22.8208907Z /home/runner/work/_temp/git-credentials-7f89f806-1e84-441a-abb1-fddead055869.config
2026-10-06T20:16:22.8218186Z [command]/usr/bin/git config --local --unset includeif.gitdir:/home/runner/work/purrdf/purrdf/.git/worktrees/*.path /home/runner/work/_temp/git-credentials-7f89f806-1e84-441a-abb1-fddead055869.config
2026-10-06T20:16:22.8252586Z [command]/usr/bin/git config --local --get-all includeif.gitdir:/github/workspace/.git.path
2026-10-06T20:16:22.8277769Z /github/runner_temp/git-credentials-7f89f806-1e84-441a-abb1-fddead055869.config
2026-10-06T20:16:22.8285890Z [command]/usr/bin/git config --local --unset includeif.gitdir:/github/workspace/.git.path /github/runner_temp/git-credentials-7f89f806-1e84-441a-abb1-fddead055869.config
2026-10-06T20:16:22.8320122Z [command]/usr/bin/git config --local --get-all includeif.gitdir:/github/workspace/.git/worktrees/*.path
2026-10-06T20:16:22.8341529Z /github/runner_temp/git-credentials-7f89f806-1e84-441a-abb1-fddead055869.config
2026-10-06T20:16:22.8348766Z [command]/usr/bin/git config --local --unset includeif.gitdir:/github/workspace/.git/worktrees/*.path /github/runner_temp/git-credentials-7f89f806-1e84-441a-abb1-fddead055869.config
2026-10-06T20:16:22.8380279Z [command]/usr/bin/git submodule foreach --recursive git config --local --show-origin --name-only --get-regexp remote.origin.url
2026-10-06T20:16:22.8611358Z Removing credentials config '/home/runner/work/_temp/git-credentials-7f89f806-1e84-441a-abb1-fddead055869.config'
2026-10-06T20:16:22.8621266Z ##[endgroup]
2026-10-06T20:16:22.8946326Z ##[group]Run dtolnay/rust-toolchain@29eef336d9b2848a0b548edc03f92a220660cdb8
2026-10-06T20:16:22.8946754Z with:
2026-10-06T20:16:22.8946963Z   toolchain: nightly
2026-10-06T20:16:22.8947270Z   targets: wasm32-unknown-unknown, aarch64-unknown-linux-gnu
2026-10-06T20:16:22.8947615Z ##[endgroup]
2026-10-06T20:16:22.9042713Z ##[start-action display=Run : parse toolchain version;id=__dtolnay_rust-toolchain.parse]
2026-10-06T20:16:22.9089542Z ##[group]Run : parse toolchain version
2026-10-06T20:16:22.9089919Z [36;1m: parse toolchain version[0m
2026-10-06T20:16:22.9090217Z [36;1mif [[ -z $toolchain ]]; then[0m
2026-10-06T20:16:22.9090786Z [36;1m  # GitHub does not enforce `required: true` inputs itself. https://github.com/actions/runner/issues/1070[0m
2026-10-06T20:16:22.9091378Z [36;1m  echo "'toolchain' is a required input" >&2[0m
2026-10-06T20:16:22.9091678Z [36;1m  exit 1[0m
2026-10-06T20:16:22.9092060Z [36;1melif [[ $toolchain =~ ^stable' '[0-9]+' '(year|month|week|day)s?' 'ago$ ]]; then[0m
2026-10-06T20:16:22.9092482Z [36;1m  if [[ Linux == macOS ]]; then[0m
2026-10-06T20:16:22.9093012Z [36;1m    echo "toolchain=1.$((($(date -v-$(sed 's/stable \([0-9]*\) \(.\).*/\1\2/' <<< $toolchain) +%s)/60/60/24-16569)/7/6))" >> $GITHUB_OUTPUT[0m
2026-10-06T20:16:22.9093522Z [36;1m  else[0m
2026-10-06T20:16:22.9094129Z [36;1m    echo "toolchain=1.$((($(date --date "${toolchain#stable }" +%s)/60/60/24-16569)/7/6))" >> $GITHUB_OUTPUT[0m
2026-10-06T20:16:22.9094597Z [36;1m  fi[0m
2026-10-06T20:16:22.9094897Z [36;1melif [[ $toolchain =~ ^stable' 'minus' '[0-9]+' 'releases?$ ]]; then[0m
2026-10-06T20:16:22.9095430Z [36;1m  echo "toolchain=1.$((($(date +%s)/60/60/24-16569)/7/6-${toolchain//[^0-9]/}))" >> $GITHUB_OUTPUT[0m
2026-10-06T20:16:22.9095930Z [36;1melif [[ $toolchain =~ ^1\.[0-9]+$ ]]; then[0m
2026-10-06T20:16:22.9096449Z [36;1m  echo "toolchain=1.$((i=${toolchain#1.}, c=($(date +%s)/60/60/24-16569)/7/6, i+9*i*(10*i<=c)+90*i*(100*i<=c)))" >> $GITHUB_OUTPUT[0m
2026-10-06T20:16:22.9096952Z [36;1melse[0m
2026-10-06T20:16:22.9097203Z [36;1m  echo "toolchain=$toolchain" >> $GITHUB_OUTPUT[0m
2026-10-06T20:16:22.9097514Z [36;1mfi[0m
2026-10-06T20:16:22.9390951Z shell: /usr/bin/bash --noprofile --norc -e -o pipefail {0}
2026-10-06T20:16:22.9391406Z env:
2026-10-06T20:16:22.9391668Z   toolchain: nightly
2026-10-06T20:16:22.9391966Z ##[endgroup]
2026-10-06T20:16:22.9532235Z ##[end-action id=__dtolnay_rust-toolchain.parse;outcome=success;conclusion=success;duration_ms=48]
2026-10-06T20:16:22.9556711Z ##[start-action display=Run : construct rustup command line;id=__dtolnay_rust-toolchain.flags]
2026-10-06T20:16:22.9585234Z ##[group]Run : construct rustup command line
2026-10-06T20:16:22.9585608Z [36;1m: construct rustup command line[0m
2026-10-06T20:16:22.9586089Z [36;1mecho "targets=$(for t in ${targets//,/ }; do echo -n ' --target' $t; done)" >> $GITHUB_OUTPUT[0m
2026-10-06T20:16:22.9586746Z [36;1mecho "components=$(for c in ${components//,/ }; do echo -n ' --component' $c; done)" >> $GITHUB_OUTPUT[0m
2026-10-06T20:16:22.9587271Z [36;1mecho "downgrade=" >> $GITHUB_OUTPUT[0m
2026-10-06T20:16:22.9648793Z shell: /usr/bin/bash --noprofile --norc -e -o pipefail {0}
2026-10-06T20:16:22.9649178Z env:
2026-10-06T20:16:22.9649512Z   targets: wasm32-unknown-unknown, aarch64-unknown-linux-gnu
2026-10-06T20:16:22.9649862Z   components: 
2026-10-06T20:16:22.9650071Z ##[endgroup]
2026-10-06T20:16:22.9748797Z ##[end-action id=__dtolnay_rust-toolchain.flags;outcome=success;conclusion=success;duration_ms=19]
2026-10-06T20:16:22.9752413Z ##[start-action display=Run : set $CARGO_HOME;id=__dtolnay_rust-toolchain.__run]
2026-10-06T20:16:22.9779160Z ##[group]Run : set $CARGO_HOME
2026-10-06T20:16:22.9779436Z [36;1m: set $CARGO_HOME[0m
2026-10-06T20:16:22.9779936Z [36;1mecho CARGO_HOME=${CARGO_HOME:-"$HOME/.cargo"} >> $GITHUB_ENV[0m
2026-10-06T20:16:22.9841323Z shell: /usr/bin/bash --noprofile --norc -e -o pipefail {0}
2026-10-06T20:16:22.9841677Z ##[endgroup]
2026-10-06T20:16:22.9931680Z ##[end-action id=__dtolnay_rust-toolchain.__run;outcome=success;conclusion=success;duration_ms=17]
2026-10-06T20:16:22.9934353Z ##[start-action display=Run : install rustup if needed;id=__dtolnay_rust-toolchain.__run_2]
2026-10-06T20:16:22.9967965Z ##[group]Run : install rustup if needed
2026-10-06T20:16:22.9968286Z [36;1m: install rustup if needed[0m
2026-10-06T20:16:22.9968608Z [36;1mif ! command -v rustup &>/dev/null; then[0m
2026-10-06T20:16:22.9969386Z [36;1m  curl --proto '=https' --tlsv1.2 --retry 10 --retry-connrefused --location --silent --show-error --fail https://sh.rustup.rs | sh -s -- --default-toolchain none -y[0m
2026-10-06T20:16:22.9970145Z [36;1m  echo "$CARGO_HOME/bin" >> $GITHUB_PATH[0m
2026-10-06T20:16:22.9970446Z [36;1mfi[0m
2026-10-06T20:16:23.0034291Z shell: /usr/bin/bash --noprofile --norc -e -o pipefail {0}
2026-10-06T20:16:23.0034649Z env:
2026-10-06T20:16:23.0034863Z   CARGO_HOME: /home/runner/.cargo
2026-10-06T20:16:23.0035128Z ##[endgroup]
2026-10-06T20:16:23.0148678Z ##[end-action id=__dtolnay_rust-toolchain.__run_2;outcome=success;conclusion=success;duration_ms=21]
2026-10-06T20:16:23.0155589Z ##[start-action display=Run : install rustup if needed on windows;id=__dtolnay_rust-toolchain.__run_3]
2026-10-06T20:16:23.0162300Z ##[end-action id=__dtolnay_rust-toolchain.__run_3;outcome=skipped;conclusion=skipped;duration_ms=0]
2026-10-06T20:16:23.0166280Z ##[start-action display=rustup toolchain install nightly;id=__dtolnay_rust-toolchain.__run_4]
2026-10-06T20:16:23.0194404Z ##[group]Run rustup toolchain install nightly --target wasm32-unknown-unknown --target aarch64-unknown-linux-gnu --profile minimal --no-self-update
2026-10-06T20:16:23.0195484Z [36;1mrustup toolchain install nightly --target wasm32-unknown-unknown --target aarch64-unknown-linux-gnu --profile minimal --no-self-update[0m
2026-10-06T20:16:23.0259079Z shell: /usr/bin/bash --noprofile --norc -e -o pipefail {0}
2026-10-06T20:16:23.0259430Z env:
2026-10-06T20:16:23.0259644Z   CARGO_HOME: /home/runner/.cargo
2026-10-06T20:16:23.0259924Z   RUSTUP_PERMIT_COPY_RENAME: 1
2026-10-06T20:16:23.0260173Z ##[endgroup]
2026-10-06T20:16:23.0858793Z info: syncing channel updates for nightly-x86_64-unknown-linux-gnu
2026-10-06T20:16:23.2700450Z info: latest update on 2026-10-06 for version 1.101.0-nightly (ea137335b 2026-10-05)
2026-10-06T20:16:23.2701331Z info: downloading 5 components
2026-10-06T20:16:34.5292931Z 
2026-10-06T20:16:34.5362229Z   nightly-x86_64-unknown-linux-gnu installed - rustc 1.101.0-nightly (ea137335b 2026-10-05)
2026-10-06T20:16:34.5362795Z 
2026-10-06T20:16:34.5432989Z ##[end-action id=__dtolnay_rust-toolchain.__run_4;outcome=success;conclusion=success;duration_ms=11526]
2026-10-06T20:16:34.5439791Z ##[start-action display=Run rustup default nightly;id=__dtolnay_rust-toolchain.__run_5]
2026-10-06T20:16:34.5460390Z ##[group]Run rustup default nightly
2026-10-06T20:16:34.5460699Z [36;1mrustup default nightly[0m
2026-10-06T20:16:34.5521275Z shell: /usr/bin/bash --noprofile --norc -e -o pipefail {0}
2026-10-06T20:16:34.5521640Z env:
2026-10-06T20:16:34.5521855Z   CARGO_HOME: /home/runner/.cargo
2026-10-06T20:16:34.5522113Z ##[endgroup]
2026-10-06T20:16:34.5638628Z info: using existing install for nightly-x86_64-unknown-linux-gnu
2026-10-06T20:16:34.5644323Z info: default toolchain set to nightly-x86_64-unknown-linux-gnu
2026-10-06T20:16:34.5644682Z 
2026-10-06T20:16:34.5707751Z   nightly-x86_64-unknown-linux-gnu unchanged - rustc 1.101.0-nightly (ea137335b 2026-10-05)
2026-10-06T20:16:34.5709336Z info: note that the toolchain 'nightly-x86_64-unknown-linux-gnu' is currently in use (overridden by '/home/runner/work/purrdf/purrdf/rust-toolchain.toml')
2026-10-06T20:16:34.5710422Z 
2026-10-06T20:16:34.5725173Z ##[end-action id=__dtolnay_rust-toolchain.__run_5;outcome=success;conclusion=success;duration_ms=28]
2026-10-06T20:16:34.5729975Z ##[start-action display=Run : create cachekey;id=__dtolnay_rust-toolchain.rustc-version]
2026-10-06T20:16:34.5750161Z ##[group]Run : create cachekey
2026-10-06T20:16:34.5750631Z [36;1m: create cachekey[0m
2026-10-06T20:16:34.5751161Z [36;1mDATE=$(rustc +nightly --version --verbose | sed -ne 's/^commit-date: \(20[0-9][0-9]\)-\([01][0-9]\)-\([0-3][0-9]\)$/\1\2\3/p')[0m
2026-10-06T20:16:34.5751847Z [36;1mHASH=$(rustc +nightly --version --verbose | sed -ne 's/^commit-hash: //p')[0m
2026-10-06T20:16:34.5752364Z [36;1mecho "cachekey=$(echo $DATE$HASH | head -c12)" >> $GITHUB_OUTPUT[0m
2026-10-06T20:16:34.5811016Z shell: /usr/bin/bash --noprofile --norc -e -o pipefail {0}
2026-10-06T20:16:34.5811363Z env:
2026-10-06T20:16:34.5811577Z   CARGO_HOME: /home/runner/.cargo
2026-10-06T20:16:34.5811838Z ##[endgroup]
2026-10-06T20:16:34.6130666Z ##[end-action id=__dtolnay_rust-toolchain.rustc-version;outcome=success;conclusion=success;duration_ms=39]
2026-10-06T20:16:34.6133372Z ##[start-action display=Run : disable incremental compilation;id=__dtolnay_rust-toolchain.__run_6]
2026-10-06T20:16:34.6154457Z ##[group]Run : disable incremental compilation
2026-10-06T20:16:34.6154840Z [36;1m: disable incremental compilation[0m
2026-10-06T20:16:34.6155177Z [36;1mif [ -z "${CARGO_INCREMENTAL+set}" ]; then[0m
2026-10-06T20:16:34.6155516Z [36;1m  echo CARGO_INCREMENTAL=0 >> $GITHUB_ENV[0m
2026-10-06T20:16:34.6155805Z [36;1mfi[0m
2026-10-06T20:16:34.6216287Z shell: /usr/bin/bash --noprofile --norc -e -o pipefail {0}
2026-10-06T20:16:34.6216635Z env:
2026-10-06T20:16:34.6216850Z   CARGO_HOME: /home/runner/.cargo
2026-10-06T20:16:34.6217117Z ##[endgroup]
2026-10-06T20:16:34.6299488Z ##[end-action id=__dtolnay_rust-toolchain.__run_6;outcome=success;conclusion=success;duration_ms=16]
2026-10-06T20:16:34.6301767Z ##[start-action display=Run : enable colors in Cargo output;id=__dtolnay_rust-toolchain.__run_7]
2026-10-06T20:16:34.6320804Z ##[group]Run : enable colors in Cargo output
2026-10-06T20:16:34.6321137Z [36;1m: enable colors in Cargo output[0m
2026-10-06T20:16:34.6321449Z [36;1mif [ -z "${CARGO_TERM_COLOR+set}" ]; then[0m
2026-10-06T20:16:34.6321810Z [36;1m  echo CARGO_TERM_COLOR=always >> $GITHUB_ENV[0m
2026-10-06T20:16:34.6322111Z [36;1mfi[0m
2026-10-06T20:16:34.6378059Z shell: /usr/bin/bash --noprofile --norc -e -o pipefail {0}
2026-10-06T20:16:34.6378406Z env:
2026-10-06T20:16:34.6378616Z   CARGO_HOME: /home/runner/.cargo
2026-10-06T20:16:34.6378887Z   CARGO_INCREMENTAL: 0
2026-10-06T20:16:34.6379110Z ##[endgroup]
2026-10-06T20:16:34.6456037Z ##[end-action id=__dtolnay_rust-toolchain.__run_7;outcome=success;conclusion=success;duration_ms=15]
2026-10-06T20:16:34.6460474Z ##[start-action display=Run : enable Cargo sparse registry;id=__dtolnay_rust-toolchain.__run_8]
2026-10-06T20:16:34.6479890Z ##[group]Run : enable Cargo sparse registry
2026-10-06T20:16:34.6480233Z [36;1m: enable Cargo sparse registry[0m
2026-10-06T20:16:34.6480621Z [36;1m# implemented in 1.66, stabilized in 1.68, made default in 1.70[0m
2026-10-06T20:16:34.6481324Z [36;1mif [ -z "${CARGO_REGISTRIES_CRATES_IO_PROTOCOL+set}" -o -f "/home/runner/work/_temp"/.implicit_cargo_registries_crates_io_protocol ]; then[0m
2026-10-06T20:16:34.6482064Z [36;1m  if rustc +nightly --version --verbose | grep -q '^release: 1\.6[89]\.'; then[0m
2026-10-06T20:16:34.6482654Z [36;1m    touch "/home/runner/work/_temp"/.implicit_cargo_registries_crates_io_protocol || true[0m
2026-10-06T20:16:34.6483244Z [36;1m    echo CARGO_REGISTRIES_CRATES_IO_PROTOCOL=sparse >> $GITHUB_ENV[0m
2026-10-06T20:16:34.6483981Z [36;1m  elif rustc +nightly --version --verbose | grep -q '^release: 1\.6[67]\.'; then[0m
2026-10-06T20:16:34.6484626Z [36;1m    touch "/home/runner/work/_temp"/.implicit_cargo_registries_crates_io_protocol || true[0m
2026-10-06T20:16:34.6485162Z [36;1m    echo CARGO_REGISTRIES_CRATES_IO_PROTOCOL=git >> $GITHUB_ENV[0m
2026-10-06T20:16:34.6485517Z [36;1m  fi[0m
2026-10-06T20:16:34.6485890Z [36;1mfi[0m
2026-10-06T20:16:34.6538816Z shell: /usr/bin/bash --noprofile --norc -e -o pipefail {0}
2026-10-06T20:16:34.6539160Z env:
2026-10-06T20:16:34.6539369Z   CARGO_HOME: /home/runner/.cargo
2026-10-06T20:16:34.6539795Z   CARGO_INCREMENTAL: 0
2026-10-06T20:16:34.6540039Z   CARGO_TERM_COLOR: always
2026-10-06T20:16:34.6540272Z ##[endgroup]
2026-10-06T20:16:34.6833468Z ##[end-action id=__dtolnay_rust-toolchain.__run_8;outcome=success;conclusion=success;duration_ms=37]
2026-10-06T20:16:34.6838309Z ##[start-action display=Run : work around spurious network errors in curl 8.0;id=__dtolnay_rust-toolchain.__run_9]
2026-10-06T20:16:34.6858211Z ##[group]Run : work around spurious network errors in curl 8.0
2026-10-06T20:16:34.6858640Z [36;1m: work around spurious network errors in curl 8.0[0m
2026-10-06T20:16:34.6859191Z [36;1m# https://rust-lang.zulipchat.com/#narrow/stream/246057-t-cargo/topic/timeout.20investigation[0m
2026-10-06T20:16:34.6859826Z [36;1mif rustc +nightly --version --verbose | grep -q '^release: 1\.7[01]\.'; then[0m
2026-10-06T20:16:34.6860316Z [36;1m  echo CARGO_HTTP_MULTIPLEXING=false >> $GITHUB_ENV[0m
2026-10-06T20:16:34.6860632Z [36;1mfi[0m
2026-10-06T20:16:34.6920463Z shell: /usr/bin/bash --noprofile --norc -e -o pipefail {0}
2026-10-06T20:16:34.6920809Z env:
2026-10-06T20:16:34.6921019Z   CARGO_HOME: /home/runner/.cargo
2026-10-06T20:16:34.6921286Z   CARGO_INCREMENTAL: 0
2026-10-06T20:16:34.6921519Z   CARGO_TERM_COLOR: always
2026-10-06T20:16:34.6921752Z ##[endgroup]
2026-10-06T20:16:34.7110614Z ##[end-action id=__dtolnay_rust-toolchain.__run_9;outcome=success;conclusion=success;duration_ms=27]
2026-10-06T20:16:34.7114332Z ##[start-action display=Run rustc +nightly --version --verbose;id=__dtolnay_rust-toolchain.__run_10]
2026-10-06T20:16:34.7133567Z ##[group]Run rustc +nightly --version --verbose
2026-10-06T20:16:34.7134440Z [36;1mrustc +nightly --version --verbose[0m
2026-10-06T20:16:34.7191111Z shell: /usr/bin/bash --noprofile --norc -e -o pipefail {0}
2026-10-06T20:16:34.7191583Z env:
2026-10-06T20:16:34.7191884Z   CARGO_HOME: /home/runner/.cargo
2026-10-06T20:16:34.7192317Z   CARGO_INCREMENTAL: 0
2026-10-06T20:16:34.7192681Z   CARGO_TERM_COLOR: always
2026-10-06T20:16:34.7193038Z ##[endgroup]
2026-10-06T20:16:34.7392921Z rustc 1.101.0-nightly (ea137335b 2026-10-05)
2026-10-06T20:16:34.7394360Z binary: rustc
2026-10-06T20:16:34.7395171Z commit-hash: ea137335b78829b4514bf1b4c16302f74fab8581
2026-10-06T20:16:34.7396051Z commit-date: 2026-10-05
2026-10-06T20:16:34.7396753Z host: x86_64-unknown-linux-gnu
2026-10-06T20:16:34.7397231Z release: 1.101.0-nightly
2026-10-06T20:16:34.7397673Z LLVM version: 23.1.3
2026-10-06T20:16:34.7411591Z ##[end-action id=__dtolnay_rust-toolchain.__run_10;outcome=success;conclusion=success;duration_ms=29]
2026-10-06T20:16:34.7467280Z ##[group]Run echo "identity=$(rustc -vV | sha256sum | cut -d ' ' -f 1)" >> "$GITHUB_OUTPUT"
2026-10-06T20:16:34.7467892Z [36;1mecho "identity=$(rustc -vV | sha256sum | cut -d ' ' -f 1)" >> "$GITHUB_OUTPUT"[0m
2026-10-06T20:16:34.7526966Z shell: /usr/bin/bash -e {0}
2026-10-06T20:16:34.7527217Z env:
2026-10-06T20:16:34.7527428Z   CARGO_HOME: /home/runner/.cargo
2026-10-06T20:16:34.7527695Z   CARGO_INCREMENTAL: 0
2026-10-06T20:16:34.7527925Z   CARGO_TERM_COLOR: always
2026-10-06T20:16:34.7528155Z ##[endgroup]
2026-10-06T20:16:34.8226608Z info: syncing channel updates for nightly-x86_64-unknown-linux-gnu
2026-10-06T20:16:35.4830348Z info: latest update on 2026-10-06 for version 1.101.0-nightly (ea137335b 2026-10-05)
2026-10-06T20:16:35.4947943Z info: component rust-std for target aarch64-unknown-linux-gnu is up to date
2026-10-06T20:16:35.4948882Z info: component rust-std for target wasm32-unknown-unknown is up to date
2026-10-06T20:16:35.4952409Z info: downloading 2 components
2026-10-06T20:16:36.2761126Z ##[group]Run actions/cache@0057852bfaa89a56745cba8c7296529d2fc39830
2026-10-06T20:16:36.2761529Z with:
2026-10-06T20:16:36.2761744Z   path: target/simd-asm
2026-10-06T20:16:36.2762678Z   key: simd-asm-v1-Linux-x86_64-v3-ec3667c8adc6a73da9a5c33c88b8767792f4f2d3f42acfab44337ebd1806be0f-fa00854421c244ad4e5e608df22635bbc10fdd3625cd981f707bb7ad9b629b3d-44a368ac1503db6f10bda40c24fd90bca063dc34
2026-10-06T20:16:36.2764652Z   restore-keys: simd-asm-v1-Linux-x86_64-v3-ec3667c8adc6a73da9a5c33c88b8767792f4f2d3f42acfab44337ebd1806be0f-fa00854421c244ad4e5e608df22635bbc10fdd3625cd981f707bb7ad9b629b3d-

2026-10-06T20:16:36.2765475Z   enableCrossOsArchive: false
2026-10-06T20:16:36.2765752Z   fail-on-cache-miss: false
2026-10-06T20:16:36.2765996Z   lookup-only: false
2026-10-06T20:16:36.2766212Z   save-always: false
2026-10-06T20:16:36.2766420Z env:
2026-10-06T20:16:36.2766627Z   CARGO_HOME: /home/runner/.cargo
2026-10-06T20:16:36.2766893Z   CARGO_INCREMENTAL: 0
2026-10-06T20:16:36.2767160Z   CARGO_TERM_COLOR: always
2026-10-06T20:16:36.2767394Z ##[endgroup]
2026-10-06T20:16:36.3801838Z (node:2564) [DEP0040] DeprecationWarning: The `punycode` module is deprecated. Please use a userland alternative instead.
2026-10-06T20:16:36.3802761Z (Use `node --trace-deprecation ...` to show where the warning was created)
2026-10-06T20:16:36.6345823Z Cache hit for restore-key: simd-asm-v1-Linux-x86_64-v3-ec3667c8adc6a73da9a5c33c88b8767792f4f2d3f42acfab44337ebd1806be0f-fa00854421c244ad4e5e608df22635bbc10fdd3625cd981f707bb7ad9b629b3d-b6f7c9b0f6b84ffe496719e39f2d2ba52d5ed3ac
2026-10-06T20:16:36.6454693Z (node:2564) [DEP0169] DeprecationWarning: `url.parse()` behavior is not standardized and prone to errors that have security implications. Use the WHATWG URL API instead. CVEs are not issued for `url.parse()` vulnerabilities.
2026-10-06T20:16:37.9210192Z Received 4194304 of 103485638 (4.1%), 4.0 MBs/sec
2026-10-06T20:16:38.9211449Z Received 99291334 of 103485638 (95.9%), 47.3 MBs/sec
2026-10-06T20:16:39.1063405Z Received 103485638 of 103485638 (100.0%), 45.1 MBs/sec
2026-10-06T20:16:39.1066332Z Cache Size: ~99 MB (103485638 B)
2026-10-06T20:16:39.1174713Z [command]/usr/bin/tar -xf /home/runner/work/_temp/8bd293f3-ad8e-44e2-8d60-fce9be044d95/cache.tzst -P -C /home/runner/work/purrdf/purrdf --use-compress-program unzstd
2026-10-06T20:16:39.9057841Z Cache restored successfully
2026-10-06T20:16:39.9186967Z Cache restored from key: simd-asm-v1-Linux-x86_64-v3-ec3667c8adc6a73da9a5c33c88b8767792f4f2d3f42acfab44337ebd1806be0f-fa00854421c244ad4e5e608df22635bbc10fdd3625cd981f707bb7ad9b629b3d-b6f7c9b0f6b84ffe496719e39f2d2ba52d5ed3ac
2026-10-06T20:16:39.9311088Z ##[group]Run # Bound scalar WASM compilation through the existing Cargo job budget.
2026-10-06T20:16:39.9311708Z [36;1m# Bound scalar WASM compilation through the existing Cargo job budget.[0m
2026-10-06T20:16:39.9312195Z [36;1m# Other configurations keep their current scheduling.[0m
2026-10-06T20:16:39.9312560Z [36;1mif [ "x86_64-v3" = wasm32 ]; then[0m
2026-10-06T20:16:39.9312854Z [36;1m  export CARGO_BUILD_JOBS=2[0m
2026-10-06T20:16:39.9313116Z [36;1mfi[0m
2026-10-06T20:16:39.9313547Z [36;1mmake simd-asm SIMD_ASM_ARGS="--config x86_64-v3 --jobs 1 --report target/asm-reports/x86_64-v3.json"[0m
2026-10-06T20:16:39.9373543Z shell: /usr/bin/bash -e {0}
2026-10-06T20:16:39.9373981Z env:
2026-10-06T20:16:39.9374202Z   CARGO_HOME: /home/runner/.cargo
2026-10-06T20:16:39.9374489Z   CARGO_INCREMENTAL: 0
2026-10-06T20:16:39.9374736Z   CARGO_TERM_COLOR: always
2026-10-06T20:16:39.9374982Z ##[endgroup]
2026-10-06T20:16:40.0051371Z python3 scripts/check-simd-asm.py --doc --config x86_64-v3 --jobs 1 --report target/asm-reports/x86_64-v3.json
2026-10-06T20:16:42.5748816Z == x86_64-v3: 4 Cargo jobs
2026-10-06T20:16:42.5753334Z == x86_64-v3 graph 0: /home/runner/work/purrdf/purrdf/target/simd-asm/contexts/d75186906acf6aa57f7af1854ce87d03683eddd78ee35759a18ac497d3856047/cargo.graph-0.stderr.log
2026-10-06T20:21:40.5741036Z == x86_64-v3 graph 1: /home/runner/work/purrdf/purrdf/target/simd-asm/contexts/d75186906acf6aa57f7af1854ce87d03683eddd78ee35759a18ac497d3856047/cargo.graph-1.stderr.log
2026-10-06T20:22:16.3772728Z == x86_64-v3: {"analysis_seconds": 2.71235331500003, "build_seconds": 330.62534903400007, "fresh_artifacts": 105, "lock_seconds": 0.00017563699999811888, "parsed_units": 1, "reused_units": 135, "rustc_invocations": 31, "seconds": 333.80282590700006}
2026-10-06T20:22:16.7367544Z 
2026-10-06T20:22:16.7368100Z site                            x86_64-v3
2026-10-06T20:22:16.7369828Z lex.find-byte2-sparql-string    avx2 v19·f0·r0·req✓ / call site (in run) v11·f0·r0
2026-10-06T20:22:16.7371405Z lex.find-byte2-line-split       avx2 v19·f0·r0·req✓ / call site (parallel) v46·f0·r0 / call site (lines) v0·f0·r0
2026-10-06T20:22:16.7373002Z core.xsd-regex-scan             pair avx2 v120·f0·r0·req✓ / range avx2 v249·f0·r0·req✓
2026-10-06T20:22:16.7374832Z sha2.sha256-compress            sha-ni v126·f0·r0·req✓
2026-10-06T20:22:16.7377531Z blake3.hash-many-dispatch       avx512 tree v584·f0·r0·req✓ / avx2 tree v2259·f0·r0·req✓ / avx512 chunks v605·f0·r0·req✓ / avx512 narrow chunks v1259·f0·r0·req✓ / avx512 four complete chunks v227·f0·r0·req✓ / avx512vl two parents v226·f0·r0·req✓
2026-10-06T20:22:16.7380449Z blake3.single-block             sse2 v309·f0·r0 / ssse3 v309·f0·r0 / avx2 v350·f0·r0 / avx512 v215·f0·r0 / scalar rotation v0·f0·r0·req✓
2026-10-06T20:22:16.7381795Z sparql.lexer-trivia             scan avx2 v22·f0·r0·req✓ / call site (in run) v11·f0·r0
2026-10-06T20:22:16.7382898Z sparql.lexer-iri                scan avx2 v16·f0·r0·req✓ / call site (in run) v11·f0·r0
2026-10-06T20:22:16.7384182Z sparql.lexer-cursor             peek v4·f0·r0 / cur (in run) v11·f0·r0
2026-10-06T20:22:16.7384985Z sparql.scope-admission          v0·f0·r0
2026-10-06T20:22:16.7392475Z rdf.escape-scan                 iri scan avx2 v22·f0·r0·req✓ / iri (in iri_escape::escape) v0·f0·r0 / literal scan avx2 v13·f0·r0·req✓ / literal v0·f0·r0
2026-10-06T20:22:16.7393694Z rdf.sort-canonical              v0·f0·r0
2026-10-06T20:22:16.7394843Z iri.delimiter-scan              scheme avx2 v22·f0·r0·req✓ / authority avx2 v19·f0·r0·req✓
2026-10-06T20:22:16.7395778Z lex.scan-trivia                 avx2 v22·f0·r0·req✓
2026-10-06T20:22:16.7396545Z lex.scan-iri-body               avx2 v16·f0·r0·req✓
2026-10-06T20:22:16.7397248Z lex.scan-json-string            avx2 v21·f0·r0·req✓
2026-10-06T20:22:16.7397956Z lex.json-escape-controls        avx2 v11·f0·r0·req✓
2026-10-06T20:22:16.7398675Z lex.json-escape-ascii           avx2 v24·f0·r0·req✓
2026-10-06T20:22:16.7399364Z lex.scan-xml                    avx2 v11·f0·r0·req✓
2026-10-06T20:22:16.7400536Z iri.validate-component          avx2 v62·f0·r0·req✓
2026-10-06T20:22:16.7401255Z lex.terminals-in-ranges         table v0·f0·r0
2026-10-06T20:22:16.7402176Z xsd.whitespace                  replace avx2 v30·f0·r0·req✓ / collapse avx2 v19·f0·r0·req✓
2026-10-06T20:22:16.7403022Z xsd.canonical-double            v0·f0·r0
2026-10-06T20:22:16.7404036Z json.parser-string              scan avx2 v21·f0·r0·req✓ / call site v0·f0·r0
2026-10-06T20:22:16.7405034Z json.parser-whitespace          occurrences v0·f0·r0 / tree v2·f0·r0
2026-10-06T20:22:16.7405793Z core.intern                     v14·f0·r0
2026-10-06T20:22:16.7406728Z hash.hex-decode                 canonical avx2 v65·f0·r0·req✓ / either-case avx2 v69·f0·r0·req✓
2026-10-06T20:22:16.7407643Z hash.hex-lower                  avx2 v54·f0·r0·req✓
2026-10-06T20:22:16.7408388Z core.pack-select-in-word        broadword v0·f0·r0·req✓
2026-10-06T20:22:16.7409139Z core.pack-rank1                 popcnt v0·f0·r0·req✓
2026-10-06T20:22:16.7409814Z core.pack-intvector-get         v0·f0·r0
2026-10-06T20:22:16.7410663Z core.dataset-scan-filter        avx2 v47·f0·r0·req✓ / cursor v63·f0·r0
2026-10-06T20:22:16.7411592Z core.pack-triples-intersect     intersect v0·f0·r0 / delta v0·f0·r0
2026-10-06T20:22:16.7412929Z core.canon-escape               iri scan avx2 v22·f0·r0·req✓ / iri v0·f0·r0 / literal scan avx2 v23·f0·r0·req✓ / literal v4·f0·r0
2026-10-06T20:22:16.7414420Z core.purremb-f32-decode         fold avx2 v30·f0·r0·req✓ / iterator v0·f0·r0
2026-10-06T20:22:16.7415204Z core.purremb-norm               v1·f0·r0
2026-10-06T20:22:16.7415782Z core.paged-map-quad             v0·f0·r0
2026-10-06T20:22:16.7416812Z core.loss-json-escape           scan avx2 v21·f0·r0·req✓ / call site v0·f0·r0
2026-10-06T20:22:16.7417578Z eval.regex-row-alloc            v0·f0·r0
2026-10-06T20:22:16.7418339Z eval.solution-compatible        compatible v0·f0·r0 / bind_row v0·f0·r0
2026-10-06T20:22:16.7419117Z eval.bgp-cost-planner           v40·f0·r0
2026-10-06T20:22:16.7419724Z eval.bgp-join-probe             v56·f0·r0
2026-10-06T20:22:16.7420834Z eval.aggregate-fold             step v0·f0·r0 / combine v0·f0·r0 / numeric_add v0·f0·r0 / add_i128 v0·f0·r0 / add_assign v0·f0·r0
2026-10-06T20:22:16.7421922Z datalog.relation-contains       avx2 v34·f0·r0·req✓
2026-10-06T20:22:16.7422731Z datalog.gallop-leapfrog         gallop v0·f0·r0 / leapfrog v0·f0·r0
2026-10-06T20:22:16.7423522Z datalog.chase                   v0·f0·r0
2026-10-06T20:22:16.7424974Z entail.escape                   iri scan avx2 v22·f0·r0·req✓ / iri v0·f0·r0 / literal scan avx2 v23·f0·r0·req✓ / literal (in write_leaf_surface) v0·f0·r0
2026-10-06T20:22:16.7426287Z entail.classify                 decide v9·f0·r0 / saturate v0·f0·r0
2026-10-06T20:22:16.7427057Z shapes.frontier-dedup           avx2 v173·f0·r0·req✓
2026-10-06T20:22:16.7427688Z shapes.path-eval                v0·f0·r0
2026-10-06T20:22:16.7428253Z shapes.finish-report            v0·f0·r0
2026-10-06T20:22:16.7428897Z shex.char-count                 std count v23·f0·r0·req✓
2026-10-06T20:22:16.7429558Z shex.matcher                    v0·f0·r0
2026-10-06T20:22:16.7430426Z results.xml-escape              scan avx2 v11·f0·r0·req✓ / push_into v0·f0·r0 / writer v0·f0·r0
2026-10-06T20:22:16.7431507Z core.csv-field                  scan sse2 (vex) v17·f0·r0·req✓ / scan avx2 v17·f0·r0·req✓
2026-10-06T20:22:16.7432482Z results.json-escape             scan avx2 v21·f0·r0·req✓ / call site v0·f0·r0
2026-10-06T20:22:16.7433526Z markdown.lines                  scan avx2 v2·f0·r0·req✓ / call site (in analyze) v0·f0·r0
2026-10-06T20:22:16.7436204Z distance.exact.dot              batch f64×f64 avx512f v133·f0·r0·req✓ / batch f64×f64 v157·f0·r0·req✓ / indexed f64×f32 avx512f v161·f0·r0·req✓ / indexed f64×f32 v197·f0·r0·req✓ / indexed f32×f32 avx512f v189·f0·r0·req✓ / indexed f32×f32 v237·f0·r0·req✓
2026-10-06T20:22:16.7440703Z distance.exact.sqeuclid         bounded f64×f64 avx512f v133·f0·r0·req✓ / bounded f64×f64 v157·f0·r0·req✓ / bounded f32×f32 avx512f v89·f0·r0·req✓ / bounded f32×f32 v125·f0·r0·req✓ / pair f64×f64 avx512f v133·f0·r0·req✓ / pair f64×f64 v157·f0·r0·req✓ / pair f32×f32 avx512f v89·f0·r0·req✓ / pair f32×f32 v125·f0·r0·req✓
2026-10-06T20:22:16.7446582Z distance.reassociated.dot       avx2+fma f64×f64 v13·f21·r0·req✓ / avx512f f64×f64 v15·f11·r0·req✓ / baseline f64×f64 v13·f21·r0·req✓ / avx2+fma f64×f32 v34·f21·r0·req✓ / avx512f f64×f32 v26·f11·r0·req✓ / baseline f64×f32 v34·f21·r0·req✓ / avx2+fma f32×f64 v34·f21·r0·req✓ / avx512f f32×f64 v26·f11·r0·req✓ / baseline f32×f64 v34·f21·r0·req✓ / avx2+fma f32×f32 v55·f21·r0·req✓ / avx512f f32×f32 v37·f11·r0·req✓ / baseline f32×f32 v55·f21·r0·req✓
2026-10-06T20:22:16.7453078Z distance.reassociated.sqeuclid  avx2+fma f64×f64 v34·f21·r0·req✓ / avx512f f64×f64 v26·f11·r0·req✓ / baseline f64×f64 v34·f21·r0·req✓ / avx2+fma f64×f32 v55·f21·r0·req✓ / avx512f f64×f32 v37·f11·r0·req✓ / baseline f64×f32 v55·f21·r0·req✓ / avx2+fma f32×f64 v55·f21·r0·req✓ / avx512f f32×f64 v37·f11·r0·req✓ / baseline f32×f64 v55·f21·r0·req✓ / avx2+fma f32×f32 v76·f21·r0·req✓ / avx512f f32×f32 v48·f11·r0·req✓ / baseline f32×f32 v76·f21·r0·req✓
2026-10-06T20:22:16.7456707Z knn.norm                        v0·f0·r0
2026-10-06T20:22:16.7457883Z hnsw.search-build               search v0·f0·r0 / build v132·f0·r0 / search reassociated v0·f0·r0 / build reassociated v132·f0·r0
2026-10-06T20:22:16.7458999Z hnsw.distance-cache             v0·f0·r0
2026-10-06T20:22:16.7459591Z text.bm25f                      v0·f0·r0
2026-10-06T20:22:16.7460168Z retrieval.rrf                   v0·f0·r0
2026-10-06T20:22:16.7460904Z retrieval.fusion-frontier       take v0·f0·r0 / insert v0·f0·r0
2026-10-06T20:22:16.7461986Z facade.multimodal-read          text lookup v0·f0·r0
2026-10-06T20:22:16.7462875Z columnar.plain-codec            encode v0·f0·r0·req✓ / decode v0·f0·r0·req✓
2026-10-06T20:22:16.7463645Z columnar.rle                    v0·f0·r0
2026-10-06T20:22:16.7464548Z geo.exact-limbs                 mag_add v0·f0·r0 / gcd v0·f0·r0
2026-10-06T20:22:16.7465425Z geo.relate                      relate v0·f0·r0 / intersect v0·f0·r0
2026-10-06T20:22:16.7466612Z geo.json-write-string           scan avx2 v21·f0·r0·req✓ / call site (values) v0·f0·r0 / call site (names) v0·f0·r0
2026-10-06T20:22:16.7467630Z gts.cbor-writer                 v0·f0·r0
2026-10-06T20:22:16.7468422Z gts.mmr-json-escape             scan avx2 v11·f0·r0·req✓ / call site v0·f0·r0
2026-10-06T20:22:16.7469436Z gts.replication-json-string     scan avx2 v11·f0·r0·req✓ / call site v0·f0·r0
2026-10-06T20:22:16.7470255Z wasm.term-marshal               v0·f0·r0
2026-10-06T20:22:16.7470982Z slice.ownership                 analyze v32·f0·r0 / iri refs v19·f0·r0
2026-10-06T20:22:16.7471952Z slice.prefix-json-string        scan avx2 v21·f0·r0·req✓ / call site v0·f0·r0
2026-10-06T20:22:16.7472985Z slice.dsl-stats-json-string     scan avx2 v24·f0·r0·req✓ / call site v0·f0·r0
2026-10-06T20:22:16.7473977Z cli.pack-input                  v2·f0·r0
2026-10-06T20:22:16.7474588Z rdf.viz-layout                  v37·f0·r0
2026-10-06T20:22:16.7475197Z rdf.projections                 v24·f0·r0
2026-10-06T20:22:16.7476071Z lex.percent-encode              reserved avx2 v21·f0·r0·req✓ / simple avx2 v24·f0·r0·req✓
2026-10-06T20:22:16.7476967Z rdf.csvw-uri-template           call site v0·f0·r0
2026-10-06T20:22:16.7477596Z core.sssom-tsv                  v9·f0·r0
2026-10-06T20:22:16.7478188Z shapes.pydantic-emit            v10·f0·r0
2026-10-06T20:22:16.7478797Z shapes.schema-compile           v0·f0·r0
2026-10-06T20:22:16.7479559Z deflate.match-copy              copy sse2 v0·f0·r0 / copy avx2 v0·f0·r0
2026-10-06T20:22:16.7480862Z deflate.match-length            compare sse2 (avx2 build) v2·f0·r0·req✓ / compare avx2 v2·f0·r0·req✓ / steps v4·f0·r0·req✓
2026-10-06T20:22:17.4910276Z 
2026-10-06T20:22:17.4910905Z FAIL: 1 problem(s):
2026-10-06T20:22:17.4912319Z   - row `core.paged-map-quad` `x86_64-v3` reads 'v14·f0·r0', measured 'v0·f0·r0' (run `python3 scripts/check-simd-asm.py --write-doc`)
2026-10-06T20:22:17.5194409Z deflate.hash-windows            hash avx2 v4·f0·r0·req✓
2026-10-06T20:22:17.5195832Z hash.sha1-block                 sha-ni v97·f0·r0·req✓
2026-10-06T20:22:17.5196469Z hash.crc32-update               vpclmulqdq v41·f0·r0·req✓
2026-10-06T20:22:17.5197132Z hash.hex-encode                 ssse3 (inlined, unrolled) v21·f0·r0·req✓
2026-10-06T20:22:17.5197801Z hash.digest-portable            md5 v0·f0·r0 / sha3 v0·f0·r0
2026-10-06T20:22:17.5198388Z hash.fixed-compress             portable v0·f0·r0
2026-10-06T20:22:17.5199000Z hash.fixed-terminal             portable frozen lookup v4·f0·r0
2026-10-06T20:22:17.5199732Z jsonschema.compile-validate     from_document v0·f0·r0 / is_valid v0·f0·r0
2026-10-06T20:22:17.5200454Z text.unicode-ascii-lower        x86_64-v3 v54·f0·r0·req✓
2026-10-06T20:22:17.5201194Z xsd.rfc3339-lexical             parse v0·f0·r0 / format x86_64-v3 v12·f0·r0·req✓
2026-10-06T20:22:17.5202071Z shapes.instance-projection      graph v6·f0·r0 / subject v4·f0·r0 / list index v15·f0·r0
2026-10-06T20:22:17.5202801Z ed25519.sign                    v3·f0·r0
2026-10-06T20:22:17.5203270Z ed25519.verify                  v23·f0·r0
2026-10-06T20:22:17.5204224Z text.dictionary-storage         build v4·f0·r0 / load v4·f0·r0 / lookup v0·f0·r0
2026-10-06T20:22:17.5204970Z text.dictionary-lattice         lattice entry v0·f0·r0 / prepare v4·f0·r0
2026-10-06T20:22:17.5205591Z text.emoji-recognition          recognize v4·f0·r0 / finite lookup v0·f0·r0
2026-10-06T20:22:17.5206211Z text.phonetic-spelling          canonicalize v0·f0·r0 / encode canonical v0·f0·r0
2026-10-06T20:22:17.5206952Z text.phonetic-distance          prepare band v0·f0·r0 / band v6·f0·r0 / prepare Myers v0·f0·r0 / Myers v0·f0·r0
2026-10-06T20:22:17.5207736Z text.surface-build              assemble v0·f0·r0
2026-10-06T20:22:17.5208152Z text.surface-substring          retrieve v0·f0·r0
2026-10-06T20:22:17.5371699Z make: *** [Makefile:685: simd-asm] Error 1
2026-10-06T20:22:17.5388600Z ##[error]Process completed with exit code 2.
2026-10-06T20:22:17.5518436Z Post job cleanup.
2026-10-06T20:22:17.6356553Z [command]/usr/bin/git version
2026-10-06T20:22:17.6393330Z git version 2.55.0
2026-10-06T20:22:17.6428033Z Temporarily overriding HOME='/home/runner/work/_temp/255e1ae1-3828-4f35-90c2-4172ace333cf' before making global git config changes
2026-10-06T20:22:17.6429076Z Adding repository directory to the temporary git global config as a safe directory
2026-10-06T20:22:17.6434457Z [command]/usr/bin/git config --global --add safe.directory /home/runner/work/purrdf/purrdf
2026-10-06T20:22:17.6464790Z Removing SSH command configuration
2026-10-06T20:22:17.6471155Z [command]/usr/bin/git config --local --name-only --get-regexp core\.sshCommand
2026-10-06T20:22:17.6504656Z [command]/usr/bin/git submodule foreach --recursive sh -c "git config --local --name-only --get-regexp 'core\.sshCommand' && git config --local --unset-all 'core.sshCommand' || :"
2026-10-06T20:22:17.6734272Z Removing HTTP extra header
2026-10-06T20:22:17.6738909Z [command]/usr/bin/git config --local --name-only --get-regexp http\.https\:\/\/github\.com\/\.extraheader
2026-10-06T20:22:17.6769224Z [command]/usr/bin/git submodule foreach --recursive sh -c "git config --local --name-only --get-regexp 'http\.https\:\/\/github\.com\/\.extraheader' && git config --local --unset-all 'http.https://github.com/.extraheader' || :"
2026-10-06T20:22:17.6998017Z Removing includeIf entries pointing to credentials config files
2026-10-06T20:22:17.7003411Z [command]/usr/bin/git config --local --name-only --get-regexp ^includeIf\.gitdir:
2026-10-06T20:22:17.7034141Z [command]/usr/bin/git submodule foreach --recursive git config --local --show-origin --name-only --get-regexp remote.origin.url
2026-10-06T20:22:17.7400334Z Cleaning up orphan processes
2026-10-06T20:22:17.7784886Z ##[warning]Node.js 20 is deprecated. The following actions target Node.js 20 but are being forced to run on Node.js 24: actions/cache@0057852bfaa89a56745cba8c7296529d2fc39830. For more information see: https://github.blog/changelog/2025-09-19-deprecation-of-node-20-on-github-actions-runners/
