2026-10-06T20:16:05.5693685Z Current runner version: '2.337.0'
2026-10-06T20:16:05.5719183Z ##[group]Runner Image Provisioner
2026-10-06T20:16:05.5720041Z Hosted Compute Agent
2026-10-06T20:16:05.5720704Z Version: 20260901.588
2026-10-06T20:16:05.5721372Z Commit: f88ec8081b781fac6c440065ac7ff9e710ce3d0b
2026-10-06T20:16:05.5722201Z Build Date: 2026-09-01T19:56:44Z
2026-10-06T20:16:05.5722895Z Worker ID: {224cadc8-a9fe-4922-bd49-ded58df9c89d}
2026-10-06T20:16:05.5723598Z Azure Region: westus
2026-10-06T20:16:05.5724205Z ##[endgroup]
2026-10-06T20:16:05.5725663Z ##[group]Operating System
2026-10-06T20:16:05.5726301Z Ubuntu
2026-10-06T20:16:05.5726906Z 24.04.5
2026-10-06T20:16:05.5727620Z LTS
2026-10-06T20:16:05.5728187Z ##[endgroup]
2026-10-06T20:16:05.5728751Z ##[group]Runner Image
2026-10-06T20:16:05.5729414Z Image: ubuntu-24.04
2026-10-06T20:16:05.5730034Z Version: 20260927.320.1
2026-10-06T20:16:05.5731258Z Included Software: https://github.com/actions/runner-images/blob/ubuntu24/20260927.320/images/ubuntu/Ubuntu2404-Readme.md
2026-10-06T20:16:05.5732843Z Image Release: https://github.com/actions/runner-images/releases/tag/ubuntu24%2F20260927.320
2026-10-06T20:16:05.5733860Z ##[endgroup]
2026-10-06T20:16:05.5734981Z ##[group]GITHUB_TOKEN Permissions
2026-10-06T20:16:05.5736958Z Contents: read
2026-10-06T20:16:05.5737923Z Metadata: read
2026-10-06T20:16:05.5738529Z ##[endgroup]
2026-10-06T20:16:05.5740668Z Secret source: Actions
2026-10-06T20:16:05.5741649Z Cache mode: write
2026-10-06T20:16:05.5742463Z Prepare workflow directory
2026-10-06T20:16:05.6078135Z Prepare all required actions
2026-10-06T20:16:05.6128006Z Getting action download info
2026-10-06T20:16:06.0254730Z Download action repository 'actions/checkout@9c091bb21b7c1c1d1991bb908d89e4e9dddfe3e0' (SHA:9c091bb21b7c1c1d1991bb908d89e4e9dddfe3e0)
2026-10-06T20:16:06.1385987Z Download action repository 'dtolnay/rust-toolchain@29eef336d9b2848a0b548edc03f92a220660cdb8' (SHA:29eef336d9b2848a0b548edc03f92a220660cdb8)
2026-10-06T20:16:06.3774570Z Download action repository 'actions/cache@0057852bfaa89a56745cba8c7296529d2fc39830' (SHA:0057852bfaa89a56745cba8c7296529d2fc39830)
2026-10-06T20:16:06.4686808Z Download action repository 'actions/upload-artifact@043fb46d1a93c77aae656e7c1c64a875d1fc6a0a' (SHA:043fb46d1a93c77aae656e7c1c64a875d1fc6a0a)
2026-10-06T20:16:06.7222303Z Complete job name: simd-asm-config (x86_64-v4)
2026-10-06T20:16:06.8144382Z ##[group]Run actions/checkout@9c091bb21b7c1c1d1991bb908d89e4e9dddfe3e0
2026-10-06T20:16:06.8146140Z with:
2026-10-06T20:16:06.8146961Z   persist-credentials: false
2026-10-06T20:16:06.8148215Z   repository: Blackcat-Informatics/purrdf
2026-10-06T20:16:06.8156206Z   token: ***
2026-10-06T20:16:06.8157006Z   ssh-strict: true
2026-10-06T20:16:06.8157955Z   ssh-user: git
2026-10-06T20:16:06.8158757Z   clean: true
2026-10-06T20:16:06.8159597Z   sparse-checkout-cone-mode: true
2026-10-06T20:16:06.8160612Z   fetch-depth: 1
2026-10-06T20:16:06.8161427Z   fetch-tags: false
2026-10-06T20:16:06.8162269Z   show-progress: true
2026-10-06T20:16:06.8163122Z   lfs: false
2026-10-06T20:16:06.8163925Z   submodules: false
2026-10-06T20:16:06.8164766Z   set-safe-directory: true
2026-10-06T20:16:06.8165731Z   allow-unsafe-pr-checkout: false
2026-10-06T20:16:06.8167012Z ##[endgroup]
2026-10-06T20:16:06.9153221Z Syncing repository: Blackcat-Informatics/purrdf
2026-10-06T20:16:06.9156121Z ##[group]Getting Git version info
2026-10-06T20:16:06.9157732Z Working directory is '/home/runner/work/purrdf/purrdf'
2026-10-06T20:16:06.9159573Z [command]/usr/bin/git version
2026-10-06T20:16:06.9222309Z git version 2.55.0
2026-10-06T20:16:06.9245183Z ##[endgroup]
2026-10-06T20:16:06.9257814Z Temporarily overriding HOME='/home/runner/work/_temp/b44bd634-910c-4d7d-963c-800e64d96570' before making global git config changes
2026-10-06T20:16:06.9262543Z Adding repository directory to the temporary git global config as a safe directory
2026-10-06T20:16:06.9266280Z [command]/usr/bin/git config --global --add safe.directory /home/runner/work/purrdf/purrdf
2026-10-06T20:16:06.9310436Z Deleting the contents of '/home/runner/work/purrdf/purrdf'
2026-10-06T20:16:06.9314447Z ##[group]Determining repository object format
2026-10-06T20:16:06.9317650Z ##[endgroup]
2026-10-06T20:16:06.9320136Z ##[group]Initializing the repository
2026-10-06T20:16:06.9322425Z [command]/usr/bin/git init /home/runner/work/purrdf/purrdf
2026-10-06T20:16:06.9420410Z hint: Using 'master' as the name for the initial branch. This default branch name
2026-10-06T20:16:06.9423697Z hint: will change to "main" in Git 3.0. To configure the initial branch name
2026-10-06T20:16:06.9426192Z hint: to use in all of your new repositories, which will suppress this warning,
2026-10-06T20:16:06.9427933Z hint: call:
2026-10-06T20:16:06.9496100Z hint:
2026-10-06T20:16:06.9498060Z hint: 	git config --global init.defaultBranch <name>
2026-10-06T20:16:06.9500115Z hint:
2026-10-06T20:16:06.9501575Z hint: Names commonly chosen instead of 'master' are 'main', 'trunk' and
2026-10-06T20:16:06.9503360Z hint: 'development'. The just-created branch can be renamed via this command:
2026-10-06T20:16:06.9504815Z hint:
2026-10-06T20:16:06.9505585Z hint: 	git branch -m <name>
2026-10-06T20:16:06.9506640Z hint:
2026-10-06T20:16:06.9508138Z hint: Disable this message with "git config set advice.defaultBranchName false"
2026-10-06T20:16:06.9510853Z Initialized empty Git repository in /home/runner/work/purrdf/purrdf/.git/
2026-10-06T20:16:06.9514632Z [command]/usr/bin/git remote add origin https://github.com/Blackcat-Informatics/purrdf
2026-10-06T20:16:06.9518127Z ##[endgroup]
2026-10-06T20:16:06.9519719Z ##[group]Disabling automatic garbage collection
2026-10-06T20:16:06.9521363Z [command]/usr/bin/git config --local gc.auto 0
2026-10-06T20:16:06.9524015Z ##[endgroup]
2026-10-06T20:16:06.9525309Z ##[group]Setting up auth
2026-10-06T20:16:06.9526397Z Removing SSH command configuration
2026-10-06T20:16:06.9528156Z [command]/usr/bin/git config --local --name-only --get-regexp core\.sshCommand
2026-10-06T20:16:06.9553061Z [command]/usr/bin/git submodule foreach --recursive sh -c "git config --local --name-only --get-regexp 'core\.sshCommand' && git config --local --unset-all 'core.sshCommand' || :"
2026-10-06T20:16:06.9891106Z Removing HTTP extra header
2026-10-06T20:16:06.9898106Z [command]/usr/bin/git config --local --name-only --get-regexp http\.https\:\/\/github\.com\/\.extraheader
2026-10-06T20:16:06.9931680Z [command]/usr/bin/git submodule foreach --recursive sh -c "git config --local --name-only --get-regexp 'http\.https\:\/\/github\.com\/\.extraheader' && git config --local --unset-all 'http.https://github.com/.extraheader' || :"
2026-10-06T20:16:07.0146015Z Removing includeIf entries pointing to credentials config files
2026-10-06T20:16:07.0149864Z [command]/usr/bin/git config --local --name-only --get-regexp ^includeIf\.gitdir:
2026-10-06T20:16:07.0179897Z [command]/usr/bin/git submodule foreach --recursive git config --local --show-origin --name-only --get-regexp remote.origin.url
2026-10-06T20:16:07.0400773Z [command]/usr/bin/git config --file /home/runner/work/_temp/git-credentials-887788ac-5b37-407a-9c20-025a86eac7bd.config http.https://github.com/.extraheader AUTHORIZATION: basic ***
2026-10-06T20:16:07.0437162Z [command]/usr/bin/git config --local includeIf.gitdir:/home/runner/work/purrdf/purrdf/.git.path /home/runner/work/_temp/git-credentials-887788ac-5b37-407a-9c20-025a86eac7bd.config
2026-10-06T20:16:07.0467277Z [command]/usr/bin/git config --local includeIf.gitdir:/home/runner/work/purrdf/purrdf/.git/worktrees/*.path /home/runner/work/_temp/git-credentials-887788ac-5b37-407a-9c20-025a86eac7bd.config
2026-10-06T20:16:07.0501361Z [command]/usr/bin/git config --local includeIf.gitdir:/github/workspace/.git.path /github/runner_temp/git-credentials-887788ac-5b37-407a-9c20-025a86eac7bd.config
2026-10-06T20:16:07.0532499Z [command]/usr/bin/git config --local includeIf.gitdir:/github/workspace/.git/worktrees/*.path /github/runner_temp/git-credentials-887788ac-5b37-407a-9c20-025a86eac7bd.config
2026-10-06T20:16:07.0559607Z ##[endgroup]
2026-10-06T20:16:07.0565334Z ##[group]Fetching the repository
2026-10-06T20:16:07.0568463Z [command]/usr/bin/git -c protocol.version=2 fetch --no-tags --prune --no-recurse-submodules --depth=1 origin +44a368ac1503db6f10bda40c24fd90bca063dc34:refs/remotes/pull/466/merge
2026-10-06T20:16:12.8799286Z From https://github.com/Blackcat-Informatics/purrdf
2026-10-06T20:16:12.8800445Z  * [new ref]         44a368ac1503db6f10bda40c24fd90bca063dc34 -> pull/466/merge
2026-10-06T20:16:12.8804427Z ##[endgroup]
2026-10-06T20:16:12.8805322Z ##[group]Determining the checkout info
2026-10-06T20:16:12.8806370Z ##[endgroup]
2026-10-06T20:16:12.8811589Z [command]/usr/bin/git sparse-checkout disable
2026-10-06T20:16:12.8860053Z [command]/usr/bin/git config --local --unset-all extensions.worktreeConfig
2026-10-06T20:16:12.8888121Z ##[group]Checking out the ref
2026-10-06T20:16:12.8892201Z [command]/usr/bin/git checkout --progress --force refs/remotes/pull/466/merge
2026-10-06T20:16:13.9115029Z Updating files:  63% (11469/17999)
2026-10-06T20:16:13.9177260Z Updating files:  64% (11520/17999)
2026-10-06T20:16:13.9255068Z Updating files:  65% (11700/17999)
2026-10-06T20:16:13.9332117Z Updating files:  66% (11880/17999)
2026-10-06T20:16:13.9401509Z Updating files:  67% (12060/17999)
2026-10-06T20:16:13.9466140Z Updating files:  68% (12240/17999)
2026-10-06T20:16:13.9542103Z Updating files:  69% (12420/17999)
2026-10-06T20:16:13.9601649Z Updating files:  70% (12600/17999)
2026-10-06T20:16:13.9667449Z Updating files:  71% (12780/17999)
2026-10-06T20:16:13.9728943Z Updating files:  72% (12960/17999)
2026-10-06T20:16:13.9793809Z Updating files:  73% (13140/17999)
2026-10-06T20:16:13.9861116Z Updating files:  74% (13320/17999)
2026-10-06T20:16:13.9920872Z Updating files:  75% (13500/17999)
2026-10-06T20:16:13.9984050Z Updating files:  76% (13680/17999)
2026-10-06T20:16:14.0048923Z Updating files:  77% (13860/17999)
2026-10-06T20:16:14.0121976Z Updating files:  78% (14040/17999)
2026-10-06T20:16:14.0183744Z Updating files:  79% (14220/17999)
2026-10-06T20:16:14.0245752Z Updating files:  80% (14400/17999)
2026-10-06T20:16:14.0306450Z Updating files:  81% (14580/17999)
2026-10-06T20:16:14.0365957Z Updating files:  82% (14760/17999)
2026-10-06T20:16:14.0453964Z Updating files:  83% (14940/17999)
2026-10-06T20:16:14.0515488Z Updating files:  84% (15120/17999)
2026-10-06T20:16:14.0578603Z Updating files:  85% (15300/17999)
2026-10-06T20:16:14.0642602Z Updating files:  86% (15480/17999)
2026-10-06T20:16:14.0704691Z Updating files:  87% (15660/17999)
2026-10-06T20:16:14.0766579Z Updating files:  88% (15840/17999)
2026-10-06T20:16:14.0835557Z Updating files:  89% (16020/17999)
2026-10-06T20:16:14.0900587Z Updating files:  90% (16200/17999)
2026-10-06T20:16:14.0964594Z Updating files:  91% (16380/17999)
2026-10-06T20:16:14.1030138Z Updating files:  92% (16560/17999)
2026-10-06T20:16:14.1094737Z Updating files:  93% (16740/17999)
2026-10-06T20:16:14.1160301Z Updating files:  94% (16920/17999)
2026-10-06T20:16:14.1229300Z Updating files:  95% (17100/17999)
2026-10-06T20:16:14.1298818Z Updating files:  96% (17280/17999)
2026-10-06T20:16:14.1370207Z Updating files:  97% (17460/17999)
2026-10-06T20:16:14.1442529Z Updating files:  98% (17640/17999)
2026-10-06T20:16:14.1510688Z Updating files:  99% (17820/17999)
2026-10-06T20:16:14.1511211Z Updating files: 100% (17999/17999)
2026-10-06T20:16:14.1511791Z Updating files: 100% (17999/17999), done.
2026-10-06T20:16:14.1683634Z Note: switching to 'refs/remotes/pull/466/merge'.
2026-10-06T20:16:14.1684238Z 
2026-10-06T20:16:14.1684622Z You are in 'detached HEAD' state. You can look around, make experimental
2026-10-06T20:16:14.1685456Z changes and commit them, and you can discard any commits you make in this
2026-10-06T20:16:14.1686106Z state without impacting any branches by switching back to a branch.
2026-10-06T20:16:14.1686413Z 
2026-10-06T20:16:14.1686628Z If you want to create a new branch to retain commits you create, you may
2026-10-06T20:16:14.1687092Z do so (now or later) by using -c with the switch command. Example:
2026-10-06T20:16:14.1687624Z 
2026-10-06T20:16:14.1688193Z   git switch -c <new-branch-name>
2026-10-06T20:16:14.1688530Z 
2026-10-06T20:16:14.1688704Z Or undo this operation with:
2026-10-06T20:16:14.1688992Z 
2026-10-06T20:16:14.1689139Z   git switch -
2026-10-06T20:16:14.1689352Z 
2026-10-06T20:16:14.1689751Z Turn off this advice by setting config variable advice.detachedHead to false
2026-10-06T20:16:14.1690315Z 
2026-10-06T20:16:14.1690947Z HEAD is now at 44a368a Merge b2edf7450cf654d20ae97bd856d67102d0916b7b into b6f7c9b0f6b84ffe496719e39f2d2ba52d5ed3ac
2026-10-06T20:16:14.1723434Z ##[endgroup]
2026-10-06T20:16:14.1778559Z [command]/usr/bin/git log -1 --format=%H
2026-10-06T20:16:14.1802086Z 44a368ac1503db6f10bda40c24fd90bca063dc34
2026-10-06T20:16:14.1813918Z ##[group]Removing auth
2026-10-06T20:16:14.1814396Z Removing SSH command configuration
2026-10-06T20:16:14.1819350Z [command]/usr/bin/git config --local --name-only --get-regexp core\.sshCommand
2026-10-06T20:16:14.1851520Z [command]/usr/bin/git submodule foreach --recursive sh -c "git config --local --name-only --get-regexp 'core\.sshCommand' && git config --local --unset-all 'core.sshCommand' || :"
2026-10-06T20:16:14.2098074Z Removing HTTP extra header
2026-10-06T20:16:14.2102021Z [command]/usr/bin/git config --local --name-only --get-regexp http\.https\:\/\/github\.com\/\.extraheader
2026-10-06T20:16:14.2138904Z [command]/usr/bin/git submodule foreach --recursive sh -c "git config --local --name-only --get-regexp 'http\.https\:\/\/github\.com\/\.extraheader' && git config --local --unset-all 'http.https://github.com/.extraheader' || :"
2026-10-06T20:16:14.2368188Z Removing includeIf entries pointing to credentials config files
2026-10-06T20:16:14.2372088Z [command]/usr/bin/git config --local --name-only --get-regexp ^includeIf\.gitdir:
2026-10-06T20:16:14.2397193Z includeif.gitdir:/home/runner/work/purrdf/purrdf/.git.path
2026-10-06T20:16:14.2398549Z includeif.gitdir:/home/runner/work/purrdf/purrdf/.git/worktrees/*.path
2026-10-06T20:16:14.2399127Z includeif.gitdir:/github/workspace/.git.path
2026-10-06T20:16:14.2399796Z includeif.gitdir:/github/workspace/.git/worktrees/*.path
2026-10-06T20:16:14.2409796Z [command]/usr/bin/git config --local --get-all includeif.gitdir:/home/runner/work/purrdf/purrdf/.git.path
2026-10-06T20:16:14.2438253Z /home/runner/work/_temp/git-credentials-887788ac-5b37-407a-9c20-025a86eac7bd.config
2026-10-06T20:16:14.2451278Z [command]/usr/bin/git config --local --unset includeif.gitdir:/home/runner/work/purrdf/purrdf/.git.path /home/runner/work/_temp/git-credentials-887788ac-5b37-407a-9c20-025a86eac7bd.config
2026-10-06T20:16:14.2485170Z [command]/usr/bin/git config --local --get-all includeif.gitdir:/home/runner/work/purrdf/purrdf/.git/worktrees/*.path
2026-10-06T20:16:14.2506660Z /home/runner/work/_temp/git-credentials-887788ac-5b37-407a-9c20-025a86eac7bd.config
2026-10-06T20:16:14.2514962Z [command]/usr/bin/git config --local --unset includeif.gitdir:/home/runner/work/purrdf/purrdf/.git/worktrees/*.path /home/runner/work/_temp/git-credentials-887788ac-5b37-407a-9c20-025a86eac7bd.config
2026-10-06T20:16:14.2555957Z [command]/usr/bin/git config --local --get-all includeif.gitdir:/github/workspace/.git.path
2026-10-06T20:16:14.2573239Z /github/runner_temp/git-credentials-887788ac-5b37-407a-9c20-025a86eac7bd.config
2026-10-06T20:16:14.2581001Z [command]/usr/bin/git config --local --unset includeif.gitdir:/github/workspace/.git.path /github/runner_temp/git-credentials-887788ac-5b37-407a-9c20-025a86eac7bd.config
2026-10-06T20:16:14.2612768Z [command]/usr/bin/git config --local --get-all includeif.gitdir:/github/workspace/.git/worktrees/*.path
2026-10-06T20:16:14.2634378Z /github/runner_temp/git-credentials-887788ac-5b37-407a-9c20-025a86eac7bd.config
2026-10-06T20:16:14.2642018Z [command]/usr/bin/git config --local --unset includeif.gitdir:/github/workspace/.git/worktrees/*.path /github/runner_temp/git-credentials-887788ac-5b37-407a-9c20-025a86eac7bd.config
2026-10-06T20:16:14.2673858Z [command]/usr/bin/git submodule foreach --recursive git config --local --show-origin --name-only --get-regexp remote.origin.url
2026-10-06T20:16:14.2903230Z Removing credentials config '/home/runner/work/_temp/git-credentials-887788ac-5b37-407a-9c20-025a86eac7bd.config'
2026-10-06T20:16:14.2912294Z ##[endgroup]
2026-10-06T20:16:14.3236128Z ##[group]Run dtolnay/rust-toolchain@29eef336d9b2848a0b548edc03f92a220660cdb8
2026-10-06T20:16:14.3236543Z with:
2026-10-06T20:16:14.3236733Z   toolchain: nightly
2026-10-06T20:16:14.3237023Z   targets: wasm32-unknown-unknown, aarch64-unknown-linux-gnu
2026-10-06T20:16:14.3237543Z ##[endgroup]
2026-10-06T20:16:14.3330484Z ##[start-action display=Run : parse toolchain version;id=__dtolnay_rust-toolchain.parse]
2026-10-06T20:16:14.3372368Z ##[group]Run : parse toolchain version
2026-10-06T20:16:14.3372727Z [36;1m: parse toolchain version[0m
2026-10-06T20:16:14.3373015Z [36;1mif [[ -z $toolchain ]]; then[0m
2026-10-06T20:16:14.3373536Z [36;1m  # GitHub does not enforce `required: true` inputs itself. https://github.com/actions/runner/issues/1070[0m
2026-10-06T20:16:14.3374109Z [36;1m  echo "'toolchain' is a required input" >&2[0m
2026-10-06T20:16:14.3374398Z [36;1m  exit 1[0m
2026-10-06T20:16:14.3374762Z [36;1melif [[ $toolchain =~ ^stable' '[0-9]+' '(year|month|week|day)s?' 'ago$ ]]; then[0m
2026-10-06T20:16:14.3375168Z [36;1m  if [[ Linux == macOS ]]; then[0m
2026-10-06T20:16:14.3375686Z [36;1m    echo "toolchain=1.$((($(date -v-$(sed 's/stable \([0-9]*\) \(.\).*/\1\2/' <<< $toolchain) +%s)/60/60/24-16569)/7/6))" >> $GITHUB_OUTPUT[0m
2026-10-06T20:16:14.3376184Z [36;1m  else[0m
2026-10-06T20:16:14.3376573Z [36;1m    echo "toolchain=1.$((($(date --date "${toolchain#stable }" +%s)/60/60/24-16569)/7/6))" >> $GITHUB_OUTPUT[0m
2026-10-06T20:16:14.3377021Z [36;1m  fi[0m
2026-10-06T20:16:14.3377309Z [36;1melif [[ $toolchain =~ ^stable' 'minus' '[0-9]+' 'releases?$ ]]; then[0m
2026-10-06T20:16:14.3378058Z [36;1m  echo "toolchain=1.$((($(date +%s)/60/60/24-16569)/7/6-${toolchain//[^0-9]/}))" >> $GITHUB_OUTPUT[0m
2026-10-06T20:16:14.3378530Z [36;1melif [[ $toolchain =~ ^1\.[0-9]+$ ]]; then[0m
2026-10-06T20:16:14.3379057Z [36;1m  echo "toolchain=1.$((i=${toolchain#1.}, c=($(date +%s)/60/60/24-16569)/7/6, i+9*i*(10*i<=c)+90*i*(100*i<=c)))" >> $GITHUB_OUTPUT[0m
2026-10-06T20:16:14.3379548Z [36;1melse[0m
2026-10-06T20:16:14.3379789Z [36;1m  echo "toolchain=$toolchain" >> $GITHUB_OUTPUT[0m
2026-10-06T20:16:14.3380085Z [36;1mfi[0m
2026-10-06T20:16:14.3641989Z shell: /usr/bin/bash --noprofile --norc -e -o pipefail {0}
2026-10-06T20:16:14.3642372Z env:
2026-10-06T20:16:14.3642581Z   toolchain: nightly
2026-10-06T20:16:14.3642823Z ##[endgroup]
2026-10-06T20:16:14.3776382Z ##[end-action id=__dtolnay_rust-toolchain.parse;outcome=success;conclusion=success;duration_ms=44]
2026-10-06T20:16:14.3800395Z ##[start-action display=Run : construct rustup command line;id=__dtolnay_rust-toolchain.flags]
2026-10-06T20:16:14.3824794Z ##[group]Run : construct rustup command line
2026-10-06T20:16:14.3825116Z [36;1m: construct rustup command line[0m
2026-10-06T20:16:14.3825593Z [36;1mecho "targets=$(for t in ${targets//,/ }; do echo -n ' --target' $t; done)" >> $GITHUB_OUTPUT[0m
2026-10-06T20:16:14.3826231Z [36;1mecho "components=$(for c in ${components//,/ }; do echo -n ' --component' $c; done)" >> $GITHUB_OUTPUT[0m
2026-10-06T20:16:14.3826719Z [36;1mecho "downgrade=" >> $GITHUB_OUTPUT[0m
2026-10-06T20:16:14.3886826Z shell: /usr/bin/bash --noprofile --norc -e -o pipefail {0}
2026-10-06T20:16:14.3887190Z env:
2026-10-06T20:16:14.3887757Z   targets: wasm32-unknown-unknown, aarch64-unknown-linux-gnu
2026-10-06T20:16:14.3888097Z   components: 
2026-10-06T20:16:14.3888293Z ##[endgroup]
2026-10-06T20:16:14.3986280Z ##[end-action id=__dtolnay_rust-toolchain.flags;outcome=success;conclusion=success;duration_ms=18]
2026-10-06T20:16:14.3989955Z ##[start-action display=Run : set $CARGO_HOME;id=__dtolnay_rust-toolchain.__run]
2026-10-06T20:16:14.4012754Z ##[group]Run : set $CARGO_HOME
2026-10-06T20:16:14.4013016Z [36;1m: set $CARGO_HOME[0m
2026-10-06T20:16:14.4013333Z [36;1mecho CARGO_HOME=${CARGO_HOME:-"$HOME/.cargo"} >> $GITHUB_ENV[0m
2026-10-06T20:16:14.4075339Z shell: /usr/bin/bash --noprofile --norc -e -o pipefail {0}
2026-10-06T20:16:14.4075683Z ##[endgroup]
2026-10-06T20:16:14.4165695Z ##[end-action id=__dtolnay_rust-toolchain.__run;outcome=success;conclusion=success;duration_ms=17]
2026-10-06T20:16:14.4168145Z ##[start-action display=Run : install rustup if needed;id=__dtolnay_rust-toolchain.__run_2]
2026-10-06T20:16:14.4196904Z ##[group]Run : install rustup if needed
2026-10-06T20:16:14.4197213Z [36;1m: install rustup if needed[0m
2026-10-06T20:16:14.4197840Z [36;1mif ! command -v rustup &>/dev/null; then[0m
2026-10-06T20:16:14.4198614Z [36;1m  curl --proto '=https' --tlsv1.2 --retry 10 --retry-connrefused --location --silent --show-error --fail https://sh.rustup.rs | sh -s -- --default-toolchain none -y[0m
2026-10-06T20:16:14.4199357Z [36;1m  echo "$CARGO_HOME/bin" >> $GITHUB_PATH[0m
2026-10-06T20:16:14.4199632Z [36;1mfi[0m
2026-10-06T20:16:14.4259890Z shell: /usr/bin/bash --noprofile --norc -e -o pipefail {0}
2026-10-06T20:16:14.4260234Z env:
2026-10-06T20:16:14.4260430Z   CARGO_HOME: /home/runner/.cargo
2026-10-06T20:16:14.4260679Z ##[endgroup]
2026-10-06T20:16:14.4374841Z ##[end-action id=__dtolnay_rust-toolchain.__run_2;outcome=success;conclusion=success;duration_ms=20]
2026-10-06T20:16:14.4379600Z ##[start-action display=Run : install rustup if needed on windows;id=__dtolnay_rust-toolchain.__run_3]
2026-10-06T20:16:14.4386138Z ##[end-action id=__dtolnay_rust-toolchain.__run_3;outcome=skipped;conclusion=skipped;duration_ms=0]
2026-10-06T20:16:14.4389869Z ##[start-action display=rustup toolchain install nightly;id=__dtolnay_rust-toolchain.__run_4]
2026-10-06T20:16:14.4414249Z ##[group]Run rustup toolchain install nightly --target wasm32-unknown-unknown --target aarch64-unknown-linux-gnu --profile minimal --no-self-update
2026-10-06T20:16:14.4415263Z [36;1mrustup toolchain install nightly --target wasm32-unknown-unknown --target aarch64-unknown-linux-gnu --profile minimal --no-self-update[0m
2026-10-06T20:16:14.4477868Z shell: /usr/bin/bash --noprofile --norc -e -o pipefail {0}
2026-10-06T20:16:14.4478204Z env:
2026-10-06T20:16:14.4478407Z   CARGO_HOME: /home/runner/.cargo
2026-10-06T20:16:14.4478675Z   RUSTUP_PERMIT_COPY_RENAME: 1
2026-10-06T20:16:14.4478903Z ##[endgroup]
2026-10-06T20:16:14.4952236Z info: syncing channel updates for nightly-x86_64-unknown-linux-gnu
2026-10-06T20:16:14.6265379Z info: latest update on 2026-10-06 for version 1.101.0-nightly (ea137335b 2026-10-05)
2026-10-06T20:16:14.6265867Z info: downloading 5 components
2026-10-06T20:16:25.5985202Z 
2026-10-06T20:16:25.6051971Z   nightly-x86_64-unknown-linux-gnu installed - rustc 1.101.0-nightly (ea137335b 2026-10-05)
2026-10-06T20:16:25.6052553Z 
2026-10-06T20:16:25.6127837Z ##[end-action id=__dtolnay_rust-toolchain.__run_4;outcome=success;conclusion=success;duration_ms=11173]
2026-10-06T20:16:25.6133681Z ##[start-action display=Run rustup default nightly;id=__dtolnay_rust-toolchain.__run_5]
2026-10-06T20:16:25.6154376Z ##[group]Run rustup default nightly
2026-10-06T20:16:25.6154669Z [36;1mrustup default nightly[0m
2026-10-06T20:16:25.6215304Z shell: /usr/bin/bash --noprofile --norc -e -o pipefail {0}
2026-10-06T20:16:25.6215662Z env:
2026-10-06T20:16:25.6215867Z   CARGO_HOME: /home/runner/.cargo
2026-10-06T20:16:25.6216120Z ##[endgroup]
2026-10-06T20:16:25.6336441Z info: using existing install for nightly-x86_64-unknown-linux-gnu
2026-10-06T20:16:25.6346925Z info: default toolchain set to nightly-x86_64-unknown-linux-gnu
2026-10-06T20:16:25.6347619Z 
2026-10-06T20:16:25.6409177Z   nightly-x86_64-unknown-linux-gnu unchanged - rustc 1.101.0-nightly (ea137335b 2026-10-05)
2026-10-06T20:16:25.6409706Z 
2026-10-06T20:16:25.6410194Z info: note that the toolchain 'nightly-x86_64-unknown-linux-gnu' is currently in use (overridden by '/home/runner/work/purrdf/purrdf/rust-toolchain.toml')
2026-10-06T20:16:25.6426327Z ##[end-action id=__dtolnay_rust-toolchain.__run_5;outcome=success;conclusion=success;duration_ms=29]
2026-10-06T20:16:25.6431291Z ##[start-action display=Run : create cachekey;id=__dtolnay_rust-toolchain.rustc-version]
2026-10-06T20:16:25.6451443Z ##[group]Run : create cachekey
2026-10-06T20:16:25.6451892Z [36;1m: create cachekey[0m
2026-10-06T20:16:25.6452408Z [36;1mDATE=$(rustc +nightly --version --verbose | sed -ne 's/^commit-date: \(20[0-9][0-9]\)-\([01][0-9]\)-\([0-3][0-9]\)$/\1\2\3/p')[0m
2026-10-06T20:16:25.6453060Z [36;1mHASH=$(rustc +nightly --version --verbose | sed -ne 's/^commit-hash: //p')[0m
2026-10-06T20:16:25.6453558Z [36;1mecho "cachekey=$(echo $DATE$HASH | head -c12)" >> $GITHUB_OUTPUT[0m
2026-10-06T20:16:25.6513858Z shell: /usr/bin/bash --noprofile --norc -e -o pipefail {0}
2026-10-06T20:16:25.6514196Z env:
2026-10-06T20:16:25.6514393Z   CARGO_HOME: /home/runner/.cargo
2026-10-06T20:16:25.6514636Z ##[endgroup]
2026-10-06T20:16:25.6856668Z ##[end-action id=__dtolnay_rust-toolchain.rustc-version;outcome=success;conclusion=success;duration_ms=42]
2026-10-06T20:16:25.6859594Z ##[start-action display=Run : disable incremental compilation;id=__dtolnay_rust-toolchain.__run_6]
2026-10-06T20:16:25.6879378Z ##[group]Run : disable incremental compilation
2026-10-06T20:16:25.6879745Z [36;1m: disable incremental compilation[0m
2026-10-06T20:16:25.6880076Z [36;1mif [ -z "${CARGO_INCREMENTAL+set}" ]; then[0m
2026-10-06T20:16:25.6880402Z [36;1m  echo CARGO_INCREMENTAL=0 >> $GITHUB_ENV[0m
2026-10-06T20:16:25.6880683Z [36;1mfi[0m
2026-10-06T20:16:25.6940578Z shell: /usr/bin/bash --noprofile --norc -e -o pipefail {0}
2026-10-06T20:16:25.6940925Z env:
2026-10-06T20:16:25.6941134Z   CARGO_HOME: /home/runner/.cargo
2026-10-06T20:16:25.6941398Z ##[endgroup]
2026-10-06T20:16:25.7024575Z ##[end-action id=__dtolnay_rust-toolchain.__run_6;outcome=success;conclusion=success;duration_ms=16]
2026-10-06T20:16:25.7027877Z ##[start-action display=Run : enable colors in Cargo output;id=__dtolnay_rust-toolchain.__run_7]
2026-10-06T20:16:25.7047022Z ##[group]Run : enable colors in Cargo output
2026-10-06T20:16:25.7047624Z [36;1m: enable colors in Cargo output[0m
2026-10-06T20:16:25.7047950Z [36;1mif [ -z "${CARGO_TERM_COLOR+set}" ]; then[0m
2026-10-06T20:16:25.7048295Z [36;1m  echo CARGO_TERM_COLOR=always >> $GITHUB_ENV[0m
2026-10-06T20:16:25.7048586Z [36;1mfi[0m
2026-10-06T20:16:25.7104624Z shell: /usr/bin/bash --noprofile --norc -e -o pipefail {0}
2026-10-06T20:16:25.7104964Z env:
2026-10-06T20:16:25.7105160Z   CARGO_HOME: /home/runner/.cargo
2026-10-06T20:16:25.7105421Z   CARGO_INCREMENTAL: 0
2026-10-06T20:16:25.7105628Z ##[endgroup]
2026-10-06T20:16:25.7187984Z ##[end-action id=__dtolnay_rust-toolchain.__run_7;outcome=success;conclusion=success;duration_ms=15]
2026-10-06T20:16:25.7192862Z ##[start-action display=Run : enable Cargo sparse registry;id=__dtolnay_rust-toolchain.__run_8]
2026-10-06T20:16:25.7212591Z ##[group]Run : enable Cargo sparse registry
2026-10-06T20:16:25.7212919Z [36;1m: enable Cargo sparse registry[0m
2026-10-06T20:16:25.7213279Z [36;1m# implemented in 1.66, stabilized in 1.68, made default in 1.70[0m
2026-10-06T20:16:25.7213995Z [36;1mif [ -z "${CARGO_REGISTRIES_CRATES_IO_PROTOCOL+set}" -o -f "/home/runner/work/_temp"/.implicit_cargo_registries_crates_io_protocol ]; then[0m
2026-10-06T20:16:25.7214745Z [36;1m  if rustc +nightly --version --verbose | grep -q '^release: 1\.6[89]\.'; then[0m
2026-10-06T20:16:25.7215334Z [36;1m    touch "/home/runner/work/_temp"/.implicit_cargo_registries_crates_io_protocol || true[0m
2026-10-06T20:16:25.7215866Z [36;1m    echo CARGO_REGISTRIES_CRATES_IO_PROTOCOL=sparse >> $GITHUB_ENV[0m
2026-10-06T20:16:25.7216357Z [36;1m  elif rustc +nightly --version --verbose | grep -q '^release: 1\.6[67]\.'; then[0m
2026-10-06T20:16:25.7216918Z [36;1m    touch "/home/runner/work/_temp"/.implicit_cargo_registries_crates_io_protocol || true[0m
2026-10-06T20:16:25.7217701Z [36;1m    echo CARGO_REGISTRIES_CRATES_IO_PROTOCOL=git >> $GITHUB_ENV[0m
2026-10-06T20:16:25.7218053Z [36;1m  fi[0m
2026-10-06T20:16:25.7218243Z [36;1mfi[0m
2026-10-06T20:16:25.7274357Z shell: /usr/bin/bash --noprofile --norc -e -o pipefail {0}
2026-10-06T20:16:25.7274688Z env:
2026-10-06T20:16:25.7274885Z   CARGO_HOME: /home/runner/.cargo
2026-10-06T20:16:25.7275295Z   CARGO_INCREMENTAL: 0
2026-10-06T20:16:25.7275519Z   CARGO_TERM_COLOR: always
2026-10-06T20:16:25.7275734Z ##[endgroup]
2026-10-06T20:16:25.7579222Z ##[end-action id=__dtolnay_rust-toolchain.__run_8;outcome=success;conclusion=success;duration_ms=38]
2026-10-06T20:16:25.7583313Z ##[start-action display=Run : work around spurious network errors in curl 8.0;id=__dtolnay_rust-toolchain.__run_9]
2026-10-06T20:16:25.7602847Z ##[group]Run : work around spurious network errors in curl 8.0
2026-10-06T20:16:25.7603273Z [36;1m: work around spurious network errors in curl 8.0[0m
2026-10-06T20:16:25.7603828Z [36;1m# https://rust-lang.zulipchat.com/#narrow/stream/246057-t-cargo/topic/timeout.20investigation[0m
2026-10-06T20:16:25.7604440Z [36;1mif rustc +nightly --version --verbose | grep -q '^release: 1\.7[01]\.'; then[0m
2026-10-06T20:16:25.7604914Z [36;1m  echo CARGO_HTTP_MULTIPLEXING=false >> $GITHUB_ENV[0m
2026-10-06T20:16:25.7605224Z [36;1mfi[0m
2026-10-06T20:16:25.7664798Z shell: /usr/bin/bash --noprofile --norc -e -o pipefail {0}
2026-10-06T20:16:25.7665133Z env:
2026-10-06T20:16:25.7665330Z   CARGO_HOME: /home/runner/.cargo
2026-10-06T20:16:25.7665585Z   CARGO_INCREMENTAL: 0
2026-10-06T20:16:25.7665807Z   CARGO_TERM_COLOR: always
2026-10-06T20:16:25.7666024Z ##[endgroup]
2026-10-06T20:16:25.7860695Z ##[end-action id=__dtolnay_rust-toolchain.__run_9;outcome=success;conclusion=success;duration_ms=27]
2026-10-06T20:16:25.7864812Z ##[start-action display=Run rustc +nightly --version --verbose;id=__dtolnay_rust-toolchain.__run_10]
2026-10-06T20:16:25.7886909Z ##[group]Run rustc +nightly --version --verbose
2026-10-06T20:16:25.7887668Z [36;1mrustc +nightly --version --verbose[0m
2026-10-06T20:16:25.7947900Z shell: /usr/bin/bash --noprofile --norc -e -o pipefail {0}
2026-10-06T20:16:25.7948322Z env:
2026-10-06T20:16:25.7948784Z   CARGO_HOME: /home/runner/.cargo
2026-10-06T20:16:25.7962743Z   CARGO_INCREMENTAL: 0
2026-10-06T20:16:25.7963036Z   CARGO_TERM_COLOR: always
2026-10-06T20:16:25.7963273Z ##[endgroup]
2026-10-06T20:16:25.8143554Z rustc 1.101.0-nightly (ea137335b 2026-10-05)
2026-10-06T20:16:25.8144167Z binary: rustc
2026-10-06T20:16:25.8144485Z commit-hash: ea137335b78829b4514bf1b4c16302f74fab8581
2026-10-06T20:16:25.8144839Z commit-date: 2026-10-05
2026-10-06T20:16:25.8145099Z host: x86_64-unknown-linux-gnu
2026-10-06T20:16:25.8145455Z release: 1.101.0-nightly
2026-10-06T20:16:25.8145859Z LLVM version: 23.1.3
2026-10-06T20:16:25.8160240Z ##[end-action id=__dtolnay_rust-toolchain.__run_10;outcome=success;conclusion=success;duration_ms=29]
2026-10-06T20:16:25.8221087Z ##[group]Run echo "identity=$(rustc -vV | sha256sum | cut -d ' ' -f 1)" >> "$GITHUB_OUTPUT"
2026-10-06T20:16:25.8221697Z [36;1mecho "identity=$(rustc -vV | sha256sum | cut -d ' ' -f 1)" >> "$GITHUB_OUTPUT"[0m
2026-10-06T20:16:25.8282710Z shell: /usr/bin/bash -e {0}
2026-10-06T20:16:25.8282980Z env:
2026-10-06T20:16:25.8283177Z   CARGO_HOME: /home/runner/.cargo
2026-10-06T20:16:25.8283427Z   CARGO_INCREMENTAL: 0
2026-10-06T20:16:25.8283646Z   CARGO_TERM_COLOR: always
2026-10-06T20:16:25.8283865Z ##[endgroup]
2026-10-06T20:16:25.8886906Z info: syncing channel updates for nightly-x86_64-unknown-linux-gnu
2026-10-06T20:16:25.9738747Z info: latest update on 2026-10-06 for version 1.101.0-nightly (ea137335b 2026-10-05)
2026-10-06T20:16:25.9868243Z info: component rust-std for target aarch64-unknown-linux-gnu is up to date
2026-10-06T20:16:25.9869179Z info: component rust-std for target wasm32-unknown-unknown is up to date
2026-10-06T20:16:25.9872645Z info: downloading 2 components
2026-10-06T20:16:26.7552066Z ##[group]Run actions/cache@0057852bfaa89a56745cba8c7296529d2fc39830
2026-10-06T20:16:26.7552452Z with:
2026-10-06T20:16:26.7552662Z   path: target/simd-asm
2026-10-06T20:16:26.7553579Z   key: simd-asm-v1-Linux-x86_64-v4-ec3667c8adc6a73da9a5c33c88b8767792f4f2d3f42acfab44337ebd1806be0f-fa00854421c244ad4e5e608df22635bbc10fdd3625cd981f707bb7ad9b629b3d-44a368ac1503db6f10bda40c24fd90bca063dc34
2026-10-06T20:16:26.7555245Z   restore-keys: simd-asm-v1-Linux-x86_64-v4-ec3667c8adc6a73da9a5c33c88b8767792f4f2d3f42acfab44337ebd1806be0f-fa00854421c244ad4e5e608df22635bbc10fdd3625cd981f707bb7ad9b629b3d-

2026-10-06T20:16:26.7556055Z   enableCrossOsArchive: false
2026-10-06T20:16:26.7556313Z   fail-on-cache-miss: false
2026-10-06T20:16:26.7556539Z   lookup-only: false
2026-10-06T20:16:26.7556742Z   save-always: false
2026-10-06T20:16:26.7556936Z env:
2026-10-06T20:16:26.7557126Z   CARGO_HOME: /home/runner/.cargo
2026-10-06T20:16:26.7557645Z   CARGO_INCREMENTAL: 0
2026-10-06T20:16:26.7557926Z   CARGO_TERM_COLOR: always
2026-10-06T20:16:26.7558147Z ##[endgroup]
2026-10-06T20:16:26.8605309Z (node:2573) [DEP0040] DeprecationWarning: The `punycode` module is deprecated. Please use a userland alternative instead.
2026-10-06T20:16:26.8606211Z (Use `node --trace-deprecation ...` to show where the warning was created)
2026-10-06T20:16:27.1295378Z Cache hit for restore-key: simd-asm-v1-Linux-x86_64-v4-ec3667c8adc6a73da9a5c33c88b8767792f4f2d3f42acfab44337ebd1806be0f-fa00854421c244ad4e5e608df22635bbc10fdd3625cd981f707bb7ad9b629b3d-b6f7c9b0f6b84ffe496719e39f2d2ba52d5ed3ac
2026-10-06T20:16:27.1411287Z (node:2573) [DEP0169] DeprecationWarning: `url.parse()` behavior is not standardized and prone to errors that have security implications. Use the WHATWG URL API instead. CVEs are not issued for `url.parse()` vulnerabilities.
2026-10-06T20:16:28.4033137Z Received 4194304 of 103383043 (4.1%), 4.0 MBs/sec
2026-10-06T20:16:29.1791274Z Received 103383043 of 103383043 (100.0%), 55.5 MBs/sec
2026-10-06T20:16:29.1794521Z Cache Size: ~99 MB (103383043 B)
2026-10-06T20:16:29.1903646Z [command]/usr/bin/tar -xf /home/runner/work/_temp/80a54076-2cec-4d3a-9a33-31c58a24df62/cache.tzst -P -C /home/runner/work/purrdf/purrdf --use-compress-program unzstd
2026-10-06T20:16:30.0549961Z Cache restored successfully
2026-10-06T20:16:30.0684663Z Cache restored from key: simd-asm-v1-Linux-x86_64-v4-ec3667c8adc6a73da9a5c33c88b8767792f4f2d3f42acfab44337ebd1806be0f-fa00854421c244ad4e5e608df22635bbc10fdd3625cd981f707bb7ad9b629b3d-b6f7c9b0f6b84ffe496719e39f2d2ba52d5ed3ac
2026-10-06T20:16:30.2101794Z ##[group]Run # Bound scalar WASM compilation through the existing Cargo job budget.
2026-10-06T20:16:30.2102413Z [36;1m# Bound scalar WASM compilation through the existing Cargo job budget.[0m
2026-10-06T20:16:30.2102901Z [36;1m# Other configurations keep their current scheduling.[0m
2026-10-06T20:16:30.2103257Z [36;1mif [ "x86_64-v4" = wasm32 ]; then[0m
2026-10-06T20:16:30.2103545Z [36;1m  export CARGO_BUILD_JOBS=2[0m
2026-10-06T20:16:30.2103803Z [36;1mfi[0m
2026-10-06T20:16:30.2104232Z [36;1mmake simd-asm SIMD_ASM_ARGS="--config x86_64-v4 --jobs 1 --report target/asm-reports/x86_64-v4.json"[0m
2026-10-06T20:16:30.2163657Z shell: /usr/bin/bash -e {0}
2026-10-06T20:16:30.2163915Z env:
2026-10-06T20:16:30.2164119Z   CARGO_HOME: /home/runner/.cargo
2026-10-06T20:16:30.2164393Z   CARGO_INCREMENTAL: 0
2026-10-06T20:16:30.2164621Z   CARGO_TERM_COLOR: always
2026-10-06T20:16:30.2164845Z ##[endgroup]
2026-10-06T20:16:30.5224670Z python3 scripts/check-simd-asm.py --doc --config x86_64-v4 --jobs 1 --report target/asm-reports/x86_64-v4.json
2026-10-06T20:16:33.0665034Z == x86_64-v4: 4 Cargo jobs
2026-10-06T20:16:33.0669042Z == x86_64-v4 graph 0: /home/runner/work/purrdf/purrdf/target/simd-asm/contexts/5651b23f3fee308586b8d2c433cc1a00a2510901d807755d363291dd544aff6b/cargo.graph-0.stderr.log
2026-10-06T20:21:27.7042209Z == x86_64-v4 graph 1: /home/runner/work/purrdf/purrdf/target/simd-asm/contexts/5651b23f3fee308586b8d2c433cc1a00a2510901d807755d363291dd544aff6b/cargo.graph-1.stderr.log
2026-10-06T20:22:04.1698617Z == x86_64-v4: {"analysis_seconds": 2.64029216900002, "build_seconds": 328.04476489, "fresh_artifacts": 105, "lock_seconds": 0.0001530189999812137, "parsed_units": 1, "reused_units": 135, "rustc_invocations": 31, "seconds": 331.10368847099994}
2026-10-06T20:22:04.4909957Z 
2026-10-06T20:22:04.4910539Z site                            x86_64-v4
2026-10-06T20:22:04.4912135Z lex.find-byte2-sparql-string    avx512 v12·f0·r0·req✓ / call site (in run) v6·f0·r0
2026-10-06T20:22:04.4913812Z lex.find-byte2-line-split       avx512 v12·f0·r0·req✓ / call site (parallel) v26·f0·r0 / call site (lines) v0·f0·r0
2026-10-06T20:22:04.4915520Z core.xsd-regex-scan             pair avx512 masks v79·f0·r0·req✓ / range avx512 masks v158·f0·r0·req✓
2026-10-06T20:22:04.4916872Z sha2.sha256-compress            sha-ni v122·f0·r0·req✓
2026-10-06T20:22:04.4919649Z blake3.hash-many-dispatch       avx512 tree v584·f0·r0·req✓ / avx512 chunks v605·f0·r0·req✓ / avx512 partial chunks v633·f0·r0·req✓ / avx512 four complete chunks v233·f0·r0·req✓ / avx512vl two parents v229·f0·r0·req✓
2026-10-06T20:22:04.4921855Z blake3.single-block             sse2 v216·f0·r0 / ssse3 v216·f0·r0 / avx2 v215·f0·r0 / avx512 v215·f0·r0 / scalar rotation v0·f0·r0·req✓
2026-10-06T20:22:04.4923207Z sparql.lexer-trivia             scan avx512 masks v18·f0·r0·req✓ / call site (in run) v6·f0·r0
2026-10-06T20:22:04.4924350Z sparql.lexer-iri                scan avx512 masks v8·f0·r0·req✓ / call site (in run) v6·f0·r0
2026-10-06T20:22:04.4925383Z sparql.lexer-cursor             peek v3·f0·r0 / cur (in run) v6·f0·r0
2026-10-06T20:22:04.4926139Z sparql.scope-admission          v0·f0·r0
2026-10-06T20:22:04.4933197Z rdf.escape-scan                 iri scan avx512 masks v10·f0·r0·req✓ / iri (in iri_escape::escape) v0·f0·r0 / literal scan avx512 masks v6·f0·r0·req✓ / literal v0·f0·r0
2026-10-06T20:22:04.4934494Z rdf.sort-canonical              v0·f0·r0
2026-10-06T20:22:04.4935398Z iri.delimiter-scan              scheme avx512 v18·f0·r0·req✓ / authority avx512 v17·f0·r0·req✓
2026-10-06T20:22:04.4936347Z lex.scan-trivia                 avx512 masks v18·f0·r0·req✓
2026-10-06T20:22:04.4937136Z lex.scan-iri-body               avx512 masks v8·f0·r0·req✓
2026-10-06T20:22:04.4938168Z lex.scan-json-string            avx512 masks v17·f0·r0·req✓
2026-10-06T20:22:04.4938981Z lex.json-escape-controls        avx512 masks v5·f0·r0·req✓
2026-10-06T20:22:04.4939766Z lex.json-escape-ascii           avx512 masks v18·f0·r0·req✓
2026-10-06T20:22:04.4941015Z lex.scan-xml                    avx512 masks v6·f0·r0·req✓
2026-10-06T20:22:04.4941810Z iri.validate-component          avx512 masks v20·f0·r0·req✓
2026-10-06T20:22:04.4942538Z lex.terminals-in-ranges         table v0·f0·r0
2026-10-06T20:22:04.4943557Z xsd.whitespace                  replace avx512 masks v15·f0·r0·req✓ / collapse avx512 masks v14·f0·r0·req✓
2026-10-06T20:22:04.4944484Z xsd.canonical-double            v0·f0·r0
2026-10-06T20:22:04.4945313Z json.parser-string              scan avx512 masks v17·f0·r0·req✓ / call site v0·f0·r0
2026-10-06T20:22:04.4946285Z json.parser-whitespace          occurrences v0·f0·r0 / tree v2·f0·r0
2026-10-06T20:22:04.4947018Z core.intern                     v10·f0·r0
2026-10-06T20:22:04.4948258Z hash.hex-decode                 canonical avx512 masks v38·f0·r0·req✓ / either-case avx512 masks v42·f0·r0·req✓
2026-10-06T20:22:04.4949297Z hash.hex-lower                  avx512 v50·f0·r0·req✓
2026-10-06T20:22:04.4950033Z core.pack-select-in-word        broadword v0·f0·r0·req✓
2026-10-06T20:22:04.4950788Z core.pack-rank1                 popcnt v0·f0·r0·req✓
2026-10-06T20:22:04.4951437Z core.pack-intvector-get         v0·f0·r0
2026-10-06T20:22:04.4952239Z core.dataset-scan-filter        avx512 masks v18·f0·r0·req✓ / cursor v34·f0·r0
2026-10-06T20:22:04.4953182Z core.pack-triples-intersect     intersect v0·f0·r0 / delta v0·f0·r0
2026-10-06T20:22:04.4954545Z core.canon-escape               iri scan avx512 masks v10·f0·r0·req✓ / iri v0·f0·r0 / literal scan avx512 masks v18·f0·r0·req✓ / literal v3·f0·r0
2026-10-06T20:22:04.4955876Z core.purremb-f32-decode         fold avx512 v10·f0·r0·req✓ / iterator v0·f0·r0
2026-10-06T20:22:04.4956629Z core.purremb-norm               v1·f0·r0
2026-10-06T20:22:04.4957168Z core.paged-map-quad             v0·f0·r0
2026-10-06T20:22:04.4958484Z core.loss-json-escape           scan avx512 masks v17·f0·r0·req✓ / call site v0·f0·r0
2026-10-06T20:22:04.4959262Z eval.regex-row-alloc            v0·f0·r0
2026-10-06T20:22:04.4960024Z eval.solution-compatible        compatible v0·f0·r0 / bind_row v0·f0·r0
2026-10-06T20:22:04.4960759Z eval.bgp-cost-planner           v40·f0·r0
2026-10-06T20:22:04.4961313Z eval.bgp-join-probe             v54·f0·r0
2026-10-06T20:22:04.4962398Z eval.aggregate-fold             step v0·f0·r0 / combine v0·f0·r0 / numeric_add v0·f0·r0 / add_i128 v0·f0·r0 / add_assign v0·f0·r0
2026-10-06T20:22:04.4963510Z datalog.relation-contains       avx512 masks v10·f0·r0·req✓
2026-10-06T20:22:04.4964326Z datalog.gallop-leapfrog         gallop v0·f0·r0 / leapfrog v0·f0·r0
2026-10-06T20:22:04.4965021Z datalog.chase                   v0·f0·r0
2026-10-06T20:22:04.4966354Z entail.escape                   iri scan avx512 masks v10·f0·r0·req✓ / iri v0·f0·r0 / literal scan avx512 masks v18·f0·r0·req✓ / literal (in write_leaf_surface) v0·f0·r0
2026-10-06T20:22:04.4967888Z entail.classify                 decide v0·f0·r0 / saturate v0·f0·r0
2026-10-06T20:22:04.4968670Z shapes.frontier-dedup           avx512 masks v50·f0·r0·req✓
2026-10-06T20:22:04.4969337Z shapes.path-eval                v0·f0·r0
2026-10-06T20:22:04.4969884Z shapes.finish-report            v0·f0·r0
2026-10-06T20:22:04.4970500Z shex.char-count                 std count v15·f0·r0·req✓
2026-10-06T20:22:04.4971100Z shex.matcher                    v0·f0·r0
2026-10-06T20:22:04.4972046Z results.xml-escape              scan avx512 masks v6·f0·r0·req✓ / push_into v0·f0·r0 / writer v0·f0·r0
2026-10-06T20:22:04.4973193Z core.csv-field                  scan avx512 masks v8·f0·r0·req✓ / scan avx2 masks v8·f0·r0·req✓
2026-10-06T20:22:04.4974240Z results.json-escape             scan avx512 masks v17·f0·r0·req✓ / call site v0·f0·r0
2026-10-06T20:22:04.4975351Z markdown.lines                  scan avx512 masks v1·f0·r0·req✓ / call site (in analyze) v0·f0·r0
2026-10-06T20:22:04.4976795Z distance.exact.dot              batch f64×f64 v133·f0·r0·req✓ / indexed f64×f32 v161·f0·r0·req✓ / indexed f32×f32 v189·f0·r0·req✓
2026-10-06T20:22:04.4979242Z distance.exact.sqeuclid         bounded f64×f64 v133·f0·r0·req✓ / bounded f32×f32 v89·f0·r0·req✓ / pair f64×f64 v133·f0·r0·req✓ / pair f32×f32 v89·f0·r0·req✓
2026-10-06T20:22:04.4984114Z distance.reassociated.dot       avx2+fma f64×f64 v13·f21·r0·req✓ / avx512f f64×f64 (v4 tuning) v13·f21·r0·req✓ / baseline f64×f64 v13·f21·r0·req✓ / avx2+fma f64×f32 v34·f21·r0·req✓ / avx512f f64×f32 (v4 tuning) v34·f21·r0·req✓ / baseline f64×f32 v34·f21·r0·req✓ / avx2+fma f32×f64 v34·f21·r0·req✓ / avx512f f32×f64 (v4 tuning) v34·f21·r0·req✓ / baseline f32×f64 v34·f21·r0·req✓ / avx2+fma f32×f32 v55·f21·r0·req✓ / avx512f f32×f32 (v4 tuning) v55·f21·r0·req✓ / baseline f32×f32 v55·f21·r0·req✓
2026-10-06T20:22:04.4991425Z distance.reassociated.sqeuclid  avx2+fma f64×f64 v34·f21·r0·req✓ / avx512f f64×f64 (v4 tuning) v34·f21·r0·req✓ / baseline f64×f64 v34·f21·r0·req✓ / avx2+fma f64×f32 v55·f21·r0·req✓ / avx512f f64×f32 (v4 tuning) v55·f21·r0·req✓ / baseline f64×f32 v55·f21·r0·req✓ / avx2+fma f32×f64 v55·f21·r0·req✓ / avx512f f32×f64 (v4 tuning) v55·f21·r0·req✓ / baseline f32×f64 v55·f21·r0·req✓ / avx2+fma f32×f32 v76·f21·r0·req✓ / avx512f f32×f32 (v4 tuning) v76·f21·r0·req✓ / baseline f32×f32 v76·f21·r0·req✓
2026-10-06T20:22:04.4994941Z knn.norm                        v0·f0·r0
2026-10-06T20:22:04.4996067Z hnsw.search-build               search v0·f0·r0 / build v46·f0·r0 / search reassociated v0·f0·r0 / build reassociated v46·f0·r0
2026-10-06T20:22:04.4997117Z hnsw.distance-cache             v0·f0·r0
2026-10-06T20:22:04.4997941Z text.bm25f                      v0·f0·r0
2026-10-06T20:22:04.4998497Z retrieval.rrf                   v0·f0·r0
2026-10-06T20:22:04.4999223Z retrieval.fusion-frontier       take v0·f0·r0 / insert v0·f0·r0
2026-10-06T20:22:04.5000028Z facade.multimodal-read          text lookup v0·f0·r0
2026-10-06T20:22:04.5000903Z columnar.plain-codec            encode v0·f0·r0·req✓ / decode v0·f0·r0·req✓
2026-10-06T20:22:04.5001923Z columnar.rle                    v0·f0·r0
2026-10-06T20:22:04.5002621Z geo.exact-limbs                 mag_add v0·f0·r0 / gcd v0·f0·r0
2026-10-06T20:22:04.5003448Z geo.relate                      relate v0·f0·r0 / intersect v0·f0·r0
2026-10-06T20:22:04.5004720Z geo.json-write-string           scan avx512 masks v17·f0·r0·req✓ / call site (values) v0·f0·r0 / call site (names) v0·f0·r0
2026-10-06T20:22:04.5005765Z gts.cbor-writer                 v0·f0·r0
2026-10-06T20:22:04.5006558Z gts.mmr-json-escape             scan avx512 masks v5·f0·r0·req✓ / call site v0·f0·r0
2026-10-06T20:22:04.5007842Z gts.replication-json-string     scan avx512 masks v5·f0·r0·req✓ / call site v0·f0·r0
2026-10-06T20:22:04.5008682Z wasm.term-marshal               v0·f0·r0
2026-10-06T20:22:04.5009391Z slice.ownership                 analyze v24·f0·r0 / iri refs v22·f0·r0
2026-10-06T20:22:04.5010365Z slice.prefix-json-string        scan avx512 masks v17·f0·r0·req✓ / call site v0·f0·r0
2026-10-06T20:22:04.5011530Z slice.dsl-stats-json-string     scan avx512 masks v18·f0·r0·req✓ / call site v0·f0·r0
2026-10-06T20:22:04.5012374Z cli.pack-input                  v2·f0·r0
2026-10-06T20:22:04.5012945Z rdf.viz-layout                  v37·f0·r0
2026-10-06T20:22:04.5013500Z rdf.projections                 v23·f0·r0
2026-10-06T20:22:04.5014457Z lex.percent-encode              reserved avx512 masks v9·f0·r0·req✓ / simple avx512 masks v10·f0·r0·req✓
2026-10-06T20:22:04.5015423Z rdf.csvw-uri-template           call site v0·f0·r0
2026-10-06T20:22:04.5016036Z core.sssom-tsv                  v8·f0·r0
2026-10-06T20:22:04.5016586Z shapes.pydantic-emit            v5·f0·r0
2026-10-06T20:22:04.5017148Z shapes.schema-compile           v0·f0·r0
2026-10-06T20:22:04.5018081Z deflate.match-copy              copy sse2 v0·f0·r0 / copy avx2 v0·f0·r0
2026-10-06T20:22:05.2278400Z 
2026-10-06T20:22:05.2279008Z FAIL: 1 problem(s):
2026-10-06T20:22:05.2280490Z   - row `core.paged-map-quad` `x86_64-v4` reads 'v10·f0·r0', measured 'v0·f0·r0' (run `python3 scripts/check-simd-asm.py --write-doc`)
2026-10-06T20:22:05.2532822Z deflate.match-length            compare sse2 (avx512 build) v1·f0·r0 / compare avx2 (avx512 build) v1·f0·r0 / steps v4·f0·r0·req✓
2026-10-06T20:22:05.2534377Z deflate.hash-windows            hash avx2 v4·f0·r0·req✓
2026-10-06T20:22:05.2535049Z hash.sha1-block                 sha-ni v99·f0·r0·req✓
2026-10-06T20:22:05.2535704Z hash.crc32-update               vpclmulqdq v33·f0·r0·req✓
2026-10-06T20:22:05.2536449Z hash.hex-encode                 ssse3 (inlined, unrolled) v21·f0·r0·req✓
2026-10-06T20:22:05.2537182Z hash.digest-portable            md5 v0·f0·r0 / sha3 v0·f0·r0
2026-10-06T20:22:05.2538228Z hash.fixed-compress             portable v0·f0·r0
2026-10-06T20:22:05.2538920Z hash.fixed-terminal             portable frozen lookup v2·f0·r0
2026-10-06T20:22:05.2539741Z jsonschema.compile-validate     from_document v0·f0·r0 / is_valid v0·f0·r0
2026-10-06T20:22:05.2540513Z text.unicode-ascii-lower        x86_64-v4 v32·f0·r0·req✓
2026-10-06T20:22:05.2541327Z xsd.rfc3339-lexical             parse v0·f0·r0 / format x86_64-v4 v8·f0·r0·req✓
2026-10-06T20:22:05.2542280Z shapes.instance-projection      graph v4·f0·r0 / subject v3·f0·r0 / list index v9·f0·r0
2026-10-06T20:22:05.2543057Z ed25519.sign                    v9·f0·r0
2026-10-06T20:22:05.2543555Z ed25519.verify                  v35·f0·r0
2026-10-06T20:22:05.2544254Z text.dictionary-storage         build v4·f0·r0 / load v4·f0·r0 / lookup v0·f0·r0
2026-10-06T20:22:05.2545119Z text.dictionary-lattice         lattice entry v0·f0·r0 / prepare v2·f0·r0
2026-10-06T20:22:05.2545976Z text.emoji-recognition          recognize v3·f0·r0 / finite lookup v0·f0·r0
2026-10-06T20:22:05.2546881Z text.phonetic-spelling          canonicalize v0·f0·r0 / encode canonical v0·f0·r0
2026-10-06T20:22:05.2548173Z text.phonetic-distance          prepare band v0·f0·r0 / band v6·f0·r0 / prepare Myers v0·f0·r0 / Myers v0·f0·r0
2026-10-06T20:22:05.2549050Z text.surface-build              assemble v0·f0·r0
2026-10-06T20:22:05.2549881Z text.surface-substring          retrieve v0·f0·r0
2026-10-06T20:22:05.2716027Z make: *** [Makefile:685: simd-asm] Error 1
2026-10-06T20:22:05.2742972Z ##[error]Process completed with exit code 2.
2026-10-06T20:22:05.2858748Z Post job cleanup.
2026-10-06T20:22:05.3709282Z [command]/usr/bin/git version
2026-10-06T20:22:05.3745297Z git version 2.55.0
2026-10-06T20:22:05.3781119Z Temporarily overriding HOME='/home/runner/work/_temp/2dc88f9a-cb31-4c7b-8732-622ea7e4ac9a' before making global git config changes
2026-10-06T20:22:05.3782409Z Adding repository directory to the temporary git global config as a safe directory
2026-10-06T20:22:05.3785833Z [command]/usr/bin/git config --global --add safe.directory /home/runner/work/purrdf/purrdf
2026-10-06T20:22:05.3815422Z Removing SSH command configuration
2026-10-06T20:22:05.3821365Z [command]/usr/bin/git config --local --name-only --get-regexp core\.sshCommand
2026-10-06T20:22:05.3856181Z [command]/usr/bin/git submodule foreach --recursive sh -c "git config --local --name-only --get-regexp 'core\.sshCommand' && git config --local --unset-all 'core.sshCommand' || :"
2026-10-06T20:22:05.4089851Z Removing HTTP extra header
2026-10-06T20:22:05.4095360Z [command]/usr/bin/git config --local --name-only --get-regexp http\.https\:\/\/github\.com\/\.extraheader
2026-10-06T20:22:05.4126175Z [command]/usr/bin/git submodule foreach --recursive sh -c "git config --local --name-only --get-regexp 'http\.https\:\/\/github\.com\/\.extraheader' && git config --local --unset-all 'http.https://github.com/.extraheader' || :"
2026-10-06T20:22:05.4354921Z Removing includeIf entries pointing to credentials config files
2026-10-06T20:22:05.4361059Z [command]/usr/bin/git config --local --name-only --get-regexp ^includeIf\.gitdir:
2026-10-06T20:22:05.4391655Z [command]/usr/bin/git submodule foreach --recursive git config --local --show-origin --name-only --get-regexp remote.origin.url
2026-10-06T20:22:05.4775426Z Cleaning up orphan processes
2026-10-06T20:22:05.5051150Z ##[warning]Node.js 20 is deprecated. The following actions target Node.js 20 but are being forced to run on Node.js 24: actions/cache@0057852bfaa89a56745cba8c7296529d2fc39830. For more information see: https://github.blog/changelog/2025-09-19-deprecation-of-node-20-on-github-actions-runners/
