    Blocking waiting for file lock on package cache
    Blocking waiting for file lock on package cache
   Compiling purrdf-core v3.0.1 (/home/paudley/Active/purrdf/.worktrees/457-paged-tier-an-lsm-style-stack-of-sealed/crates/rdf-core)
error[E0308]: `if` and `else` have incompatible types
   --> crates/rdf-core/src/ir/paged/stack.rs:442:13
    |
439 |           let head_removals = if include_head {
    |  _____________________________-
440 | |             &self.removals
    | |             -------------- expected because of this
441 | |         } else {
442 | |             &empty_removals
    | |             ^^^^^^^^^^^^^^^ expected `&BTreeSet<QuadValues>`, found `&BTreeSet<TermValue>`
443 | |         };
    | |_________- `if` and `else` have incompatible types
    |
    = note: expected reference `&BTreeSet<mutable::QuadValues>`
               found reference `&BTreeSet<ir::term::TermValue>`

For more information about this error, try `rustc --explain E0308`.
error: could not compile `purrdf-core` (lib test) due to 1 previous error
