   Compiling typenum v1.20.1
   Compiling purrdf-hash v3.0.1 (/home/paudley/Active/purrdf/.worktrees/454-rdflib-shim-algebra-level-reassignment/crates/hash)
   Compiling hybrid-array v0.4.15
   Compiling cpufeatures v0.3.0
   Compiling crypto-common v0.2.2
   Compiling block-buffer v0.12.1
   Compiling purrdf-lex v3.0.1 (/home/paudley/Active/purrdf/.worktrees/454-rdflib-shim-algebra-level-reassignment/crates/lex)
   Compiling const-oid v0.10.2
   Compiling crossbeam-utils v0.8.21
   Compiling cfg-if v1.0.4
   Compiling purrdf-iri v3.0.1 (/home/paudley/Active/purrdf/.worktrees/454-rdflib-shim-algebra-level-reassignment/crates/iri)
   Compiling purrdf-xsd v3.0.1 (/home/paudley/Active/purrdf/.worktrees/454-rdflib-shim-algebra-level-reassignment/crates/xsd)
   Compiling digest v0.11.3
   Compiling regex-syntax v0.8.11
   Compiling sha2 v0.11.0
   Compiling purrdf-events v3.0.1 (/home/paudley/Active/purrdf/.worktrees/454-rdflib-shim-algebra-level-reassignment/crates/rdf-events)
   Compiling crossbeam-epoch v0.9.18
   Compiling regex-automata v0.4.14
   Compiling inout v0.2.2
   Compiling rayon-core v1.13.0
   Compiling cmov v0.5.4
   Compiling regex v1.12.4
   Compiling ctutils v0.4.2
   Compiling crossbeam-deque v0.8.6
   Compiling purrdf-cdt v3.0.1 (/home/paudley/Active/purrdf/.worktrees/454-rdflib-shim-algebra-level-reassignment/crates/cdt)
   Compiling purrdf-deflate v3.0.1 (/home/paudley/Active/purrdf/.worktrees/454-rdflib-shim-algebra-level-reassignment/crates/deflate)
   Compiling cpubits v0.1.1
   Compiling libc v0.2.186
   Compiling purrdf-core v3.0.1 (/home/paudley/Active/purrdf/.worktrees/454-rdflib-shim-algebra-level-reassignment/crates/rdf-core)
   Compiling universal-hash v0.6.1
   Compiling cipher v0.5.2
   Compiling either v1.16.0
   Compiling hashbrown v0.17.1
   Compiling rayon v1.12.0
   Compiling polyval v0.7.3
   Compiling getrandom v0.3.4
   Compiling ghash v0.6.0
   Compiling aes v0.9.3
   Compiling ctr v0.10.1
   Compiling aead v0.6.1
   Compiling twox-hash v2.1.2
   Compiling fastrand v2.4.1
   Compiling aes-gcm v0.11.1
   Compiling structured-zstd v0.0.49
   Compiling purrdf-sparql-results v3.0.1 (/home/paudley/Active/purrdf/.worktrees/454-rdflib-shim-algebra-level-reassignment/crates/sparql-results)
   Compiling purrdf-stack v3.0.1 (/home/paudley/Active/purrdf/.worktrees/454-rdflib-shim-algebra-level-reassignment/crates/stack)
   Compiling purrdf-sparql-algebra v3.0.1 (/home/paudley/Active/purrdf/.worktrees/454-rdflib-shim-algebra-level-reassignment/crates/sparql-algebra)
   Compiling purrdf-ed25519 v3.0.1 (/home/paudley/Active/purrdf/.worktrees/454-rdflib-shim-algebra-level-reassignment/crates/ed25519)
   Compiling visual-hashing v1.0.0
   Compiling proc-macro2 v1.0.106
   Compiling purrdf-sparql-eval v3.0.1 (/home/paudley/Active/purrdf/.worktrees/454-rdflib-shim-algebra-level-reassignment/crates/sparql-eval)
   Compiling purrdf-gts v3.0.1 (/home/paudley/Active/purrdf/.worktrees/454-rdflib-shim-algebra-level-reassignment/crates/gts)
   Compiling unicode-ident v1.0.24
   Compiling quote v1.0.46
   Compiling purrdf-rdf v3.0.1 (/home/paudley/Active/purrdf/.worktrees/454-rdflib-shim-algebra-level-reassignment/crates/rdf)
   Compiling purrdf-datalog v3.0.1 (/home/paudley/Active/purrdf/.worktrees/454-rdflib-shim-algebra-level-reassignment/crates/datalog)
   Compiling syn v2.0.118
   Compiling purrdf-jsonschema v3.0.1 (/home/paudley/Active/purrdf/.worktrees/454-rdflib-shim-algebra-level-reassignment/crates/jsonschema)
   Compiling purrdf-testkit v3.0.1 (/home/paudley/Active/purrdf/.worktrees/454-rdflib-shim-algebra-level-reassignment/crates/testkit)
   Compiling purrdf-alloc-probe v3.0.1 (/home/paudley/Active/purrdf/.worktrees/454-rdflib-shim-algebra-level-reassignment/crates/alloc-probe)
   Compiling purrdf-slice v3.0.1 (/home/paudley/Active/purrdf/.worktrees/454-rdflib-shim-algebra-level-reassignment/crates/slice)
error[E0004]: non-exhaustive patterns: `&GraphPattern::Apply { .. }` not covered
    --> crates/slice/src/ownership.rs:1041:11
     |
1041 |     match g {
     |           ^ pattern `&GraphPattern::Apply { .. }` not covered
     |
note: `GraphPattern` defined here
    --> crates/sparql-algebra/src/algebra.rs:796:1
     |
 796 | pub enum GraphPattern {
     | ^^^^^^^^^^^^^^^^^^^^^
...
1043 |     Apply {
     |     ----- not covered
     = note: the matched value is of type `&GraphPattern`
help: ensure that all possible cases are being handled by adding a match arm with a wildcard pattern or an explicit pattern as shown
     |
1119 ~         ),
1120 ~         &GraphPattern::Apply { .. } => todo!(),
     |

For more information about this error, try `rustc --explain E0004`.
error: could not compile `purrdf-slice` (lib) due to 1 previous error
