    Checking typenum v1.20.1
    Checking purrdf-hash v3.0.1 (/home/paudley/Active/purrdf/.worktrees/454-rdflib-shim-algebra-level-reassignment/crates/hash)
    Checking hybrid-array v0.4.15
    Checking crypto-common v0.2.2
    Checking block-buffer v0.12.1
    Checking cpufeatures v0.3.0
    Checking purrdf-lex v3.0.1 (/home/paudley/Active/purrdf/.worktrees/454-rdflib-shim-algebra-level-reassignment/crates/lex)
    Checking cfg-if v1.0.4
    Checking const-oid v0.10.2
    Checking digest v0.11.3
    Checking sha2 v0.11.0
    Checking purrdf-events v3.0.1 (/home/paudley/Active/purrdf/.worktrees/454-rdflib-shim-algebra-level-reassignment/crates/rdf-events)
    Checking regex-syntax v0.8.11
    Checking purrdf-iri v3.0.1 (/home/paudley/Active/purrdf/.worktrees/454-rdflib-shim-algebra-level-reassignment/crates/iri)
    Checking purrdf-xsd v3.0.1 (/home/paudley/Active/purrdf/.worktrees/454-rdflib-shim-algebra-level-reassignment/crates/xsd)
    Checking regex-automata v0.4.14
    Checking purrdf-cdt v3.0.1 (/home/paudley/Active/purrdf/.worktrees/454-rdflib-shim-algebra-level-reassignment/crates/cdt)
    Checking libc v0.2.186
    Checking purrdf-stack v3.0.1 (/home/paudley/Active/purrdf/.worktrees/454-rdflib-shim-algebra-level-reassignment/crates/stack)
    Checking purrdf-sparql-algebra v3.0.1 (/home/paudley/Active/purrdf/.worktrees/454-rdflib-shim-algebra-level-reassignment/crates/sparql-algebra)
    Checking regex v1.12.4
    Checking purrdf-testkit v3.0.1 (/home/paudley/Active/purrdf/.worktrees/454-rdflib-shim-algebra-level-reassignment/crates/testkit)
    Checking purrdf-deflate v3.0.1 (/home/paudley/Active/purrdf/.worktrees/454-rdflib-shim-algebra-level-reassignment/crates/deflate)
    Checking hashbrown v0.17.1
    Checking crossbeam-utils v0.8.21
    Checking purrdf-core v3.0.1 (/home/paudley/Active/purrdf/.worktrees/454-rdflib-shim-algebra-level-reassignment/crates/rdf-core)
    Checking crossbeam-epoch v0.9.18
    Checking crossbeam-deque v0.8.6
    Checking rayon-core v1.13.0
    Checking either v1.16.0
    Checking rayon v1.12.0
    Checking getrandom v0.3.4
    Checking inout v0.2.2
    Checking cmov v0.5.4
    Checking ctutils v0.4.2
    Checking cpubits v0.1.1
    Checking universal-hash v0.6.1
    Checking cipher v0.5.2
   Compiling target-lexicon v0.13.5
    Checking polyval v0.7.3
    Checking twox-hash v2.1.2
    Checking fastrand v2.4.1
    Checking structured-zstd v0.0.49
    Checking purrdf-sparql-results v3.0.1 (/home/paudley/Active/purrdf/.worktrees/454-rdflib-shim-algebra-level-reassignment/crates/sparql-results)
    Checking purrdf-sparql-eval v3.0.1 (/home/paudley/Active/purrdf/.worktrees/454-rdflib-shim-algebra-level-reassignment/crates/sparql-eval)
    Checking ghash v0.6.0
    Checking aes v0.9.3
    Checking ctr v0.10.1
    Checking aead v0.6.1
   Compiling proc-macro2 v1.0.106
    Checking aes-gcm v0.11.1
   Compiling pyo3-build-config v0.29.0
    Checking purrdf-ed25519 v3.0.1 (/home/paudley/Active/purrdf/.worktrees/454-rdflib-shim-algebra-level-reassignment/crates/ed25519)
    Checking visual-hashing v1.0.0
   Compiling unicode-ident v1.0.24
   Compiling quote v1.0.46
    Checking purrdf-gts v3.0.1 (/home/paudley/Active/purrdf/.worktrees/454-rdflib-shim-algebra-level-reassignment/crates/gts)
   Compiling pyo3-ffi v0.29.0
    Checking purrdf-datalog v3.0.1 (/home/paudley/Active/purrdf/.worktrees/454-rdflib-shim-algebra-level-reassignment/crates/datalog)
    Checking purrdf-rdf v3.0.1 (/home/paudley/Active/purrdf/.worktrees/454-rdflib-shim-algebra-level-reassignment/crates/rdf)
   Compiling syn v2.0.118
   Compiling heck v0.5.0
   Compiling pyo3-macros-backend v0.29.0
    Checking purrdf-entail v3.0.1 (/home/paudley/Active/purrdf/.worktrees/454-rdflib-shim-algebra-level-reassignment/crates/entail)
    Checking purrdf-slice v3.0.1 (/home/paudley/Active/purrdf/.worktrees/454-rdflib-shim-algebra-level-reassignment/crates/slice)
    Checking purrdf-shapes v3.0.1 (/home/paudley/Active/purrdf/.worktrees/454-rdflib-shim-algebra-level-reassignment/crates/shapes)
    Checking purrdf-text v3.0.1 (/home/paudley/Active/purrdf/.worktrees/454-rdflib-shim-algebra-level-reassignment/crates/text)
   Compiling pyo3 v0.29.0
    Checking purrdf-retrieval v3.0.1 (/home/paudley/Active/purrdf/.worktrees/454-rdflib-shim-algebra-level-reassignment/crates/retrieval)
   Compiling pyo3-macros v0.29.0
    Checking purrdf-hnsw v3.0.1 (/home/paudley/Active/purrdf/.worktrees/454-rdflib-shim-algebra-level-reassignment/crates/hnsw)
    Checking purrdf-geo v3.0.1 (/home/paudley/Active/purrdf/.worktrees/454-rdflib-shim-algebra-level-reassignment/crates/geo)
    Checking purrdf-columnar v3.0.1 (/home/paudley/Active/purrdf/.worktrees/454-rdflib-shim-algebra-level-reassignment/crates/columnar)
    Checking purrdf-shex v3.0.1 (/home/paudley/Active/purrdf/.worktrees/454-rdflib-shim-algebra-level-reassignment/crates/shex)
    Checking purrdf-validate v3.0.1 (/home/paudley/Active/purrdf/.worktrees/454-rdflib-shim-algebra-level-reassignment/crates/validate)
    Checking purrdf-markdown v3.0.1 (/home/paudley/Active/purrdf/.worktrees/454-rdflib-shim-algebra-level-reassignment/crates/markdown)
    Checking purrdf-json v3.0.1 (/home/paudley/Active/purrdf/.worktrees/454-rdflib-shim-algebra-level-reassignment/crates/json)
    Checking once_cell v1.21.4
    Checking purrdf v3.0.1 (/home/paudley/Active/purrdf/.worktrees/454-rdflib-shim-algebra-level-reassignment/crates/purrdf)
    Checking purrdf-python v3.0.1 (/home/paudley/Active/purrdf/.worktrees/454-rdflib-shim-algebra-level-reassignment/bindings/python)
error[E0425]: cannot find function `set_memo_verification_enabled` in crate `purrdf_sparql_eval`
   --> crates/sparql-eval/tests/prepared_execution.rs:150:25
    |
150 |     purrdf_sparql_eval::set_memo_verification_enabled(false);
    |                         ^^^^^^^^^^^^^^^^^^^^^^^^^^^^^ not found in `purrdf_sparql_eval`
    |
note: found an item that was configured out
   --> crates/sparql-eval/src/lib.rs:197:20
    |
196 | #[cfg(debug_assertions)]
    |       ---------------- the item is gated here
197 | pub use execution::set_memo_verification_enabled;
    |                    ^^^^^^^^^^^^^^^^^^^^^^^^^^^^^

error[E0425]: cannot find function `set_memo_verification_enabled` in crate `purrdf_sparql_eval`
   --> crates/sparql-eval/tests/prepared_execution.rs:152:25
    |
152 |     purrdf_sparql_eval::set_memo_verification_enabled(true);
    |                         ^^^^^^^^^^^^^^^^^^^^^^^^^^^^^ not found in `purrdf_sparql_eval`
    |
note: found an item that was configured out
   --> crates/sparql-eval/src/lib.rs:197:20
    |
196 | #[cfg(debug_assertions)]
    |       ---------------- the item is gated here
197 | pub use execution::set_memo_verification_enabled;
    |                    ^^^^^^^^^^^^^^^^^^^^^^^^^^^^^

For more information about this error, try `rustc --explain E0425`.
error: could not compile `purrdf-sparql-eval` (test "prepared_execution") due to 2 previous errors
warning: build failed, waiting for other jobs to finish...
