    Checking typenum v1.20.1
    Checking cpufeatures v0.3.0
    Checking purrdf-hash v3.0.1 (/home/paudley/Active/purrdf/.worktrees/458-purrdf-gts-composite-ml-dsa-65-ed25519/crates/hash)
    Checking cfg-if v1.0.4
   Compiling crossbeam-utils v0.8.21
    Checking regex-syntax v0.8.11
    Checking cmov v0.5.4
    Checking purrdf-lex v3.0.1 (/home/paudley/Active/purrdf/.worktrees/458-purrdf-gts-composite-ml-dsa-65-ed25519/crates/lex)
    Checking hybrid-array v0.4.15
    Checking ctutils v0.4.2
    Checking cpubits v0.1.1
    Checking crypto-common v0.2.2
    Checking block-buffer v0.12.1
    Checking inout v0.2.2
    Checking universal-hash v0.6.1
    Checking crossbeam-epoch v0.9.18
   Compiling libc v0.2.186
    Checking digest v0.11.3
    Checking cipher v0.5.2
   Compiling rayon-core v1.13.0
    Checking sha2 v0.11.0
    Checking crossbeam-deque v0.8.6
    Checking polyval v0.7.3
    Checking purrdf-ed25519 v3.0.1 (/home/paudley/Active/purrdf/.worktrees/458-purrdf-gts-composite-ml-dsa-65-ed25519/crates/ed25519)
    Checking purrdf-testkit v3.0.1 (/home/paudley/Active/purrdf/.worktrees/458-purrdf-gts-composite-ml-dsa-65-ed25519/crates/testkit)
    Checking ghash v0.6.0
    Checking aes v0.9.3
    Checking ctr v0.10.1
    Checking aead v0.6.1
    Checking twox-hash v2.1.2
    Checking fastrand v2.4.1
   Compiling getrandom v0.3.4
    Checking either v1.16.0
    Checking aes-gcm v0.11.1
    Checking structured-zstd v0.0.49
    Checking rayon v1.12.0
    Checking purrdf-iri v3.0.1 (/home/paudley/Active/purrdf/.worktrees/458-purrdf-gts-composite-ml-dsa-65-ed25519/crates/iri)
    Checking purrdf-xsd v3.0.1 (/home/paudley/Active/purrdf/.worktrees/458-purrdf-gts-composite-ml-dsa-65-ed25519/crates/xsd)
    Checking purrdf-deflate v3.0.1 (/home/paudley/Active/purrdf/.worktrees/458-purrdf-gts-composite-ml-dsa-65-ed25519/crates/deflate)
    Checking visual-hashing v1.0.0
    Checking purrdf-events v3.0.1 (/home/paudley/Active/purrdf/.worktrees/458-purrdf-gts-composite-ml-dsa-65-ed25519/crates/rdf-events)
    Checking purrdf-stack v3.0.1 (/home/paudley/Active/purrdf/.worktrees/458-purrdf-gts-composite-ml-dsa-65-ed25519/crates/stack)
    Checking purrdf-alloc-probe v3.0.1 (/home/paudley/Active/purrdf/.worktrees/458-purrdf-gts-composite-ml-dsa-65-ed25519/crates/alloc-probe)
    Checking purrdf-gts v3.0.1 (/home/paudley/Active/purrdf/.worktrees/458-purrdf-gts-composite-ml-dsa-65-ed25519/crates/gts)
    Finished `dev` profile [optimized + debuginfo] target(s) in 2.91s
