686497dd06a9aa2657388bba9e7d1d683d96b445317826a03f91cc711c9e1421  CHANGELOG.md
467194bab3f3d02ac6a59d1c334f58e8e540371942600a214f5d546bc68cd96b  bindings/python/python/src/purrdf/__init__.pyi
8dadcb532dbf9250264b99b1c0bca6a045ff0dcb3e40d5a98465ecfb714831f6  bindings/python/python/src/purrdf/compat/rdflib/graph.py
ce37e9fc170d66342b90e6a889a388db893614978cbad8f73a2ac9e915009f6e  bindings/python/python/src/purrdf/compat/rdflib/query.py
aa348d637fc450621cb347535b5104b8b5cb5d1e0a549941de93ed56b5e6ce71  bindings/python/src/py_store/quad_store.rs
a7bee68346866a81bfb98d65f0d0990a14371ed8cdbc684d7a2b0e5f2e365f11  bindings/python/tests/README.md
3e0cc4e1844395f9672316dc0f743653e4eff1e6c46ddb01cd8371195faee2dd  bindings/python/tests/test_contextual_mappings.py
fba8f39004e426559b0f56e44f507b1ffc2f62d7747303d6c8affd69a94cb136  crates/purrdf/src/reasoning.rs
73a3e0165d12023087c2cbe8eb4a9f97eb5964f3a5c0b45438ccfc967d09a2eb  crates/rdf/src/projections/dataset_description.rs
aa09efc1c43c15aedbfe1a7732eaaa6d57232ab6d5e901ad8bbe743dd25c2f1a  crates/shapes/src/prebinding.rs
de102b2e97e4734683ab5249d5a18a2aed0d5c8d9b4ebb3aa48114d3a41812ed  crates/shapes/src/srl/reads.rs
b7d43faf74556562faf4b3eb166ee00073b1df1eaec14452b157e183bbf4acaf  crates/slice/src/ownership.rs
42a1c2a9a7c627d211ae79ec5cd3b4d275195096fea5048354a4f3d12b1eafee  crates/sparql-algebra/src/algebra.rs
32bdbea4f2e4b4196273b9387031e33dcf82605fd5735bfc76e130081d79773f  crates/sparql-algebra/src/owned.rs
d2bbb8db903546272390232ca3c5d3c1ce1a30e3f3d0ae0d5ea032ee11fd20c3  crates/sparql-algebra/src/parser.rs
e5acb6e57811d5ea866403093efceba9a2d2ffbda1db84b5793648632aa4158a  crates/sparql-algebra/src/parser/machine.rs
e8af5b2305c8f764495b2cc7036f0f2581ecea612c87bfdf6823677a167b4dee  crates/sparql-algebra/src/parser/triples.rs
dc0558b655bf024ae29566a0e23f7e7be0063626e5368d23883a5a0a219c09f7  crates/sparql-algebra/src/retained_size.rs
1f24f2818fb514e937911ac7be4033a51c13745046e08e51e70b8210e4dd164c  crates/sparql-algebra/src/serialize.rs
7583787a766ea1a27e8e81b623aaa42faf95abf64c66510d5446ed55ded70430  crates/sparql-algebra/src/traits.rs
9b6d666da444902e488d4f309e949f7981032e956dfce6429936c5b24791bca3  crates/sparql-algebra/src/validate.rs
0be7f62613ef6c246f02cc4a3b1da571ab4f45fc64d64dabfb0c329ce157c657  crates/sparql-algebra/src/walk.rs
f798793ac739c97f555a4ccd3853586e746b60928f828be04dddf11af2ece1fa  crates/sparql-algebra/tests/iterative_traits.rs
5d10a052c6b2c48960d82a113399c6bcfad613589f4ebb2be35c07b407e8ee5a  crates/sparql-eval/src/basic_profile.rs
b28e7d669390753f7623a60104b8120a3c1cac8c2ee3b5ee8979fe0c2bfc9958  crates/sparql-eval/src/bgp.rs
7d9c364cfb9b8eeddcb77eb8701ce5dd5314ee448e08181f766cbf34746b4f21  crates/sparql-eval/src/binop.rs
ac8c76639beac8f99453b171dfaf7a04fab695286b3a2d7d8941141b3a3e9f87  crates/sparql-eval/src/blank_scope.rs
2b3395e9133855e30cf8b487246c1eba387a2f04dd6df82082d212984f99dde7  crates/sparql-eval/src/cdt_agg.rs
e5ad4f91ba38d4427ecfad1765d5b2f49f71076aac975794df14b14c6ed4753f  crates/sparql-eval/src/construct.rs
336ca043610ed9ae4570b23a31f0f2980c982953dce105029b1d074aac36cdb5  crates/sparql-eval/src/engine.rs
e9557aefe1a5ebff5cdcd9f4a478768200463ac78f7578c0a5bb78b9db04420a  crates/sparql-eval/src/eval.rs
4fb15ba2b3b518e24dfcc0656527da2c82c51039f6294200fdcae24c2156baa7  crates/sparql-eval/src/expr.rs
ef7b8ee91b3f51ede232b7c5e9bf4c6a4e0da253138b8e03b845e76f20aceb1f  crates/sparql-eval/src/governor/soundness.rs
85af47bfeef714419fb67ad08a40fa55f08cce49fb50b84e19119fb63e737dbe  crates/sparql-eval/src/lib.rs
815f752eda5df480766e5d1d7f5dcbfd04de257480f273209ade5e7ae856c7ac  crates/sparql-eval/src/modifier.rs
9001c254f5073a09b08c94f2c411df9a261851a1bc0b602839bda3b178a307fe  crates/sparql-eval/src/prebind_memo.rs
3938cb8c872090ea76431dd5ba2933447c7402a631a28419c17d28b417043b48  crates/sparql-eval/src/property_fn_eval.rs
39b8616f6b87814bba1970fd11aa5b10ca66221b76e64a3629266926c2ea63e5  crates/sparql-eval/src/property_fn_plan.rs
1a2e3dbdd2ab0e7284513ae4bcc4b4eb64be0a63bda2ec07036dd10796d1c005  crates/sparql-eval/src/rdflib.rs
3d65646b752e35eb501564db690ee5c8e7cdbff2abada40e8fd7a90100cd43f1  crates/sparql-eval/src/remote.rs
d435ed735658e1bfe4b5f964fc719742da9a321227324ce1103293278844d32c  crates/sparql-eval/src/service_endpoints.rs
e13e75dba39e7d3b553500e2b1c551cca90b123e095954b2039b01a3fce2bde6  crates/sparql-eval/src/substitute.rs
d2f6bda9786877cb88a4cdf6bb322b34b5b84fac84dd8e2a3e8128840064add5  crates/sparql-eval/tests/fixtures/contextual-mappings.json
5fd7872ac5b8983de918023f784f84b3c24f064eec46e48e4870b39d808f652d  crates/sparql-eval/tests/rdflib_contextual.rs
6228ad322df4ceb8596067a9eae705e84dc85f4b252bd07b5727daa658d85d0d  crates/xsd/src/exact/cost.rs
53de1a8f6c02da63a8918aa238b68b926f4bc37a6e701da99a76c88bd92f370a  docs/CONFORMANCE.md
71d94a5d0ec8d172d5e5aba25ab7d78942942efce89ce74065c2481b1e7bb650  docs/book/po/zh-Hans.po
60e090913ceb99a2d9e4389947aa51d5afc9da3f8702dae8b3651a96d184a59d  docs/book/src/interop/rdflib.md
a2b3ffaa7c8373e720fb60cb186ae33ae54ce03a1d005361751dadac21899bb6  docs/book/src/sparql/querying.md
