    Blocking waiting for file lock on package cache
    Blocking waiting for file lock on package cache
    Blocking waiting for file lock on package cache
   Compiling crossbeam-utils v0.8.21
    Checking purrdf-hash v3.0.1 (/home/paudley/Active/purrdf/.worktrees/458-purrdf-gts-composite-ml-dsa-65-ed25519/crates/hash)
    Checking inout v0.2.2
    Checking cmov v0.5.4
    Checking cpubits v0.1.1
    Checking crossbeam-epoch v0.9.18
   Compiling libc v0.2.186
    Checking ctutils v0.4.2
    Checking cipher v0.5.2
   Compiling rayon-core v1.13.0
    Checking crossbeam-deque v0.8.6
    Checking universal-hash v0.6.1
    Checking purrdf-lex v3.0.1 (/home/paudley/Active/purrdf/.worktrees/458-purrdf-gts-composite-ml-dsa-65-ed25519/crates/lex)
    Checking polyval v0.7.3
    Checking ghash v0.6.0
    Checking ctr v0.10.1
    Checking aes v0.9.3
    Checking aead v0.6.1
    Checking twox-hash v2.1.2
   Compiling getrandom v0.3.4
    Checking either v1.16.0
    Checking fastrand v2.4.1
    Checking aes-gcm v0.11.1
    Checking purrdf-xsd v3.0.1 (/home/paudley/Active/purrdf/.worktrees/458-purrdf-gts-composite-ml-dsa-65-ed25519/crates/xsd)
    Checking structured-zstd v0.0.49
    Checking rayon v1.12.0
    Checking purrdf-iri v3.0.1 (/home/paudley/Active/purrdf/.worktrees/458-purrdf-gts-composite-ml-dsa-65-ed25519/crates/iri)
    Checking purrdf-ed25519 v3.0.1 (/home/paudley/Active/purrdf/.worktrees/458-purrdf-gts-composite-ml-dsa-65-ed25519/crates/ed25519)
    Checking purrdf-deflate v3.0.1 (/home/paudley/Active/purrdf/.worktrees/458-purrdf-gts-composite-ml-dsa-65-ed25519/crates/deflate)
    Checking visual-hashing v1.0.0
    Checking purrdf-events v3.0.1 (/home/paudley/Active/purrdf/.worktrees/458-purrdf-gts-composite-ml-dsa-65-ed25519/crates/rdf-events)
    Checking purrdf-testkit v3.0.1 (/home/paudley/Active/purrdf/.worktrees/458-purrdf-gts-composite-ml-dsa-65-ed25519/crates/testkit)
    Checking purrdf-stack v3.0.1 (/home/paudley/Active/purrdf/.worktrees/458-purrdf-gts-composite-ml-dsa-65-ed25519/crates/stack)
    Checking purrdf-gts v3.0.1 (/home/paudley/Active/purrdf/.worktrees/458-purrdf-gts-composite-ml-dsa-65-ed25519/crates/gts)
error: empty String is being created manually
   --> crates/gts/tests/cose_composite.rs:764:9
    |
764 |         "".to_string(),
    |         ^^^^^^^^^^^^^^ help: consider using: `String::new()`
    |
    = help: for further information visit https://rust-lang.github.io/rust-clippy/main/index.html#manual_string_new
    = note: `-D clippy::manual-string-new` implied by `-D warnings`
    = help: to override `-D warnings` add `#[allow(clippy::manual_string_new)]`

error: could not compile `purrdf-gts` (test "cose_composite") due to 1 previous error
warning: build failed, waiting for other jobs to finish...
