    Blocking waiting for file lock on package cache
    Blocking waiting for file lock on package cache
    Blocking waiting for file lock on package cache
   Compiling purrdf-gts v3.0.1 (/home/paudley/Active/purrdf/.worktrees/458-purrdf-gts-composite-ml-dsa-65-ed25519/crates/gts)
    Finished `test` profile [optimized] target(s) in 8.83s
     Running tests/cose_composite.rs (/opt/.cargo/slots/caa92a003e12f897/0/build/wasm32-unknown-unknown/debug/build/purrdf-gts/8485b18cecfe5ba4/out/cose_composite-8485b18cecfe5ba4.wasm)

running 11 tests
test ietf_published_cose_example_complete_bytes ... ok
test frozen_eddsa_sign1_bytes_and_conveniences ... ok
test public_composite_sign1_deterministic_hedged_and_key_dispatch ... ok
test each_component_is_mandatory_and_cannot_be_spliced ... ok
test canonical_composite_key_encodings_and_strict_ed25519 ... ok
test headers_are_authenticated_unique_typed_and_critical_rules_enforced ... ok
test complete_detached_envelope_boundary_and_no_key_status ... ok
test portable_composite_without_host_entropy_or_clock ... ok
test opaque_binary_kids_authenticate_without_text_lookup_fallback ... ok
test missing_kid_is_distinct_from_empty_and_needs_no_discovery ... ok
test content_type_headers_obey_restricted_names_before_lookup ... ok

test result: ok. 11 passed; 0 failed; 0 ignored; 0 measured; 0 filtered out; finished in 0.13s

     Running tests/hedged_writer.rs (/opt/.cargo/slots/caa92a003e12f897/0/build/wasm32-unknown-unknown/debug/build/purrdf-gts/fbc2d4ee230c9559/out/hedged_writer-fbc2d4ee230c9559.wasm)

running 10 tests
test frozen_ed25519_writer_remains_byte_exact ... ok
test writer_reader_mixed_algorithm_history_and_rotation ... ok
test hedged_output_variation_and_portable_provider ... ok
test failed_missing_and_partial_entropy_preserve_every_append_contract ... ok
test both_writer_produced_components_and_frame_content_are_mandatory ... ok
test file_integrity_rejects_header_chain_and_torn_damage_but_allows_opaque_encryption ... ok
test malformed_unsupported_unresolved_and_wrong_type_are_distinct ... ok
test opaque_absent_and_empty_ids_remain_distinct_at_file_resolution ... ok
test snapshot_signer_debug_does_not_expose_secret_seed ... ok
test existing_openpgp_resolution_uses_the_same_integrity_core ... ok

test result: ok. 10 passed; 0 failed; 0 ignored; 0 measured; 0 filtered out; finished in 0.07s

