    Checking const-oid v0.10.2
    Checking regex-automata v0.4.14
    Checking purrdf-cdt v3.0.1 (/home/paudley/Active/purrdf/.worktrees/458-purrdf-gts-composite-ml-dsa-65-ed25519/crates/cdt)
   Compiling purrdf-core v3.0.1 (/home/paudley/Active/purrdf/.worktrees/458-purrdf-gts-composite-ml-dsa-65-ed25519/crates/rdf-core)
    Checking digest v0.11.3
    Checking sha2 v0.11.0
    Checking regex v1.12.4
    Checking purrdf-ed25519 v3.0.1 (/home/paudley/Active/purrdf/.worktrees/458-purrdf-gts-composite-ml-dsa-65-ed25519/crates/ed25519)
    Checking purrdf-testkit v3.0.1 (/home/paudley/Active/purrdf/.worktrees/458-purrdf-gts-composite-ml-dsa-65-ed25519/crates/testkit)
    Checking purrdf-gts v3.0.1 (/home/paudley/Active/purrdf/.worktrees/458-purrdf-gts-composite-ml-dsa-65-ed25519/crates/gts)
    Checking hashbrown v0.17.1
    Checking purrdf-sparql-algebra v3.0.1 (/home/paudley/Active/purrdf/.worktrees/458-purrdf-gts-composite-ml-dsa-65-ed25519/crates/sparql-algebra)
   Compiling proc-macro2 v1.0.106
   Compiling quote v1.0.46
    Checking unicode-ident v1.0.24
    Checking syn v2.0.118
    Checking purrdf-jsonschema v3.0.1 (/home/paudley/Active/purrdf/.worktrees/458-purrdf-gts-composite-ml-dsa-65-ed25519/crates/jsonschema)
error: very complex type used. Consider factoring parts into `type` definitions
   --> crates/gts/src/compact.rs:522:41
    |
522 | fn carried_detached_pairs(g: &Graph) -> Result<Vec<(Vec<u8>, Vec<u8>)>, CompactRefusedError> {
    |                                         ^^^^^^^^^^^^^^^^^^^^^^^^^^^^^^^^^^^^^^^^^^^^^^^^^^^^
    |
    = help: for further information visit https://rust-lang.github.io/rust-clippy/main/index.html#type_complexity
    = note: `-D clippy::type-complexity` implied by `-D warnings`
    = help: to override `-D warnings` add `#[allow(clippy::type_complexity)]`

error: very complex type used. Consider factoring parts into `type` definitions
   --> crates/gts/src/compact.rs:585:47
    |
585 | pub fn detached_signature_pairs(g: &Graph) -> Result<Vec<(Vec<u8>, Vec<u8>)>, CompactRefusedError> {
    |                                               ^^^^^^^^^^^^^^^^^^^^^^^^^^^^^^^^^^^^^^^^^^^^^^^^^^^^
    |
    = help: for further information visit https://rust-lang.github.io/rust-clippy/main/index.html#type_complexity

error: could not compile `purrdf-gts` (lib) due to 2 previous errors
warning: build failed, waiting for other jobs to finish...
error: could not compile `purrdf-gts` (lib test) due to 2 previous errors
