   Compiling const-oid v0.10.2
   Compiling regex-automata v0.4.14
   Compiling purrdf-cdt v3.0.1 (/home/paudley/Active/purrdf/.worktrees/458-purrdf-gts-composite-ml-dsa-65-ed25519/crates/cdt)
   Compiling purrdf-core v3.0.1 (/home/paudley/Active/purrdf/.worktrees/458-purrdf-gts-composite-ml-dsa-65-ed25519/crates/rdf-core)
   Compiling digest v0.11.3
   Compiling regex v1.12.4
   Compiling sha2 v0.11.0
   Compiling hashbrown v0.17.1
   Compiling purrdf-ed25519 v3.0.1 (/home/paudley/Active/purrdf/.worktrees/458-purrdf-gts-composite-ml-dsa-65-ed25519/crates/ed25519)
   Compiling proc-macro2 v1.0.106
   Compiling quote v1.0.46
   Compiling purrdf-testkit v3.0.1 (/home/paudley/Active/purrdf/.worktrees/458-purrdf-gts-composite-ml-dsa-65-ed25519/crates/testkit)
   Compiling purrdf-gts v3.0.1 (/home/paudley/Active/purrdf/.worktrees/458-purrdf-gts-composite-ml-dsa-65-ed25519/crates/gts)
   Compiling syn v2.0.118
   Compiling purrdf-sparql-algebra v3.0.1 (/home/paudley/Active/purrdf/.worktrees/458-purrdf-gts-composite-ml-dsa-65-ed25519/crates/sparql-algebra)
   Compiling purrdf-jsonschema v3.0.1 (/home/paudley/Active/purrdf/.worktrees/458-purrdf-gts-composite-ml-dsa-65-ed25519/crates/jsonschema)
   Compiling purrdf-sparql-results v3.0.1 (/home/paudley/Active/purrdf/.worktrees/458-purrdf-gts-composite-ml-dsa-65-ed25519/crates/sparql-results)
   Compiling purrdf-sparql-eval v3.0.1 (/home/paudley/Active/purrdf/.worktrees/458-purrdf-gts-composite-ml-dsa-65-ed25519/crates/sparql-eval)
   Compiling purrdf-rdf v3.0.1 (/home/paudley/Active/purrdf/.worktrees/458-purrdf-gts-composite-ml-dsa-65-ed25519/crates/rdf)
    Finished `test` profile [optimized] target(s) in 1m 19s
     Running tests/gts_composite_compaction.rs (/opt/.cargo/slots/caa92a003e12f897/0/build/wasm32-unknown-unknown/debug/build/purrdf-rdf/cd8cab1e5cd234f6/out/gts_composite_compaction-cd8cab1e5cd234f6.wasm)
error: test failed, to rerun pass `-p purrdf-rdf --test gts_composite_compaction`

Caused by:
  could not execute process `/opt/.cargo/slots/caa92a003e12f897/0/build/wasm32-unknown-unknown/debug/build/purrdf-rdf/cd8cab1e5cd234f6/out/gts_composite_compaction-cd8cab1e5cd234f6.wasm` (never executed)

Caused by:
  Exec format error (os error 8)
