/opt/.cargo/slots/caa92a003e12f897/0/target/wasm32-unknown-unknown/release/libpurrdf.rlib: OK
/opt/.cargo/slots/caa92a003e12f897/0/target/wasm32-unknown-unknown/release/libpurrdf_bench.rlib: OK
/opt/.cargo/slots/caa92a003e12f897/0/target/wasm32-unknown-unknown/release/libpurrdf_cdt.rlib: OK
/opt/.cargo/slots/caa92a003e12f897/0/target/wasm32-unknown-unknown/release/libpurrdf_columnar.rlib: OK
/opt/.cargo/slots/caa92a003e12f897/0/target/wasm32-unknown-unknown/release/libpurrdf_core.rlib: OK
/opt/.cargo/slots/caa92a003e12f897/0/target/wasm32-unknown-unknown/release/libpurrdf_datalog.rlib: OK
/opt/.cargo/slots/caa92a003e12f897/0/target/wasm32-unknown-unknown/release/libpurrdf_deflate.rlib: OK
/opt/.cargo/slots/caa92a003e12f897/0/target/wasm32-unknown-unknown/release/libpurrdf_ed25519.rlib: OK
/opt/.cargo/slots/caa92a003e12f897/0/target/wasm32-unknown-unknown/release/libpurrdf_entail.rlib: OK
/opt/.cargo/slots/caa92a003e12f897/0/target/wasm32-unknown-unknown/release/libpurrdf_events.rlib: OK
/opt/.cargo/slots/caa92a003e12f897/0/target/wasm32-unknown-unknown/release/libpurrdf_geo.rlib: OK
/opt/.cargo/slots/caa92a003e12f897/0/target/wasm32-unknown-unknown/release/libpurrdf_gts.rlib: OK
/opt/.cargo/slots/caa92a003e12f897/0/target/wasm32-unknown-unknown/release/libpurrdf_hash.rlib: OK
/opt/.cargo/slots/caa92a003e12f897/0/target/wasm32-unknown-unknown/release/libpurrdf_hnsw.rlib: OK
/opt/.cargo/slots/caa92a003e12f897/0/target/wasm32-unknown-unknown/release/libpurrdf_iri.rlib: OK
/opt/.cargo/slots/caa92a003e12f897/0/target/wasm32-unknown-unknown/release/libpurrdf_json.rlib: OK
/opt/.cargo/slots/caa92a003e12f897/0/target/wasm32-unknown-unknown/release/libpurrdf_jsonschema.rlib: OK
/opt/.cargo/slots/caa92a003e12f897/0/target/wasm32-unknown-unknown/release/libpurrdf_lex.rlib: OK
/opt/.cargo/slots/caa92a003e12f897/0/target/wasm32-unknown-unknown/release/libpurrdf_markdown.rlib: OK
/opt/.cargo/slots/caa92a003e12f897/0/target/wasm32-unknown-unknown/release/libpurrdf_rdf.rlib: OK
/opt/.cargo/slots/caa92a003e12f897/0/target/wasm32-unknown-unknown/release/libpurrdf_retrieval.rlib: OK
/opt/.cargo/slots/caa92a003e12f897/0/target/wasm32-unknown-unknown/release/libpurrdf_shapes.rlib: OK
/opt/.cargo/slots/caa92a003e12f897/0/target/wasm32-unknown-unknown/release/libpurrdf_shex.rlib: OK
/opt/.cargo/slots/caa92a003e12f897/0/target/wasm32-unknown-unknown/release/libpurrdf_slice.rlib: OK
/opt/.cargo/slots/caa92a003e12f897/0/target/wasm32-unknown-unknown/release/libpurrdf_sparql_algebra.rlib: OK
/opt/.cargo/slots/caa92a003e12f897/0/target/wasm32-unknown-unknown/release/libpurrdf_sparql_eval.rlib: OK
/opt/.cargo/slots/caa92a003e12f897/0/target/wasm32-unknown-unknown/release/libpurrdf_sparql_results.rlib: OK
/opt/.cargo/slots/caa92a003e12f897/0/target/wasm32-unknown-unknown/release/libpurrdf_stack.rlib: OK
/opt/.cargo/slots/caa92a003e12f897/0/target/wasm32-unknown-unknown/release/libpurrdf_text.rlib: OK
/opt/.cargo/slots/caa92a003e12f897/0/target/wasm32-unknown-unknown/release/libpurrdf_validate.rlib: OK
/opt/.cargo/slots/caa92a003e12f897/0/target/wasm32-unknown-unknown/release/libpurrdf_wasm.rlib: OK
/opt/.cargo/slots/caa92a003e12f897/0/target/wasm32-unknown-unknown/release/libpurrdf_xsd.rlib: OK
/opt/.cargo/slots/caa92a003e12f897/0/target/wasm32-unknown-unknown/release/purrdf_wasm.wasm: OK
