Cargo.lock: OK
Cargo.toml: OK
crates/xsd/Cargo.toml: OK
crates/xsd/README.md: OK
crates/xsd/benches/exact.rs: OK
crates/xsd/benches/lexical.rs: OK
crates/xsd/examples/gen_exact_numeric_vectors.rs: OK
crates/xsd/licenses/CC-BY-4.0.txt: OK
crates/xsd/licenses/LICENSE-APACHE: OK
crates/xsd/licenses/LICENSE-MIT: OK
crates/xsd/licenses/LICENSE-MULAN: OK
crates/xsd/licenses/NOTICE.txt: OK
crates/xsd/licenses/inventory.json: OK
crates/xsd/src/bigint.rs: OK
crates/xsd/src/bigint/arithmetic_tests.rs: OK
crates/xsd/src/bigint/compat.rs: OK
crates/xsd/src/bigint/scratch.rs: OK
crates/xsd/src/bigint/storage.rs: OK
crates/xsd/src/bigint/tower_tests.rs: OK
crates/xsd/src/binary.rs: OK
crates/xsd/src/datatype.rs: OK
crates/xsd/src/decimal_float.rs: OK
crates/xsd/src/exact/binary.rs: OK
crates/xsd/src/exact/cost.rs: OK
crates/xsd/src/exact/decimal.rs: OK
crates/xsd/src/exact/error.rs: OK
crates/xsd/src/exact/integer.rs: OK
crates/xsd/src/exact/mod.rs: OK
crates/xsd/src/exact/rational.rs: OK
crates/xsd/src/exact/rounding.rs: OK
crates/xsd/src/ieee/mod.rs: OK
crates/xsd/src/ieee/reference.rs: OK
crates/xsd/src/ieee/tests.rs: OK
crates/xsd/src/ieee/x87.rs: OK
crates/xsd/src/json_number.rs: OK
crates/xsd/src/lib.rs: OK
crates/xsd/src/numeric.rs: OK
crates/xsd/src/numeric/exact_path.rs: OK
crates/xsd/src/ops.rs: OK
crates/xsd/src/range.rs: OK
crates/xsd/src/rational.rs: OK
crates/xsd/src/rfc3339.rs: OK
crates/xsd/src/simple.rs: OK
crates/xsd/src/temporal.rs: OK
crates/xsd/src/value.rs: OK
crates/xsd/src/wide.rs: OK
crates/xsd/tests/data_range.rs: OK
crates/xsd/tests/exact_governance.rs: OK
crates/xsd/tests/exact_tower.rs: OK
crates/xsd/tests/exact_values.rs: OK
crates/xsd/tests/exact_wasm_determinism.rs: OK
crates/xsd/tests/frozen_vectors.rs: OK
crates/xsd/tests/numeric_error_codes.rs: OK
crates/xsd/tests/operator_mapping.rs: OK
crates/xsd/tests/rfc3339.rs: OK
crates/xsd/tests/value_space.rs: OK
crates/xsd/tests/vectors/binary_decimal_vectors.txt: OK
crates/xsd/tests/vectors/calendar_vectors.txt: OK
crates/xsd/tests/vectors/exact_numeric_vectors.txt: OK
crates/xsd/tests/vectors/gcd_vectors.txt: OK
crates/xsd/tests/vectors/json_number_vectors.txt: OK
crates/xsd/tests/vectors/numeric_predicate_vectors.txt: OK
crates/xsd/tests/vectors/rfc3339_vectors.txt: OK
crates/xsd/tests/vectors/wide_vectors.txt: OK
