   Compiling typenum v1.20.1
   Compiling purrdf-hash v3.0.1 (/home/paudley/Active/purrdf/.worktrees/401-update-transfers-preserve-rdf-1-2/crates/hash)
   Compiling regex-syntax v0.8.11
   Compiling const-oid v0.10.2
   Compiling libc v0.2.186
   Compiling cfg-if v1.0.4
   Compiling cpufeatures v0.3.0
   Compiling purrdf-core v3.0.1 (/home/paudley/Active/purrdf/.worktrees/401-update-transfers-preserve-rdf-1-2/crates/rdf-core)
   Compiling purrdf-events v3.0.1 (/home/paudley/Active/purrdf/.worktrees/401-update-transfers-preserve-rdf-1-2/crates/rdf-events)
   Compiling hashbrown v0.17.1
   Compiling purrdf-alloc-probe v3.0.1 (/home/paudley/Active/purrdf/.worktrees/401-update-transfers-preserve-rdf-1-2/crates/alloc-probe)
   Compiling hybrid-array v0.4.15
   Compiling regex-automata v0.4.14
   Compiling purrdf-lex v3.0.1 (/home/paudley/Active/purrdf/.worktrees/401-update-transfers-preserve-rdf-1-2/crates/lex)
   Compiling purrdf-deflate v3.0.1 (/home/paudley/Active/purrdf/.worktrees/401-update-transfers-preserve-rdf-1-2/crates/deflate)
   Compiling block-buffer v0.12.1
   Compiling crypto-common v0.2.2
   Compiling digest v0.11.3
   Compiling purrdf-stack v3.0.1 (/home/paudley/Active/purrdf/.worktrees/401-update-transfers-preserve-rdf-1-2/crates/stack)
   Compiling regex v1.12.4
   Compiling sha2 v0.11.0
   Compiling purrdf-iri v3.0.1 (/home/paudley/Active/purrdf/.worktrees/401-update-transfers-preserve-rdf-1-2/crates/iri)
   Compiling purrdf-xsd v3.0.1 (/home/paudley/Active/purrdf/.worktrees/401-update-transfers-preserve-rdf-1-2/crates/xsd)
   Compiling purrdf-testkit v3.0.1 (/home/paudley/Active/purrdf/.worktrees/401-update-transfers-preserve-rdf-1-2/crates/testkit)
   Compiling purrdf-cdt v3.0.1 (/home/paudley/Active/purrdf/.worktrees/401-update-transfers-preserve-rdf-1-2/crates/cdt)
    Finished `test` profile [optimized] target(s) in 33.08s
     Running unittests src/lib.rs (/opt/purrdf-401-qualification/build/debug/build/purrdf-core/1c7f8ab4d6fee602/out/purrdf_core-1c7f8ab4d6fee602)

running 1 test
test ir::mutable::tests::classification_collision_counts_the_actual_physical_rows ... FAILED

failures:

---- ir::mutable::tests::classification_collision_counts_the_actual_physical_rows stdout ----

thread 'ir::mutable::tests::classification_collision_counts_the_actual_physical_rows' (2374055) panicked at crates/rdf-core/src/ir/mutable.rs:1551:9:
assertion `left == right` failed
  left: 3
 right: 2
note: run with `RUST_BACKTRACE=1` environment variable to display a backtrace


failures:
    ir::mutable::tests::classification_collision_counts_the_actual_physical_rows

test result: FAILED. 0 passed; 1 failed; 0 ignored; 0 measured; 1217 filtered out; finished in 0.00s

error: test failed, to rerun pass `-p purrdf-core --lib`
