   Compiling purrdf-lex v3.0.1 (/home/paudley/Active/purrdf/.worktrees/387-blank-scope-investigation/crates/lex)
   Compiling purrdf-xsd v3.0.1 (/home/paudley/Active/purrdf/.worktrees/387-blank-scope-investigation/crates/xsd)
   Compiling purrdf-iri v3.0.1 (/home/paudley/Active/purrdf/.worktrees/387-blank-scope-investigation/crates/iri)
   Compiling purrdf-cdt v3.0.1 (/home/paudley/Active/purrdf/.worktrees/387-blank-scope-investigation/crates/cdt)
   Compiling purrdf-sparql-algebra v3.0.1 (/home/paudley/Active/purrdf/.worktrees/387-blank-scope-investigation/crates/sparql-algebra)
    Finished `bench` profile [optimized] target(s) in 16.06s
     Running benches/scope_checks.rs (/opt/.cargo/slots/2b79b067da2bb563/0/build/release/build/purrdf-sparql-algebra/ca46cb0052064547/out/scope_checks-ca46cb0052064547)
scope_checks/representative/existing_check time:   [175.2 ns 176.7 ns 180.1 ns]  mad: 8.810 ns  (100 samples × 241415 iterations)
                         outliers: 2 of 100 (0 low severe, 0 low mild, 2 high mild, 0 high severe)
scope_checks/representative/explicit_check time:   [2.693 µs 2.715 µs 2.738 µs]  mad: 71.86 ns  (100 samples × 18511 iterations)
scope_checks/representative/encoded_variable_declaration_prepare time:   [451.4 ns 454.6 ns 456.5 ns]  mad: 6.494 ns  (100 samples × 117338 iterations)
                         outliers: 7 of 100 (0 low severe, 0 low mild, 6 high mild, 1 high severe)
scope_checks/representative/contract_prepare time:   [2.617 µs 2.628 µs 2.635 µs]  mad: 34.30 ns  (100 samples × 16070 iterations)
                         outliers: 2 of 100 (0 low severe, 0 low mild, 2 high mild, 0 high severe)
scope_checks/representative/contract_reuse_check time:   [2.969 µs 3.013 µs 3.100 µs]  mad: 118.9 ns  (100 samples × 16379 iterations)
scope_checks/branches_256/existing_check time:   [6.023 µs 6.339 µs 6.360 µs]  mad: 80.77 ns  (100 samples × 7877 iterations)
scope_checks/branches_256/explicit_check time:   [119.8 µs 120.4 µs 121.0 µs]  mad: 1.311 µs  (100 samples × 431 iterations)
                         outliers: 2 of 100 (1 low severe, 1 low mild, 0 high mild, 0 high severe)
scope_checks/branches_256/encoded_variable_declaration_prepare time:   [10.59 µs 10.63 µs 10.68 µs]  mad: 91.27 ns  (100 samples × 4720 iterations)
                         outliers: 5 of 100 (0 low severe, 5 low mild, 0 high mild, 0 high severe)
scope_checks/branches_256/contract_prepare time:   [115.0 µs 116.3 µs 117.8 µs]  mad: 3.087 µs  (100 samples × 385 iterations)
scope_checks/branches_256/contract_reuse_check time:   [123.3 µs 123.8 µs 125.0 µs]  mad: 2.159 µs  (100 samples × 399 iterations)
                         outliers: 11 of 100 (0 low severe, 0 low mild, 11 high mild, 0 high severe)
scope_checks/width_1024/existing_check time:   [18.42 µs 18.57 µs 18.70 µs]  mad: 423.6 ns  (100 samples × 2829 iterations)
scope_checks/width_1024/explicit_check time:   [478.2 µs 478.8 µs 480.0 µs]  mad: 3.049 µs  (100 samples × 105 iterations)
                         outliers: 11 of 100 (5 low severe, 6 low mild, 0 high mild, 0 high severe)
scope_checks/width_1024/encoded_variable_declaration_prepare time:   [36.74 µs 37.23 µs 37.68 µs]  mad: 711.1 ns  (100 samples × 1353 iterations)
scope_checks/width_1024/contract_prepare time:   [485.1 µs 494.0 µs 500.2 µs]  mad: 17.26 µs  (100 samples × 98 iterations)
scope_checks/width_1024/contract_reuse_check time:   [510.0 µs 513.8 µs 516.1 µs]  mad: 7.876 µs  (100 samples × 103 iterations)
scope_checks/deep_64/existing_check time:   [450.4 ns 451.4 ns 452.0 ns]  mad: 2.687 ns  (100 samples × 108878 iterations)
                         outliers: 12 of 100 (8 low severe, 0 low mild, 3 high mild, 1 high severe)
scope_checks/deep_64/explicit_check time:   [2.503 µs 2.513 µs 2.518 µs]  mad: 16.89 ns  (100 samples × 19961 iterations)
scope_checks/deep_64/encoded_variable_declaration_prepare time:   [580.0 ns 594.6 ns 603.2 ns]  mad: 23.14 ns  (100 samples × 83597 iterations)
                         outliers: 3 of 100 (0 low severe, 0 low mild, 0 high mild, 3 high severe)
scope_checks/deep_64/contract_prepare time:   [2.872 µs 2.891 µs 2.911 µs]  mad: 52.78 ns  (100 samples × 10741 iterations)
                         outliers: 17 of 100 (0 low severe, 0 low mild, 17 high mild, 0 high severe)
scope_checks/deep_64/contract_reuse_check time:   [4.375 µs 4.518 µs 4.703 µs]  mad: 439.8 ns  (100 samples × 11395 iterations)
                         outliers: 1 of 100 (0 low severe, 1 low mild, 0 high mild, 0 high severe)
scope_checks/deep_512/existing_check time:   [5.979 µs 6.033 µs 6.125 µs]  mad: 222.2 ns  (100 samples × 8312 iterations)
                         outliers: 10 of 100 (6 low severe, 4 low mild, 0 high mild, 0 high severe)
scope_checks/deep_512/explicit_check time:   [19.07 µs 19.24 µs 19.62 µs]  mad: 685.2 ns  (100 samples × 2613 iterations)
scope_checks/deep_512/encoded_variable_declaration_prepare time:   [3.700 µs 3.729 µs 3.764 µs]  mad: 202.3 ns  (100 samples × 13842 iterations)
                         outliers: 1 of 100 (0 low severe, 0 low mild, 1 high mild, 0 high severe)
scope_checks/deep_512/contract_prepare time:   [18.39 µs 18.67 µs 18.96 µs]  mad: 692.7 ns  (100 samples × 2086 iterations)
                         outliers: 21 of 100 (0 low severe, 0 low mild, 5 high mild, 16 high severe)
scope_checks/deep_512/contract_reuse_check time:   [25.33 µs 25.64 µs 26.01 µs]  mad: 800.9 ns  (100 samples × 1941 iterations)
                         outliers: 19 of 100 (17 low severe, 2 low mild, 0 high mild, 0 high severe)
scope_checks/deep_100000/existing_check time:   [1.311 ms 1.327 ms 1.346 ms]  mad: 47.35 µs  (100 samples × 45 iterations)
                         outliers: 6 of 100 (0 low severe, 0 low mild, 5 high mild, 1 high severe)
scope_checks/deep_100000/explicit_check time:   [4.714 ms 4.878 ms 5.222 ms]  mad: 931.0 µs  (100 samples × 9 iterations)
scope_checks/deep_100000/encoded_variable_declaration_prepare time:   [899.5 µs 927.4 µs 966.8 µs]  mad: 112.6 µs  (100 samples × 44 iterations)
scope_checks/deep_100000/contract_prepare time:   [5.687 ms 5.923 ms 6.191 ms]  mad: 601.6 µs  (100 samples × 10 iterations)
scope_checks/deep_100000/contract_reuse_check time:   [6.308 ms 6.660 ms 7.249 ms]  mad: 1.656 ms  (100 samples × 7 iterations)
                         outliers: 1 of 100 (0 low severe, 0 low mild, 1 high mild, 0 high severe)

30 benchmarks measured; 0 failed
