PASS query-sync compatibility noncapturing
PASS query-async compatibility noncapturing
PASS shacl-sync compatibility noncapturing
PASS shacl-async compatibility noncapturing
PASS query-sync compatibility backreference
PASS query-async compatibility backreference
PASS shacl-sync compatibility backreference
PASS shacl-async compatibility backreference
PASS query-sync xpath-2.0-2010-12-14 noncapturing
PASS query-async xpath-2.0-2010-12-14 noncapturing
PASS shacl-sync xpath-2.0-2010-12-14 noncapturing
PASS shacl-async xpath-2.0-2010-12-14 noncapturing
PASS query-sync xpath-2.0-2010-12-14 backreference
PASS query-async xpath-2.0-2010-12-14 backreference
PASS shacl-sync xpath-2.0-2010-12-14 backreference
PASS shacl-async xpath-2.0-2010-12-14 backreference
PASS replace-sync xpath-2.0-2010-12-14
PASS replace-async xpath-2.0-2010-12-14
PASS query-sync source-refusal xpath-2.0-2010-12-14
PASS query-sync source-neighbor xpath-2.0-2010-12-14
PASS query-async source-refusal xpath-2.0-2010-12-14
PASS query-async source-neighbor xpath-2.0-2010-12-14
PASS shacl-sync source-refusal xpath-2.0-2010-12-14
PASS shacl-sync source-neighbor xpath-2.0-2010-12-14
PASS shacl-async source-refusal xpath-2.0-2010-12-14
PASS shacl-async source-neighbor xpath-2.0-2010-12-14
PASS query-sync xpath-3.1-2017-03-21 noncapturing
PASS query-async xpath-3.1-2017-03-21 noncapturing
PASS shacl-sync xpath-3.1-2017-03-21 noncapturing
PASS shacl-async xpath-3.1-2017-03-21 noncapturing
PASS query-sync xpath-3.1-2017-03-21 backreference
PASS query-async xpath-3.1-2017-03-21 backreference
PASS shacl-sync xpath-3.1-2017-03-21 backreference
PASS shacl-async xpath-3.1-2017-03-21 backreference
PASS replace-sync xpath-3.1-2017-03-21
PASS replace-async xpath-3.1-2017-03-21
PASS query-sync source-refusal xpath-3.1-2017-03-21
PASS query-sync source-neighbor xpath-3.1-2017-03-21
PASS query-async source-refusal xpath-3.1-2017-03-21
PASS query-async source-neighbor xpath-3.1-2017-03-21
PASS shacl-sync source-refusal xpath-3.1-2017-03-21
PASS shacl-sync source-neighbor xpath-3.1-2017-03-21
PASS shacl-async source-refusal xpath-3.1-2017-03-21
PASS shacl-async source-neighbor xpath-3.1-2017-03-21
PASS unknown-name sync "xpath-3.1"
PASS unknown-name async "xpath-3.1"
PASS unknown-name sync "XPATH-3.1-2017-03-21"
PASS unknown-name async "XPATH-3.1-2017-03-21"
PASS unknown-name sync ""
PASS unknown-name async ""
{"entry":"/home/paudley/Active/purrdf/.worktrees/406-native-xpath-regex/crates/rdf-wasm/js/index.mjs","passed":50,"failed":0,"skipped":0}
