   Compiling purrdf-sparql-algebra v3.0.1 (/home/paudley/Active/purrdf/.worktrees/387-blank-scope-investigation/crates/sparql-algebra)
    Finished `bench` profile [optimized] target(s) in 6.41s
     Running benches/scope_checks.rs (/opt/.cargo/slots/2b79b067da2bb563/0/build/release/build/purrdf-sparql-algebra/ca46cb0052064547/out/scope_checks-ca46cb0052064547)
scope_checks/representative/existing_check time:   [244.2 ns 252.7 ns 260.2 ns]  mad: 19.98 ns  (100 samples × 211903 iterations)
scope_checks/representative/explicit_check time:   [3.814 µs 4.150 µs 4.265 µs]  mad: 576.3 ns  (100 samples × 14366 iterations)
scope_checks/representative/encoded_variable_declaration_prepare time:   [637.7 ns 681.9 ns 715.3 ns]  mad: 79.08 ns  (100 samples × 74860 iterations)
scope_checks/representative/contract_prepare time:   [3.414 µs 3.548 µs 3.684 µs]  mad: 399.5 ns  (100 samples × 10090 iterations)
                         outliers: 1 of 100 (0 low severe, 0 low mild, 1 high mild, 0 high severe)
scope_checks/representative/contract_reuse_check time:   [3.965 µs 4.477 µs 5.201 µs]  mad: 886.1 ns  (100 samples × 9873 iterations)
scope_checks/branches_256/existing_check time:   [7.984 µs 8.288 µs 9.621 µs]  mad: 964.5 ns  (100 samples × 4696 iterations)
scope_checks/branches_256/explicit_check time:   [125.2 µs 125.9 µs 127.8 µs]  mad: 3.150 µs  (100 samples × 248 iterations)
                         outliers: 13 of 100 (0 low severe, 0 low mild, 0 high mild, 13 high severe)
scope_checks/branches_256/encoded_variable_declaration_prepare time:   [12.83 µs 13.17 µs 14.04 µs]  mad: 1.538 µs  (100 samples × 3960 iterations)
scope_checks/branches_256/contract_prepare time:   [112.5 µs 112.9 µs 113.7 µs]  mad: 1.788 µs  (100 samples × 257 iterations)
                         outliers: 2 of 100 (0 low severe, 0 low mild, 2 high mild, 0 high severe)
scope_checks/branches_256/contract_reuse_check time:   [153.2 µs 156.2 µs 156.8 µs]  mad: 4.838 µs  (100 samples × 321 iterations)
                         outliers: 5 of 100 (0 low severe, 0 low mild, 1 high mild, 4 high severe)
scope_checks/width_1024/existing_check time:   [18.30 µs 18.60 µs 19.31 µs]  mad: 650.2 ns  (100 samples × 2089 iterations)
                         outliers: 7 of 100 (0 low severe, 0 low mild, 0 high mild, 7 high severe)
scope_checks/width_1024/explicit_check time:   [527.0 µs 536.5 µs 552.1 µs]  mad: 17.94 µs  (100 samples × 83 iterations)
                         outliers: 20 of 100 (0 low severe, 0 low mild, 3 high mild, 17 high severe)
scope_checks/width_1024/encoded_variable_declaration_prepare time:   [43.78 µs 44.32 µs 44.57 µs]  mad: 993.4 ns  (100 samples × 1253 iterations)
scope_checks/width_1024/contract_prepare time:   [492.9 µs 494.9 µs 496.0 µs]  mad: 3.767 µs  (100 samples × 95 iterations)
                         outliers: 12 of 100 (0 low severe, 0 low mild, 10 high mild, 2 high severe)
scope_checks/width_1024/contract_reuse_check time:   [491.7 µs 494.4 µs 504.3 µs]  mad: 6.561 µs  (100 samples × 108 iterations)
scope_checks/deep_64/existing_check time:   [559.1 ns 584.5 ns 740.0 ns]  mad: 85.90 ns  (100 samples × 101577 iterations)
scope_checks/deep_64/explicit_check time:   [2.572 µs 2.580 µs 2.588 µs]  mad: 27.38 ns  (100 samples × 16984 iterations)
scope_checks/deep_64/encoded_variable_declaration_prepare time:   [613.7 ns 667.4 ns 740.0 ns]  mad: 130.6 ns  (100 samples × 85460 iterations)
scope_checks/deep_64/contract_prepare time:   [4.663 µs 4.952 µs 5.082 µs]  mad: 566.2 ns  (100 samples × 10165 iterations)
scope_checks/deep_64/contract_reuse_check time:   [4.744 µs 5.142 µs 5.551 µs]  mad: 623.7 ns  (100 samples × 11166 iterations)
scope_checks/deep_512/existing_check time:   [3.324 µs 3.370 µs 3.454 µs]  mad: 228.0 ns  (100 samples × 15194 iterations)
                         outliers: 5 of 100 (0 low severe, 0 low mild, 3 high mild, 2 high severe)
scope_checks/deep_512/explicit_check time:   [16.18 µs 16.28 µs 16.37 µs]  mad: 381.4 ns  (100 samples × 2743 iterations)
                         outliers: 1 of 100 (0 low severe, 0 low mild, 1 high mild, 0 high severe)
scope_checks/deep_512/encoded_variable_declaration_prepare time:   [2.932 µs 2.960 µs 3.009 µs]  mad: 74.66 ns  (100 samples × 15990 iterations)
                         outliers: 5 of 100 (0 low severe, 0 low mild, 1 high mild, 4 high severe)
scope_checks/deep_512/contract_prepare time:   [17.02 µs 17.46 µs 17.62 µs]  mad: 454.4 ns  (100 samples × 2872 iterations)
scope_checks/deep_512/contract_reuse_check time:   [17.16 µs 17.20 µs 17.23 µs]  mad: 350.9 ns  (100 samples × 2678 iterations)
                         outliers: 16 of 100 (0 low severe, 0 low mild, 13 high mild, 3 high severe)
scope_checks/deep_100000/existing_check time:   [868.6 µs 940.8 µs 1.053 ms]  mad: 161.8 µs  (100 samples × 60 iterations)
scope_checks/deep_100000/explicit_check time:   [4.882 ms 5.346 ms 5.783 ms]  mad: 818.5 µs  (100 samples × 10 iterations)
scope_checks/deep_100000/encoded_variable_declaration_prepare time:   [729.4 µs 760.0 µs 847.7 µs]  mad: 87.79 µs  (100 samples × 58 iterations)
scope_checks/deep_100000/contract_prepare time:   [4.049 ms 4.107 ms 4.192 ms]  mad: 346.2 µs  (100 samples × 11 iterations)
                         outliers: 10 of 100 (0 low severe, 0 low mild, 7 high mild, 3 high severe)
scope_checks/deep_100000/contract_reuse_check time:   [3.738 ms 3.763 ms 3.809 ms]  mad: 74.42 µs  (100 samples × 13 iterations)
                         outliers: 1 of 100 (0 low severe, 0 low mild, 1 high mild, 0 high severe)

30 benchmarks measured; 0 failed
