   Compiling purrdf-hash v3.0.1 (/home/paudley/Active/purrdf/.worktrees/401-update-transfers-preserve-rdf-1-2/crates/hash)
   Compiling wasm-bindgen-shared v0.2.125
   Compiling unicode-ident v1.0.24
   Compiling typenum v1.20.1
   Compiling proc-macro2 v1.0.106
   Compiling quote v1.0.46
   Compiling crossbeam-utils v0.8.21
   Compiling rustversion v1.0.22
   Compiling const-oid v0.10.2
   Compiling regex-syntax v0.8.11
   Compiling cfg-if v1.0.4
   Compiling purrdf-events v3.0.1 (/home/paudley/Active/purrdf/.worktrees/401-update-transfers-preserve-rdf-1-2/crates/rdf-events)
   Compiling bumpalo v3.20.3
   Compiling crossbeam-epoch v0.9.18
   Compiling wasm-bindgen v0.2.125
   Compiling hybrid-array v0.4.15
   Compiling rayon-core v1.13.0
   Compiling regex-automata v0.4.14
   Compiling purrdf-core v3.0.1 (/home/paudley/Active/purrdf/.worktrees/401-update-transfers-preserve-rdf-1-2/crates/rdf-core)
   Compiling crossbeam-deque v0.8.6
   Compiling syn v2.0.118
   Compiling once_cell v1.21.4
   Compiling hashbrown v0.17.1
   Compiling crypto-common v0.2.2
   Compiling block-buffer v0.12.1
   Compiling digest v0.11.3
   Compiling either v1.16.0
   Compiling sha2 v0.11.0
   Compiling purrdf-stack v3.0.1 (/home/paudley/Active/purrdf/.worktrees/401-update-transfers-preserve-rdf-1-2/crates/stack)
   Compiling rayon v1.12.0
   Compiling purrdf-alloc-probe v3.0.1 (/home/paudley/Active/purrdf/.worktrees/401-update-transfers-preserve-rdf-1-2/crates/alloc-probe)
   Compiling wasm-bindgen-macro-support v0.2.125
   Compiling regex v1.12.4
   Compiling wasm-bindgen-macro v0.2.125
   Compiling purrdf-lex v3.0.1 (/home/paudley/Active/purrdf/.worktrees/401-update-transfers-preserve-rdf-1-2/crates/lex)
   Compiling purrdf-deflate v3.0.1 (/home/paudley/Active/purrdf/.worktrees/401-update-transfers-preserve-rdf-1-2/crates/deflate)
   Compiling purrdf-testkit v3.0.1 (/home/paudley/Active/purrdf/.worktrees/401-update-transfers-preserve-rdf-1-2/crates/testkit)
   Compiling purrdf-iri v3.0.1 (/home/paudley/Active/purrdf/.worktrees/401-update-transfers-preserve-rdf-1-2/crates/iri)
   Compiling purrdf-xsd v3.0.1 (/home/paudley/Active/purrdf/.worktrees/401-update-transfers-preserve-rdf-1-2/crates/xsd)
   Compiling purrdf-cdt v3.0.1 (/home/paudley/Active/purrdf/.worktrees/401-update-transfers-preserve-rdf-1-2/crates/cdt)
   Compiling purrdf-sparql-algebra v3.0.1 (/home/paudley/Active/purrdf/.worktrees/401-update-transfers-preserve-rdf-1-2/crates/sparql-algebra)
   Compiling purrdf-sparql-results v3.0.1 (/home/paudley/Active/purrdf/.worktrees/401-update-transfers-preserve-rdf-1-2/crates/sparql-results)
   Compiling purrdf-sparql-eval v3.0.1 (/home/paudley/Active/purrdf/.worktrees/401-update-transfers-preserve-rdf-1-2/crates/sparql-eval)
    Finished `test` profile [optimized] target(s) in 41.97s
     Running tests/update_typed_records.rs (/opt/purrdf-401-qualification/build/wasm32-unknown-unknown/debug/build/purrdf-sparql-eval/2beeca37e0fdea24/out/update_typed_records-2beeca37e0fdea24.wasm)

running 10 tests
test repeated_cached_document_load_has_fresh_identities ... ok
test orphan_annotation_copy_preserves_its_role ... ok
test equal_value_ordinary_and_annotation_copy_preserves_both_roles ... ok
test all_transfers_preserve_exact_roles_and_source_blanks_in_both_graphs ... ok
test transfers_charge_physical_attempts_even_when_add_deduplicates ... ok
test load_freshens_scoped_bare_triple_and_nested_composite_identities_together ... ok
test load_shares_request_mints_with_data_templates_and_bnode ... ok
test load_avoids_unused_suppressed_and_composite_only_destination_blanks ... ok
test load_preserves_physical_roles_and_charges_each_original_record ... ok
test load_charges_original_physical_records_when_destination_deduplicates ... ok

test result: ok. 10 passed; 0 failed; 0 ignored; 0 measured; 0 filtered out; finished in 0.03s

